2026-07-31T08:54:59.599919Z   INFO - kemal: [development] Kemal is ready to lead at http://0.0.0.0:4011
2026-07-31T08:55:00.847308Z  ERROR - kemal: pointer is not a gcry allocation
pointer is not a gcry allocation (ArgumentError)
  from bench/kemal/lib/gcry/src/gcry/heap.cr:254:13 in 'realloc'
  from /usr/share/crystal/src/string/builder.cr:145:5 in '??'
  from bench/kemal/lib/kemal/src/kemal/route_handler.cr:164:39 in 'call'
  from /usr/share/crystal/src/http/server/handler.cr:30:7 in 'call'
  from /usr/share/crystal/src/http/server/request_processor.cr:58:11 in 'process'
  from /usr/share/crystal/src/http/server.cr:506:5 in '->'
  from /usr/share/crystal/src/fiber.cr:168:11 in 'run'
  from ???

2026-07-31T08:55:00.848771Z  ERROR - kemal: pointer is not a gcry allocation
pointer is not a gcry allocation (ArgumentError)
  from bench/kemal/lib/gcry/src/gcry/heap.cr:254:13 in 'realloc'
  from /usr/share/crystal/src/string/builder.cr:145:5 in '??'
  from bench/kemal/src/server.cr:90:35 in '->'
  from bench/kemal/lib/kemal/src/kemal/route_handler.cr:164:39 in 'call'
  from /usr/share/crystal/src/http/server/handler.cr:30:7 in 'call'
  from /usr/share/crystal/src/http/server/request_processor.cr:58:11 in 'process'
  from /usr/share/crystal/src/http/server.cr:506:5 in '->'
  from /usr/share/crystal/src/fiber.cr:168:11 in 'run'
  from ???

2026-07-31T08:55:00.934567Z  ERROR - kemal: GC.realloc: not a live gcry allocation
GC.realloc: not a live gcry allocation (ArgumentError)
  from bench/kemal/lib/gcry/src/gcry/roots.cr:33:15 in 'realloc'
  from /usr/share/crystal/src/string/builder.cr:145:5 in '??'
  from bench/kemal/src/server.cr:90:35 in '->'
  from bench/kemal/lib/kemal/src/kemal/route_handler.cr:164:39 in 'call'
  from /usr/share/crystal/src/http/server/handler.cr:30:7 in 'call'
  from /usr/share/crystal/src/http/server/request_processor.cr:58:11 in 'process'
  from /usr/share/crystal/src/http/server.cr:506:5 in '->'
  from /usr/share/crystal/src/fiber.cr:168:11 in 'run'
  from ???

2026-07-31T08:55:03.284054Z  ERROR - kemal: pointer is not a gcry allocation
pointer is not a gcry allocation (ArgumentError)
  from bench/kemal/lib/gcry/src/gcry/heap.cr:254:13 in 'realloc'
  from /usr/share/crystal/src/string/builder.cr:145:5 in '??'
  from /usr/share/crystal/src/string/builder.cr:119:11 in '??'
  from /usr/share/crystal/src/io.cr:179:5 in 'end_scalar'
  from /usr/share/crystal/src/json/builder.cr:325:17 in 'string'
  from /usr/share/crystal/src/json/to_json.cr:65:5 in '->'
  from bench/kemal/lib/kemal/src/kemal/route_handler.cr:164:39 in 'call'
  from /usr/share/crystal/src/http/server/handler.cr:30:7 in 'call'
  from /usr/share/crystal/src/http/server/request_processor.cr:58:11 in 'process'
  from /usr/share/crystal/src/http/server.cr:506:5 in '->'
  from /usr/share/crystal/src/fiber.cr:168:11 in 'run'
  from ???

2026-07-31T08:55:12.241818Z  ERROR - kemal: pointer is not a gcry allocation
pointer is not a gcry allocation (ArgumentError)
  from bench/kemal/lib/gcry/src/gcry/heap.cr:254:13 in 'realloc'
  from /usr/share/crystal/src/string/builder.cr:145:5 in '??'
  from /usr/share/crystal/src/string/builder.cr:27:5 in 'normalize:remove_final_separator'
  from /usr/share/crystal/src/path.cr:813:5 in 'call'
  from /usr/share/crystal/src/http/server/handler.cr:30:7 in 'call'
  from /usr/share/crystal/src/http/server/request_processor.cr:58:11 in 'process'
  from /usr/share/crystal/src/http/server.cr:506:5 in '->'
  from /usr/share/crystal/src/fiber.cr:168:11 in 'run'
  from ???

2026-07-31T08:55:12.244339Z  ERROR - kemal: pointer is not a gcry allocation
pointer is not a gcry allocation (ArgumentError)
  from bench/kemal/lib/gcry/src/gcry/heap.cr:254:13 in 'realloc'
  from /usr/share/crystal/src/string/builder.cr:145:5 in '??'
  from bench/kemal/src/server.cr:90:35 in '->'
  from bench/kemal/lib/kemal/src/kemal/route_handler.cr:164:39 in 'call'
  from /usr/share/crystal/src/http/server/handler.cr:30:7 in 'call'
  from /usr/share/crystal/src/http/server/request_processor.cr:58:11 in 'process'
  from /usr/share/crystal/src/http/server.cr:506:5 in '->'
  from /usr/share/crystal/src/fiber.cr:168:11 in 'run'
  from ???

