2026-07-31T08:51:56.364458Z   INFO - kemal: [development] Kemal is ready to lead at http://0.0.0.0:4002
2026-07-31T08:51:57.965565Z  ERROR - kemal: pointer is not a gcry allocation
pointer is not a gcry allocation (ArgumentError)
  from bench/kemal/lib/gcry/src/gcry/heap.cr:254:13 in 'realloc'
  from /usr/share/crystal/src/string/builder.cr:145:5 in '??'
  from bench/kemal/src/server.cr:90:35 in '->'
  from bench/kemal/lib/kemal/src/kemal/route_handler.cr:164:39 in 'call'
  from /usr/share/crystal/src/http/server/handler.cr:30:7 in 'call'
  from /usr/share/crystal/src/http/server/request_processor.cr:58:11 in 'process'
  from /usr/share/crystal/src/http/server.cr:506:5 in '->'
  from /usr/share/crystal/src/fiber.cr:168:11 in 'run'
  from ???

2026-07-31T08:51:59.655160Z  ERROR - kemal: pointer is not a gcry allocation
pointer is not a gcry allocation (ArgumentError)
  from bench/kemal/lib/gcry/src/gcry/heap.cr:254:13 in 'realloc'
  from /usr/share/crystal/src/string/builder.cr:145:5 in '??'
  from bench/kemal/src/server.cr:90:35 in '->'
  from bench/kemal/lib/kemal/src/kemal/route_handler.cr:164:39 in 'call'
  from /usr/share/crystal/src/http/server/handler.cr:30:7 in 'call'
  from /usr/share/crystal/src/http/server/request_processor.cr:58:11 in 'process'
  from /usr/share/crystal/src/http/server.cr:506:5 in '->'
  from /usr/share/crystal/src/fiber.cr:168:11 in 'run'
  from ???

2026-07-31T08:51:59.674339Z  ERROR - kemal: pointer is not a gcry allocation
pointer is not a gcry allocation (ArgumentError)
  from bench/kemal/lib/gcry/src/gcry/heap.cr:254:13 in 'realloc'
  from /usr/share/crystal/src/string/builder.cr:145:5 in '??'
  from bench/kemal/src/server.cr:90:35 in '->'
  from bench/kemal/lib/kemal/src/kemal/route_handler.cr:164:39 in 'call'
  from /usr/share/crystal/src/http/server/handler.cr:30:7 in 'call'
  from /usr/share/crystal/src/http/server/request_processor.cr:58:11 in 'process'
  from /usr/share/crystal/src/http/server.cr:506:5 in '->'
  from /usr/share/crystal/src/fiber.cr:168:11 in 'run'
  from ???

2026-07-31T08:51:59.674339Z  ERROR - kemal: pointer is not a gcry allocation
pointer is not a gcry allocation (ArgumentError)
  from bench/kemal/lib/gcry/src/gcry/heap.cr:254:13 in 'realloc'
  from /usr/share/crystal/src/string/builder.cr:145:5 in '??'
  from bench/kemal/src/server.cr:90:35 in '->'
  from bench/kemal/lib/kemal/src/kemal/route_handler.cr:164:39 in 'call'
  from /usr/share/crystal/src/http/server/handler.cr:30:7 in 'call'
  from /usr/share/crystal/src/http/server/request_processor.cr:58:11 in 'process'
  from /usr/share/crystal/src/http/server.cr:506:5 in '->'
  from /usr/share/crystal/src/fiber.cr:168:11 in 'run'
  from ???

2026-07-31T08:51:59.674358Z  ERROR - http.server: Unhandled exception on HTTP::Handler
pointer is not a gcry allocation (ArgumentError)
  from bench/kemal/lib/gcry/src/gcry/heap.cr:254:13 in 'realloc'
  from /usr/share/crystal/src/string/builder.cr:145:5 in '??'
  from /usr/share/crystal/src/string/builder.cr:27:5 in 'render_500'
  from bench/kemal/lib/kemal/src/kemal/exception_handler.cr:34:7 in 'call'
  from /usr/share/crystal/src/http/server/request_processor.cr:58:11 in 'process'
  from /usr/share/crystal/src/http/server.cr:506:5 in '->'
  from /usr/share/crystal/src/fiber.cr:168:11 in 'run'
  from ???

2026-07-31T08:51:59.674359Z  ERROR - http.server: Unhandled exception on HTTP::Handler
pointer is not a gcry allocation (ArgumentError)
  from bench/kemal/lib/gcry/src/gcry/heap.cr:254:13 in 'realloc'
  from /usr/share/crystal/src/string/builder.cr:145:5 in '??'
  from /usr/share/crystal/src/string/builder.cr:27:5 in 'render_500'
  from bench/kemal/lib/kemal/src/kemal/exception_handler.cr:34:7 in 'call'
  from /usr/share/crystal/src/http/server/request_processor.cr:58:11 in 'process'
  from /usr/share/crystal/src/http/server.cr:506:5 in '->'
  from /usr/share/crystal/src/fiber.cr:168:11 in 'run'
  from ???

2026-07-31T08:51:59.875217Z  ERROR - kemal: pointer is not a gcry allocation
pointer is not a gcry allocation (ArgumentError)
  from bench/kemal/lib/gcry/src/gcry/heap.cr:254:13 in 'realloc'
  from /usr/share/crystal/src/string/builder.cr:145:5 in '??'
  from bench/kemal/src/server.cr:90:35 in '->'
  from bench/kemal/lib/kemal/src/kemal/route_handler.cr:164:39 in 'call'
  from /usr/share/crystal/src/http/server/handler.cr:30:7 in 'call'
  from /usr/share/crystal/src/http/server/request_processor.cr:58:11 in 'process'
  from /usr/share/crystal/src/http/server.cr:506:5 in '->'
  from /usr/share/crystal/src/fiber.cr:168:11 in 'run'
  from ???

2026-07-31T08:52:05.601118Z  ERROR - kemal: pointer is not a gcry allocation
pointer is not a gcry allocation (ArgumentError)
  from bench/kemal/lib/gcry/src/gcry/heap.cr:254:13 in 'realloc'
  from /usr/share/crystal/src/array.cr:2153:17 in 'check_needs_resize'
  from /usr/share/crystal/src/array.cr:1415:5 in 'start_object'
  from /usr/share/crystal/src/json/builder.cr:281:5 in '->'
  from bench/kemal/lib/kemal/src/kemal/route_handler.cr:164:39 in 'call'
  from /usr/share/crystal/src/http/server/handler.cr:30:7 in 'call'
  from /usr/share/crystal/src/http/server/request_processor.cr:58:11 in 'process'
  from /usr/share/crystal/src/http/server.cr:506:5 in '->'
  from /usr/share/crystal/src/fiber.cr:168:11 in 'run'
  from ???

2026-07-31T08:52:16.417771Z  ERROR - kemal: pointer is not a gcry allocation
pointer is not a gcry allocation (ArgumentError)
  from bench/kemal/lib/gcry/src/gcry/heap.cr:254:13 in 'realloc'
  from /usr/share/crystal/src/string/builder.cr:145:5 in '??'
  from /usr/share/crystal/src/string/builder.cr:27:5 in 'normalize:remove_final_separator'
  from /usr/share/crystal/src/path.cr:813:5 in 'call'
  from /usr/share/crystal/src/http/server/handler.cr:30:7 in 'call'
  from /usr/share/crystal/src/http/server/request_processor.cr:58:11 in 'process'
  from /usr/share/crystal/src/http/server.cr:506:5 in '->'
  from /usr/share/crystal/src/fiber.cr:168:11 in 'run'
  from ???

2026-07-31T08:52:16.732006Z  ERROR - kemal: pointer is not a gcry allocation
pointer is not a gcry allocation (ArgumentError)
  from bench/kemal/lib/gcry/src/gcry/heap.cr:254:13 in 'realloc'
  from /usr/share/crystal/src/string/builder.cr:145:5 in '??'
  from /usr/share/crystal/src/string/builder.cr:27:5 in 'normalize:remove_final_separator'
  from /usr/share/crystal/src/path.cr:813:5 in 'call'
  from /usr/share/crystal/src/http/server/handler.cr:30:7 in 'call'
  from /usr/share/crystal/src/http/server/request_processor.cr:58:11 in 'process'
  from /usr/share/crystal/src/http/server.cr:506:5 in '->'
  from /usr/share/crystal/src/fiber.cr:168:11 in 'run'
  from ???

