2026-07-31T09:01:57.585182Z   INFO - kemal: [development] Kemal is ready to lead at http://0.0.0.0:4110
2026-07-31T09:01:59.512635Z  ERROR - kemal: pointer is not a gcry allocation
pointer is not a gcry allocation (ArgumentError)
  from bench/kemal/lib/gcry/src/gcry/heap.cr:254:13 in 'realloc'
  from /usr/share/crystal/src/string/builder.cr:145:5 in '??'
  from bench/kemal/src/server.cr:90:35 in '->'
  from bench/kemal/lib/kemal/src/kemal/route_handler.cr:164:39 in 'call'
  from /usr/share/crystal/src/http/server/handler.cr:30:7 in 'call'
  from /usr/share/crystal/src/http/server/request_processor.cr:58:11 in 'process'
  from /usr/share/crystal/src/http/server.cr:506:5 in '->'
  from /usr/share/crystal/src/fiber.cr:168:11 in 'run'
  from ???

2026-07-31T09:01:59.674156Z  ERROR - kemal: pointer is not a gcry allocation
pointer is not a gcry allocation (ArgumentError)
  from bench/kemal/lib/gcry/src/gcry/heap.cr:254:13 in 'realloc'
  from /usr/share/crystal/src/string/builder.cr:145:5 in '??'
  from bench/kemal/src/server.cr:90:35 in '->'
  from bench/kemal/lib/kemal/src/kemal/route_handler.cr:164:39 in 'call'
  from /usr/share/crystal/src/http/server/handler.cr:30:7 in 'call'
  from /usr/share/crystal/src/http/server/request_processor.cr:58:11 in 'process'
  from /usr/share/crystal/src/http/server.cr:506:5 in '->'
  from /usr/share/crystal/src/fiber.cr:168:11 in 'run'
  from ???

2026-07-31T09:01:59.674156Z  ERROR - kemal: pointer is not a gcry allocation
pointer is not a gcry allocation (ArgumentError)
  from bench/kemal/lib/gcry/src/gcry/heap.cr:254:13 in 'realloc'
  from /usr/share/crystal/src/string/builder.cr:145:5 in '??'
  from bench/kemal/src/server.cr:90:35 in '->'
  from bench/kemal/lib/kemal/src/kemal/route_handler.cr:164:39 in 'call'
  from /usr/share/crystal/src/http/server/handler.cr:30:7 in 'call'
  from /usr/share/crystal/src/http/server/request_processor.cr:58:11 in 'process'
  from /usr/share/crystal/src/http/server.cr:506:5 in '->'
  from /usr/share/crystal/src/fiber.cr:168:11 in 'run'
  from ???

