2026-07-31T08:59:56.298503Z   INFO - kemal: [development] Kemal is ready to lead at http://0.0.0.0:4104
2026-07-31T08:59:57.439970Z  ERROR - http.server: Unhandled exception on HTTP::Handler
pointer is not a gcry allocation (ArgumentError)
  from bench/kemal/lib/gcry/src/gcry/heap.cr:254:13 in 'realloc'
  from /usr/share/crystal/src/string/builder.cr:145:5 in '??'
  from /usr/share/crystal/src/string.cr:5605:15 in 'call'
  from /usr/share/crystal/src/http/server/request_processor.cr:58:11 in 'process'
  from /usr/share/crystal/src/http/server.cr:506:5 in '->'
  from /usr/share/crystal/src/fiber.cr:168:11 in 'run'
  from ???

2026-07-31T08:59:59.436868Z  ERROR - kemal: pointer is not a gcry allocation
pointer is not a gcry allocation (ArgumentError)
  from bench/kemal/lib/gcry/src/gcry/heap.cr:254:13 in 'realloc'
  from /usr/share/crystal/src/string/builder.cr:145:5 in '??'
  from /usr/share/crystal/src/string/builder.cr:119:11 in 'write'
  from /usr/share/crystal/src/json/builder.cr:115:7 in 'string'
  from bench/kemal/src/server.cr:91:34 in '->'
  from bench/kemal/lib/kemal/src/kemal/route_handler.cr:164:39 in 'call'
  from /usr/share/crystal/src/http/server/handler.cr:30:7 in 'call'
  from /usr/share/crystal/src/http/server/request_processor.cr:58:11 in 'process'
  from /usr/share/crystal/src/http/server.cr:506:5 in '->'
  from /usr/share/crystal/src/fiber.cr:168:11 in 'run'
  from ???

2026-07-31T09:00:02.759026Z  ERROR - kemal: pointer is not a gcry allocation
pointer is not a gcry allocation (ArgumentError)
  from bench/kemal/lib/gcry/src/gcry/heap.cr:254:13 in 'realloc'
  from /usr/share/crystal/src/string/builder.cr:145:5 in '??'
  from bench/kemal/src/server.cr:90:35 in '->'
  from bench/kemal/lib/kemal/src/kemal/route_handler.cr:164:39 in 'call'
  from /usr/share/crystal/src/http/server/handler.cr:30:7 in 'call'
  from /usr/share/crystal/src/http/server/request_processor.cr:58:11 in 'process'
  from /usr/share/crystal/src/http/server.cr:506:5 in '->'
  from /usr/share/crystal/src/fiber.cr:168:11 in 'run'
  from ???

2026-07-31T09:00:03.453528Z  ERROR - kemal: pointer is not a gcry allocation
pointer is not a gcry allocation (ArgumentError)
  from bench/kemal/lib/gcry/src/gcry/heap.cr:254:13 in 'realloc'
  from /usr/share/crystal/src/string/builder.cr:145:5 in '??'
  from bench/kemal/src/server.cr:80:30 in '->'
  from bench/kemal/lib/kemal/src/kemal/route_handler.cr:164:39 in 'call'
  from /usr/share/crystal/src/http/server/handler.cr:30:7 in 'call'
  from /usr/share/crystal/src/http/server/request_processor.cr:58:11 in 'process'
  from /usr/share/crystal/src/http/server.cr:506:5 in '->'
  from /usr/share/crystal/src/fiber.cr:168:11 in 'run'
  from ???

Invalid memory access (signal 11) at address 0x200000010
[0x605da2129ef6] print_backtrace at /usr/share/crystal/src/exception/call_stack/libunwind.cr:100:5
[0x605da2129ad4] -> at /usr/share/crystal/src/crystal/system/unix/signal.cr:213:5
[0x7106f6c45330] ?? +124274723803952 in /lib/x86_64-linux-gnu/libc.so.6
[0x605da214503d] write_headers at /usr/share/crystal/src/pointer.cr:133:6
[0x605da21517f2] close at /usr/share/crystal/src/io/buffered.cr:258:5
[0x605da2198e95] process at /usr/share/crystal/src/http/server/request_processor.cr:70:11
[0x605da2196a7c] -> at /usr/share/crystal/src/http/server.cr:506:5
[0x605da20f055d] run at /usr/share/crystal/src/fiber.cr:168:11
[0x0] ???
