=== Session /home/uzumaki/playground/gcry/bench/log/linux/2026-08-05-115715 (COUNT=1 GC=boehm gcry) ===
=== Build mode: release (--release) ===
=== GCRY_FLAGS: GCRY_TLAB=1 GCRY_PARALLEL_DORMANT=1 GCRY_EMPTY_CHUNK_RETAIN=33554432 ===
=== Build kemal binaries (release, GC=boehm gcry) ===
  crystal build flags: --release
I: Resolving dependencies
I: Fetching https://github.com/kemalcr/kemal.git
I: Fetching https://github.com/crystal-loot/exception_page.git
I: Fetching https://github.com/luislavena/radix.git
I: Fetching https://github.com/sija/backtracer.cr.git
I: Using radix (0.4.1)
I: Using backtracer (1.2.4)
I: Using exception_page (0.5.0)
I: Using kemal (1.12.0)
I: Using gcry (0.18.0 at ../..)
  kemal-gcry   kemal-boehm (cached)

══════════════════════════════════════════════
  RUN 1/1  →  /home/uzumaki/playground/gcry/bench/log/linux/2026-08-05-115715/run-01
══════════════════════════════════════════════
  metadata.yaml written (/home/uzumaki/playground/gcry/bench/log/linux/2026-08-05-115715/run-01)

╔══════════════════════════════════════════════╗
║  Kemal median-of-1  (run 1/1)  ║
╚══════════════════════════════════════════════╝
  kemal run=1 trial=1 path=/ tag=boehm ... 70149.14 req/s
  kemal run=1 trial=1 path=/ tag=gcry ... 125527.17 req/s
  kemal run=1 trial=1 path=/json tag=boehm ... 42900.52 req/s
  kemal run=1 trial=1 path=/json tag=gcry ... 56972.51 req/s
Wrote /home/uzumaki/playground/gcry/bench/log/linux/2026-08-05-115715/run-01/kemal-summary.md
Kemal median-of-1

| Path | Boehm req/s (med) | gcry req/s (med) | % Boehm | Boehm RSS (KiB) | gcry RSS (KiB) | RSS × |
|------|------------------:|-----------------:|-------:|----------------:|---------------:|------:|
| `/` | 70,149 | 125,527 | **178.9%** | 15,088 | 87,776 | **5.82×** |
| `/json` | 42,901 | 56,973 | **132.8%** | 15,092 | 53,624 | **3.55×** |


╔══════════════════════════════════════════════╗
║              ALL DONE                        ║
╚══════════════════════════════════════════════╝
  Build: release (--release)
  GC: boehm gcry
  GCRY_FLAGS: GCRY_TLAB=1 GCRY_PARALLEL_DORMANT=1 GCRY_EMPTY_CHUNK_RETAIN=33554432
  EC_PARALLELISM: 4
  COUNT: 1
  Session: /home/uzumaki/playground/gcry/bench/log/linux/2026-08-05-115715/
total 4.0K
drwxr-xr-x 2 uzumaki uzumaki 4.0K Aug  5 14:59 run-01
  --- run-01 ---
total 20K
-rw-r--r-- 1 uzumaki uzumaki 3.8K Aug  5 14:58 kemal-gcry-gcstats-_-t1.json
-rw-r--r-- 1 uzumaki uzumaki 3.8K Aug  5 14:59 kemal-gcry-gcstats-_json-t1.json
-rw-r--r-- 1 uzumaki uzumaki  134 Aug  5 14:59 kemal-median.tsv
-rw-r--r-- 1 uzumaki uzumaki  367 Aug  5 14:59 kemal-summary.md
-rw-r--r-- 1 uzumaki uzumaki  696 Aug  5 14:57 metadata.yaml
