=== Session /home/uchiha/playground/gcry/bench/log/linux/2026-08-01-093853 (COUNT=1 GC=boehm gcry) ===
=== Build mode: release (--release) ===
=== Build kemal binaries (release, GC=boehm gcry) ===
  crystal build flags: --release
I: Resolving dependencies
I: Fetching https://github.com/kemalcr/kemal.git
I: Fetching https://github.com/luislavena/radix.git
I: Fetching https://github.com/crystal-loot/exception_page.git
I: Fetching https://github.com/sija/backtracer.cr.git
W: Shard "gcry" version (0.16.0) doesn't match tag version (0.1.0)
I: Using radix (0.4.1)
I: Using backtracer (1.2.4)
I: Using exception_page (0.5.0)
I: Using kemal (1.12.0)
I: Using gcry (0.1.0 at ../..)
  kemal-gcry   kemal-boehm (cached)

══════════════════════════════════════════════
  RUN 1/1  →  /home/uchiha/playground/gcry/bench/log/linux/2026-08-01-093853/run-01
══════════════════════════════════════════════
  metadata.yaml written (/home/uchiha/playground/gcry/bench/log/linux/2026-08-01-093853/run-01)

╔══════════════════════════════════════════════╗
║  Kemal median-of-3  (run 1/1)  ║
╚══════════════════════════════════════════════╝
  kemal run=1 trial=1 path=/ tag=boehm ... 100119.71 req/s
  kemal run=1 trial=1 path=/ tag=gcry ... 109442.05 req/s
  kemal run=1 trial=1 path=/json tag=boehm ... 88588.14 req/s
  kemal run=1 trial=1 path=/json tag=gcry ... 65067.06 req/s
  kemal run=1 trial=2 path=/ tag=boehm ... 98635.81 req/s
  kemal run=1 trial=2 path=/ tag=gcry ... 110026.56 req/s
  kemal run=1 trial=2 path=/json tag=boehm ... 83086.22 req/s
  kemal run=1 trial=2 path=/json tag=gcry ... 53821.71 req/s
  kemal run=1 trial=3 path=/ tag=boehm ... 96150.20 req/s
  kemal run=1 trial=3 path=/ tag=gcry ... 106873.04 req/s
  kemal run=1 trial=3 path=/json tag=boehm ... 89492.02 req/s
  kemal run=1 trial=3 path=/json tag=gcry ... 65383.07 req/s
Wrote /home/uchiha/playground/gcry/bench/log/linux/2026-08-01-093853/run-01/kemal-summary.md
Kemal median-of-3

| Path | Boehm req/s (med) | gcry req/s (med) | % Boehm | Boehm RSS (KiB) | gcry RSS (KiB) | RSS × |
|------|------------------:|-----------------:|-------:|----------------:|---------------:|------:|
| `/` | 98,636 | 109,442 | **111.0%** | 15,800 | 98,636 | **6.24×** |
| `/json` | 88,588 | 65,067 | **73.4%** | 16,804 | 91,960 | **5.47×** |


╔══════════════════════════════════════════════╗
║              ALL DONE                        ║
╚══════════════════════════════════════════════╝
  Build: release (--release)
  GC: boehm gcry
  EC_PARALLELISM: 4
  COUNT: 1
  Session: /home/uchiha/playground/gcry/bench/log/linux/2026-08-01-093853/
total 4.0K
drwxr-xr-x 2 uchiha uchiha 4.0K Aug  1 12:45 run-01
  --- run-01 ---
total 36K
-rw-r--r-- 1 uchiha uchiha 2.1K Aug  1 12:40 kemal-gcry-gcstats-_-t1.json
-rw-r--r-- 1 uchiha uchiha 2.1K Aug  1 12:42 kemal-gcry-gcstats-_-t2.json
-rw-r--r-- 1 uchiha uchiha 2.1K Aug  1 12:44 kemal-gcry-gcstats-_-t3.json
-rw-r--r-- 1 uchiha uchiha 2.1K Aug  1 12:41 kemal-gcry-gcstats-_json-t1.json
-rw-r--r-- 1 uchiha uchiha 2.1K Aug  1 12:43 kemal-gcry-gcstats-_json-t2.json
-rw-r--r-- 1 uchiha uchiha 2.1K Aug  1 12:45 kemal-gcry-gcstats-_json-t3.json
-rw-r--r-- 1 uchiha uchiha  351 Aug  1 12:45 kemal-median.tsv
-rw-r--r-- 1 uchiha uchiha  366 Aug  1 12:45 kemal-summary.md
-rw-r--r-- 1 uchiha uchiha  636 Aug  1 12:38 metadata.yaml
