gcry: GCRY_PRECISE_STACK=2 exclusive — research only; incomplete maps can UAF
INF 2026-08-03T17:29:15.353Z > Connecting to postgresql://REDACTED:REDACTED@172.24.176.1:5432/acikturkiye_demo
| event = db_connect
INF 2026-08-03T17:29:15.379Z > [demo] Açık Türkiye is ready to lead at http://0.0.0.0:3813
INF 2026-08-03T17:29:15.493Z > 200 GET /api/v1/ 25.82ms
INF 2026-08-03T17:29:15.549Z > 200 GET /api/v1/ 24.54ms
INF 2026-08-03T17:29:15.556Z > 200 GET /api/v1/ 6.9ms
INF 2026-08-03T17:29:15.605Z > 200 GET /api/v1/ 7.69ms
INF 2026-08-03T17:29:15.683Z > 200 GET /api/v1/ 158.74ms
INF 2026-08-03T17:29:15.691Z > 200 GET /api/v1/ 8.05ms
INF 2026-08-03T17:29:15.692Z > 200 GET /api/v1/ 167.27ms
INF 2026-08-03T17:29:15.799Z > 200 GET /api/v1/ 106.87ms
INF 2026-08-03T17:29:16.000Z > 200 GET /api/v1/ 475.5ms
INF 2026-08-03T17:29:16.001Z > 200 GET /api/v1/ 475.97ms
INF 2026-08-03T17:29:16.002Z > 200 GET /api/v1/ 476.42ms
INF 2026-08-03T17:29:16.004Z > 200 GET /api/v1/ 479.87ms
INF 2026-08-03T17:29:16.022Z > 200 GET /api/v1/ 496.2ms
INF 2026-08-03T17:29:16.025Z > 200 GET /api/v1/ 500.54ms
INF 2026-08-03T17:29:16.026Z > 200 GET /api/v1/ 25.4ms
INF 2026-08-03T17:29:16.027Z > 200 GET /api/v1/ 23.91ms
INF 2026-08-03T17:29:16.030Z > 200 GET /api/v1/ 505.7ms
INF 2026-08-03T17:29:16.033Z > 200 GET /api/v1/ 508.02ms
INF 2026-08-03T17:29:16.034Z > 200 GET /api/v1/ 509.66ms
INF 2026-08-03T17:29:16.038Z > 200 GET /api/v1/ 513.49ms
INF 2026-08-03T17:29:16.045Z > 200 GET /api/v1/ 519.01ms
INF 2026-08-03T17:29:16.046Z > 200 GET /api/v1/ 18.65ms
INF 2026-08-03T17:29:16.051Z > 200 GET /api/v1/ 525.37ms
INF 2026-08-03T17:29:16.053Z > 200 GET /api/v1/ 525.99ms
INF 2026-08-03T17:29:16.055Z > 200 GET /api/v1/ 17.08ms
INF 2026-08-03T17:29:16.064Z > 200 GET /api/v1/ 11.65ms
INF 2026-08-03T17:29:16.077Z > 200 GET /api/v1/ 551.12ms
INF 2026-08-03T17:29:16.077Z > 200 GET /api/v1/ 550.99ms
INF 2026-08-03T17:29:16.082Z > 200 GET /api/v1/ 556.07ms
INF 2026-08-03T17:29:16.084Z > 200 GET /api/v1/ 556.14ms
INF 2026-08-03T17:29:16.085Z > 200 GET /api/v1/ 551.26ms
INF 2026-08-03T17:29:16.088Z > 200 GET /api/v1/ 562.76ms
INF 2026-08-03T17:29:16.095Z > 200 GET /api/v1/ 568.65ms
INF 2026-08-03T17:29:16.097Z > 200 GET /api/v1/ 571.43ms
INF 2026-08-03T17:29:16.098Z > 200 GET /api/v1/ 571.69ms
INF 2026-08-03T17:29:16.098Z > 200 GET /api/v1/ 564.54ms
INF 2026-08-03T17:29:16.206Z > 200 GET /api/v1/ 117.84ms
INF 2026-08-03T17:29:16.208Z > 200 GET /api/v1/ 681.5ms
INF 2026-08-03T17:29:16.216Z > 200 GET /api/v1/ 7.93ms
INF 2026-08-03T17:29:16.219Z > 200 GET /api/v1/ 686.05ms
INF 2026-08-03T17:29:16.219Z > 200 GET /api/v1/ 692.86ms
INF 2026-08-03T17:29:16.236Z > 200 GET /api/v1/ 16.99ms
INF 2026-08-03T17:29:16.262Z > 200 GET /api/v1/ 13.49ms
INF 2026-08-03T17:29:16.281Z > 200 GET /api/v1/ 18.84ms
INF 2026-08-03T17:29:16.290Z > 200 GET /api/v1/ 9.13ms
INF 2026-08-03T17:29:16.301Z > 200 GET /api/v1/ 775.97ms
INF 2026-08-03T17:29:16.312Z > 200 GET /api/v1/ 10.37ms
INF 2026-08-03T17:29:16.336Z > 200 GET /api/v1/ 7.98ms
INF 2026-08-03T17:29:16.360Z > 200 GET /api/v1/ 7.48ms
INF 2026-08-03T17:29:16.367Z > 200 GET /api/v1/ 829.4ms
INF 2026-08-03T17:29:16.375Z > 200 GET /api/v1/ 8.29ms
INF 2026-08-03T17:29:16.387Z > 200 GET /api/v1/ 7.03ms
INF 2026-08-03T17:29:16.408Z > 200 GET /api/v1/ 7.37ms
INF 2026-08-03T17:29:16.470Z > 200 GET /api/v1/ 942.08ms
INF 2026-08-03T17:29:16.471Z > 200 GET /api/v1/ 54.25ms
INF 2026-08-03T17:29:16.477Z > 200 GET /api/v1/ 7.07ms
INF 2026-08-03T17:29:16.519Z > 200 GET /api/v1/ 7.11ms
INF 2026-08-03T17:29:16.536Z > 200 GET /api/v1/ 15.96ms
INF 2026-08-03T17:29:16.568Z > 200 GET /api/v1/ 7.67ms
INF 2026-08-03T17:29:16.588Z > 200 GET /api/v1/ 7.19ms
INF 2026-08-03T17:29:16.617Z > 200 GET /api/v1/ 8.6ms
INF 2026-08-03T17:29:16.641Z > 200 GET /api/v1/ 12.81ms
INF 2026-08-03T17:29:16.663Z > 200 GET /api/v1/ 1134.49ms
INF 2026-08-03T17:29:16.670Z > 200 GET /api/v1/ 7.15ms
INF 2026-08-03T17:29:16.695Z > 200 GET /api/v1/ 10.44ms
INF 2026-08-03T17:29:16.725Z > 200 GET /api/v1/ 7.51ms
INF 2026-08-03T17:29:16.746Z > 200 GET /api/v1/ 9.35ms
INF 2026-08-03T17:29:16.762Z > 200 GET /api/v1/ 429.46ms
INF 2026-08-03T17:29:16.768Z > 200 GET /api/v1/ 1241.1ms
INF 2026-08-03T17:29:16.773Z > 200 GET /api/v1/ 695.52ms
INF 2026-08-03T17:29:16.785Z > 200 GET /api/v1/ 580.62ms
INF 2026-08-03T17:29:16.804Z > 200 GET /api/v1/ 36.24ms
INF 2026-08-03T17:29:16.813Z > 200 GET /api/v1/ 8.46ms
INF 2026-08-03T17:29:16.816Z > 200 GET /api/v1/ 734.4ms
INF 2026-08-03T17:29:16.824Z > 200 GET /api/v1/ 7.38ms
INF 2026-08-03T17:29:16.832Z > 200 GET /api/v1/ 1300.17ms
INF 2026-08-03T17:29:16.870Z > 200 GET /api/v1/ 21.22ms
INF 2026-08-03T17:29:16.877Z > 200 GET /api/v1/ 842.9ms
INF 2026-08-03T17:29:16.878Z > 200 GET /api/v1/ 8.52ms
INF 2026-08-03T17:29:16.899Z > 200 GET /api/v1/ 899.48ms
INF 2026-08-03T17:29:16.904Z > 200 GET /api/v1/ 834.78ms
INF 2026-08-03T17:29:16.925Z > 200 GET /api/v1/ 12.29ms
INF 2026-08-03T17:29:16.928Z > 200 GET /api/v1/ 1136.65ms
INF 2026-08-03T17:29:16.930Z > 200 GET /api/v1/ 895.26ms
INF 2026-08-03T17:29:16.931Z > 200 GET /api/v1/ 162.8ms
INF 2026-08-03T17:29:16.948Z > 200 GET /api/v1/ 7.66ms
INF 2026-08-03T17:29:16.964Z > 200 GET /api/v1/ 761.35ms
INF 2026-08-03T17:29:16.982Z > 200 GET /api/v1/ 14.07ms
INF 2026-08-03T17:29:17.015Z > 200 GET /api/v1/ 26.98ms
INF 2026-08-03T17:29:17.037Z > 200 GET /api/v1/ 188.26ms
INF 2026-08-03T17:29:17.040Z > 200 GET /api/v1/ 1512.7ms
INF 2026-08-03T17:29:17.042Z > 200 GET /api/v1/ 945.64ms
INF 2026-08-03T17:29:17.079Z > 200 GET /api/v1/ 1552.02ms
INF 2026-08-03T17:29:17.081Z > 200 GET /api/v1/ 160.19ms
INF 2026-08-03T17:29:17.081Z > 200 GET /api/v1/ 1550.94ms
INF 2026-08-03T17:29:17.083Z > 200 GET /api/v1/ 42.6ms
INF 2026-08-03T17:29:17.093Z > 200 GET /api/v1/ 11.04ms
INF 2026-08-03T17:29:17.095Z > 200 GET /api/v1/ 10.61ms
INF 2026-08-03T17:29:17.109Z > 200 GET /api/v1/ 1572.97ms
INF 2026-08-03T17:29:17.120Z > 200 GET /api/v1/ 10.67ms
INF 2026-08-03T17:29:17.134Z > 200 GET /api/v1/ 9.18ms
INF 2026-08-03T17:29:17.142Z > 200 GET /api/v1/ 673.84ms
INF 2026-08-03T17:29:17.146Z > 200 GET /api/v1/ 1121.86ms
INF 2026-08-03T17:29:17.174Z > 200 GET /api/v1/ 9.27ms
INF 2026-08-03T17:29:17.183Z > 200 GET /api/v1/ 1653.33ms
INF 2026-08-03T17:29:17.192Z > 200 GET /api/v1/ 8.75ms
INF 2026-08-03T17:29:17.227Z > 200 GET /api/v1/ 1692.91ms
INF 2026-08-03T17:29:17.237Z > 200 GET /api/v1/ 10.46ms
INF 2026-08-03T17:29:17.243Z > 200 GET /api/v1/ 373.23ms
INF 2026-08-03T17:29:17.279Z > 200 GET /api/v1/ 1192.59ms
INF 2026-08-03T17:29:17.284Z > 200 GET /api/v1/ 1206.96ms
INF 2026-08-03T17:29:17.293Z > 200 GET /api/v1/ 8.42ms
INF 2026-08-03T17:29:17.295Z > 200 GET /api/v1/ 990.95ms
INF 2026-08-03T17:29:17.323Z > 200 GET /api/v1/ 10.44ms
INF 2026-08-03T17:29:17.337Z > 200 GET /api/v1/ 8.62ms
INF 2026-08-03T17:29:17.355Z > 200 GET /api/v1/ 1134.98ms
INF 2026-08-03T17:29:17.376Z > 200 GET /api/v1/ 8.18ms
INF 2026-08-03T17:29:17.403Z > 200 GET /api/v1/ 322.96ms
INF 2026-08-03T17:29:17.428Z > 200 GET /api/v1/ 1897.83ms
INF 2026-08-03T17:29:17.436Z > 200 GET /api/v1/ 8.72ms
INF 2026-08-03T17:29:17.442Z > 200 GET /api/v1/ 1779.6ms
INF 2026-08-03T17:29:17.446Z > 200 GET /api/v1/ 1914.75ms
INF 2026-08-03T17:29:17.453Z > 200 GET /api/v1/ 396.93ms
INF 2026-08-03T17:29:17.473Z > 200 GET /api/v1/ 27.55ms
INF 2026-08-03T17:29:17.489Z > 200 GET /api/v1/ 1454.4ms
INF 2026-08-03T17:29:17.491Z > 200 GET /api/v1/ 1486.16ms
INF 2026-08-03T17:29:17.499Z > 200 GET /api/v1/ 1963.94ms
INF 2026-08-03T17:29:17.504Z > 200 GET /api/v1/ 14.14ms
INF 2026-08-03T17:29:17.505Z > 200 GET /api/v1/ 368.74ms
INF 2026-08-03T17:29:17.506Z > 200 GET /api/v1/ 1978.85ms
INF 2026-08-03T17:29:17.508Z > 200 GET /api/v1/ 539.73ms
INF 2026-08-03T17:29:17.510Z > 200 GET /api/v1/ 1974.99ms
INF 2026-08-03T17:29:17.511Z > 200 GET /api/v1/ 1983.72ms
INF 2026-08-03T17:29:17.512Z > 200 GET /api/v1/ 1980.8ms
INF 2026-08-03T17:29:17.513Z > 200 GET /api/v1/ 232.44ms
INF 2026-08-03T17:29:17.521Z > 200 GET /api/v1/ 9.82ms
INF 2026-08-03T17:29:17.522Z > 200 GET /api/v1/ 9.6ms
INF 2026-08-03T17:29:17.532Z > 200 GET /api/v1/ 1995.13ms
INF 2026-08-03T17:29:17.561Z > 200 GET /api/v1/ 28.61ms
INF 2026-08-03T17:29:17.603Z > 200 GET /api/v1/ 42.3ms
INF 2026-08-03T17:29:17.611Z > 200 GET /api/v1/ 822.71ms
INF 2026-08-03T17:29:17.630Z > 200 GET /api/v1/ 1162.53ms
INF 2026-08-03T17:29:17.633Z > 200 GET /api/v1/ 213.01ms
INF 2026-08-03T17:29:17.636Z > 200 GET /api/v1/ 2099.93ms
INF 2026-08-03T17:29:17.656Z > 200 GET /api/v1/ 19.57ms
INF 2026-08-03T17:29:17.657Z > 200 GET /api/v1/ 1610.57ms
INF 2026-08-03T17:29:17.740Z > 200 GET /api/v1/ 2214.52ms
INF 2026-08-03T17:29:17.785Z > 200 GET /api/v1/ 2251.58ms
INF 2026-08-03T17:29:17.786Z > 200 GET /api/v1/ 2250.8ms
INF 2026-08-03T17:29:17.789Z > 200 GET /api/v1/ 2262.11ms
INF 2026-08-03T17:29:17.789Z > 200 GET /api/v1/ 2255.48ms
INF 2026-08-03T17:29:17.789Z > 200 GET /api/v1/ 391.43ms
INF 2026-08-03T17:29:17.804Z > 200 GET /api/v1/ 14.93ms
INF 2026-08-03T17:29:17.807Z > 200 GET /api/v1/ 16.97ms
INF 2026-08-03T17:29:17.810Z > 200 GET /api/v1/ 2274.24ms
INF 2026-08-03T17:29:17.814Z > 200 GET /api/v1/ 2281.93ms
INF 2026-08-03T17:29:17.822Z > 200 GET /api/v1/ 7.96ms
INF 2026-08-03T17:29:17.825Z > 200 GET /api/v1/ 2287.47ms
INF 2026-08-03T17:29:17.831Z > 200 GET /api/v1/ 2294.36ms
INF 2026-08-03T17:29:17.834Z > 200 GET /api/v1/ 8.72ms
INF 2026-08-03T17:29:17.854Z > 200 GET /api/v1/ 881.28ms
INF 2026-08-03T17:29:17.856Z > 200 GET /api/v1/ 2324.05ms
INF 2026-08-03T17:29:17.856Z > 200 GET /api/v1/ 2319.82ms
INF 2026-08-03T17:29:17.860Z > 200 GET /api/v1/ 2328.16ms
INF 2026-08-03T17:29:17.871Z > 200 GET /api/v1/ 2333.07ms
INF 2026-08-03T17:29:17.872Z > 200 GET /api/v1/ 14.98ms
INF 2026-08-03T17:29:17.901Z > 200 GET /api/v1/ 2365.64ms
INF 2026-08-03T17:29:17.903Z > 200 GET /api/v1/ 2366.79ms
INF 2026-08-03T17:29:17.904Z > 200 GET /api/v1/ 2367.6ms
INF 2026-08-03T17:29:17.910Z > 200 GET /api/v1/ 2375.16ms
INF 2026-08-03T17:29:17.912Z > 200 GET /api/v1/ 2380.15ms
INF 2026-08-03T17:29:17.917Z > 200 GET /api/v1/ 13.08ms
INF 2026-08-03T17:29:17.918Z > 200 GET /api/v1/ 2381.53ms
INF 2026-08-03T17:29:17.919Z > 200 GET /api/v1/ 2382.46ms
INF 2026-08-03T17:29:17.923Z > 200 GET /api/v1/ 2391.89ms
INF 2026-08-03T17:29:17.935Z > 200 GET /api/v1/ 2409.22ms
INF 2026-08-03T17:29:17.936Z > 200 GET /api/v1/ 2398.28ms
INF 2026-08-03T17:29:17.937Z > 200 GET /api/v1/ 2398.63ms
INF 2026-08-03T17:29:17.937Z > 200 GET /api/v1/ 2400.79ms
INF 2026-08-03T17:29:17.938Z > 200 GET /api/v1/ 2400.03ms
INF 2026-08-03T17:29:17.939Z > 200 GET /api/v1/ 2412.73ms
INF 2026-08-03T17:29:17.940Z > 200 GET /api/v1/ 2410.31ms
INF 2026-08-03T17:29:17.943Z > 200 GET /api/v1/ 1115.02ms
INF 2026-08-03T17:29:17.944Z > 200 GET /api/v1/ 1085.86ms
INF 2026-08-03T17:29:17.959Z > 200 GET /api/v1/ 2422.45ms
INF 2026-08-03T17:29:17.959Z > 200 GET /api/v1/ 2432.33ms
INF 2026-08-03T17:29:18.098Z > 200 GET /api/v1/ 2567.0ms
INF 2026-08-03T17:29:18.203Z > 200 GET /api/v1/ 2665.17ms
INF 2026-08-03T17:29:18.204Z > 200 GET /api/v1/ 259.29ms
INF 2026-08-03T17:29:18.204Z > 200 GET /api/v1/ 260.99ms
INF 2026-08-03T17:29:18.353Z > 200 GET /api/v1/ 2815.2ms
INF 2026-08-03T17:29:18.353Z > 200 GET /api/v1/ 2816.16ms
INF 2026-08-03T17:29:18.354Z > 200 GET /api/v1/ 1433.43ms
INF 2026-08-03T17:29:18.354Z > 200 GET /api/v1/ 2816.94ms
INF 2026-08-03T17:29:18.355Z > 200 GET /api/v1/ 2821.28ms
INF 2026-08-03T17:29:18.398Z > 200 GET /api/v1/ 2864.57ms
INF 2026-08-03T17:29:18.451Z > 200 GET /api/v1/ 1114.94ms
INF 2026-08-03T17:29:18.452Z > 200 GET /api/v1/ 2915.86ms
INF 2026-08-03T17:29:18.453Z > 200 GET /api/v1/ 2920.79ms
INF 2026-08-03T17:29:18.481Z > 200 GET /api/v1/ 2949.32ms
INF 2026-08-03T17:29:18.482Z > 200 GET /api/v1/ 1297.44ms
INF 2026-08-03T17:29:18.482Z > 200 GET /api/v1/ 2947.74ms
INF 2026-08-03T17:29:18.483Z > 200 GET /api/v1/ 2953.23ms
INF 2026-08-03T17:29:18.483Z > 200 GET /api/v1/ 1823.08ms
INF 2026-08-03T17:29:18.504Z > 200 GET /api/v1/ 2971.05ms
INF 2026-08-03T17:29:18.505Z > 200 GET /api/v1/ 2967.06ms
INF 2026-08-03T17:29:18.511Z > 200 GET /api/v1/ 2979.91ms
INF 2026-08-03T17:29:18.513Z > 200 GET /api/v1/ 2979.12ms
INF 2026-08-03T17:29:18.552Z > 200 GET /api/v1/ 3015.86ms
INF 2026-08-03T17:29:18.552Z > 200 GET /api/v1/ 1040.84ms
INF 2026-08-03T17:29:18.556Z > 200 GET /api/v1/ 1539.14ms
INF 2026-08-03T17:29:18.591Z > 200 GET /api/v1/ 2587.82ms
INF 2026-08-03T17:29:18.597Z > 200 GET /api/v1/ 1152.4ms
INF 2026-08-03T17:29:18.597Z > 200 GET /api/v1/ 2527.03ms
INF 2026-08-03T17:29:18.598Z > 200 GET /api/v1/ 1195.79ms
INF 2026-08-03T17:29:18.598Z > 200 GET /api/v1/ 1377.75ms
INF 2026-08-03T17:29:18.599Z > 200 GET /api/v1/ 1654.45ms
INF 2026-08-03T17:29:18.599Z > 200 GET /api/v1/ 2396.27ms
INF 2026-08-03T17:29:18.600Z > 200 GET /api/v1/ 2514.49ms
INF 2026-08-03T17:29:18.600Z > 200 GET /api/v1/ 3064.55ms
INF 2026-08-03T17:29:18.601Z > 200 GET /api/v1/ 3074.75ms
INF 2026-08-03T17:29:18.702Z > 200 GET /api/v1/ 2606.39ms
INF 2026-08-03T17:29:18.711Z > 200 GET /api/v1/ 1374.44ms
INF 2026-08-03T17:29:18.714Z > 200 GET /api/v1/ 202.52ms
INF 2026-08-03T17:29:18.715Z > 200 GET /api/v1/ 800.86ms
INF 2026-08-03T17:29:18.717Z > 200 GET /api/v1/ 1480.64ms
INF 2026-08-03T17:29:18.718Z > 200 GET /api/v1/ 3181.48ms
INF 2026-08-03T17:29:18.718Z > 200 GET /api/v1/ 928.34ms
INF 2026-08-03T17:29:18.720Z > 200 GET /api/v1/ 2631.34ms
INF 2026-08-03T17:29:18.741Z > 200 GET /api/v1/ 1179.77ms
INF 2026-08-03T17:29:18.745Z > 200 GET /api/v1/ 2646.32ms
INF 2026-08-03T17:29:18.755Z > 200 GET /api/v1/ 1566.1ms
INF 2026-08-03T17:29:18.829Z > 200 GET /api/v1/ 107.68ms
INF 2026-08-03T17:29:18.867Z > 200 GET /api/v1/ 122.64ms
INF 2026-08-03T17:29:18.868Z > 200 GET /api/v1/ 727.46ms
INF 2026-08-03T17:29:18.868Z > 200 GET /api/v1/ 905.1ms
INF 2026-08-03T17:29:18.870Z > 200 GET /api/v1/ 921.96ms
INF 2026-08-03T17:29:18.895Z > 200 GET /api/v1/ 947.8ms
INF 2026-08-03T17:29:18.899Z > 200 GET /api/v1/ 951.52ms
INF 2026-08-03T17:29:18.947Z > 200 GET /api/v1/ 438.27ms
INF 2026-08-03T17:29:18.952Z > 200 GET /api/v1/ 734.03ms
INF 2026-08-03T17:29:18.953Z > 200 GET /api/v1/ 1979.48ms
INF 2026-08-03T17:29:18.953Z > 200 GET /api/v1/ 444.59ms
INF 2026-08-03T17:29:18.954Z > 200 GET /api/v1/ 466.45ms
INF 2026-08-03T17:29:18.954Z > 200 GET /api/v1/ 506.3ms
INF 2026-08-03T17:29:18.954Z > 200 GET /api/v1/ 2901.68ms
INF 2026-08-03T17:29:18.956Z > 200 GET /api/v1/ 376.2ms
INF 2026-08-03T17:29:18.957Z > 200 GET /api/v1/ 403.05ms
INF 2026-08-03T17:29:18.958Z > 200 GET /api/v1/ 449.74ms
INF 2026-08-03T17:29:18.959Z > 200 GET /api/v1/ 1442.49ms
INF 2026-08-03T17:29:19.023Z > 200 GET /api/v1/ 517.12ms
INF 2026-08-03T17:29:19.075Z > 200 GET /api/v1/ 1576.13ms
INF 2026-08-03T17:29:19.077Z > 200 GET /api/v1/ 475.94ms
INF 2026-08-03T17:29:19.078Z > 200 GET /api/v1/ 1178.63ms
INF 2026-08-03T17:29:19.081Z > 200 GET /api/v1/ 578.26ms
INF 2026-08-03T17:29:19.106Z > 200 GET /api/v1/ 396.3ms
INF 2026-08-03T17:29:19.108Z > 200 GET /api/v1/ 1601.68ms
INF 2026-08-03T17:29:19.110Z > 200 GET /api/v1/ 970.3ms
INF 2026-08-03T17:29:19.110Z > 200 GET /api/v1/ 400.81ms
INF 2026-08-03T17:29:19.154Z > 200 GET /api/v1/ 474.52ms
INF 2026-08-03T17:29:19.168Z > 200 GET /api/v1/ 812.72ms
INF 2026-08-03T17:29:19.201Z > 200 GET /api/v1/ 370.57ms
INF 2026-08-03T17:29:19.219Z > 200 GET /api/v1/ 508.96ms
INF 2026-08-03T17:29:19.219Z > 200 GET /api/v1/ 388.95ms
INF 2026-08-03T17:29:19.219Z > 200 GET /api/v1/ 639.96ms
INF 2026-08-03T17:29:19.225Z > 200 GET /api/v1/ 394.96ms
INF 2026-08-03T17:29:19.238Z > 200 GET /api/v1/ 325.02ms
INF 2026-08-03T17:29:19.278Z > 200 GET /api/v1/ 922.8ms
INF 2026-08-03T17:29:19.312Z > 200 GET /api/v1/ 467.22ms
INF 2026-08-03T17:29:19.315Z > 200 GET /api/v1/ 401.8ms
INF 2026-08-03T17:29:19.332Z > 200 GET /api/v1/ 2207.55ms
INF 2026-08-03T17:29:19.337Z > 200 GET /api/v1/ 15.87ms
INF 2026-08-03T17:29:19.376Z > 200 GET /api/v1/ 464.82ms
INF 2026-08-03T17:29:19.398Z > 200 GET /api/v1/ 486.08ms
INF 2026-08-03T17:29:19.404Z > 200 GET /api/v1/ 1758.68ms
INF 2026-08-03T17:29:19.407Z > 200 GET /api/v1/ 494.02ms
INF 2026-08-03T17:29:19.414Z > 200 GET /api/v1/ 1481.26ms
INF 2026-08-03T17:29:19.415Z > 200 GET /api/v1/ 1538.36ms
INF 2026-08-03T17:29:19.425Z > 200 GET /api/v1/ 9.05ms
INF 2026-08-03T17:29:19.437Z > 200 GET /api/v1/ 1826.82ms
INF 2026-08-03T17:29:19.452Z > 200 GET /api/v1/ 9.65ms
INF 2026-08-03T17:29:19.480Z > 200 GET /api/v1/ 23.39ms
INF 2026-08-03T17:29:19.503Z > 200 GET /api/v1/ 2470.37ms
INF 2026-08-03T17:29:19.505Z > 200 GET /api/v1/ 2368.33ms
INF 2026-08-03T17:29:19.505Z > 200 GET /api/v1/ 2424.88ms
INF 2026-08-03T17:29:19.510Z > 200 GET /api/v1/ 355.5ms
INF 2026-08-03T17:29:19.513Z > 200 GET /api/v1/ 2336.5ms
INF 2026-08-03T17:29:19.529Z > 200 GET /api/v1/ 8.33ms
INF 2026-08-03T17:29:19.541Z > 200 GET /api/v1/ 1091.97ms
INF 2026-08-03T17:29:19.554Z > 200 GET /api/v1/ 10.14ms
INF 2026-08-03T17:29:19.559Z > 200 GET /api/v1/ 404.3ms
INF 2026-08-03T17:29:19.574Z > 200 GET /api/v1/ 1660.19ms
INF 2026-08-03T17:29:19.585Z > 200 GET /api/v1/ 273.73ms
INF 2026-08-03T17:29:19.761Z > 200 GET /api/v1/ 164.25ms
INF 2026-08-03T17:29:19.765Z > 200 GET /api/v1/ 1185.32ms
INF 2026-08-03T17:29:19.951Z > 200 GET /api/v1/ 471.12ms
INF 2026-08-03T17:29:19.952Z > 200 GET /api/v1/ 503.58ms
INF 2026-08-03T17:29:20.155Z > 200 GET /api/v1/ 1805.65ms
INF 2026-08-03T17:29:20.213Z > 200 GET /api/v1/ 1705.94ms
INF 2026-08-03T17:29:20.277Z > 200 GET /api/v1/ 1675.62ms
INF 2026-08-03T17:29:20.281Z > 200 GET /api/v1/ 806.63ms
INF 2026-08-03T17:29:20.462Z > 200 GET /api/v1/ 1089.03ms
INF 2026-08-03T17:29:20.463Z > 200 GET /api/v1/ 959.98ms
INF 2026-08-03T17:29:20.464Z > 200 GET /api/v1/ 1508.45ms
INF 2026-08-03T17:29:20.484Z > 200 GET /api/v1/ 1882.68ms
INF 2026-08-03T17:29:20.490Z > 200 GET /api/v1/ 1270.02ms
INF 2026-08-03T17:29:20.490Z > 200 GET /api/v1/ 1864.46ms
INF 2026-08-03T17:29:20.500Z > 200 GET /api/v1/ 1220.61ms
INF 2026-08-03T17:29:20.502Z > 200 GET /api/v1/ 1103.48ms
INF 2026-08-03T17:29:20.518Z > 200 GET /api/v1/ 1206.38ms
INF 2026-08-03T17:29:20.620Z > 200 GET /api/v1/ 1465.11ms
INF 2026-08-03T17:29:20.621Z > 200 GET /api/v1/ 1308.41ms
INF 2026-08-03T17:29:20.625Z > 200 GET /api/v1/ 1168.63ms
INF 2026-08-03T17:29:20.799Z > 200 GET /api/v1/ 1250.56ms
INF 2026-08-03T17:29:20.799Z > 200 GET /api/v1/ 1756.5ms
INF 2026-08-03T17:29:20.800Z > 200 GET /api/v1/ 1644.78ms
INF 2026-08-03T17:29:20.800Z > 200 GET /api/v1/ 3089.44ms
INF 2026-08-03T17:29:20.801Z > 200 GET /api/v1/ 3303.26ms
INF 2026-08-03T17:29:20.801Z > 200 GET /api/v1/ 1522.12ms
INF 2026-08-03T17:29:20.803Z > 200 GET /api/v1/ 2855.64ms
INF 2026-08-03T17:29:20.805Z > 200 GET /api/v1/ 2822.61ms
INF 2026-08-03T17:29:20.807Z > 200 GET /api/v1/ 1235.01ms
INF 2026-08-03T17:29:20.814Z > 200 GET /api/v1/ 2869.37ms
INF 2026-08-03T17:29:20.816Z > 200 GET /api/v1/ 2983.68ms
INF 2026-08-03T17:29:20.817Z > 200 GET /api/v1/ 1265.15ms
INF 2026-08-03T17:29:20.819Z > 200 GET /api/v1/ 2871.01ms
INF 2026-08-03T17:29:20.819Z > 200 GET /api/v1/ 1745.2ms
INF 2026-08-03T17:29:20.821Z > 200 GET /api/v1/ 1991.13ms
INF 2026-08-03T17:29:20.822Z > 200 GET /api/v1/ 1666.88ms
INF 2026-08-03T17:29:20.822Z > 200 GET /api/v1/ 944.97ms
INF 2026-08-03T17:29:20.823Z > 200 GET /api/v1/ 1780.22ms
INF 2026-08-03T17:29:20.824Z > 200 GET /api/v1/ 1956.85ms
INF 2026-08-03T17:29:20.824Z > 200 GET /api/v1/ 2426.73ms
INF 2026-08-03T17:29:20.829Z > 200 GET /api/v1/ 2118.72ms
INF 2026-08-03T17:29:20.829Z > 200 GET /api/v1/ 1786.49ms
INF 2026-08-03T17:29:20.830Z > 200 GET /api/v1/ 2475.01ms
INF 2026-08-03T17:29:20.832Z > 200 GET /api/v1/ 1148.19ms
INF 2026-08-03T17:29:20.833Z > 200 GET /api/v1/ 2886.71ms
INF 2026-08-03T17:29:20.833Z > 200 GET /api/v1/ 2885.78ms
INF 2026-08-03T17:29:20.836Z > 200 GET /api/v1/ 1761.87ms
INF 2026-08-03T17:29:20.840Z > 200 GET /api/v1/ 1255.72ms
INF 2026-08-03T17:29:20.842Z > 200 GET /api/v1/ 2968.9ms
INF 2026-08-03T17:29:20.845Z > 200 GET /api/v1/ 3055.91ms
INF 2026-08-03T17:29:20.845Z > 200 GET /api/v1/ 11.67ms
INF 2026-08-03T17:29:20.848Z > 200 GET /api/v1/ 1805.06ms
INF 2026-08-03T17:29:20.849Z > 200 GET /api/v1/ 1693.7ms
INF 2026-08-03T17:29:20.853Z > 200 GET /api/v1/ 3267.83ms
INF 2026-08-03T17:29:20.857Z > 200 GET /api/v1/ 2909.18ms
INF 2026-08-03T17:29:20.858Z > 200 GET /api/v1/ 1991.59ms
INF 2026-08-03T17:29:20.859Z > 200 GET /api/v1/ 10.23ms
INF 2026-08-03T17:29:20.943Z > 200 GET /api/v1/ 1569.36ms
INF 2026-08-03T17:29:20.952Z > 200 GET /api/v1/ 2107.15ms
INF 2026-08-03T17:29:20.960Z > 200 GET /api/v1/ 3476.57ms
INF 2026-08-03T17:29:20.960Z > 200 GET /api/v1/ 1917.68ms
INF 2026-08-03T17:29:20.961Z > 200 GET /api/v1/ 1741.26ms
INF 2026-08-03T17:29:20.961Z > 200 GET /api/v1/ 1413.12ms
INF 2026-08-03T17:29:20.962Z > 200 GET /api/v1/ 1888.04ms
INF 2026-08-03T17:29:20.964Z > 200 GET /api/v1/ 3431.76ms
INF 2026-08-03T17:29:20.965Z > 200 GET /api/v1/ 3020.06ms
INF 2026-08-03T17:29:20.965Z > 200 GET /api/v1/ 1922.39ms
INF 2026-08-03T17:29:20.966Z > 200 GET /api/v1/ 2213.4ms
INF 2026-08-03T17:29:20.966Z > 200 GET /api/v1/ 2618.86ms
INF 2026-08-03T17:29:20.967Z > 200 GET /api/v1/ 1811.66ms
INF 2026-08-03T17:29:20.967Z > 200 GET /api/v1/ 1924.53ms
INF 2026-08-03T17:29:20.972Z > 200 GET /api/v1/ 3027.3ms
INF 2026-08-03T17:29:20.973Z > 200 GET /api/v1/ 2262.82ms
INF 2026-08-03T17:29:20.973Z > 200 GET /api/v1/ 2263.37ms
INF 2026-08-03T17:29:20.990Z > 200 GET /api/v1/ 3128.65ms
INF 2026-08-03T17:29:20.990Z > 200 GET /api/v1/ 1616.54ms
INF 2026-08-03T17:29:20.995Z > 200 GET /api/v1/ 3080.68ms
INF 2026-08-03T17:29:20.995Z > 200 GET /api/v1/ 3409.53ms
INF 2026-08-03T17:29:20.995Z > 200 GET /api/v1/ 3285.03ms
INF 2026-08-03T17:29:20.996Z > 200 GET /api/v1/ 3236.16ms
INF 2026-08-03T17:29:20.996Z > 200 GET /api/v1/ 3410.82ms
INF 2026-08-03T17:29:20.997Z > 200 GET /api/v1/ 1841.89ms
INF 2026-08-03T17:29:20.997Z > 200 GET /api/v1/ 3464.88ms
INF 2026-08-03T17:29:20.998Z > 200 GET /api/v1/ 3146.88ms
INF 2026-08-03T17:29:20.998Z > 200 GET /api/v1/ 2797.14ms
INF 2026-08-03T17:29:20.999Z > 200 GET /api/v1/ 3035.26ms
INF 2026-08-03T17:29:20.999Z > 200 GET /api/v1/ 3345.95ms
INF 2026-08-03T17:29:21.000Z > 200 GET /api/v1/ 3438.85ms
INF 2026-08-03T17:29:21.000Z > 200 GET /api/v1/ 3289.49ms
INF 2026-08-03T17:29:21.001Z > 200 GET /api/v1/ 2290.69ms
INF 2026-08-03T17:29:21.001Z > 200 GET /api/v1/ 3053.72ms
INF 2026-08-03T17:29:21.002Z > 200 GET /api/v1/ 2106.92ms
INF 2026-08-03T17:29:21.002Z > 200 GET /api/v1/ 3133.19ms
INF 2026-08-03T17:29:21.002Z > 200 GET /api/v1/ 1125.09ms
INF 2026-08-03T17:29:21.004Z > 200 GET /api/v1/ 1372.07ms
INF 2026-08-03T17:29:21.005Z > 200 GET /api/v1/ 1764.58ms
INF 2026-08-03T17:29:21.006Z > 200 GET /api/v1/ 3154.94ms
INF 2026-08-03T17:29:21.006Z > 200 GET /api/v1/ 1981.12ms
INF 2026-08-03T17:29:21.021Z > 200 GET /api/v1/ 3310.76ms
INF 2026-08-03T17:29:21.022Z > 200 GET /api/v1/ 1337.36ms
INF 2026-08-03T17:29:21.022Z > 200 GET /api/v1/ 1573.99ms
INF 2026-08-03T17:29:21.023Z > 200 GET /api/v1/ 1980.0ms
INF 2026-08-03T17:29:21.023Z > 200 GET /api/v1/ 2516.65ms
INF 2026-08-03T17:29:21.024Z > 200 GET /api/v1/ 1467.7ms
INF 2026-08-03T17:29:21.032Z > 200 GET /api/v1/ 837.8ms
INF 2026-08-03T17:29:21.034Z > 200 GET /api/v1/ 839.18ms
INF 2026-08-03T17:29:21.039Z > 200 GET /api/v1/ 759.22ms
INF 2026-08-03T17:29:21.041Z > 200 GET /api/v1/ 18.95ms
INF 2026-08-03T17:29:21.045Z > 200 GET /api/v1/ 12.73ms
INF 2026-08-03T17:29:21.048Z > 200 GET /api/v1/ 8.63ms
INF 2026-08-03T17:29:21.198Z > 200 GET /api/v1/ 157.32ms
INF 2026-08-03T17:29:21.211Z > 200 GET /api/v1/ 165.86ms
INF 2026-08-03T17:29:21.224Z > 200 GET /api/v1/ 645.64ms
INF 2026-08-03T17:29:21.225Z > 200 GET /api/v1/ 379.22ms
INF 2026-08-03T17:29:21.226Z > 200 GET /api/v1/ 671.99ms
INF 2026-08-03T17:29:21.227Z > 200 GET /api/v1/ 612.41ms
INF 2026-08-03T17:29:21.227Z > 200 GET /api/v1/ 614.95ms
INF 2026-08-03T17:29:21.228Z > 200 GET /api/v1/ 613.43ms
INF 2026-08-03T17:29:21.240Z > 200 GET /api/v1/ 619.78ms
INF 2026-08-03T17:29:21.248Z > 200 GET /api/v1/ 7.61ms
INF 2026-08-03T17:29:21.251Z > 200 GET /api/v1/ 636.32ms
INF 2026-08-03T17:29:21.252Z > 200 GET /api/v1/ 670.63ms
INF 2026-08-03T17:29:21.255Z > 200 GET /api/v1/ 307.59ms
INF 2026-08-03T17:29:21.261Z > 200 GET /api/v1/ 8.4ms
INF 2026-08-03T17:29:21.263Z > 200 GET /api/v1/ 315.45ms
INF 2026-08-03T17:29:21.264Z > 200 GET /api/v1/ 709.57ms
INF 2026-08-03T17:29:21.267Z > 200 GET /api/v1/ 319.34ms
INF 2026-08-03T17:29:21.268Z > 200 GET /api/v1/ 323.06ms
INF 2026-08-03T17:29:21.460Z > 200 GET /api/v1/ 191.74ms
INF 2026-08-03T17:29:21.466Z > 200 GET /api/v1/ 609.14ms
INF 2026-08-03T17:29:21.467Z > 200 GET /api/v1/ 522.41ms
INF 2026-08-03T17:29:21.475Z > 200 GET /api/v1/ 7.42ms
INF 2026-08-03T17:29:21.479Z > 200 GET /api/v1/ 440.09ms
INF 2026-08-03T17:29:21.488Z > 200 GET /api/v1/ 443.33ms
INF 2026-08-03T17:29:21.492Z > 200 GET /api/v1/ 465.7ms
INF 2026-08-03T17:29:21.494Z > 200 GET /api/v1/ 685.8ms
INF 2026-08-03T17:29:21.496Z > 200 GET /api/v1/ 468.64ms
INF 2026-08-03T17:29:21.498Z > 200 GET /api/v1/ 465.43ms
INF 2026-08-03T17:29:21.501Z > 200 GET /api/v1/ 452.67ms
INF 2026-08-03T17:29:21.502Z > 200 GET /api/v1/ 475.37ms
INF 2026-08-03T17:29:21.505Z > 200 GET /api/v1/ 547.77ms
INF 2026-08-03T17:29:21.510Z > 200 GET /api/v1/ 8.51ms
INF 2026-08-03T17:29:21.523Z > 200 GET /api/v1/ 6.62ms
INF 2026-08-03T17:29:21.536Z > 200 GET /api/v1/ 7.39ms
INF 2026-08-03T17:29:21.546Z > 200 GET /api/v1/ 9.28ms
INF 2026-08-03T17:29:21.560Z > 200 GET /api/v1/ 8.16ms
INF 2026-08-03T17:29:21.573Z > 200 GET /api/v1/ 8.86ms
INF 2026-08-03T17:29:21.584Z > 200 GET /api/v1/ 7.52ms
INF 2026-08-03T17:29:21.593Z > 200 GET /api/v1/ 566.55ms
INF 2026-08-03T17:29:21.613Z > 200 GET /api/v1/ 8.83ms
INF 2026-08-03T17:29:21.625Z > 200 GET /api/v1/ 8.74ms
INF 2026-08-03T17:29:21.680Z > 200 GET /api/v1/ 39.31ms
INF 2026-08-03T17:29:21.687Z > 200 GET /api/v1/ 679.74ms
INF 2026-08-03T17:29:21.721Z > 200 GET /api/v1/ 699.43ms
INF 2026-08-03T17:29:21.723Z > 200 GET /api/v1/ 681.37ms
INF 2026-08-03T17:29:21.723Z > 200 GET /api/v1/ 765.0ms
INF 2026-08-03T17:29:21.724Z > 200 GET /api/v1/ 682.55ms
INF 2026-08-03T17:29:21.724Z > 200 GET /api/v1/ 704.45ms
INF 2026-08-03T17:29:21.728Z > 200 GET /api/v1/ 688.81ms
INF 2026-08-03T17:29:21.733Z > 200 GET /api/v1/ 8.47ms
INF 2026-08-03T17:29:21.738Z > 200 GET /api/v1/ 780.03ms
INF 2026-08-03T17:29:21.738Z > 200 GET /api/v1/ 779.14ms
INF 2026-08-03T17:29:21.767Z > 200 GET /api/v1/ 572.92ms
INF 2026-08-03T17:29:21.778Z > 200 GET /api/v1/ 8.48ms
INF 2026-08-03T17:29:21.798Z > 200 GET /api/v1/ 17.42ms
INF 2026-08-03T17:29:21.817Z > 200 GET /api/v1/ 775.28ms
INF 2026-08-03T17:29:21.823Z > 200 GET /api/v1/ 801.29ms
INF 2026-08-03T17:29:21.827Z > 200 GET /api/v1/ 6.47ms
INF 2026-08-03T17:29:21.840Z > 200 GET /api/v1/ 645.11ms
INF 2026-08-03T17:29:21.847Z > 200 GET /api/v1/ 6.33ms
INF 2026-08-03T17:29:21.869Z > 200 GET /api/v1/ 7.1ms
INF 2026-08-03T17:29:21.887Z > 200 GET /api/v1/ 6.72ms
INF 2026-08-03T17:29:21.890Z > 200 GET /api/v1/ 930.46ms
INF 2026-08-03T17:29:21.896Z > 200 GET /api/v1/ 854.83ms
INF 2026-08-03T17:29:21.919Z > 200 GET /api/v1/ 6.2ms
INF 2026-08-03T17:29:21.940Z > 200 GET /api/v1/ 7.04ms
INF 2026-08-03T17:29:21.957Z > 200 GET /api/v1/ 998.6ms
INF 2026-08-03T17:29:21.959Z > 200 GET /api/v1/ 528.44ms
INF 2026-08-03T17:29:21.968Z > 200 GET /api/v1/ 539.0ms
INF 2026-08-03T17:29:21.975Z > 200 GET /api/v1/ 13.19ms
INF 2026-08-03T17:29:21.984Z > 200 GET /api/v1/ 447.89ms
INF 2026-08-03T17:29:21.989Z > 200 GET /api/v1/ 558.14ms
INF 2026-08-03T17:29:21.996Z > 200 GET /api/v1/ 371.24ms
INF 2026-08-03T17:29:22.015Z > 200 GET /api/v1/ 470.69ms
INF 2026-08-03T17:29:22.023Z > 200 GET /api/v1/ 7.03ms
INF 2026-08-03T17:29:22.027Z > 200 GET /api/v1/ 761.58ms
INF 2026-08-03T17:29:22.030Z > 200 GET /api/v1/ 599.63ms
INF 2026-08-03T17:29:22.036Z > 200 GET /api/v1/ 605.41ms
INF 2026-08-03T17:29:22.043Z > 200 GET /api/v1/ 6.32ms
INF 2026-08-03T17:29:22.057Z > 200 GET /api/v1/ 536.82ms
INF 2026-08-03T17:29:22.062Z > 200 GET /api/v1/ 553.54ms
INF 2026-08-03T17:29:22.076Z > 200 GET /api/v1/ 10.75ms
INF 2026-08-03T17:29:22.082Z > 200 GET /api/v1/ 652.27ms
INF 2026-08-03T17:29:22.085Z > 200 GET /api/v1/ 548.91ms
INF 2026-08-03T17:29:22.100Z > 200 GET /api/v1/ 439.1ms
INF 2026-08-03T17:29:22.139Z > 200 GET /api/v1/ 594.75ms
INF 2026-08-03T17:29:22.140Z > 200 GET /api/v1/ 943.28ms
INF 2026-08-03T17:29:22.145Z > 200 GET /api/v1/ 44.36ms
INF 2026-08-03T17:29:22.147Z > 200 GET /api/v1/ 717.93ms
INF 2026-08-03T17:29:22.168Z > 200 GET /api/v1/ 900.07ms
INF 2026-08-03T17:29:22.172Z > 200 GET /api/v1/ 444.0ms
INF 2026-08-03T17:29:22.178Z > 200 GET /api/v1/ 747.68ms
INF 2026-08-03T17:29:22.187Z > 200 GET /api/v1/ 6.89ms
INF 2026-08-03T17:29:22.195Z > 200 GET /api/v1/ 6.38ms
INF 2026-08-03T17:29:22.219Z > 200 GET /api/v1/ 6.45ms
INF 2026-08-03T17:29:22.278Z > 200 GET /api/v1/ 57.24ms
INF 2026-08-03T17:29:22.300Z > 200 GET /api/v1/ 484.25ms
INF 2026-08-03T17:29:22.303Z > 200 GET /api/v1/ 439.1ms
INF 2026-08-03T17:29:22.317Z > 200 GET /api/v1/ 336.51ms
INF 2026-08-03T17:29:22.317Z > 200 GET /api/v1/ 1290.87ms
INF 2026-08-03T17:29:22.359Z > 200 GET /api/v1/ 423.04ms
INF 2026-08-03T17:29:22.393Z > 200 GET /api/v1/ 1598.34ms
INF 2026-08-03T17:29:22.431Z > 200 GET /api/v1/ 542.2ms
INF 2026-08-03T17:29:22.548Z > 200 GET /api/v1/ 1753.26ms
INF 2026-08-03T17:29:22.554Z > 200 GET /api/v1/ 119.51ms
INF 2026-08-03T17:29:22.581Z > 200 GET /api/v1/ 1400.43ms
INF 2026-08-03T17:29:22.592Z > 200 GET /api/v1/ 1635.31ms
INF 2026-08-03T17:29:22.700Z > 200 GET /api/v1/ 1751.03ms
INF 2026-08-03T17:29:22.700Z > 200 GET /api/v1/ 1742.37ms
INF 2026-08-03T17:29:22.701Z > 200 GET /api/v1/ 1743.82ms
INF 2026-08-03T17:29:22.701Z > 200 GET /api/v1/ 1660.16ms
INF 2026-08-03T17:29:22.702Z > 200 GET /api/v1/ 1682.15ms
INF 2026-08-03T17:29:22.703Z > 200 GET /api/v1/ 1658.15ms
INF 2026-08-03T17:29:22.703Z > 200 GET /api/v1/ 1746.65ms
INF 2026-08-03T17:29:22.704Z > 200 GET /api/v1/ 1745.2ms
INF 2026-08-03T17:29:22.706Z > 200 GET /api/v1/ 1756.94ms
INF 2026-08-03T17:29:22.707Z > 200 GET /api/v1/ 1747.69ms
INF 2026-08-03T17:29:22.707Z > 200 GET /api/v1/ 1680.25ms
INF 2026-08-03T17:29:22.710Z > 200 GET /api/v1/ 1751.7ms
INF 2026-08-03T17:29:22.713Z > 200 GET /api/v1/ 1755.4ms
INF 2026-08-03T17:29:22.736Z > 200 GET /api/v1/ 1778.89ms
INF 2026-08-03T17:29:22.744Z > 200 GET /api/v1/ 1704.71ms
INF 2026-08-03T17:29:22.745Z > 200 GET /api/v1/ 1703.79ms
INF 2026-08-03T17:29:22.745Z > 200 GET /api/v1/ 2120.92ms
INF 2026-08-03T17:29:22.746Z > 200 GET /api/v1/ 2228.26ms
INF 2026-08-03T17:29:22.747Z > 200 GET /api/v1/ 1491.66ms
INF 2026-08-03T17:29:22.747Z > 200 GET /api/v1/ 879.23ms
INF 2026-08-03T17:29:22.748Z > 200 GET /api/v1/ 1554.36ms
INF 2026-08-03T17:29:22.749Z > 200 GET /api/v1/ 1742.49ms
INF 2026-08-03T17:29:22.750Z > 200 GET /api/v1/ 1796.48ms
INF 2026-08-03T17:29:22.751Z > 200 GET /api/v1/ 1792.52ms
INF 2026-08-03T17:29:22.756Z > 200 GET /api/v1/ 1797.6ms
INF 2026-08-03T17:29:22.774Z > 200 GET /api/v1/ 1596.31ms
INF 2026-08-03T17:29:22.791Z > 200 GET /api/v1/ 1613.78ms
INF 2026-08-03T17:29:22.805Z > 200 GET /api/v1/ 547.88ms
INF 2026-08-03T17:29:22.893Z > 200 GET /api/v1/ 300.66ms
INF 2026-08-03T17:29:22.924Z > 200 GET /api/v1/ 667.83ms
INF 2026-08-03T17:29:22.926Z > 200 GET /api/v1/ 745.79ms
INF 2026-08-03T17:29:22.928Z > 200 GET /api/v1/ 569.63ms
INF 2026-08-03T17:29:22.930Z > 200 GET /api/v1/ 1254.15ms
INF 2026-08-03T17:29:22.930Z > 200 GET /api/v1/ 666.59ms
INF 2026-08-03T17:29:22.940Z > 200 GET /api/v1/ 1913.74ms
INF 2026-08-03T17:29:22.954Z > 200 GET /api/v1/ 1995.06ms
INF 2026-08-03T17:29:23.043Z > 200 GET /api/v1/ 1278.25ms
INF 2026-08-03T17:29:23.044Z > 200 GET /api/v1/ 724.02ms
INF 2026-08-03T17:29:23.068Z > 200 GET /api/v1/ 323.58ms
INF 2026-08-03T17:29:23.086Z > 200 GET /api/v1/ 192.65ms
INF 2026-08-03T17:29:23.086Z > 200 GET /api/v1/ 2141.51ms
INF 2026-08-03T17:29:23.087Z > 200 GET /api/v1/ 2038.68ms
INF 2026-08-03T17:29:23.128Z > 200 GET /api/v1/ 2168.77ms
INF 2026-08-03T17:29:23.200Z > 200 GET /api/v1/ 840.47ms
INF 2026-08-03T17:29:23.241Z > 200 GET /api/v1/ 2659.16ms
INF 2026-08-03T17:29:23.255Z > 200 GET /api/v1/ 2060.51ms
INF 2026-08-03T17:29:23.256Z > 200 GET /api/v1/ 711.98ms
INF 2026-08-03T17:29:23.256Z > 200 GET /api/v1/ 1492.12ms
INF 2026-08-03T17:29:23.259Z > 200 GET /api/v1/ 2237.13ms
INF 2026-08-03T17:29:23.262Z > 200 GET /api/v1/ 1124.69ms
INF 2026-08-03T17:29:23.265Z > 200 GET /api/v1/ 527.85ms
INF 2026-08-03T17:29:23.332Z > 200 GET /api/v1/ 1567.98ms
INF 2026-08-03T17:29:23.337Z > 200 GET /api/v1/ 562.65ms
INF 2026-08-03T17:29:23.362Z > 200 GET /api/v1/ 2166.3ms
INF 2026-08-03T17:29:23.363Z > 200 GET /api/v1/ 766.52ms
INF 2026-08-03T17:29:23.363Z > 200 GET /api/v1/ 2317.74ms
INF 2026-08-03T17:29:23.367Z > 200 GET /api/v1/ 973.54ms
INF 2026-08-03T17:29:23.375Z > 200 GET /api/v1/ 522.49ms
INF 2026-08-03T17:29:23.376Z > 200 GET /api/v1/ 2181.22ms
INF 2026-08-03T17:29:23.376Z > 200 GET /api/v1/ 585.46ms
INF 2026-08-03T17:29:23.377Z > 200 GET /api/v1/ 2581.17ms
INF 2026-08-03T17:29:23.377Z > 200 GET /api/v1/ 524.68ms
INF 2026-08-03T17:29:23.389Z > 200 GET /api/v1/ 598.94ms
INF 2026-08-03T17:29:23.390Z > 200 GET /api/v1/ 691.34ms
INF 2026-08-03T17:29:23.393Z > 200 GET /api/v1/ 264.73ms
INF 2026-08-03T17:29:23.394Z > 200 GET /api/v1/ 603.54ms
INF 2026-08-03T17:29:23.395Z > 200 GET /api/v1/ 660.04ms
INF 2026-08-03T17:29:23.405Z > 200 GET /api/v1/ 2364.17ms
INF 2026-08-03T17:29:23.422Z > 200 GET /api/v1/ 2227.28ms
INF 2026-08-03T17:29:23.422Z > 200 GET /api/v1/ 648.56ms
INF 2026-08-03T17:29:23.489Z > 200 GET /api/v1/ 1351.64ms
INF 2026-08-03T17:29:23.489Z > 200 GET /api/v1/ 2293.37ms
INF 2026-08-03T17:29:23.490Z > 200 GET /api/v1/ 1477.47ms
INF 2026-08-03T17:29:23.490Z > 200 GET /api/v1/ 716.24ms
INF 2026-08-03T17:29:23.491Z > 200 GET /api/v1/ 2464.34ms
INF 2026-08-03T17:29:23.549Z > 200 GET /api/v1/ 2591.32ms
INF 2026-08-03T17:29:23.549Z > 200 GET /api/v1/ 2527.77ms
INF 2026-08-03T17:29:23.552Z > 200 GET /api/v1/ 1331.8ms
INF 2026-08-03T17:29:23.688Z > 200 GET /api/v1/ 833.02ms
INF 2026-08-03T17:29:23.689Z > 200 GET /api/v1/ 1295.22ms
INF 2026-08-03T17:29:23.690Z > 200 GET /api/v1/ 818.84ms
INF 2026-08-03T17:29:23.690Z > 200 GET /api/v1/ 2731.1ms
INF 2026-08-03T17:29:23.690Z > 200 GET /api/v1/ 768.55ms
INF 2026-08-03T17:29:23.691Z > 200 GET /api/v1/ 2732.1ms
INF 2026-08-03T17:29:23.691Z > 200 GET /api/v1/ 769.46ms
INF 2026-08-03T17:29:23.692Z > 200 GET /api/v1/ 737.77ms
INF 2026-08-03T17:29:23.692Z > 200 GET /api/v1/ 833.7ms
INF 2026-08-03T17:29:23.693Z > 200 GET /api/v1/ 834.38ms
INF 2026-08-03T17:29:23.694Z > 200 GET /api/v1/ 1556.64ms
INF 2026-08-03T17:29:23.694Z > 200 GET /api/v1/ 2667.86ms
INF 2026-08-03T17:29:23.703Z > 200 GET /api/v1/ 843.8ms
INF 2026-08-03T17:29:23.707Z > 200 GET /api/v1/ 1703.04ms
INF 2026-08-03T17:29:23.708Z > 200 GET /api/v1/ 2751.24ms
INF 2026-08-03T17:29:23.746Z > 200 GET /api/v1/ 1690.2ms
INF 2026-08-03T17:29:23.748Z > 200 GET /api/v1/ 1608.17ms
INF 2026-08-03T17:29:23.811Z > 200 GET /api/v1/ 2046.3ms
INF 2026-08-03T17:29:23.811Z > 200 GET /api/v1/ 1740.09ms
INF 2026-08-03T17:29:23.880Z > 200 GET /api/v1/ 2835.53ms
INF 2026-08-03T17:29:23.881Z > 200 GET /api/v1/ 1851.57ms
INF 2026-08-03T17:29:23.889Z > 200 GET /api/v1/ 483.46ms
INF 2026-08-03T17:29:23.890Z > 200 GET /api/v1/ 964.1ms
INF 2026-08-03T17:29:23.943Z > 200 GET /api/v1/ 2747.81ms
INF 2026-08-03T17:29:23.944Z > 200 GET /api/v1/ 2749.42ms
INF 2026-08-03T17:29:23.944Z > 200 GET /api/v1/ 1497.1ms
INF 2026-08-03T17:29:23.945Z > 200 GET /api/v1/ 453.54ms
INF 2026-08-03T17:29:23.945Z > 200 GET /api/v1/ 2676.88ms
INF 2026-08-03T17:29:23.951Z > 200 GET /api/v1/ 1025.99ms
INF 2026-08-03T17:29:23.959Z > 200 GET /api/v1/ 1927.07ms
INF 2026-08-03T17:29:23.962Z > 200 GET /api/v1/ 2417.24ms
INF 2026-08-03T17:29:23.962Z > 200 GET /api/v1/ 2694.04ms
INF 2026-08-03T17:29:23.962Z > 200 GET /api/v1/ 1857.89ms
INF 2026-08-03T17:29:23.963Z > 200 GET /api/v1/ 1889.28ms
INF 2026-08-03T17:29:23.964Z > 200 GET /api/v1/ 878.7ms
INF 2026-08-03T17:29:23.964Z > 200 GET /api/v1/ 2371.81ms
INF 2026-08-03T17:29:23.965Z > 200 GET /api/v1/ 1961.09ms
INF 2026-08-03T17:29:23.965Z > 200 GET /api/v1/ 2189.09ms
INF 2026-08-03T17:29:23.966Z > 200 GET /api/v1/ 1778.09ms
INF 2026-08-03T17:29:23.967Z > 200 GET /api/v1/ 816.2ms
INF 2026-08-03T17:29:23.969Z > 200 GET /api/v1/ 1884.59ms
INF 2026-08-03T17:29:23.970Z > 200 GET /api/v1/ 2037.31ms
INF 2026-08-03T17:29:23.971Z > 200 GET /api/v1/ 2190.18ms
INF 2026-08-03T17:29:23.973Z > 200 GET /api/v1/ 2541.82ms
INF 2026-08-03T17:29:23.974Z > 200 GET /api/v1/ 1893.82ms
INF 2026-08-03T17:29:23.975Z > 200 GET /api/v1/ 822.06ms
INF 2026-08-03T17:29:23.977Z > 200 GET /api/v1/ 2436.89ms
INF 2026-08-03T17:29:23.978Z > 200 GET /api/v1/ 893.77ms
INF 2026-08-03T17:29:23.979Z > 200 GET /api/v1/ 1280.48ms
INF 2026-08-03T17:29:23.980Z > 200 GET /api/v1/ 2208.17ms
INF 2026-08-03T17:29:23.981Z > 200 GET /api/v1/ 2717.2ms
INF 2026-08-03T17:29:23.982Z > 200 GET /api/v1/ 715.2ms
INF 2026-08-03T17:29:23.987Z > 200 GET /api/v1/ 901.93ms
INF 2026-08-03T17:29:23.989Z > 200 GET /api/v1/ 787.48ms
INF 2026-08-03T17:29:23.994Z > 200 GET /api/v1/ 1068.83ms
INF 2026-08-03T17:29:23.999Z > 200 GET /api/v1/ 638.98ms
INF 2026-08-03T17:29:24.001Z > 200 GET /api/v1/ 545.44ms
INF 2026-08-03T17:29:24.001Z > 200 GET /api/v1/ 1146.47ms
INF 2026-08-03T17:29:24.012Z > 200 GET /api/v1/ 10.48ms
INF 2026-08-03T17:29:24.013Z > 200 GET /api/v1/ 1142.17ms
INF 2026-08-03T17:29:24.015Z > 200 GET /api/v1/ 930.0ms
INF 2026-08-03T17:29:24.023Z > 200 GET /api/v1/ 893.86ms
INF 2026-08-03T17:29:24.029Z > 200 GET /api/v1/ 1158.56ms
INF 2026-08-03T17:29:24.031Z > 200 GET /api/v1/ 538.77ms
INF 2026-08-03T17:29:24.033Z > 200 GET /api/v1/ 19.87ms
INF 2026-08-03T17:29:24.034Z > 200 GET /api/v1/ 949.55ms
INF 2026-08-03T17:29:24.041Z > 200 GET /api/v1/ 11.62ms
INF 2026-08-03T17:29:24.086Z > 200 GET /api/v1/ 594.77ms
INF 2026-08-03T17:29:24.091Z > 200 GET /api/v1/ 729.46ms
INF 2026-08-03T17:29:24.098Z > 200 GET /api/v1/ 562.98ms
INF 2026-08-03T17:29:24.099Z > 200 GET /api/v1/ 596.66ms
INF 2026-08-03T17:29:24.099Z > 200 GET /api/v1/ 457.45ms
INF 2026-08-03T17:29:24.100Z > 200 GET /api/v1/ 1014.88ms
INF 2026-08-03T17:29:24.106Z > 200 GET /api/v1/ 924.59ms
INF 2026-08-03T17:29:24.107Z > 200 GET /api/v1/ 555.77ms
INF 2026-08-03T17:29:24.120Z > 200 GET /api/v1/ 939.21ms
INF 2026-08-03T17:29:24.123Z > 200 GET /api/v1/ 309.38ms
INF 2026-08-03T17:29:24.127Z > 200 GET /api/v1/ 312.84ms
INF 2026-08-03T17:29:24.139Z > 200 GET /api/v1/ 6.76ms
INF 2026-08-03T17:29:24.149Z > 200 GET /api/v1/ 9.09ms
INF 2026-08-03T17:29:24.159Z > 200 GET /api/v1/ 449.83ms
INF 2026-08-03T17:29:24.172Z > 200 GET /api/v1/ 7.24ms
INF 2026-08-03T17:29:24.181Z > 200 GET /api/v1/ 472.0ms
INF 2026-08-03T17:29:24.202Z > 200 GET /api/v1/ 388.34ms
INF 2026-08-03T17:29:24.221Z > 200 GET /api/v1/ 6.65ms
INF 2026-08-03T17:29:24.232Z > 200 GET /api/v1/ 7.33ms
INF 2026-08-03T17:29:24.237Z > 200 GET /api/v1/ 366.91ms
INF 2026-08-03T17:29:24.241Z > 200 GET /api/v1/ 371.44ms
INF 2026-08-03T17:29:24.246Z > 200 GET /api/v1/ 753.82ms
INF 2026-08-03T17:29:24.247Z > 200 GET /api/v1/ 361.07ms
INF 2026-08-03T17:29:24.272Z > 200 GET /api/v1/ 7.3ms
INF 2026-08-03T17:29:24.280Z > 200 GET /api/v1/ 7.48ms
INF 2026-08-03T17:29:24.287Z > 200 GET /api/v1/ 7.24ms
INF 2026-08-03T17:29:24.299Z > 200 GET /api/v1/ 7.17ms
INF 2026-08-03T17:29:24.311Z > 200 GET /api/v1/ 1226.61ms
INF 2026-08-03T17:29:24.319Z > 200 GET /api/v1/ 7.09ms
INF 2026-08-03T17:29:24.335Z > 200 GET /api/v1/ 14.71ms
INF 2026-08-03T17:29:24.354Z > 200 GET /api/v1/ 540.12ms
INF 2026-08-03T17:29:24.362Z > 200 GET /api/v1/ 1503.03ms
INF 2026-08-03T17:29:24.365Z > 200 GET /api/v1/ 1005.57ms
INF 2026-08-03T17:29:24.371Z > 200 GET /api/v1/ 1011.0ms
INF 2026-08-03T17:29:24.375Z > 200 GET /api/v1/ 933.54ms
INF 2026-08-03T17:29:24.378Z > 200 GET /api/v1/ 1507.7ms
INF 2026-08-03T17:29:24.381Z > 200 GET /api/v1/ 1021.23ms
INF 2026-08-03T17:29:24.386Z > 200 GET /api/v1/ 7.89ms
INF 2026-08-03T17:29:24.392Z > 200 GET /api/v1/ 1032.61ms
INF 2026-08-03T17:29:24.393Z > 200 GET /api/v1/ 987.46ms
INF 2026-08-03T17:29:24.405Z > 200 GET /api/v1/ 8.44ms
INF 2026-08-03T17:29:24.413Z > 200 GET /api/v1/ 957.3ms
INF 2026-08-03T17:29:24.413Z > 200 GET /api/v1/ 8.47ms
INF 2026-08-03T17:29:24.421Z > 200 GET /api/v1/ 1499.97ms
INF 2026-08-03T17:29:24.422Z > 200 GET /api/v1/ 9.25ms
INF 2026-08-03T17:29:24.426Z > 200 GET /api/v1/ 9.32ms
INF 2026-08-03T17:29:24.437Z > 200 GET /api/v1/ 8.16ms
INF 2026-08-03T17:29:24.442Z > 200 GET /api/v1/ 628.11ms
INF 2026-08-03T17:29:24.455Z > 200 GET /api/v1/ 6.58ms
INF 2026-08-03T17:29:24.549Z > 200 GET /api/v1/ 92.25ms
INF 2026-08-03T17:29:24.585Z > 200 GET /api/v1/ 579.26ms
INF 2026-08-03T17:29:24.613Z > 200 GET /api/v1/ 15.03ms
INF 2026-08-03T17:29:24.627Z > 200 GET /api/v1/ 486.14ms
INF 2026-08-03T17:29:24.633Z > 200 GET /api/v1/ 620.02ms
INF 2026-08-03T17:29:24.641Z > 200 GET /api/v1/ 500.7ms
INF 2026-08-03T17:29:24.644Z > 200 GET /api/v1/ 607.39ms
INF 2026-08-03T17:29:24.651Z > 200 GET /api/v1/ 566.06ms
INF 2026-08-03T17:29:24.663Z > 200 GET /api/v1/ 494.33ms
INF 2026-08-03T17:29:24.671Z > 200 GET /api/v1/ 474.33ms
INF 2026-08-03T17:29:24.678Z > 200 GET /api/v1/ 529.93ms
INF 2026-08-03T17:29:24.685Z > 200 GET /api/v1/ 597.82ms
INF 2026-08-03T17:29:24.740Z > 200 GET /api/v1/ 48.2ms
INF 2026-08-03T17:29:24.747Z > 200 GET /api/v1/ 606.86ms
INF 2026-08-03T17:29:24.763Z > 200 GET /api/v1/ 733.01ms
INF 2026-08-03T17:29:24.767Z > 200 GET /api/v1/ 483.03ms
INF 2026-08-03T17:29:24.773Z > 200 GET /api/v1/ 1412.27ms
INF 2026-08-03T17:29:24.792Z > 200 GET /api/v1/ 7.32ms
INF 2026-08-03T17:29:24.814Z > 200 GET /api/v1/ 9.81ms
INF 2026-08-03T17:29:24.828Z > 200 GET /api/v1/ 10.52ms
INF 2026-08-03T17:29:24.840Z > 200 GET /api/v1/ 8.15ms
INF 2026-08-03T17:29:24.845Z > 200 GET /api/v1/ 408.56ms
INF 2026-08-03T17:29:24.858Z > 200 GET /api/v1/ 770.84ms
INF 2026-08-03T17:29:24.859Z > 200 GET /api/v1/ 352.29ms
INF 2026-08-03T17:29:24.859Z > 200 GET /api/v1/ 353.16ms
INF 2026-08-03T17:29:24.863Z > 200 GET /api/v1/ 357.31ms
INF 2026-08-03T17:29:24.870Z > 200 GET /api/v1/ 432.93ms
INF 2026-08-03T17:29:24.874Z > 200 GET /api/v1/ 544.21ms
INF 2026-08-03T17:29:24.883Z > 200 GET /api/v1/ 458.43ms
INF 2026-08-03T17:29:24.887Z > 200 GET /api/v1/ 686.38ms
INF 2026-08-03T17:29:24.896Z > 200 GET /api/v1/ 8.06ms
INF 2026-08-03T17:29:24.901Z > 200 GET /api/v1/ 480.77ms
INF 2026-08-03T17:29:24.906Z > 200 GET /api/v1/ 726.21ms
INF 2026-08-03T17:29:24.921Z > 200 GET /api/v1/ 8.2ms
INF 2026-08-03T17:29:24.933Z > 200 GET /api/v1/ 8.35ms
INF 2026-08-03T17:29:24.949Z > 200 GET /api/v1/ 8.55ms
INF 2026-08-03T17:29:24.959Z > 200 GET /api/v1/ 9.7ms
INF 2026-08-03T17:29:24.966Z > 200 GET /api/v1/ 1095.24ms
INF 2026-08-03T17:29:24.973Z > 200 GET /api/v1/ 8.45ms
INF 2026-08-03T17:29:24.988Z > 200 GET /api/v1/ 11.85ms
INF 2026-08-03T17:29:24.999Z > 200 GET /api/v1/ 6.64ms
INF 2026-08-03T17:29:25.010Z > 200 GET /api/v1/ 9.63ms
INF 2026-08-03T17:29:25.023Z > 200 GET /api/v1/ 6.72ms
INF 2026-08-03T17:29:25.039Z > 200 GET /api/v1/ 6.46ms
INF 2026-08-03T17:29:25.049Z > 200 GET /api/v1/ 8.69ms
INF 2026-08-03T17:29:25.062Z > 200 GET /api/v1/ 9.36ms
INF 2026-08-03T17:29:25.073Z > 200 GET /api/v1/ 8.67ms
INF 2026-08-03T17:29:25.087Z > 200 GET /api/v1/ 402.95ms
INF 2026-08-03T17:29:25.091Z > 200 GET /api/v1/ 359.0ms
INF 2026-08-03T17:29:25.096Z > 200 GET /api/v1/ 364.88ms
INF 2026-08-03T17:29:25.097Z > 200 GET /api/v1/ 1218.04ms
INF 2026-08-03T17:29:25.113Z > 200 GET /api/v1/ 8.99ms
INF 2026-08-03T17:29:25.116Z > 200 GET /api/v1/ 215.69ms
INF 2026-08-03T17:29:25.125Z > 200 GET /api/v1/ 8.6ms
INF 2026-08-03T17:29:25.155Z > 200 GET /api/v1/ 26.29ms
INF 2026-08-03T17:29:25.163Z > 200 GET /api/v1/ 6.25ms
INF 2026-08-03T17:29:25.176Z > 200 GET /api/v1/ 6.38ms
INF 2026-08-03T17:29:25.198Z > 200 GET /api/v1/ 953.94ms
INF 2026-08-03T17:29:25.212Z > 200 GET /api/v1/ 7.96ms
INF 2026-08-03T17:29:25.220Z > 200 GET /api/v1/ 303.48ms
INF 2026-08-03T17:29:25.224Z > 200 GET /api/v1/ 323.22ms
INF 2026-08-03T17:29:25.226Z > 200 GET /api/v1/ 494.49ms
INF 2026-08-03T17:29:25.229Z > 200 GET /api/v1/ 285.16ms
INF 2026-08-03T17:29:25.231Z > 200 GET /api/v1/ 303.2ms
INF 2026-08-03T17:29:25.249Z > 200 GET /api/v1/ 8.46ms
INF 2026-08-03T17:29:25.269Z > 200 GET /api/v1/ 12.46ms
INF 2026-08-03T17:29:25.279Z > 200 GET /api/v1/ 10.38ms
INF 2026-08-03T17:29:25.293Z > 200 GET /api/v1/ 153.09ms
INF 2026-08-03T17:29:25.301Z > 200 GET /api/v1/ 1808.75ms
INF 2026-08-03T17:29:25.306Z > 200 GET /api/v1/ 174.17ms
INF 2026-08-03T17:29:25.322Z > 200 GET /api/v1/ 9.16ms
INF 2026-08-03T17:29:25.333Z > 200 GET /api/v1/ 116.94ms
INF 2026-08-03T17:29:25.340Z > 200 GET /api/v1/ 183.29ms
INF 2026-08-03T17:29:25.347Z > 200 GET /api/v1/ 614.92ms
INF 2026-08-03T17:29:25.347Z > 200 GET /api/v1/ 150.97ms
INF 2026-08-03T17:29:25.362Z > 200 GET /api/v1/ 1374.65ms
INF 2026-08-03T17:29:25.370Z > 200 GET /api/v1/ 1483.79ms
INF 2026-08-03T17:29:25.375Z > 200 GET /api/v1/ 1384.33ms
INF 2026-08-03T17:29:25.382Z > 200 GET /api/v1/ 1386.47ms
INF 2026-08-03T17:29:25.391Z > 200 GET /api/v1/ 12.52ms
INF 2026-08-03T17:29:25.405Z > 200 GET /api/v1/ 1417.29ms
INF 2026-08-03T17:29:25.412Z > 200 GET /api/v1/ 1324.34ms
INF 2026-08-03T17:29:25.421Z > 200 GET /api/v1/ 1333.49ms
INF 2026-08-03T17:29:25.425Z > 200 GET /api/v1/ 741.09ms
INF 2026-08-03T17:29:25.451Z > 200 GET /api/v1/ 1502.25ms
INF 2026-08-03T17:29:25.464Z > 200 GET /api/v1/ 12.77ms
INF 2026-08-03T17:29:25.466Z > 200 GET /api/v1/ 1596.09ms
INF 2026-08-03T17:29:25.482Z > 200 GET /api/v1/ 17.83ms
INF 2026-08-03T17:29:25.487Z > 200 GET /api/v1/ 1536.9ms
INF 2026-08-03T17:29:25.496Z > 200 GET /api/v1/ 203.42ms
INF 2026-08-03T17:29:25.500Z > 200 GET /api/v1/ 1686.33ms
INF 2026-08-03T17:29:25.539Z > 200 GET /api/v1/ 1852.28ms
INF 2026-08-03T17:29:25.572Z > 200 GET /api/v1/ 234.14ms
INF 2026-08-03T17:29:25.597Z > 200 GET /api/v1/ 1509.67ms
INF 2026-08-03T17:29:25.625Z > 200 GET /api/v1/ 1602.31ms
INF 2026-08-03T17:29:25.626Z > 200 GET /api/v1/ 1609.16ms
INF 2026-08-03T17:29:25.633Z > 200 GET /api/v1/ 1603.79ms
INF 2026-08-03T17:29:25.636Z > 200 GET /api/v1/ 231.92ms
INF 2026-08-03T17:29:25.675Z > 200 GET /api/v1/ 1587.14ms
INF 2026-08-03T17:29:25.675Z > 200 GET /api/v1/ 817.55ms
INF 2026-08-03T17:29:25.676Z > 200 GET /api/v1/ 330.85ms
INF 2026-08-03T17:29:25.721Z > 200 GET /api/v1/ 356.34ms
INF 2026-08-03T17:29:25.722Z > 200 GET /api/v1/ 457.5ms
INF 2026-08-03T17:29:25.724Z > 200 GET /api/v1/ 1636.71ms
INF 2026-08-03T17:29:25.724Z > 200 GET /api/v1/ 1733.87ms
INF 2026-08-03T17:29:25.755Z > 200 GET /api/v1/ 1746.33ms
INF 2026-08-03T17:29:25.759Z > 200 GET /api/v1/ 438.83ms
INF 2026-08-03T17:29:25.760Z > 200 GET /api/v1/ 371.97ms
INF 2026-08-03T17:29:25.761Z > 200 GET /api/v1/ 344.15ms
INF 2026-08-03T17:29:25.765Z > 200 GET /api/v1/ 89.07ms
INF 2026-08-03T17:29:25.830Z > 200 GET /api/v1/ 405.95ms
INF 2026-08-03T17:29:25.901Z > 200 GET /api/v1/ 137.03ms
INF 2026-08-03T17:29:25.920Z > 200 GET /api/v1/ 1787.25ms
INF 2026-08-03T17:29:25.933Z > 200 GET /api/v1/ 1029.11ms
INF 2026-08-03T17:29:25.934Z > 200 GET /api/v1/ 1769.7ms
INF 2026-08-03T17:29:25.986Z > 200 GET /api/v1/ 2299.95ms
INF 2026-08-03T17:29:25.987Z > 200 GET /api/v1/ 2300.38ms
INF 2026-08-03T17:29:25.992Z > 200 GET /api/v1/ 1962.72ms
INF 2026-08-03T17:29:26.002Z > 200 GET /api/v1/ 641.14ms
INF 2026-08-03T17:29:26.002Z > 200 GET /api/v1/ 2315.87ms
INF 2026-08-03T17:29:26.003Z > 200 GET /api/v1/ 2467.97ms
INF 2026-08-03T17:29:26.003Z > 200 GET /api/v1/ 2452.18ms
INF 2026-08-03T17:29:26.004Z > 200 GET /api/v1/ 2453.46ms
INF 2026-08-03T17:29:26.005Z > 200 GET /api/v1/ 2470.46ms
INF 2026-08-03T17:29:26.006Z > 200 GET /api/v1/ 2296.56ms
INF 2026-08-03T17:29:26.008Z > 200 GET /api/v1/ 2472.52ms
INF 2026-08-03T17:29:26.024Z > 200 GET /api/v1/ 2489.09ms
INF 2026-08-03T17:29:26.037Z > 200 GET /api/v1/ 1409.22ms
INF 2026-08-03T17:29:26.042Z > 200 GET /api/v1/ 2107.45ms
INF 2026-08-03T17:29:26.043Z > 200 GET /api/v1/ 591.07ms
INF 2026-08-03T17:29:26.045Z > 200 GET /api/v1/ 592.34ms
INF 2026-08-03T17:29:26.104Z > 200 GET /api/v1/ 2217.32ms
INF 2026-08-03T17:29:26.117Z > 200 GET /api/v1/ 2182.06ms
INF 2026-08-03T17:29:26.118Z > 200 GET /api/v1/ 2109.32ms
INF 2026-08-03T17:29:26.119Z > 200 GET /api/v1/ 1612.62ms
INF 2026-08-03T17:29:26.119Z > 200 GET /api/v1/ 1026.77ms
INF 2026-08-03T17:29:26.120Z > 200 GET /api/v1/ 2306.0ms
INF 2026-08-03T17:29:26.141Z > 200 GET /api/v1/ 1000.86ms
INF 2026-08-03T17:29:26.143Z > 200 GET /api/v1/ 1242.87ms
INF 2026-08-03T17:29:26.174Z > 200 GET /api/v1/ 2304.07ms
INF 2026-08-03T17:29:26.175Z > 200 GET /api/v1/ 2304.57ms
INF 2026-08-03T17:29:26.175Z > 200 GET /api/v1/ 2170.72ms
INF 2026-08-03T17:29:26.197Z > 200 GET /api/v1/ 152.4ms
INF 2026-08-03T17:29:26.210Z > 200 GET /api/v1/ 2260.31ms
INF 2026-08-03T17:29:26.227Z > 200 GET /api/v1/ 1145.67ms
INF 2026-08-03T17:29:26.228Z > 200 GET /api/v1/ 2237.55ms
INF 2026-08-03T17:29:26.229Z > 200 GET /api/v1/ 472.52ms
INF 2026-08-03T17:29:26.229Z > 200 GET /api/v1/ 473.09ms
INF 2026-08-03T17:29:26.230Z > 200 GET /api/v1/ 397.75ms
INF 2026-08-03T17:29:26.231Z > 200 GET /api/v1/ 466.44ms
INF 2026-08-03T17:29:26.243Z > 200 GET /api/v1/ 661.62ms
INF 2026-08-03T17:29:26.244Z > 200 GET /api/v1/ 554.06ms
INF 2026-08-03T17:29:26.283Z > 200 GET /api/v1/ 513.97ms
INF 2026-08-03T17:29:26.283Z > 200 GET /api/v1/ 746.25ms
INF 2026-08-03T17:29:26.284Z > 200 GET /api/v1/ 903.61ms
INF 2026-08-03T17:29:26.284Z > 200 GET /api/v1/ 749.52ms
INF 2026-08-03T17:29:26.285Z > 200 GET /api/v1/ 109.94ms
INF 2026-08-03T17:29:26.339Z > 200 GET /api/v1/ 139.53ms
INF 2026-08-03T17:29:26.411Z > 200 GET /api/v1/ 2402.47ms
INF 2026-08-03T17:29:26.422Z > 200 GET /api/v1/ 2398.53ms
INF 2026-08-03T17:29:26.434Z > 200 GET /api/v1/ 2429.34ms
INF 2026-08-03T17:29:26.435Z > 200 GET /api/v1/ 572.3ms
INF 2026-08-03T17:29:26.459Z > 200 GET /api/v1/ 2442.86ms
INF 2026-08-03T17:29:26.469Z > 200 GET /api/v1/ 1196.88ms
INF 2026-08-03T17:29:26.470Z > 200 GET /api/v1/ 2465.11ms
INF 2026-08-03T17:29:26.471Z > 200 GET /api/v1/ 2457.45ms
INF 2026-08-03T17:29:26.471Z > 200 GET /api/v1/ 2522.09ms
INF 2026-08-03T17:29:26.472Z > 200 GET /api/v1/ 2455.46ms
INF 2026-08-03T17:29:26.472Z > 200 GET /api/v1/ 2467.64ms
INF 2026-08-03T17:29:26.473Z > 200 GET /api/v1/ 2385.66ms
INF 2026-08-03T17:29:26.473Z > 200 GET /api/v1/ 488.02ms
INF 2026-08-03T17:29:26.512Z > 200 GET /api/v1/ 838.52ms
INF 2026-08-03T17:29:26.513Z > 200 GET /api/v1/ 650.08ms
INF 2026-08-03T17:29:26.513Z > 200 GET /api/v1/ 2426.39ms
INF 2026-08-03T17:29:26.514Z > 200 GET /api/v1/ 2504.82ms
INF 2026-08-03T17:29:26.514Z > 200 GET /api/v1/ 651.3ms
INF 2026-08-03T17:29:26.529Z > 200 GET /api/v1/ 2491.87ms
INF 2026-08-03T17:29:26.600Z > 200 GET /api/v1/ 926.02ms
INF 2026-08-03T17:29:26.139Z > 200 GET /api/v1/ 982.15ms
INF 2026-08-03T17:29:26.240Z > 200 GET /api/v1/ 2190.09ms
INF 2026-08-03T17:29:26.279Z > 200 GET /api/v1/ 2845.22ms
INF 2026-08-03T17:29:26.284Z > 200 GET /api/v1/ 1619.05ms
INF 2026-08-03T17:29:26.284Z > 200 GET /api/v1/ 2539.5ms
INF 2026-08-03T17:29:26.314Z > 200 GET /api/v1/ 1019.83ms
INF 2026-08-03T17:29:26.318Z > 200 GET /api/v1/ 2902.62ms
INF 2026-08-03T17:29:26.332Z > 200 GET /api/v1/ 425.47ms
INF 2026-08-03T17:29:26.345Z > 200 GET /api/v1/ 2660.56ms
INF 2026-08-03T17:29:26.346Z > 200 GET /api/v1/ 2805.06ms
INF 2026-08-03T17:29:26.375Z > 200 GET /api/v1/ 2098.53ms
INF 2026-08-03T17:29:26.376Z > 200 GET /api/v1/ 2623.15ms
INF 2026-08-03T17:29:26.376Z > 200 GET /api/v1/ 2527.78ms
INF 2026-08-03T17:29:26.377Z > 200 GET /api/v1/ 2576.68ms
INF 2026-08-03T17:29:26.378Z > 200 GET /api/v1/ 785.76ms
INF 2026-08-03T17:29:26.378Z > 200 GET /api/v1/ 2317.32ms
INF 2026-08-03T17:29:26.379Z > 200 GET /api/v1/ 1597.96ms
INF 2026-08-03T17:29:26.379Z > 200 GET /api/v1/ 2978.21ms
INF 2026-08-03T17:29:26.380Z > 200 GET /api/v1/ 2481.14ms
INF 2026-08-03T17:29:26.380Z > 200 GET /api/v1/ 808.45ms
INF 2026-08-03T17:29:26.381Z > 200 GET /api/v1/ 2899.89ms
INF 2026-08-03T17:29:26.381Z > 200 GET /api/v1/ 1980.72ms
INF 2026-08-03T17:29:26.383Z > 200 GET /api/v1/ 2202.39ms
INF 2026-08-03T17:29:26.384Z > 200 GET /api/v1/ 2315.33ms
INF 2026-08-03T17:29:26.384Z > 200 GET /api/v1/ 2119.91ms
INF 2026-08-03T17:29:26.385Z > 200 GET /api/v1/ 2486.4ms
INF 2026-08-03T17:29:26.386Z > 200 GET /api/v1/ 2644.41ms
INF 2026-08-03T17:29:26.401Z > 200 GET /api/v1/ 719.18ms
INF 2026-08-03T17:29:26.404Z > 200 GET /api/v1/ 908.98ms
INF 2026-08-03T17:29:26.406Z > 200 GET /api/v1/ 724.52ms
INF 2026-08-03T17:29:26.424Z > 200 GET /api/v1/ 663.36ms
INF 2026-08-03T17:29:26.434Z > 200 GET /api/v1/ 2233.31ms
INF 2026-08-03T17:29:26.435Z > 200 GET /api/v1/ 674.59ms
INF 2026-08-03T17:29:26.484Z > 200 GET /api/v1/ 801.72ms
INF 2026-08-03T17:29:26.485Z > 200 GET /api/v1/ 803.19ms
INF 2026-08-03T17:29:26.489Z > 200 GET /api/v1/ 568.36ms
INF 2026-08-03T17:29:26.490Z > 200 GET /api/v1/ 106.96ms
INF 2026-08-03T17:29:26.491Z > 200 GET /api/v1/ 808.72ms
INF 2026-08-03T17:29:26.491Z > 200 GET /api/v1/ 665.11ms
INF 2026-08-03T17:29:26.492Z > 200 GET /api/v1/ 809.82ms
INF 2026-08-03T17:29:26.492Z > 200 GET /api/v1/ 500.61ms
INF 2026-08-03T17:29:26.493Z > 200 GET /api/v1/ 1476.04ms
INF 2026-08-03T17:29:26.494Z > 200 GET /api/v1/ 502.0ms
INF 2026-08-03T17:29:26.497Z > 200 GET /api/v1/ 1692.74ms
INF 2026-08-03T17:29:26.498Z > 200 GET /api/v1/ 95.6ms
INF 2026-08-03T17:29:26.499Z > 200 GET /api/v1/ 578.0ms
INF 2026-08-03T17:29:26.507Z > 200 GET /api/v1/ 585.45ms
INF 2026-08-03T17:29:26.508Z > 200 GET /api/v1/ 1087.68ms
INF 2026-08-03T17:29:26.509Z > 200 GET /api/v1/ 1360.5ms
INF 2026-08-03T17:29:26.511Z > 200 GET /api/v1/ 519.27ms
INF 2026-08-03T17:29:26.512Z > 200 GET /api/v1/ 591.32ms
INF 2026-08-03T17:29:26.542Z > 200 GET /api/v1/ 918.59ms
INF 2026-08-03T17:29:26.543Z > 200 GET /api/v1/ 651.08ms
INF 2026-08-03T17:29:26.547Z > 200 GET /api/v1/ 786.83ms
INF 2026-08-03T17:29:26.548Z > 200 GET /api/v1/ 1895.33ms
INF 2026-08-03T17:29:26.548Z > 200 GET /api/v1/ 628.14ms
INF 2026-08-03T17:29:26.577Z > 200 GET /api/v1/ 585.99ms
INF 2026-08-03T17:29:26.604Z > 200 GET /api/v1/ 1166.28ms
INF 2026-08-03T17:29:26.604Z > 200 GET /api/v1/ 1676.58ms
INF 2026-08-03T17:29:26.606Z > 200 GET /api/v1/ 982.02ms
INF 2026-08-03T17:29:26.615Z > 200 GET /api/v1/ 1120.7ms
INF 2026-08-03T17:29:26.616Z > 200 GET /api/v1/ 694.51ms
INF 2026-08-03T17:29:26.668Z > 200 GET /api/v1/ 907.35ms
INF 2026-08-03T17:29:26.669Z > 200 GET /api/v1/ 747.41ms
INF 2026-08-03T17:29:26.669Z > 200 GET /api/v1/ 580.92ms
INF 2026-08-03T17:29:26.669Z > 200 GET /api/v1/ 1170.96ms
INF 2026-08-03T17:29:26.687Z > 200 GET /api/v1/ 135.5ms
INF 2026-08-03T17:29:26.687Z > 200 GET /api/v1/ 1005.53ms
INF 2026-08-03T17:29:26.701Z > 200 GET /api/v1/ 1020.44ms
INF 2026-08-03T17:29:26.701Z > 200 GET /api/v1/ 1202.44ms
INF 2026-08-03T17:29:26.701Z > 200 GET /api/v1/ 1323.47ms
INF 2026-08-03T17:29:26.703Z > 200 GET /api/v1/ 1272.62ms
INF 2026-08-03T17:29:26.704Z > 200 GET /api/v1/ 126.46ms
INF 2026-08-03T17:29:26.762Z > 200 GET /api/v1/ 1079.38ms
INF 2026-08-03T17:29:26.766Z > 200 GET /api/v1/ 1328.69ms
INF 2026-08-03T17:29:26.767Z > 200 GET /api/v1/ 526.48ms
INF 2026-08-03T17:29:26.768Z > 200 GET /api/v1/ 161.79ms
INF 2026-08-03T17:29:26.778Z > 200 GET /api/v1/ 1850.69ms
INF 2026-08-03T17:29:26.779Z > 200 GET /api/v1/ 1916.69ms
INF 2026-08-03T17:29:26.784Z > 200 GET /api/v1/ 1827.9ms
INF 2026-08-03T17:29:26.787Z > 200 GET /api/v1/ 1215.09ms
INF 2026-08-03T17:29:26.790Z > 200 GET /api/v1/ 1412.29ms
INF 2026-08-03T17:29:26.792Z > 200 GET /api/v1/ 1864.65ms
INF 2026-08-03T17:29:26.793Z > 200 GET /api/v1/ 475.84ms
INF 2026-08-03T17:29:26.819Z > 200 GET /api/v1/ 1934.29ms
INF 2026-08-03T17:29:26.862Z > 200 GET /api/v1/ 1363.34ms
INF 2026-08-03T17:29:26.890Z > 200 GET /api/v1/ 1208.35ms
INF 2026-08-03T17:29:26.930Z > 200 GET /api/v1/ 841.65ms
INF 2026-08-03T17:29:26.930Z > 200 GET /api/v1/ 1509.75ms
INF 2026-08-03T17:29:26.974Z > 200 GET /api/v1/ 590.53ms
INF 2026-08-03T17:29:26.974Z > 200 GET /api/v1/ 491.04ms
INF 2026-08-03T17:29:27.025Z > 200 GET /api/v1/ 589.42ms
INF 2026-08-03T17:29:27.030Z > 200 GET /api/v1/ 1963.29ms
INF 2026-08-03T17:29:27.036Z > 200 GET /api/v1/ 548.64ms
INF 2026-08-03T17:29:27.106Z > 200 GET /api/v1/ 1424.41ms
INF 2026-08-03T17:29:27.121Z > 200 GET /api/v1/ 684.91ms
INF 2026-08-03T17:29:27.121Z > 200 GET /api/v1/ 633.4ms
INF 2026-08-03T17:29:27.123Z > 200 GET /api/v1/ 720.17ms
INF 2026-08-03T17:29:27.218Z > 200 GET /api/v1/ 1594.37ms
INF 2026-08-03T17:29:27.251Z > 200 GET /api/v1/ 1163.29ms
INF 2026-08-03T17:29:27.254Z > 200 GET /api/v1/ 707.62ms
INF 2026-08-03T17:29:27.276Z > 200 GET /api/v1/ 729.33ms
INF 2026-08-03T17:29:27.277Z > 200 GET /api/v1/ 670.96ms
INF 2026-08-03T17:29:27.278Z > 200 GET /api/v1/ 701.11ms
INF 2026-08-03T17:29:27.283Z > 200 GET /api/v1/ 598.89ms
INF 2026-08-03T17:29:27.294Z > 200 GET /api/v1/ 688.2ms
INF 2026-08-03T17:29:27.299Z > 200 GET /api/v1/ 1128.34ms
INF 2026-08-03T17:29:27.299Z > 200 GET /api/v1/ 1862.33ms
INF 2026-08-03T17:29:27.318Z > 200 GET /api/v1/ 1876.99ms
INF 2026-08-03T17:29:27.318Z > 200 GET /api/v1/ 1940.32ms
INF 2026-08-03T17:29:27.326Z > 200 GET /api/v1/ 780.89ms
INF 2026-08-03T17:29:27.359Z > 200 GET /api/v1/ 2104.55ms
INF 2026-08-03T17:29:27.365Z > 200 GET /api/v1/ 50.37ms
INF 2026-08-03T17:29:27.365Z > 200 GET /api/v1/ 882.33ms
INF 2026-08-03T17:29:27.374Z > 200 GET /api/v1/ 1875.54ms
INF 2026-08-03T17:29:27.377Z > 200 GET /api/v1/ 349.96ms
INF 2026-08-03T17:29:27.381Z > 200 GET /api/v1/ 1943.87ms
INF 2026-08-03T17:29:27.383Z > 200 GET /api/v1/ 836.81ms
INF 2026-08-03T17:29:27.384Z > 200 GET /api/v1/ 531.38ms
INF 2026-08-03T17:29:27.409Z > 200 GET /api/v1/ 1321.01ms
INF 2026-08-03T17:29:27.410Z > 200 GET /api/v1/ 1271.45ms
INF 2026-08-03T17:29:27.421Z > 200 GET /api/v1/ 1922.11ms
INF 2026-08-03T17:29:27.423Z > 200 GET /api/v1/ 1851.12ms
INF 2026-08-03T17:29:27.449Z > 200 GET /api/v1/ 1876.88ms
INF 2026-08-03T17:29:27.468Z > 200 GET /api/v1/ 1896.47ms
INF 2026-08-03T17:29:27.501Z > 200 GET /api/v1/ 736.38ms
INF 2026-08-03T17:29:27.516Z > 200 GET /api/v1/ 831.83ms
INF 2026-08-03T17:29:27.552Z > 200 GET /api/v1/ 1445.55ms
INF 2026-08-03T17:29:27.562Z > 200 GET /api/v1/ 535.08ms
INF 2026-08-03T17:29:27.601Z > 200 GET /api/v1/ 429.29ms
INF 2026-08-03T17:29:27.607Z > 200 GET /api/v1/ 486.55ms
INF 2026-08-03T17:29:27.642Z > 200 GET /api/v1/ 522.18ms
INF 2026-08-03T17:29:27.659Z > 200 GET /api/v1/ 1112.04ms
INF 2026-08-03T17:29:27.659Z > 200 GET /api/v1/ 539.15ms
INF 2026-08-03T17:29:27.661Z > 200 GET /api/v1/ 489.23ms
INF 2026-08-03T17:29:27.666Z > 200 GET /api/v1/ 104.5ms
INF 2026-08-03T17:29:27.676Z > 200 GET /api/v1/ 1124.25ms
INF 2026-08-03T17:29:27.698Z > 200 GET /api/v1/ 1013.98ms
INF 2026-08-03T17:29:27.708Z > 200 GET /api/v1/ 1220.08ms
INF 2026-08-03T17:29:27.708Z > 200 GET /api/v1/ 1162.76ms
INF 2026-08-03T17:29:27.709Z > 200 GET /api/v1/ 1272.76ms
INF 2026-08-03T17:29:27.734Z > 200 GET /api/v1/ 1128.09ms
INF 2026-08-03T17:29:27.738Z > 200 GET /api/v1/ 1191.13ms
INF 2026-08-03T17:29:27.738Z > 200 GET /api/v1/ 974.28ms
INF 2026-08-03T17:29:27.741Z > 200 GET /api/v1/ 380.03ms
INF 2026-08-03T17:29:27.810Z > 200 GET /api/v1/ 1263.72ms
INF 2026-08-03T17:29:27.810Z > 200 GET /api/v1/ 783.8ms
INF 2026-08-03T17:29:27.811Z > 200 GET /api/v1/ 1047.38ms
INF 2026-08-03T17:29:27.812Z > 200 GET /api/v1/ 959.11ms
INF 2026-08-03T17:29:27.856Z > 200 GET /api/v1/ 1001.6ms
INF 2026-08-03T17:29:27.856Z > 200 GET /api/v1/ 1368.77ms
INF 2026-08-03T17:29:27.892Z > 200 GET /api/v1/ 613.09ms
INF 2026-08-03T17:29:27.916Z > 200 GET /api/v1/ 1480.8ms
INF 2026-08-03T17:29:27.917Z > 200 GET /api/v1/ 1062.71ms
INF 2026-08-03T17:29:27.918Z > 200 GET /api/v1/ 1154.23ms
INF 2026-08-03T17:29:27.930Z > 200 GET /api/v1/ 572.14ms
INF 2026-08-03T17:29:27.937Z > 200 GET /api/v1/ 227.42ms
INF 2026-08-03T17:29:27.937Z > 200 GET /api/v1/ 19.78ms
INF 2026-08-03T17:29:27.944Z > 200 GET /api/v1/ 1397.82ms
INF 2026-08-03T17:29:27.948Z > 200 GET /api/v1/ 289.8ms
INF 2026-08-03T17:29:27.952Z > 200 GET /api/v1/ 1097.93ms
INF 2026-08-03T17:29:27.954Z > 200 GET /api/v1/ 294.64ms
INF 2026-08-03T17:29:27.955Z > 200 GET /api/v1/ 245.29ms
INF 2026-08-03T17:29:28.040Z > 200 GET /api/v1/ 1603.92ms
INF 2026-08-03T17:29:28.064Z > 200 GET /api/v1/ 1676.0ms
INF 2026-08-03T17:29:28.064Z > 200 GET /api/v1/ 1211.08ms
INF 2026-08-03T17:29:28.065Z > 200 GET /api/v1/ 1300.47ms
INF 2026-08-03T17:29:28.066Z > 200 GET /api/v1/ 1677.81ms
INF 2026-08-03T17:29:28.083Z > 200 GET /api/v1/ 1504.13ms
INF 2026-08-03T17:29:28.094Z > 200 GET /api/v1/ 1612.91ms
INF 2026-08-03T17:29:28.097Z > 200 GET /api/v1/ 1517.44ms
INF 2026-08-03T17:29:28.098Z > 200 GET /api/v1/ 388.28ms
INF 2026-08-03T17:29:28.101Z > 200 GET /api/v1/ 403.73ms
INF 2026-08-03T17:29:28.102Z > 200 GET /api/v1/ 690.49ms
INF 2026-08-03T17:29:28.103Z > 200 GET /api/v1/ 367.68ms
INF 2026-08-03T17:29:28.104Z > 200 GET /api/v1/ 932.76ms
INF 2026-08-03T17:29:28.105Z > 200 GET /api/v1/ 445.66ms
INF 2026-08-03T17:29:28.107Z > 200 GET /api/v1/ 397.51ms
INF 2026-08-03T17:29:28.108Z > 200 GET /api/v1/ 1254.6ms
INF 2026-08-03T17:29:28.114Z > 200 GET /api/v1/ 9.74ms
INF 2026-08-03T17:29:28.120Z > 200 GET /api/v1/ 1356.48ms
INF 2026-08-03T17:29:28.159Z > 200 GET /api/v1/ 1395.95ms
INF 2026-08-03T17:29:28.195Z > 200 GET /api/v1/ 1511.25ms
INF 2026-08-03T17:29:28.231Z > 200 GET /api/v1/ 1467.12ms
INF 2026-08-03T17:29:28.309Z > 200 GET /api/v1/ 149.8ms
INF 2026-08-03T17:29:28.315Z > 200 GET /api/v1/ 83.83ms
INF 2026-08-03T17:29:28.332Z > 200 GET /api/v1/ 1160.09ms
INF 2026-08-03T17:29:28.336Z > 200 GET /api/v1/ 1848.26ms
INF 2026-08-03T17:29:28.341Z > 200 GET /api/v1/ 532.88ms
INF 2026-08-03T17:29:28.345Z > 200 GET /api/v1/ 1957.05ms
INF 2026-08-03T17:29:28.348Z > 200 GET /api/v1/ 1865.11ms
INF 2026-08-03T17:29:28.349Z > 200 GET /api/v1/ 1966.36ms
INF 2026-08-03T17:29:28.351Z > 200 GET /api/v1/ 1915.22ms
INF 2026-08-03T17:29:28.352Z > 200 GET /api/v1/ 1915.96ms
INF 2026-08-03T17:29:28.355Z > 200 GET /api/v1/ 1871.93ms
INF 2026-08-03T17:29:28.355Z > 200 GET /api/v1/ 986.26ms
INF 2026-08-03T17:29:28.356Z > 200 GET /api/v1/ 1868.56ms
INF 2026-08-03T17:29:28.357Z > 200 GET /api/v1/ 1873.56ms
INF 2026-08-03T17:29:28.437Z > 200 GET /api/v1/ 1583.19ms
INF 2026-08-03T17:29:28.505Z > 200 GET /api/v1/ 1080.29ms
INF 2026-08-03T17:29:28.506Z > 200 GET /api/v1/ 1144.69ms
INF 2026-08-03T17:29:28.506Z > 200 GET /api/v1/ 1178.98ms
INF 2026-08-03T17:29:28.511Z > 200 GET /api/v1/ 620.31ms
INF 2026-08-03T17:29:28.512Z > 200 GET /api/v1/ 74.01ms
INF 2026-08-03T17:29:28.533Z > 200 GET /api/v1/ 1986.54ms
INF 2026-08-03T17:29:28.549Z > 200 GET /api/v1/ 1522.74ms
INF 2026-08-03T17:29:28.626Z > 200 GET /api/v1/ 77.42ms
INF 2026-08-03T17:29:28.641Z > 200 GET /api/v1/ 2094.9ms
INF 2026-08-03T17:29:28.687Z > 200 GET /api/v1/ 2141.42ms
INF 2026-08-03T17:29:28.688Z > 200 GET /api/v1/ 2206.03ms
INF 2026-08-03T17:29:28.730Z > 200 GET /api/v1/ 569.68ms
INF 2026-08-03T17:29:28.847Z > 200 GET /api/v1/ 2301.31ms
INF 2026-08-03T17:29:28.848Z > 200 GET /api/v1/ 2366.97ms
INF 2026-08-03T17:29:28.849Z > 200 GET /api/v1/ 806.88ms
INF 2026-08-03T17:29:28.850Z > 200 GET /api/v1/ 2413.79ms
INF 2026-08-03T17:29:28.850Z > 200 GET /api/v1/ 1533.78ms
INF 2026-08-03T17:29:28.881Z > 200 GET /api/v1/ 2398.32ms
INF 2026-08-03T17:29:29.012Z > 200 GET /api/v1/ 2248.15ms
INF 2026-08-03T17:29:29.126Z > 200 GET /api/v1/ 687.86ms
INF 2026-08-03T17:29:29.145Z > 200 GET /api/v1/ 2283.21ms
INF 2026-08-03T17:29:29.146Z > 200 GET /api/v1/ 708.36ms
INF 2026-08-03T17:29:29.147Z > 200 GET /api/v1/ 1083.67ms
INF 2026-08-03T17:29:29.147Z > 200 GET /api/v1/ 709.48ms
INF 2026-08-03T17:29:29.148Z > 200 GET /api/v1/ 709.86ms
INF 2026-08-03T17:29:29.156Z > 200 GET /api/v1/ 718.18ms
INF 2026-08-03T17:29:29.157Z > 200 GET /api/v1/ 718.83ms
INF 2026-08-03T17:29:29.157Z > 200 GET /api/v1/ 2393.28ms
INF 2026-08-03T17:29:29.158Z > 200 GET /api/v1/ 2473.44ms
INF 2026-08-03T17:29:29.158Z > 200 GET /api/v1/ 720.1ms
INF 2026-08-03T17:29:29.158Z > 200 GET /api/v1/ 720.59ms
INF 2026-08-03T17:29:29.159Z > 200 GET /api/v1/ 847.05ms
INF 2026-08-03T17:29:29.159Z > 200 GET /api/v1/ 911.09ms
INF 2026-08-03T17:29:29.160Z > 200 GET /api/v1/ 1748.13ms
INF 2026-08-03T17:29:29.160Z > 200 GET /api/v1/ 2475.92ms
INF 2026-08-03T17:29:29.161Z > 200 GET /api/v1/ 2134.17ms
INF 2026-08-03T17:29:29.161Z > 200 GET /api/v1/ 1503.4ms
INF 2026-08-03T17:29:29.161Z > 200 GET /api/v1/ 723.35ms
INF 2026-08-03T17:29:29.174Z > 200 GET /api/v1/ 546.59ms
INF 2026-08-03T17:29:29.258Z > 200 GET /api/v1/ 2403.33ms
INF 2026-08-03T17:29:29.259Z > 200 GET /api/v1/ 1897.27ms
INF 2026-08-03T17:29:29.268Z > 200 GET /api/v1/ 1226.01ms
INF 2026-08-03T17:29:29.269Z > 200 GET /api/v1/ 2242.48ms
INF 2026-08-03T17:29:29.278Z > 200 GET /api/v1/ 2423.43ms
INF 2026-08-03T17:29:29.278Z > 200 GET /api/v1/ 1118.62ms
INF 2026-08-03T17:29:29.283Z > 200 GET /api/v1/ 844.84ms
INF 2026-08-03T17:29:29.283Z > 200 GET /api/v1/ 1475.65ms
INF 2026-08-03T17:29:29.284Z > 200 GET /api/v1/ 845.65ms
INF 2026-08-03T17:29:29.284Z > 200 GET /api/v1/ 1393.16ms
INF 2026-08-03T17:29:29.285Z > 200 GET /api/v1/ 1922.03ms
INF 2026-08-03T17:29:29.287Z > 200 GET /api/v1/ 737.74ms
INF 2026-08-03T17:29:29.294Z > 200 GET /api/v1/ 2530.0ms
INF 2026-08-03T17:29:29.295Z > 200 GET /api/v1/ 1869.82ms
INF 2026-08-03T17:29:29.295Z > 200 GET /api/v1/ 1870.35ms
INF 2026-08-03T17:29:29.298Z > 200 GET /api/v1/ 1743.69ms
INF 2026-08-03T17:29:29.298Z > 200 GET /api/v1/ 1138.19ms
INF 2026-08-03T17:29:29.333Z > 200 GET /api/v1/ 1173.38ms
INF 2026-08-03T17:29:29.334Z > 200 GET /api/v1/ 785.18ms
INF 2026-08-03T17:29:29.341Z > 200 GET /api/v1/ 1916.02ms
INF 2026-08-03T17:29:29.341Z > 200 GET /api/v1/ 1872.64ms
INF 2026-08-03T17:29:29.342Z > 200 GET /api/v1/ 1424.51ms
INF 2026-08-03T17:29:29.343Z > 200 GET /api/v1/ 611.48ms
INF 2026-08-03T17:29:29.343Z > 200 GET /api/v1/ 1931.46ms
INF 2026-08-03T17:29:29.344Z > 200 GET /api/v1/ 1535.77ms
INF 2026-08-03T17:29:29.344Z > 200 GET /api/v1/ 789.37ms
INF 2026-08-03T17:29:29.345Z > 200 GET /api/v1/ 613.78ms
INF 2026-08-03T17:29:29.347Z > 200 GET /api/v1/ 1832.85ms
INF 2026-08-03T17:29:29.349Z > 200 GET /api/v1/ 1542.13ms
INF 2026-08-03T17:29:29.349Z > 200 GET /api/v1/ 1541.83ms
INF 2026-08-03T17:29:29.351Z > 200 GET /api/v1/ 723.68ms
INF 2026-08-03T17:29:29.352Z > 200 GET /api/v1/ 1460.68ms
INF 2026-08-03T17:29:29.352Z > 200 GET /api/v1/ 2056.85ms
INF 2026-08-03T17:29:29.354Z > 200 GET /api/v1/ 1193.83ms
INF 2026-08-03T17:29:29.354Z > 200 GET /api/v1/ 640.95ms
INF 2026-08-03T17:29:29.357Z > 200 GET /api/v1/ 1932.12ms
INF 2026-08-03T17:29:29.396Z > 200 GET /api/v1/ 1354.47ms
INF 2026-08-03T17:29:29.397Z > 200 GET /api/v1/ 1044.66ms
INF 2026-08-03T17:29:29.398Z > 200 GET /api/v1/ 1289.02ms
INF 2026-08-03T17:29:29.403Z > 200 GET /api/v1/ 2548.33ms
INF 2026-08-03T17:29:29.403Z > 200 GET /api/v1/ 2044.99ms
INF 2026-08-03T17:29:29.404Z > 200 GET /api/v1/ 690.25ms
INF 2026-08-03T17:29:29.404Z > 200 GET /api/v1/ 1935.36ms
INF 2026-08-03T17:29:29.405Z > 200 GET /api/v1/ 1208.66ms
INF 2026-08-03T17:29:29.405Z > 200 GET /api/v1/ 1363.04ms
INF 2026-08-03T17:29:29.406Z > 200 GET /api/v1/ 1473.1ms
INF 2026-08-03T17:29:29.407Z > 200 GET /api/v1/ 1364.69ms
INF 2026-08-03T17:29:29.408Z > 200 GET /api/v1/ 1365.62ms
INF 2026-08-03T17:29:29.409Z > 200 GET /api/v1/ 1600.86ms
INF 2026-08-03T17:29:29.411Z > 200 GET /api/v1/ 1942.7ms
INF 2026-08-03T17:29:29.445Z > 200 GET /api/v1/ 1554.5ms
INF 2026-08-03T17:29:29.446Z > 200 GET /api/v1/ 2083.4ms
INF 2026-08-03T17:29:29.447Z > 200 GET /api/v1/ 1931.65ms
INF 2026-08-03T17:29:29.447Z > 200 GET /api/v1/ 892.19ms
INF 2026-08-03T17:29:29.448Z > 200 GET /api/v1/ 1405.96ms
INF 2026-08-03T17:29:29.449Z > 200 GET /api/v1/ 1406.59ms
INF 2026-08-03T17:29:29.449Z > 200 GET /api/v1/ 1641.42ms
INF 2026-08-03T17:29:29.450Z > 200 GET /api/v1/ 1407.86ms
INF 2026-08-03T17:29:29.450Z > 200 GET /api/v1/ 1289.59ms
INF 2026-08-03T17:29:29.450Z > 200 GET /api/v1/ 1289.94ms
INF 2026-08-03T17:29:29.451Z > 200 GET /api/v1/ 1409.07ms
INF 2026-08-03T17:29:29.452Z > 200 GET /api/v1/ 1013.47ms
INF 2026-08-03T17:29:29.452Z > 200 GET /api/v1/ 1343.28ms
INF 2026-08-03T17:29:29.468Z > 200 GET /api/v1/ 1307.41ms
INF 2026-08-03T17:29:29.468Z > 200 GET /api/v1/ 1405.04ms
INF 2026-08-03T17:29:29.469Z > 200 GET /api/v1/ 127.21ms
INF 2026-08-03T17:29:29.469Z > 200 GET /api/v1/ 1308.75ms
INF 2026-08-03T17:29:29.470Z > 200 GET /api/v1/ 1953.96ms
INF 2026-08-03T17:29:29.471Z > 200 GET /api/v1/ 674.14ms
INF 2026-08-03T17:29:29.471Z > 200 GET /api/v1/ 1366.88ms
INF 2026-08-03T17:29:29.474Z > 200 GET /api/v1/ 121.26ms
INF 2026-08-03T17:29:29.475Z > 200 GET /api/v1/ 1314.78ms
INF 2026-08-03T17:29:29.489Z > 200 GET /api/v1/ 982.28ms
INF 2026-08-03T17:29:29.489Z > 200 GET /api/v1/ 1328.93ms
INF 2026-08-03T17:29:29.490Z > 200 GET /api/v1/ 1682.17ms
INF 2026-08-03T17:29:29.582Z > 200 GET /api/v1/ 176.59ms
INF 2026-08-03T17:29:29.588Z > 200 GET /api/v1/ 116.88ms
INF 2026-08-03T17:29:29.592Z > 200 GET /api/v1/ 611.43ms
INF 2026-08-03T17:29:29.605Z > 200 GET /api/v1/ 430.59ms
INF 2026-08-03T17:29:29.610Z > 200 GET /api/v1/ 615.05ms
INF 2026-08-03T17:29:29.615Z > 200 GET /api/v1/ 620.51ms
INF 2026-08-03T17:29:29.619Z > 200 GET /api/v1/ 477.33ms
INF 2026-08-03T17:29:29.622Z > 200 GET /api/v1/ 628.0ms
INF 2026-08-03T17:29:29.624Z > 200 GET /api/v1/ 356.97ms
INF 2026-08-03T17:29:29.626Z > 200 GET /api/v1/ 631.41ms
INF 2026-08-03T17:29:29.627Z > 200 GET /api/v1/ 646.65ms
INF 2026-08-03T17:29:29.632Z > 200 GET /api/v1/ 365.29ms
INF 2026-08-03T17:29:29.636Z > 200 GET /api/v1/ 369.29ms
INF 2026-08-03T17:29:29.639Z > 200 GET /api/v1/ 372.5ms
INF 2026-08-03T17:29:29.642Z > 200 GET /api/v1/ 9.68ms
INF 2026-08-03T17:29:29.656Z > 200 GET /api/v1/ 7.66ms
INF 2026-08-03T17:29:29.663Z > 200 GET /api/v1/ 6.63ms
INF 2026-08-03T17:29:29.671Z > 200 GET /api/v1/ 6.87ms
INF 2026-08-03T17:29:29.679Z > 200 GET /api/v1/ 6.72ms
INF 2026-08-03T17:29:29.687Z > 200 GET /api/v1/ 6.8ms
INF 2026-08-03T17:29:29.703Z > 200 GET /api/v1/ 6.72ms
INF 2026-08-03T17:29:29.711Z > 200 GET /api/v1/ 6.37ms
INF 2026-08-03T17:29:29.720Z > 200 GET /api/v1/ 7.56ms
INF 2026-08-03T17:29:29.727Z > 200 GET /api/v1/ 6.3ms
INF 2026-08-03T17:29:29.741Z > 200 GET /api/v1/ 12.0ms
INF 2026-08-03T17:29:29.752Z > 200 GET /api/v1/ 7.29ms
INF 2026-08-03T17:29:29.759Z > 200 GET /api/v1/ 6.28ms
INF 2026-08-03T17:29:29.761Z > 200 GET /api/v1/ 421.4ms
INF 2026-08-03T17:29:29.764Z > 200 GET /api/v1/ 423.99ms
INF 2026-08-03T17:29:29.767Z > 200 GET /api/v1/ 366.59ms
INF 2026-08-03T17:29:29.769Z > 200 GET /api/v1/ 427.59ms
INF 2026-08-03T17:29:29.770Z > 200 GET /api/v1/ 369.07ms
INF 2026-08-03T17:29:29.778Z > 200 GET /api/v1/ 510.48ms
INF 2026-08-03T17:29:29.790Z > 200 GET /api/v1/ 5.81ms
INF 2026-08-03T17:29:29.799Z > 200 GET /api/v1/ 6.54ms
INF 2026-08-03T17:29:29.809Z > 200 GET /api/v1/ 8.92ms
INF 2026-08-03T17:29:29.821Z > 200 GET /api/v1/ 8.29ms
INF 2026-08-03T17:29:29.827Z > 200 GET /api/v1/ 6.52ms
INF 2026-08-03T17:29:29.831Z > 200 GET /api/v1/ 564.19ms
INF 2026-08-03T17:29:29.839Z > 200 GET /api/v1/ 6.08ms
INF 2026-08-03T17:29:29.846Z > 200 GET /api/v1/ 5.93ms
INF 2026-08-03T17:29:29.859Z > 200 GET /api/v1/ 5.88ms
INF 2026-08-03T17:29:29.934Z > 200 GET /api/v1/ 69.08ms
ERR 2026-08-03T17:29:29.973Z > Error while writing data to the client
| Error while writing data to the client (HTTP::Server::ClientError)
|   from /home/uchiha/playground/crystal/src/http/server/response.cr:266:9 in 'unbuffered_write'
|   from /home/uchiha/playground/crystal/src/io/buffered.cr:163:14 in 'write'
|   from /home/uchiha/playground/crystal/src/http/server/response.cr:107:7 in 'write'
|   from /home/uchiha/playground/crystal/src/io.cr:488:7 in 'write_string'
|   from lib/kemal/src/kemal/ext/context.cr:21:19 in 'call'
|   from lib/kemal/src/kemal/websocket_handler.cr:13:14 in 'call'
|   from /home/uchiha/playground/crystal/src/http/server/handler.cr:30:7 in 'call_next'
|   from lib/kemal/src/kemal/filter_handler.cr:46:7 in 'call'
|   from /home/uchiha/playground/crystal/src/http/server/handler.cr:30:7 in 'call_next'
|   from src/middlewares/web_api_auth_middleware.cr:8:12 in 'call'
|   from /home/uchiha/playground/crystal/src/http/server/handler.cr:30:7 in 'call_next'
|   from src/middlewares/admin_api_auth_middleware.cr:7:12 in 'call'
|   from /home/uchiha/playground/crystal/src/http/server/handler.cr:30:7 in 'call_next'
|   from /home/uchiha/playground/crystal/src/http/server/handlers/static_file_handler.cr:60:12 in 'call'
|   from /home/uchiha/playground/crystal/src/http/server/handler.cr:30:7 in 'call'
|   from /home/uchiha/playground/crystal/src/http/server/handler.cr:30:7 in 'call'
|   from /home/uchiha/playground/crystal/src/http/server/handler.cr:30:7 in 'call'
|   from /home/uchiha/playground/crystal/src/http/server/handler.cr:30:7 in 'call'
|   from /home/uchiha/playground/crystal/src/http/server/request_processor.cr:58:11 in 'process'
|   from /home/uchiha/playground/crystal/src/http/server.cr:506:5 in '->'
|   from /home/uchiha/playground/crystal/src/fiber.cr:168:11 in 'run'
|   from /home/uchiha/playground/crystal/src/fiber.cr:103:3 in '->'
|   from ???
| Caused by: write (#<TCPSocket:0x7b3082183fa8>): Broken pipe (IO::Error)
|   from /home/uchiha/playground/crystal/src/io/buffered.cr:163:14 in 'write'
|   from /home/uchiha/playground/crystal/src/http/server/response.cr:282:11 in 'unbuffered_write'
|   from /home/uchiha/playground/crystal/src/io/buffered.cr:163:14 in 'write'
|   from /home/uchiha/playground/crystal/src/http/server/response.cr:107:7 in 'write'
|   from /home/uchiha/playground/crystal/src/io.cr:488:7 in 'write_string'
|   from lib/kemal/src/kemal/ext/context.cr:21:19 in 'call'
|   from lib/kemal/src/kemal/websocket_handler.cr:13:14 in 'call'
|   from /home/uchiha/playground/crystal/src/http/server/handler.cr:30:7 in 'call_next'
|   from lib/kemal/src/kemal/filter_handler.cr:46:7 in 'call'
|   from /home/uchiha/playground/crystal/src/http/server/handler.cr:30:7 in 'call_next'
|   from src/middlewares/web_api_auth_middleware.cr:8:12 in 'call'
|   from /home/uchiha/playground/crystal/src/http/server/handler.cr:30:7 in 'call_next'
|   from src/middlewares/admin_api_auth_middleware.cr:7:12 in 'call'
|   from /home/uchiha/playground/crystal/src/http/server/handler.cr:30:7 in 'call_next'
|   from /home/uchiha/playground/crystal/src/http/server/handlers/static_file_handler.cr:60:12 in 'call'
|   from /home/uchiha/playground/crystal/src/http/server/handler.cr:30:7 in 'call'
|   from /home/uchiha/playground/crystal/src/http/server/handler.cr:30:7 in 'call'
|   from /home/uchiha/playground/crystal/src/http/server/handler.cr:30:7 in 'call'
|   from /home/uchiha/playground/crystal/src/http/server/handler.cr:30:7 in 'call'
|   from /home/uchiha/playground/crystal/src/http/server/request_processor.cr:58:11 in 'process'
|   from /home/uchiha/playground/crystal/src/http/server.cr:506:5 in '->'
|   from /home/uchiha/playground/crystal/src/fiber.cr:168:11 in 'run'
|   from /home/uchiha/playground/crystal/src/fiber.cr:103:3 in '->'
|   from ???
ERR 2026-08-03T17:29:29.973Z > Unhandled exception on HTTP::Handler
| Closed stream (IO::Error)
|   from /home/uchiha/playground/crystal/src/http/server/response.cr:215:15 in 'render_500'
|   from lib/kemal/src/kemal/exception_handler.cr:34:7 in 'call'
|   from /home/uchiha/playground/crystal/src/http/server/handler.cr:30:7 in 'call'
|   from /home/uchiha/playground/crystal/src/http/server/handler.cr:30:7 in 'call'
|   from /home/uchiha/playground/crystal/src/http/server/handler.cr:30:7 in 'call'
|   from /home/uchiha/playground/crystal/src/http/server/request_processor.cr:58:11 in 'process'
|   from /home/uchiha/playground/crystal/src/http/server.cr:506:5 in '->'
|   from /home/uchiha/playground/crystal/src/fiber.cr:168:11 in 'run'
|   from /home/uchiha/playground/crystal/src/fiber.cr:103:3 in '->'
|   from ???
ERR 2026-08-03T17:29:30.087Z > Error while writing data to the client
| Error while writing data to the client (HTTP::Server::ClientError)
|   from /home/uchiha/playground/crystal/src/http/server/response.cr:266:9 in 'unbuffered_write'
|   from /home/uchiha/playground/crystal/src/io/buffered.cr:163:14 in 'write'
|   from /home/uchiha/playground/crystal/src/http/server/response.cr:107:7 in 'write'
|   from /home/uchiha/playground/crystal/src/io.cr:488:7 in 'write_string'
|   from lib/kemal/src/kemal/ext/context.cr:21:19 in 'call'
|   from lib/kemal/src/kemal/websocket_handler.cr:13:14 in 'call'
|   from /home/uchiha/playground/crystal/src/http/server/handler.cr:30:7 in 'call_next'
|   from lib/kemal/src/kemal/filter_handler.cr:46:7 in 'call'
|   from /home/uchiha/playground/crystal/src/http/server/handler.cr:30:7 in 'call_next'
|   from src/middlewares/web_api_auth_middleware.cr:8:12 in 'call'
|   from /home/uchiha/playground/crystal/src/http/server/handler.cr:30:7 in 'call_next'
|   from src/middlewares/admin_api_auth_middleware.cr:7:12 in 'call'
|   from /home/uchiha/playground/crystal/src/http/server/handler.cr:30:7 in 'call_next'
|   from /home/uchiha/playground/crystal/src/http/server/handlers/static_file_handler.cr:60:12 in 'call'
|   from /home/uchiha/playground/crystal/src/http/server/handler.cr:30:7 in 'call'
|   from /home/uchiha/playground/crystal/src/http/server/handler.cr:30:7 in 'call'
|   from /home/uchiha/playground/crystal/src/http/server/handler.cr:30:7 in 'call'
|   from /home/uchiha/playground/crystal/src/http/server/handler.cr:30:7 in 'call'
|   from /home/uchiha/playground/crystal/src/http/server/request_processor.cr:58:11 in 'process'
|   from /home/uchiha/playground/crystal/src/http/server.cr:506:5 in '->'
|   from /home/uchiha/playground/crystal/src/fiber.cr:168:11 in 'run'
|   from /home/uchiha/playground/crystal/src/fiber.cr:103:3 in '->'
|   from ???
| Caused by: write (#<TCPSocket:0x7b30821869a8>): Broken pipe (IO::Error)
|   from /home/uchiha/playground/crystal/src/io/buffered.cr:163:14 in 'write'
|   from /home/uchiha/playground/crystal/src/http/server/response.cr:282:11 in 'unbuffered_write'
|   from /home/uchiha/playground/crystal/src/io/buffered.cr:163:14 in 'write'
|   from /home/uchiha/playground/crystal/src/http/server/response.cr:107:7 in 'write'
|   from /home/uchiha/playground/crystal/src/io.cr:488:7 in 'write_string'
|   from lib/kemal/src/kemal/ext/context.cr:21:19 in 'call'
|   from lib/kemal/src/kemal/websocket_handler.cr:13:14 in 'call'
|   from /home/uchiha/playground/crystal/src/http/server/handler.cr:30:7 in 'call_next'
|   from lib/kemal/src/kemal/filter_handler.cr:46:7 in 'call'
|   from /home/uchiha/playground/crystal/src/http/server/handler.cr:30:7 in 'call_next'
|   from src/middlewares/web_api_auth_middleware.cr:8:12 in 'call'
|   from /home/uchiha/playground/crystal/src/http/server/handler.cr:30:7 in 'call_next'
|   from src/middlewares/admin_api_auth_middleware.cr:7:12 in 'call'
|   from /home/uchiha/playground/crystal/src/http/server/handler.cr:30:7 in 'call_next'
|   from /home/uchiha/playground/crystal/src/http/server/handlers/static_file_handler.cr:60:12 in 'call'
|   from /home/uchiha/playground/crystal/src/http/server/handler.cr:30:7 in 'call'
|   from /home/uchiha/playground/crystal/src/http/server/handler.cr:30:7 in 'call'
|   from /home/uchiha/playground/crystal/src/http/server/handler.cr:30:7 in 'call'
|   from /home/uchiha/playground/crystal/src/http/server/handler.cr:30:7 in 'call'
|   from /home/uchiha/playground/crystal/src/http/server/request_processor.cr:58:11 in 'process'
|   from /home/uchiha/playground/crystal/src/http/server.cr:506:5 in '->'
|   from /home/uchiha/playground/crystal/src/fiber.cr:168:11 in 'run'
|   from /home/uchiha/playground/crystal/src/fiber.cr:103:3 in '->'
|   from ???
ERR 2026-08-03T17:29:30.087Z > Unhandled exception on HTTP::Handler
| Closed stream (IO::Error)
|   from /home/uchiha/playground/crystal/src/http/server/response.cr:215:15 in 'render_500'
|   from lib/kemal/src/kemal/exception_handler.cr:34:7 in 'call'
|   from /home/uchiha/playground/crystal/src/http/server/handler.cr:30:7 in 'call'
|   from /home/uchiha/playground/crystal/src/http/server/handler.cr:30:7 in 'call'
|   from /home/uchiha/playground/crystal/src/http/server/handler.cr:30:7 in 'call'
|   from /home/uchiha/playground/crystal/src/http/server/request_processor.cr:58:11 in 'process'
|   from /home/uchiha/playground/crystal/src/http/server.cr:506:5 in '->'
|   from /home/uchiha/playground/crystal/src/fiber.cr:168:11 in 'run'
|   from /home/uchiha/playground/crystal/src/fiber.cr:103:3 in '->'
|   from ???
ERR 2026-08-03T17:29:30.092Z > Error while writing data to the client
| Error while writing data to the client (HTTP::Server::ClientError)
|   from /home/uchiha/playground/crystal/src/http/server/response.cr:266:9 in 'unbuffered_write'
|   from /home/uchiha/playground/crystal/src/io/buffered.cr:163:14 in 'write'
|   from /home/uchiha/playground/crystal/src/http/server/response.cr:107:7 in 'write'
|   from /home/uchiha/playground/crystal/src/io.cr:488:7 in 'write_string'
|   from lib/kemal/src/kemal/ext/context.cr:21:19 in 'call'
|   from lib/kemal/src/kemal/websocket_handler.cr:13:14 in 'call'
|   from /home/uchiha/playground/crystal/src/http/server/handler.cr:30:7 in 'call_next'
|   from lib/kemal/src/kemal/filter_handler.cr:46:7 in 'call'
|   from /home/uchiha/playground/crystal/src/http/server/handler.cr:30:7 in 'call_next'
|   from src/middlewares/web_api_auth_middleware.cr:8:12 in 'call'
|   from /home/uchiha/playground/crystal/src/http/server/handler.cr:30:7 in 'call_next'
|   from src/middlewares/admin_api_auth_middleware.cr:7:12 in 'call'
|   from /home/uchiha/playground/crystal/src/http/server/handler.cr:30:7 in 'call_next'
|   from /home/uchiha/playground/crystal/src/http/server/handlers/static_file_handler.cr:60:12 in 'call'
|   from /home/uchiha/playground/crystal/src/http/server/handler.cr:30:7 in 'call'
|   from /home/uchiha/playground/crystal/src/http/server/handler.cr:30:7 in 'call'
|   from /home/uchiha/playground/crystal/src/http/server/handler.cr:30:7 in 'call'
|   from /home/uchiha/playground/crystal/src/http/server/handler.cr:30:7 in 'call'
|   from /home/uchiha/playground/crystal/src/http/server/request_processor.cr:58:11 in 'process'
|   from /home/uchiha/playground/crystal/src/http/server.cr:506:5 in '->'
|   from /home/uchiha/playground/crystal/src/fiber.cr:168:11 in 'run'
|   from /home/uchiha/playground/crystal/src/fiber.cr:103:3 in '->'
|   from ???
| Caused by: write (#<TCPSocket:0x7b3082182d48>): Broken pipe (IO::Error)
|   from /home/uchiha/playground/crystal/src/io/buffered.cr:163:14 in 'write'
|   from /home/uchiha/playground/crystal/src/http/server/response.cr:282:11 in 'unbuffered_write'
|   from /home/uchiha/playground/crystal/src/io/buffered.cr:163:14 in 'write'
|   from /home/uchiha/playground/crystal/src/http/server/response.cr:107:7 in 'write'
|   from /home/uchiha/playground/crystal/src/io.cr:488:7 in 'write_string'
|   from lib/kemal/src/kemal/ext/context.cr:21:19 in 'call'
|   from lib/kemal/src/kemal/websocket_handler.cr:13:14 in 'call'
|   from /home/uchiha/playground/crystal/src/http/server/handler.cr:30:7 in 'call_next'
|   from lib/kemal/src/kemal/filter_handler.cr:46:7 in 'call'
|   from /home/uchiha/playground/crystal/src/http/server/handler.cr:30:7 in 'call_next'
|   from src/middlewares/web_api_auth_middleware.cr:8:12 in 'call'
|   from /home/uchiha/playground/crystal/src/http/server/handler.cr:30:7 in 'call_next'
|   from src/middlewares/admin_api_auth_middleware.cr:7:12 in 'call'
|   from /home/uchiha/playground/crystal/src/http/server/handler.cr:30:7 in 'call_next'
|   from /home/uchiha/playground/crystal/src/http/server/handlers/static_file_handler.cr:60:12 in 'call'
|   from /home/uchiha/playground/crystal/src/http/server/handler.cr:30:7 in 'call'
|   from /home/uchiha/playground/crystal/src/http/server/handler.cr:30:7 in 'call'
|   from /home/uchiha/playground/crystal/src/http/server/handler.cr:30:7 in 'call'
|   from /home/uchiha/playground/crystal/src/http/server/handler.cr:30:7 in 'call'
|   from /home/uchiha/playground/crystal/src/http/server/request_processor.cr:58:11 in 'process'
|   from /home/uchiha/playground/crystal/src/http/server.cr:506:5 in '->'
|   from /home/uchiha/playground/crystal/src/fiber.cr:168:11 in 'run'
|   from /home/uchiha/playground/crystal/src/fiber.cr:103:3 in '->'
|   from ???
ERR 2026-08-03T17:29:30.092Z > Unhandled exception on HTTP::Handler
| Closed stream (IO::Error)
|   from /home/uchiha/playground/crystal/src/http/server/response.cr:215:15 in 'render_500'
|   from lib/kemal/src/kemal/exception_handler.cr:34:7 in 'call'
|   from /home/uchiha/playground/crystal/src/http/server/handler.cr:30:7 in 'call'
|   from /home/uchiha/playground/crystal/src/http/server/handler.cr:30:7 in 'call'
|   from /home/uchiha/playground/crystal/src/http/server/handler.cr:30:7 in 'call'
|   from /home/uchiha/playground/crystal/src/http/server/request_processor.cr:58:11 in 'process'
|   from /home/uchiha/playground/crystal/src/http/server.cr:506:5 in '->'
|   from /home/uchiha/playground/crystal/src/fiber.cr:168:11 in 'run'
|   from /home/uchiha/playground/crystal/src/fiber.cr:103:3 in '->'
|   from ???
ERR 2026-08-03T17:29:30.096Z > Error while writing data to the client
| Error while writing data to the client (HTTP::Server::ClientError)
|   from /home/uchiha/playground/crystal/src/http/server/response.cr:266:9 in 'unbuffered_write'
|   from /home/uchiha/playground/crystal/src/io/buffered.cr:163:14 in 'write'
|   from /home/uchiha/playground/crystal/src/http/server/response.cr:107:7 in 'write'
|   from /home/uchiha/playground/crystal/src/io.cr:488:7 in 'write_string'
|   from lib/kemal/src/kemal/ext/context.cr:21:19 in 'call'
|   from lib/kemal/src/kemal/websocket_handler.cr:13:14 in 'call'
|   from /home/uchiha/playground/crystal/src/http/server/handler.cr:30:7 in 'call_next'
|   from lib/kemal/src/kemal/filter_handler.cr:46:7 in 'call'
|   from /home/uchiha/playground/crystal/src/http/server/handler.cr:30:7 in 'call_next'
|   from src/middlewares/web_api_auth_middleware.cr:8:12 in 'call'
|   from /home/uchiha/playground/crystal/src/http/server/handler.cr:30:7 in 'call_next'
|   from src/middlewares/admin_api_auth_middleware.cr:7:12 in 'call'
|   from /home/uchiha/playground/crystal/src/http/server/handler.cr:30:7 in 'call_next'
|   from /home/uchiha/playground/crystal/src/http/server/handlers/static_file_handler.cr:60:12 in 'call'
|   from /home/uchiha/playground/crystal/src/http/server/handler.cr:30:7 in 'call'
|   from /home/uchiha/playground/crystal/src/http/server/handler.cr:30:7 in 'call'
|   from /home/uchiha/playground/crystal/src/http/server/handler.cr:30:7 in 'call'
|   from /home/uchiha/playground/crystal/src/http/server/handler.cr:30:7 in 'call'
|   from /home/uchiha/playground/crystal/src/http/server/request_processor.cr:58:11 in 'process'
|   from /home/uchiha/playground/crystal/src/http/server.cr:506:5 in '->'
|   from /home/uchiha/playground/crystal/src/fiber.cr:168:11 in 'run'
|   from /home/uchiha/playground/crystal/src/fiber.cr:103:3 in '->'
|   from ???
| Caused by: write (#<TCPSocket:0x7b3082188148>): Broken pipe (IO::Error)
|   from /home/uchiha/playground/crystal/src/io/buffered.cr:163:14 in 'write'
|   from /home/uchiha/playground/crystal/src/http/server/response.cr:282:11 in 'unbuffered_write'
|   from /home/uchiha/playground/crystal/src/io/buffered.cr:163:14 in 'write'
|   from /home/uchiha/playground/crystal/src/http/server/response.cr:107:7 in 'write'
|   from /home/uchiha/playground/crystal/src/io.cr:488:7 in 'write_string'
|   from lib/kemal/src/kemal/ext/context.cr:21:19 in 'call'
|   from lib/kemal/src/kemal/websocket_handler.cr:13:14 in 'call'
|   from /home/uchiha/playground/crystal/src/http/server/handler.cr:30:7 in 'call_next'
|   from lib/kemal/src/kemal/filter_handler.cr:46:7 in 'call'
|   from /home/uchiha/playground/crystal/src/http/server/handler.cr:30:7 in 'call_next'
|   from src/middlewares/web_api_auth_middleware.cr:8:12 in 'call'
|   from /home/uchiha/playground/crystal/src/http/server/handler.cr:30:7 in 'call_next'
|   from src/middlewares/admin_api_auth_middleware.cr:7:12 in 'call'
|   from /home/uchiha/playground/crystal/src/http/server/handler.cr:30:7 in 'call_next'
|   from /home/uchiha/playground/crystal/src/http/server/handlers/static_file_handler.cr:60:12 in 'call'
|   from /home/uchiha/playground/crystal/src/http/server/handler.cr:30:7 in 'call'
|   from /home/uchiha/playground/crystal/src/http/server/handler.cr:30:7 in 'call'
|   from /home/uchiha/playground/crystal/src/http/server/handler.cr:30:7 in 'call'
|   from /home/uchiha/playground/crystal/src/http/server/handler.cr:30:7 in 'call'
|   from /home/uchiha/playground/crystal/src/http/server/request_processor.cr:58:11 in 'process'
|   from /home/uchiha/playground/crystal/src/http/server.cr:506:5 in '->'
|   from /home/uchiha/playground/crystal/src/fiber.cr:168:11 in 'run'
|   from /home/uchiha/playground/crystal/src/fiber.cr:103:3 in '->'
|   from ???
ERR 2026-08-03T17:29:30.096Z > Unhandled exception on HTTP::Handler
| Closed stream (IO::Error)
|   from /home/uchiha/playground/crystal/src/http/server/response.cr:215:15 in 'render_500'
|   from lib/kemal/src/kemal/exception_handler.cr:34:7 in 'call'
|   from /home/uchiha/playground/crystal/src/http/server/handler.cr:30:7 in 'call'
|   from /home/uchiha/playground/crystal/src/http/server/handler.cr:30:7 in 'call'
|   from /home/uchiha/playground/crystal/src/http/server/handler.cr:30:7 in 'call'
|   from /home/uchiha/playground/crystal/src/http/server/request_processor.cr:58:11 in 'process'
|   from /home/uchiha/playground/crystal/src/http/server.cr:506:5 in '->'
|   from /home/uchiha/playground/crystal/src/fiber.cr:168:11 in 'run'
|   from /home/uchiha/playground/crystal/src/fiber.cr:103:3 in '->'
|   from ???
ERR 2026-08-03T17:29:30.097Z > Error while writing data to the client
| Error while writing data to the client (HTTP::Server::ClientError)
|   from /home/uchiha/playground/crystal/src/http/server/response.cr:266:9 in 'unbuffered_write'
|   from /home/uchiha/playground/crystal/src/io/buffered.cr:163:14 in 'write'
|   from /home/uchiha/playground/crystal/src/http/server/response.cr:107:7 in 'write'
|   from /home/uchiha/playground/crystal/src/io.cr:488:7 in 'write_string'
|   from lib/kemal/src/kemal/ext/context.cr:21:19 in 'call'
|   from lib/kemal/src/kemal/websocket_handler.cr:13:14 in 'call'
|   from /home/uchiha/playground/crystal/src/http/server/handler.cr:30:7 in 'call_next'
|   from lib/kemal/src/kemal/filter_handler.cr:46:7 in 'call'
|   from /home/uchiha/playground/crystal/src/http/server/handler.cr:30:7 in 'call_next'
|   from src/middlewares/web_api_auth_middleware.cr:8:12 in 'call'
|   from /home/uchiha/playground/crystal/src/http/server/handler.cr:30:7 in 'call_next'
|   from src/middlewares/admin_api_auth_middleware.cr:7:12 in 'call'
|   from /home/uchiha/playground/crystal/src/http/server/handler.cr:30:7 in 'call_next'
|   from /home/uchiha/playground/crystal/src/http/server/handlers/static_file_handler.cr:60:12 in 'call'
|   from /home/uchiha/playground/crystal/src/http/server/handler.cr:30:7 in 'call'
|   from /home/uchiha/playground/crystal/src/http/server/handler.cr:30:7 in 'call'
|   from /home/uchiha/playground/crystal/src/http/server/handler.cr:30:7 in 'call'
|   from /home/uchiha/playground/crystal/src/http/server/handler.cr:30:7 in 'call'
|   from /home/uchiha/playground/crystal/src/http/server/request_processor.cr:58:11 in 'process'
|   from /home/uchiha/playground/crystal/src/http/server.cr:506:5 in '->'
|   from /home/uchiha/playground/crystal/src/fiber.cr:168:11 in 'run'
|   from /home/uchiha/playground/crystal/src/fiber.cr:103:3 in '->'
|   from ???
| Caused by: write (#<TCPSocket:0x7b3082184b78>): Broken pipe (IO::Error)
|   from /home/uchiha/playground/crystal/src/io/buffered.cr:163:14 in 'write'
|   from /home/uchiha/playground/crystal/src/http/server/response.cr:282:11 in 'unbuffered_write'
|   from /home/uchiha/playground/crystal/src/io/buffered.cr:163:14 in 'write'
|   from /home/uchiha/playground/crystal/src/http/server/response.cr:107:7 in 'write'
|   from /home/uchiha/playground/crystal/src/io.cr:488:7 in 'write_string'
|   from lib/kemal/src/kemal/ext/context.cr:21:19 in 'call'
|   from lib/kemal/src/kemal/websocket_handler.cr:13:14 in 'call'
|   from /home/uchiha/playground/crystal/src/http/server/handler.cr:30:7 in 'call_next'
|   from lib/kemal/src/kemal/filter_handler.cr:46:7 in 'call'
|   from /home/uchiha/playground/crystal/src/http/server/handler.cr:30:7 in 'call_next'
|   from src/middlewares/web_api_auth_middleware.cr:8:12 in 'call'
|   from /home/uchiha/playground/crystal/src/http/server/handler.cr:30:7 in 'call_next'
|   from src/middlewares/admin_api_auth_middleware.cr:7:12 in 'call'
|   from /home/uchiha/playground/crystal/src/http/server/handler.cr:30:7 in 'call_next'
|   from /home/uchiha/playground/crystal/src/http/server/handlers/static_file_handler.cr:60:12 in 'call'
|   from /home/uchiha/playground/crystal/src/http/server/handler.cr:30:7 in 'call'
|   from /home/uchiha/playground/crystal/src/http/server/handler.cr:30:7 in 'call'
|   from /home/uchiha/playground/crystal/src/http/server/handler.cr:30:7 in 'call'
|   from /home/uchiha/playground/crystal/src/http/server/handler.cr:30:7 in 'call'
|   from /home/uchiha/playground/crystal/src/http/server/request_processor.cr:58:11 in 'process'
|   from /home/uchiha/playground/crystal/src/http/server.cr:506:5 in '->'
|   from /home/uchiha/playground/crystal/src/fiber.cr:168:11 in 'run'
|   from /home/uchiha/playground/crystal/src/fiber.cr:103:3 in '->'
|   from ???
ERR 2026-08-03T17:29:30.097Z > Unhandled exception on HTTP::Handler
| Closed stream (IO::Error)
|   from /home/uchiha/playground/crystal/src/http/server/response.cr:215:15 in 'render_500'
|   from lib/kemal/src/kemal/exception_handler.cr:34:7 in 'call'
|   from /home/uchiha/playground/crystal/src/http/server/handler.cr:30:7 in 'call'
|   from /home/uchiha/playground/crystal/src/http/server/handler.cr:30:7 in 'call'
|   from /home/uchiha/playground/crystal/src/http/server/handler.cr:30:7 in 'call'
|   from /home/uchiha/playground/crystal/src/http/server/request_processor.cr:58:11 in 'process'
|   from /home/uchiha/playground/crystal/src/http/server.cr:506:5 in '->'
|   from /home/uchiha/playground/crystal/src/fiber.cr:168:11 in 'run'
|   from /home/uchiha/playground/crystal/src/fiber.cr:103:3 in '->'
|   from ???
INF 2026-08-03T17:29:30.140Z > 200 GET /api/v1/ 668.51ms
INF 2026-08-03T17:29:30.184Z > 200 GET /gc-collect 43.44ms
INF 2026-08-03T17:29:30.231Z > 200 GET /gc-collect 35.91ms
INF 2026-08-03T17:29:30.287Z > 200 GET /gc-live-attr 2.53ms
INF 2026-08-03T17:29:30.294Z > 200 GET /gc-stats 72.3µs
INF 2026-08-03T17:29:30.296Z > Açık Türkiye is going to take a rest!
