=== Session /home/uzumaki/playground/gcry/bench/log/linux/2026-08-05-113313 (COUNT=1 GC=boehm gcry) ===
=== Build mode: release (--release) ===
=== Build kemal binaries (release, GC=boehm gcry) ===
  crystal build flags: --release
I: Resolving dependencies
I: Fetching https://github.com/kemalcr/kemal.git
I: Fetching https://github.com/luislavena/radix.git
I: Fetching https://github.com/crystal-loot/exception_page.git
I: Fetching https://github.com/sija/backtracer.cr.git
I: Using radix (0.4.1)
I: Using backtracer (1.2.4)
I: Using exception_page (0.5.0)
I: Using kemal (1.12.0)
I: Using gcry (0.18.0 at ../..)
  kemal-gcry   kemal-boehm (cached)

══════════════════════════════════════════════
  RUN 1/1  →  /home/uzumaki/playground/gcry/bench/log/linux/2026-08-05-113313/run-01
══════════════════════════════════════════════
  metadata.yaml written (/home/uzumaki/playground/gcry/bench/log/linux/2026-08-05-113313/run-01)

╔══════════════════════════════════════════════╗
║  Kemal median-of-3  (run 1/1)  ║
╚══════════════════════════════════════════════╝
  kemal run=1 trial=1 path=/ tag=boehm ... 69892.50 req/s
  kemal run=1 trial=1 path=/ tag=gcry ... 211978.40 req/s
  kemal run=1 trial=1 path=/json tag=boehm ... 44878.71 req/s
  kemal run=1 trial=1 path=/json tag=gcry ... 108745.10 req/s
  kemal run=1 trial=2 path=/ tag=boehm ... 71112.01 req/s
  kemal run=1 trial=2 path=/ tag=gcry ... 206988.92 req/s
  kemal run=1 trial=2 path=/json tag=boehm ... 44044.61 req/s
  kemal run=1 trial=2 path=/json tag=gcry ... 103129.05 req/s
  kemal run=1 trial=3 path=/ tag=boehm ... 63285.59 req/s
  kemal run=1 trial=3 path=/ tag=gcry ... 205135.14 req/s
  kemal run=1 trial=3 path=/json tag=boehm ... 45315.70 req/s
  kemal run=1 trial=3 path=/json tag=gcry ... 107909.20 req/s
Wrote /home/uzumaki/playground/gcry/bench/log/linux/2026-08-05-113313/run-01/kemal-summary.md
Kemal median-of-3

| Path | Boehm req/s (med) | gcry req/s (med) | % Boehm | Boehm RSS (KiB) | gcry RSS (KiB) | RSS × |
|------|------------------:|-----------------:|-------:|----------------:|---------------:|------:|
| `/` | 69,892 | 206,989 | **296.2%** | 15,616 | 96,768 | **6.20×** |
| `/json` | 44,879 | 107,909 | **240.4%** | 15,092 | 90,100 | **5.97×** |


╔══════════════════════════════════════════════╗
║              ALL DONE                        ║
╚══════════════════════════════════════════════╝
  Build: release (--release)
  GC: boehm gcry
  EC_PARALLELISM: 4
  COUNT: 1
  Session: /home/uzumaki/playground/gcry/bench/log/linux/2026-08-05-113313/
total 4.0K
drwxr-xr-x 2 uzumaki uzumaki 4.0K Aug  5 14:39 run-01
  --- run-01 ---
total 36K
-rw-r--r-- 1 uzumaki uzumaki 3.8K Aug  5 14:34 kemal-gcry-gcstats-_-t1.json
-rw-r--r-- 1 uzumaki uzumaki 3.8K Aug  5 14:36 kemal-gcry-gcstats-_-t2.json
-rw-r--r-- 1 uzumaki uzumaki 3.8K Aug  5 14:38 kemal-gcry-gcstats-_-t3.json
-rw-r--r-- 1 uzumaki uzumaki 3.8K Aug  5 14:35 kemal-gcry-gcstats-_json-t1.json
-rw-r--r-- 1 uzumaki uzumaki 3.8K Aug  5 14:37 kemal-gcry-gcstats-_json-t2.json
-rw-r--r-- 1 uzumaki uzumaki 3.8K Aug  5 14:39 kemal-gcry-gcstats-_json-t3.json
-rw-r--r-- 1 uzumaki uzumaki  351 Aug  5 14:39 kemal-median.tsv
-rw-r--r-- 1 uzumaki uzumaki  368 Aug  5 14:39 kemal-summary.md
-rw-r--r-- 1 uzumaki uzumaki  628 Aug  5 14:33 metadata.yaml
