=== Session /home/uzumaki/playground/gcry/bench/log/linux/2026-08-05-114156 (COUNT=1 GC=boehm gcry) ===
=== Build mode: release (--release) ===
=== GCRY_FLAGS: GCRY_TLAB=1 ===
=== Build kemal binaries (release, GC=boehm gcry) ===
  crystal build flags: --release
I: Resolving dependencies
I: Fetching https://github.com/kemalcr/kemal.git
I: Fetching https://github.com/luislavena/radix.git
I: Fetching https://github.com/crystal-loot/exception_page.git
I: Fetching https://github.com/sija/backtracer.cr.git
I: Using radix (0.4.1)
I: Using backtracer (1.2.4)
I: Using exception_page (0.5.0)
I: Using kemal (1.12.0)
I: Using gcry (0.18.0 at ../..)
  kemal-gcry   kemal-boehm (cached)

══════════════════════════════════════════════
  RUN 1/1  →  /home/uzumaki/playground/gcry/bench/log/linux/2026-08-05-114156/run-01
══════════════════════════════════════════════
  metadata.yaml written (/home/uzumaki/playground/gcry/bench/log/linux/2026-08-05-114156/run-01)

╔══════════════════════════════════════════════╗
║  Kemal median-of-3  (run 1/1)  ║
╚══════════════════════════════════════════════╝
  kemal run=1 trial=1 path=/ tag=boehm ... 64399.95 req/s
  kemal run=1 trial=1 path=/ tag=gcry ... 109437.09 req/s
  kemal run=1 trial=1 path=/json tag=boehm ... 41129.10 req/s
  kemal run=1 trial=1 path=/json tag=gcry ... 47492.61 req/s
  kemal run=1 trial=2 path=/ tag=boehm ... 65601.41 req/s
  kemal run=1 trial=2 path=/ tag=gcry ... 108886.34 req/s
  kemal run=1 trial=2 path=/json tag=boehm ... 44552.80 req/s
  kemal run=1 trial=2 path=/json tag=gcry ... 48328.13 req/s
  kemal run=1 trial=3 path=/ tag=boehm ... 69367.66 req/s
  kemal run=1 trial=3 path=/ tag=gcry ... 109320.03 req/s
  kemal run=1 trial=3 path=/json tag=boehm ... 40311.49 req/s
  kemal run=1 trial=3 path=/json tag=gcry ... 48013.46 req/s
Wrote /home/uzumaki/playground/gcry/bench/log/linux/2026-08-05-114156/run-01/kemal-summary.md
Kemal median-of-3

| Path | Boehm req/s (med) | gcry req/s (med) | % Boehm | Boehm RSS (KiB) | gcry RSS (KiB) | RSS × |
|------|------------------:|-----------------:|-------:|----------------:|---------------:|------:|
| `/` | 65,601 | 109,320 | **166.6%** | 15,088 | 1,716,992 | **113.80×** |
| `/json` | 41,129 | 48,013 | **116.7%** | 15,096 | 1,903,096 | **126.07×** |


╔══════════════════════════════════════════════╗
║              ALL DONE                        ║
╚══════════════════════════════════════════════╝
  Build: release (--release)
  GC: boehm gcry
  GCRY_FLAGS: GCRY_TLAB=1
  EC_PARALLELISM: 4
  COUNT: 1
  Session: /home/uzumaki/playground/gcry/bench/log/linux/2026-08-05-114156/
total 4.0K
drwxr-xr-x 2 uzumaki uzumaki 4.0K Aug  5 14:48 run-01
  --- run-01 ---
total 36K
-rw-r--r-- 1 uzumaki uzumaki 3.8K Aug  5 14:43 kemal-gcry-gcstats-_-t1.json
-rw-r--r-- 1 uzumaki uzumaki 3.8K Aug  5 14:45 kemal-gcry-gcstats-_-t2.json
-rw-r--r-- 1 uzumaki uzumaki 3.8K Aug  5 14:47 kemal-gcry-gcstats-_-t3.json
-rw-r--r-- 1 uzumaki uzumaki 3.8K Aug  5 14:44 kemal-gcry-gcstats-_json-t1.json
-rw-r--r-- 1 uzumaki uzumaki 3.8K Aug  5 14:46 kemal-gcry-gcstats-_json-t2.json
-rw-r--r-- 1 uzumaki uzumaki 3.8K Aug  5 14:48 kemal-gcry-gcstats-_json-t3.json
-rw-r--r-- 1 uzumaki uzumaki  360 Aug  5 14:48 kemal-median.tsv
-rw-r--r-- 1 uzumaki uzumaki  377 Aug  5 14:48 kemal-summary.md
-rw-r--r-- 1 uzumaki uzumaki  639 Aug  5 14:42 metadata.yaml
