 gcry: dying-type audit — block 0xfff4b9adf068 size 192 type_id 173 is unmarked and about to be swept. In a suspended thread's registers: no (of 62 words). Offered by the collecting thread's own stack scan: no. collection 2
 gcry:   0xfff4b9adf068 held at 0xfff47b7fe7b0 in [0xfff47a800000,0xfff47b800000) rw-p anon — no gcry block, no fiber stack, no pooled stack, no thread stack
 gcry:   0xfff4b9adf068 held at 0xfff47b7fe800 in [0xfff47a800000,0xfff47b800000) rw-p anon — no gcry block, no fiber stack, no pooled stack, no thread stack
 gcry:   0xfff4b9adf068 held at 0xfff47b7fe898 in [0xfff47a800000,0xfff47b800000) rw-p anon — no gcry block, no fiber stack, no pooled stack, no thread stack
 gcry:   0xfff4b9adf068 held at 0xfff47b7fe8a0 in [0xfff47a800000,0xfff47b800000) rw-p anon — no gcry block, no fiber stack, no pooled stack, no thread stack
 gcry:   0xfff4b9adf068 held at 0xfff47b7fe8a8 in [0xfff47a800000,0xfff47b800000) rw-p anon — no gcry block, no fiber stack, no pooled stack, no thread stack
 gcry:   0xfff4b9adf068 held at 0xfff47b7ff5c0 in [0xfff47a800000,0xfff47b800000) rw-p anon — no gcry block, no fiber stack, no pooled stack, no thread stack
 gcry: address-space audit (dying watched-type block) — 0xfff4b9adf068 base hits 6, interior hits 0, across 67 regions / 514 MiB (62 skipped, 0 unreadable pages), compared against 96 fibers / 0 pooled stacks / 4 thread bounds, TRUNCATED at the scan limit. collection 2
 gcry: SIGSEGV at 0xdeadfff4b9aa3df8 — gcry's freed-block poison (GCRY_POISON_FREED) is in the faulting context. Something followed a pointer read out of a block that had already been freed: a use-after-free, not a wild pointer
 gcry: the free that wrote it was of the block at 0xfff4b9aa3de8gcry: that block, 0xfff4b9aa3de8, still FREE, size 16, flags 0x81 — freed by the SWEEP, so the collector decided it was garbage
 gcry: holders — looking for words pointing into [0xfff4b9aa3de8, 0xfff4b9aa3df8), the block whose free wrote the poison
 gcry: holders — explicit roots: 0 of 0 point into it — gcry is not rooting it
 gcry: holders — heap: 0 word(s) in 0 live block(s), from 15185 block(s) in 12 chunk(s). current mark gen 4, collections 3
 gcry: holders — stack: fiber 0xfff4b9adeb88 (running) slot 0xfff47b7fc378 holds block+0, stack_top 0xfff47b7fe70c
 gcry: holders — stack: fiber 0xfff4b9adeb88 (running) slot 0xfff47b7fc4b0 holds block+0, stack_top 0xfff47b7fe70c
 gcry: holders — stack: fiber 0xfff4b9adeb88 (running) slot 0xfff47b7fc7c8 holds block+0, stack_top 0xfff47b7fe70c
 gcry: holders — stack: fiber 0xfff4b9adeb88 (running) slot 0xfff47b7fc810 holds block+0, stack_top 0xfff47b7fe70c
 gcry: holders — stack: fiber 0xfff4b9adeb88 (running) slot 0xfff47b7fca98 holds block+0, stack_top 0xfff47b7fe70c
 gcry: holders — stack: fiber 0xfff4b9adeb88 (running) slot 0xfff47b7fcae0 holds block+0, stack_top 0xfff47b7fe70c
 gcry: holders — stack: fiber 0xfff4b9adeb88 (running) slot 0xfff47b7fcdc0 holds block+0, stack_top 0xfff47b7fe70c
 gcry: holders — stack: fiber 0xfff4b9adeb88 (running) slot 0xfff47b7fe7f0 holds block+0, stack_top 0xfff47b7fe70c
 gcry: holders — stacks: 8 word(s) across 103 stack(s)
 Invalid memory access (signal 11) at address 0xdeadfff4b9aa3df8
 [0xab629fddec80] *Exception::CallStack::print_backtrace:Nil +108 in bin/ec_queue_audit
 [0xab629fdc3658] ~procProc(Int32, Pointer(LibC::SiginfoT), Pointer(Void), Nil) +272 in bin/ec_queue_audit
 [0xfff4b9da1938] ?? +281426555181368 in linux-vdso.so.1
 [0xab629fef0d8c] *Fiber::ExecutionContext::ThreadPool#attach<Thread, Fiber::ExecutionContext::Parallel::Scheduler>:Nil +28 in bin/ec_queue_audit
 [0xab629fdbc308] ~procProc(Thread, Nil) +32 in bin/ec_queue_audit
 [0xab629fe9bd48] *Thread#start:(Exception+ | Nil) +168 in bin/ec_queue_audit
 [0xab629fe9e9ec] *Crystal::System::Thread::thread_proc<Pointer(Void)>:Pointer(Void) +52 in bin/ec_queue_audit
 [0xab629fdbbfa0] ~procProc(Pointer(Void), Pointer(Void)) +8 in bin/ec_queue_audit
 [0xfff4b9bf582c] ?? +281426553428012 in /lib/aarch64-linux-gnu/libc.so.6
 [0xfff4b9c5ba0c] ?? +281426553846284 in /lib/aarch64-linux-gnu/libc.so.6
 [0x0] ???
 make: *** [Makefile:400: ec-queue-audit] Error 11
