gcry: GCRY_PRECISE_STACK=2 exclusive — research only; incomplete maps can UAF
gcry: GCRY_PRECISE_FIBERS=1 — parked full scan off; research
INF 2026-08-03T19:48:03.293Z > Connecting to postgresql://REDACTED:REDACTED@172.24.176.1:5432/acikturkiye_demo
| event = db_connect
INF 2026-08-03T19:48:03.424Z > [demo] Açık Türkiye is ready to lead at http://0.0.0.0:3801
INF 2026-08-03T19:48:03.498Z > 200 GET /api/v1/ 26.03ms
INF 2026-08-03T19:48:03.511Z > 200 GET /api/v1/ 10.14ms
INF 2026-08-03T19:48:03.519Z > 200 GET /api/v1/ 7.91ms
INF 2026-08-03T19:48:03.566Z > 200 GET /api/v1/ 64.4ms
INF 2026-08-03T19:48:03.576Z > 200 GET /api/v1/ 8.55ms
INF 2026-08-03T19:48:03.591Z > 200 GET /api/v1/ 89.34ms
INF 2026-08-03T19:48:03.600Z > 200 GET /api/v1/ 8.97ms
INF 2026-08-03T19:48:03.603Z > 200 GET /api/v1/ 101.81ms
INF 2026-08-03T19:48:03.604Z > 200 GET /api/v1/ 102.87ms
INF 2026-08-03T19:48:03.606Z > 200 GET /api/v1/ 104.34ms
INF 2026-08-03T19:48:03.613Z > 200 GET /api/v1/ 8.81ms
INF 2026-08-03T19:48:03.616Z > 200 GET /api/v1/ 10.35ms
INF 2026-08-03T19:48:03.624Z > 200 GET /api/v1/ 7.69ms
INF 2026-08-03T19:48:03.638Z > 200 GET /api/v1/ 136.41ms
INF 2026-08-03T19:48:03.647Z > 200 GET /api/v1/ 8.96ms
INF 2026-08-03T19:48:03.667Z > 200 GET /api/v1/ 10.23ms
INF 2026-08-03T19:48:03.672Z > 200 GET /api/v1/ 170.64ms
INF 2026-08-03T19:48:03.676Z > 200 GET /api/v1/ 173.99ms
INF 2026-08-03T19:48:03.682Z > 200 GET /api/v1/ 9.43ms
INF 2026-08-03T19:48:03.687Z > 200 GET /api/v1/ 186.05ms
INF 2026-08-03T19:48:03.695Z > 200 GET /api/v1/ 7.95ms
INF 2026-08-03T19:48:03.716Z > 200 GET /api/v1/ 6.75ms
INF 2026-08-03T19:48:03.733Z > 200 GET /api/v1/ 7.82ms
INF 2026-08-03T19:48:03.745Z > 200 GET /api/v1/ 8.17ms
INF 2026-08-03T19:48:03.769Z > 200 GET /api/v1/ 12.24ms
INF 2026-08-03T19:48:03.816Z > 200 GET /api/v1/ 43.27ms
INF 2026-08-03T19:48:03.821Z > 200 GET /api/v1/ 317.89ms
INF 2026-08-03T19:48:03.826Z > 200 GET /api/v1/ 324.74ms
INF 2026-08-03T19:48:03.827Z > 200 GET /api/v1/ 324.73ms
INF 2026-08-03T19:48:03.828Z > 200 GET /api/v1/ 324.7ms
INF 2026-08-03T19:48:03.829Z > 200 GET /api/v1/ 8.8ms
INF 2026-08-03T19:48:03.835Z > 200 GET /api/v1/ 7.05ms
INF 2026-08-03T19:48:03.878Z > 200 GET /api/v1/ 375.55ms
INF 2026-08-03T19:48:03.882Z > 200 GET /api/v1/ 379.59ms
INF 2026-08-03T19:48:03.886Z > 200 GET /api/v1/ 7.05ms
INF 2026-08-03T19:48:04.090Z > 200 GET /api/v1/ 233.43ms
INF 2026-08-03T19:48:04.093Z > 200 GET /api/v1/ 8.67ms
INF 2026-08-03T19:48:04.095Z > 200 GET /api/v1/ 588.49ms
INF 2026-08-03T19:48:04.097Z > 200 GET /api/v1/ 590.65ms
INF 2026-08-03T19:48:04.099Z > 200 GET /api/v1/ 593.44ms
INF 2026-08-03T19:48:04.105Z > 200 GET /api/v1/ 598.54ms
INF 2026-08-03T19:48:04.106Z > 200 GET /api/v1/ 600.11ms
INF 2026-08-03T19:48:04.110Z > 200 GET /api/v1/ 10.86ms
INF 2026-08-03T19:48:04.114Z > 200 GET /api/v1/ 7.98ms
INF 2026-08-03T19:48:04.144Z > 200 GET /api/v1/ 7.11ms
INF 2026-08-03T19:48:04.161Z > 200 GET /api/v1/ 8.11ms
INF 2026-08-03T19:48:04.169Z > 200 GET /api/v1/ 7.64ms
INF 2026-08-03T19:48:04.173Z > 200 GET /api/v1/ 667.54ms
INF 2026-08-03T19:48:04.179Z > 200 GET /api/v1/ 6.52ms
INF 2026-08-03T19:48:04.195Z > 200 GET /api/v1/ 6.67ms
INF 2026-08-03T19:48:04.202Z > 200 GET /api/v1/ 698.41ms
INF 2026-08-03T19:48:04.209Z > 200 GET /api/v1/ 6.91ms
INF 2026-08-03T19:48:04.219Z > 200 GET /api/v1/ 10.73ms
INF 2026-08-03T19:48:04.241Z > 200 GET /api/v1/ 21.86ms
INF 2026-08-03T19:48:04.260Z > 200 GET /api/v1/ 756.62ms
INF 2026-08-03T19:48:04.406Z > 200 GET /api/v1/ 903.26ms
INF 2026-08-03T19:48:04.432Z > 200 GET /api/v1/ 926.09ms
INF 2026-08-03T19:48:04.432Z > 200 GET /api/v1/ 930.03ms
INF 2026-08-03T19:48:04.451Z > 200 GET /api/v1/ 313.76ms
INF 2026-08-03T19:48:04.451Z > 200 GET /api/v1/ 946.26ms
INF 2026-08-03T19:48:04.452Z > 200 GET /api/v1/ 947.79ms
INF 2026-08-03T19:48:04.452Z > 200 GET /api/v1/ 795.32ms
INF 2026-08-03T19:48:04.465Z > 200 GET /api/v1/ 962.35ms
INF 2026-08-03T19:48:04.466Z > 200 GET /api/v1/ 583.25ms
INF 2026-08-03T19:48:04.466Z > 200 GET /api/v1/ 962.57ms
INF 2026-08-03T19:48:04.485Z > 200 GET /api/v1/ 978.13ms
INF 2026-08-03T19:48:04.500Z > 200 GET /api/v1/ 994.31ms
INF 2026-08-03T19:48:04.504Z > 200 GET /api/v1/ 18.5ms
INF 2026-08-03T19:48:04.511Z > 200 GET /api/v1/ 638.72ms
INF 2026-08-03T19:48:04.516Z > 200 GET /api/v1/ 1012.3ms
INF 2026-08-03T19:48:04.519Z > 200 GET /api/v1/ 1013.65ms
INF 2026-08-03T19:48:04.531Z > 200 GET /api/v1/ 1025.84ms
INF 2026-08-03T19:48:04.532Z > 200 GET /api/v1/ 721.74ms
INF 2026-08-03T19:48:04.532Z > 200 GET /api/v1/ 274.81ms
INF 2026-08-03T19:48:04.535Z > 200 GET /api/v1/ 16.14ms
INF 2026-08-03T19:48:04.540Z > 200 GET /api/v1/ 851.03ms
INF 2026-08-03T19:48:04.543Z > 200 GET /api/v1/ 1037.25ms
INF 2026-08-03T19:48:04.544Z > 200 GET /api/v1/ 1038.69ms
INF 2026-08-03T19:48:04.545Z > 200 GET /api/v1/ 320.29ms
INF 2026-08-03T19:48:04.549Z > 200 GET /api/v1/ 1041.73ms
INF 2026-08-03T19:48:04.550Z > 200 GET /api/v1/ 17.55ms
INF 2026-08-03T19:48:04.551Z > 200 GET /api/v1/ 146.69ms
INF 2026-08-03T19:48:04.553Z > 200 GET /api/v1/ 293.53ms
INF 2026-08-03T19:48:04.580Z > 200 GET /api/v1/ 7.56ms
INF 2026-08-03T19:48:04.589Z > 200 GET /api/v1/ 8.41ms
INF 2026-08-03T19:48:04.596Z > 200 GET /api/v1/ 7.14ms
INF 2026-08-03T19:48:04.602Z > 200 GET /api/v1/ 932.82ms
INF 2026-08-03T19:48:04.629Z > 200 GET /api/v1/ 8.1ms
INF 2026-08-03T19:48:04.643Z > 200 GET /api/v1/ 10.68ms
INF 2026-08-03T19:48:04.652Z > 200 GET /api/v1/ 7.35ms
INF 2026-08-03T19:48:04.667Z > 200 GET /api/v1/ 168.12ms
INF 2026-08-03T19:48:04.672Z > 200 GET /api/v1/ 234.35ms
INF 2026-08-03T19:48:04.676Z > 200 GET /api/v1/ 1072.87ms
INF 2026-08-03T19:48:04.681Z > 200 GET /api/v1/ 8.62ms
INF 2026-08-03T19:48:04.693Z > 200 GET /api/v1/ 7.8ms
INF 2026-08-03T19:48:04.700Z > 200 GET /api/v1/ 7.09ms
INF 2026-08-03T19:48:04.719Z > 200 GET /api/v1/ 10.38ms
INF 2026-08-03T19:48:04.732Z > 200 GET /api/v1/ 7.58ms
INF 2026-08-03T19:48:04.740Z > 200 GET /api/v1/ 6.79ms
INF 2026-08-03T19:48:04.743Z > 200 GET /api/v1/ 169.73ms
INF 2026-08-03T19:48:04.750Z > 200 GET /api/v1/ 196.72ms
INF 2026-08-03T19:48:04.752Z > 200 GET /api/v1/ 7.25ms
INF 2026-08-03T19:48:04.760Z > 200 GET /api/v1/ 293.04ms
INF 2026-08-03T19:48:04.768Z > 200 GET /api/v1/ 7.28ms
INF 2026-08-03T19:48:04.784Z > 200 GET /api/v1/ 6.72ms
INF 2026-08-03T19:48:04.792Z > 200 GET /api/v1/ 7.6ms
INF 2026-08-03T19:48:04.798Z > 200 GET /api/v1/ 331.25ms
INF 2026-08-03T19:48:04.802Z > 200 GET /api/v1/ 256.47ms
INF 2026-08-03T19:48:04.818Z > 200 GET /api/v1/ 9.21ms
INF 2026-08-03T19:48:04.844Z > 200 GET /api/v1/ 18.93ms
INF 2026-08-03T19:48:04.849Z > 200 GET /api/v1/ 1346.74ms
INF 2026-08-03T19:48:04.855Z > 200 GET /api/v1/ 1352.45ms
INF 2026-08-03T19:48:04.861Z > 200 GET /api/v1/ 6.63ms
INF 2026-08-03T19:48:04.865Z > 200 GET /api/v1/ 319.74ms
INF 2026-08-03T19:48:04.868Z > 200 GET /api/v1/ 271.36ms
INF 2026-08-03T19:48:04.875Z > 200 GET /api/v1/ 329.29ms
INF 2026-08-03T19:48:04.882Z > 200 GET /api/v1/ 1379.33ms
INF 2026-08-03T19:48:04.882Z > 200 GET /api/v1/ 289.52ms
INF 2026-08-03T19:48:04.890Z > 200 GET /api/v1/ 7.65ms
INF 2026-08-03T19:48:04.899Z > 200 GET /api/v1/ 1396.84ms
INF 2026-08-03T19:48:04.907Z > 200 GET /api/v1/ 7.51ms
INF 2026-08-03T19:48:04.916Z > 200 GET /api/v1/ 7.76ms
INF 2026-08-03T19:48:04.925Z > 200 GET /api/v1/ 8.46ms
INF 2026-08-03T19:48:04.933Z > 200 GET /api/v1/ 7.52ms
INF 2026-08-03T19:48:04.938Z > 200 GET /api/v1/ 1435.47ms
INF 2026-08-03T19:48:04.966Z > 200 GET /api/v1/ 28.13ms
INF 2026-08-03T19:48:04.977Z > 200 GET /api/v1/ 92.19ms
INF 2026-08-03T19:48:04.979Z > 200 GET /api/v1/ 1475.68ms
INF 2026-08-03T19:48:04.982Z > 200 GET /api/v1/ 137.76ms
INF 2026-08-03T19:48:04.994Z > 200 GET /api/v1/ 192.82ms
INF 2026-08-03T19:48:04.994Z > 200 GET /api/v1/ 149.4ms
INF 2026-08-03T19:48:05.001Z > 200 GET /api/v1/ 140.23ms
INF 2026-08-03T19:48:05.004Z > 200 GET /api/v1/ 154.01ms
INF 2026-08-03T19:48:05.008Z > 200 GET /api/v1/ 215.55ms
INF 2026-08-03T19:48:05.012Z > 200 GET /api/v1/ 1506.49ms
INF 2026-08-03T19:48:05.019Z > 200 GET /api/v1/ 6.69ms
INF 2026-08-03T19:48:05.027Z > 200 GET /api/v1/ 1522.46ms
INF 2026-08-03T19:48:05.036Z > 200 GET /api/v1/ 7.38ms
INF 2026-08-03T19:48:05.070Z > 200 GET /api/v1/ 33.56ms
INF 2026-08-03T19:48:05.130Z > 200 GET /api/v1/ 59.09ms
INF 2026-08-03T19:48:05.177Z > 200 GET /api/v1/ 1671.34ms
INF 2026-08-03T19:48:05.193Z > 200 GET /api/v1/ 1690.09ms
INF 2026-08-03T19:48:05.331Z > 200 GET /api/v1/ 381.7ms
INF 2026-08-03T19:48:05.334Z > 200 GET /api/v1/ 1520.68ms
INF 2026-08-03T19:48:05.449Z > 200 GET /api/v1/ 471.42ms
INF 2026-08-03T19:48:05.449Z > 200 GET /api/v1/ 948.29ms
INF 2026-08-03T19:48:05.457Z > 200 GET /api/v1/ 740.21ms
INF 2026-08-03T19:48:05.457Z > 200 GET /api/v1/ 1954.09ms
INF 2026-08-03T19:48:05.466Z > 200 GET /api/v1/ 1963.62ms
INF 2026-08-03T19:48:05.480Z > 200 GET /api/v1/ 516.97ms
INF 2026-08-03T19:48:05.482Z > 200 GET /api/v1/ 1653.96ms
INF 2026-08-03T19:48:05.482Z > 200 GET /api/v1/ 513.44ms
INF 2026-08-03T19:48:05.483Z > 200 GET /api/v1/ 1385.26ms
INF 2026-08-03T19:48:05.497Z > 200 GET /api/v1/ 1991.85ms
INF 2026-08-03T19:48:05.498Z > 200 GET /api/v1/ 488.98ms
INF 2026-08-03T19:48:05.498Z > 200 GET /api/v1/ 921.38ms
INF 2026-08-03T19:48:05.499Z > 200 GET /api/v1/ 1992.74ms
INF 2026-08-03T19:48:05.509Z > 200 GET /api/v1/ 472.22ms
INF 2026-08-03T19:48:05.512Z > 200 GET /api/v1/ 2009.58ms
INF 2026-08-03T19:48:05.513Z > 200 GET /api/v1/ 2007.3ms
INF 2026-08-03T19:48:05.514Z > 200 GET /api/v1/ 1080.18ms
INF 2026-08-03T19:48:05.515Z > 200 GET /api/v1/ 922.55ms
INF 2026-08-03T19:48:05.525Z > 200 GET /api/v1/ 2020.4ms
INF 2026-08-03T19:48:05.528Z > 200 GET /api/v1/ 1887.27ms
INF 2026-08-03T19:48:05.529Z > 200 GET /api/v1/ 595.7ms
INF 2026-08-03T19:48:05.529Z > 200 GET /api/v1/ 2022.59ms
INF 2026-08-03T19:48:05.530Z > 200 GET /api/v1/ 1423.65ms
INF 2026-08-03T19:48:05.534Z > 200 GET /api/v1/ 2029.77ms
INF 2026-08-03T19:48:05.543Z > 200 GET /api/v1/ 2038.82ms
INF 2026-08-03T19:48:05.544Z > 200 GET /api/v1/ 1126.6ms
INF 2026-08-03T19:48:05.545Z > 200 GET /api/v1/ 566.32ms
INF 2026-08-03T19:48:05.547Z > 200 GET /api/v1/ 2042.95ms
INF 2026-08-03T19:48:05.557Z > 200 GET /api/v1/ 22.71ms
INF 2026-08-03T19:48:05.558Z > 200 GET /api/v1/ 27.87ms
INF 2026-08-03T19:48:05.562Z > 200 GET /api/v1/ 536.68ms
INF 2026-08-03T19:48:05.563Z > 200 GET /api/v1/ 2056.31ms
INF 2026-08-03T19:48:05.565Z > 200 GET /api/v1/ 1051.61ms
INF 2026-08-03T19:48:05.567Z > 200 GET /api/v1/ 2061.35ms
INF 2026-08-03T19:48:05.710Z > 200 GET /api/v1/ 162.47ms
INF 2026-08-03T19:48:05.710Z > 200 GET /api/v1/ 639.82ms
INF 2026-08-03T19:48:05.711Z > 200 GET /api/v1/ 2206.01ms
INF 2026-08-03T19:48:05.720Z > 200 GET /api/v1/ 2215.88ms
INF 2026-08-03T19:48:05.755Z > 200 GET /api/v1/ 2251.98ms
INF 2026-08-03T19:48:05.755Z > 200 GET /api/v1/ 2249.09ms
INF 2026-08-03T19:48:05.756Z > 200 GET /api/v1/ 2251.61ms
INF 2026-08-03T19:48:05.757Z > 200 GET /api/v1/ 2249.52ms
INF 2026-08-03T19:48:05.757Z > 200 GET /api/v1/ 2253.69ms
INF 2026-08-03T19:48:05.758Z > 200 GET /api/v1/ 2255.09ms
INF 2026-08-03T19:48:05.758Z > 200 GET /api/v1/ 1662.88ms
INF 2026-08-03T19:48:05.759Z > 200 GET /api/v1/ 738.24ms
INF 2026-08-03T19:48:05.760Z > 200 GET /api/v1/ 2252.83ms
INF 2026-08-03T19:48:05.769Z > 200 GET /api/v1/ 2265.92ms
INF 2026-08-03T19:48:05.769Z > 200 GET /api/v1/ 2265.6ms
INF 2026-08-03T19:48:05.770Z > 200 GET /api/v1/ 2263.24ms
INF 2026-08-03T19:48:05.770Z > 200 GET /api/v1/ 2263.51ms
INF 2026-08-03T19:48:05.774Z > 200 GET /api/v1/ 2267.49ms
INF 2026-08-03T19:48:05.776Z > 200 GET /api/v1/ 2272.62ms
INF 2026-08-03T19:48:05.777Z > 200 GET /api/v1/ 705.59ms
INF 2026-08-03T19:48:05.777Z > 200 GET /api/v1/ 2101.05ms
INF 2026-08-03T19:48:05.807Z > 200 GET /api/v1/ 2303.18ms
INF 2026-08-03T19:48:05.811Z > 200 GET /api/v1/ 2307.43ms
INF 2026-08-03T19:48:05.866Z > 200 GET /api/v1/ 297.96ms
INF 2026-08-03T19:48:05.870Z > 200 GET /api/v1/ 788.67ms
INF 2026-08-03T19:48:05.870Z > 200 GET /api/v1/ 1609.56ms
INF 2026-08-03T19:48:05.871Z > 200 GET /api/v1/ 2366.52ms
INF 2026-08-03T19:48:05.879Z > 200 GET /api/v1/ 1086.38ms
INF 2026-08-03T19:48:05.880Z > 200 GET /api/v1/ 2372.96ms
INF 2026-08-03T19:48:05.881Z > 200 GET /api/v1/ 1099.78ms
INF 2026-08-03T19:48:05.881Z > 200 GET /api/v1/ 2376.73ms
INF 2026-08-03T19:48:05.882Z > 200 GET /api/v1/ 1428.47ms
INF 2026-08-03T19:48:05.882Z > 200 GET /api/v1/ 2375.69ms
INF 2026-08-03T19:48:05.882Z > 200 GET /api/v1/ 2379.01ms
INF 2026-08-03T19:48:05.883Z > 200 GET /api/v1/ 2375.77ms
INF 2026-08-03T19:48:05.883Z > 200 GET /api/v1/ 2380.32ms
INF 2026-08-03T19:48:05.884Z > 200 GET /api/v1/ 735.03ms
INF 2026-08-03T19:48:05.884Z > 200 GET /api/v1/ 2377.09ms
INF 2026-08-03T19:48:05.885Z > 200 GET /api/v1/ 1335.82ms
INF 2026-08-03T19:48:05.885Z > 200 GET /api/v1/ 2378.92ms
INF 2026-08-03T19:48:05.886Z > 200 GET /api/v1/ 2378.34ms
INF 2026-08-03T19:48:05.886Z > 200 GET /api/v1/ 2318.64ms
INF 2026-08-03T19:48:05.895Z > 200 GET /api/v1/ 2392.91ms
INF 2026-08-03T19:48:05.896Z > 200 GET /api/v1/ 2390.04ms
INF 2026-08-03T19:48:05.896Z > 200 GET /api/v1/ 2019.43ms
INF 2026-08-03T19:48:05.897Z > 200 GET /api/v1/ 2391.88ms
INF 2026-08-03T19:48:05.897Z > 200 GET /api/v1/ 2394.08ms
INF 2026-08-03T19:48:05.898Z > 200 GET /api/v1/ 1381.85ms
INF 2026-08-03T19:48:05.898Z > 200 GET /api/v1/ 993.67ms
INF 2026-08-03T19:48:05.899Z > 200 GET /api/v1/ 2393.15ms
INF 2026-08-03T19:48:05.900Z > 200 GET /api/v1/ 819.62ms
INF 2026-08-03T19:48:05.900Z > 200 GET /api/v1/ 1660.65ms
INF 2026-08-03T19:48:05.901Z > 200 GET /api/v1/ 1066.67ms
INF 2026-08-03T19:48:05.901Z > 200 GET /api/v1/ 2396.82ms
INF 2026-08-03T19:48:05.911Z > 200 GET /api/v1/ 715.98ms
INF 2026-08-03T19:48:05.912Z > 200 GET /api/v1/ 2404.81ms
INF 2026-08-03T19:48:05.912Z > 200 GET /api/v1/ 2408.92ms
INF 2026-08-03T19:48:06.009Z > 200 GET /api/v1/ 1100.21ms
INF 2026-08-03T19:48:06.010Z > 200 GET /api/v1/ 814.81ms
INF 2026-08-03T19:48:06.010Z > 200 GET /api/v1/ 1557.16ms
INF 2026-08-03T19:48:06.011Z > 200 GET /api/v1/ 2507.65ms
INF 2026-08-03T19:48:06.011Z > 200 GET /api/v1/ 1297.33ms
INF 2026-08-03T19:48:06.012Z > 200 GET /api/v1/ 1513.59ms
INF 2026-08-03T19:48:06.014Z > 200 GET /api/v1/ 2187.82ms
INF 2026-08-03T19:48:06.015Z > 200 GET /api/v1/ 2509.72ms
INF 2026-08-03T19:48:06.016Z > 200 GET /api/v1/ 802.25ms
INF 2026-08-03T19:48:06.017Z > 200 GET /api/v1/ 1379.31ms
INF 2026-08-03T19:48:06.017Z > 200 GET /api/v1/ 2512.99ms
INF 2026-08-03T19:48:06.027Z > 200 GET /api/v1/ 161.19ms
INF 2026-08-03T19:48:06.046Z > 200 GET /api/v1/ 164.42ms
INF 2026-08-03T19:48:06.055Z > 200 GET /api/v1/ 37.5ms
INF 2026-08-03T19:48:06.061Z > 200 GET /api/v1/ 551.47ms
INF 2026-08-03T19:48:06.070Z > 200 GET /api/v1/ 9.05ms
INF 2026-08-03T19:48:06.082Z > 200 GET /api/v1/ 555.6ms
INF 2026-08-03T19:48:06.086Z > 200 GET /api/v1/ 544.6ms
INF 2026-08-03T19:48:06.089Z > 200 GET /api/v1/ 610.69ms
INF 2026-08-03T19:48:06.094Z > 200 GET /api/v1/ 568.43ms
INF 2026-08-03T19:48:06.098Z > 200 GET /api/v1/ 572.59ms
INF 2026-08-03T19:48:06.100Z > 200 GET /api/v1/ 574.28ms
INF 2026-08-03T19:48:06.102Z > 200 GET /api/v1/ 641.64ms
INF 2026-08-03T19:48:06.108Z > 200 GET /api/v1/ 581.87ms
INF 2026-08-03T19:48:06.121Z > 200 GET /api/v1/ 7.97ms
INF 2026-08-03T19:48:06.134Z > 200 GET /api/v1/ 7.89ms
INF 2026-08-03T19:48:06.148Z > 200 GET /api/v1/ 10.95ms
INF 2026-08-03T19:48:06.157Z > 200 GET /api/v1/ 646.91ms
INF 2026-08-03T19:48:06.172Z > 200 GET /api/v1/ 7.41ms
INF 2026-08-03T19:48:06.177Z > 200 GET /api/v1/ 666.61ms
INF 2026-08-03T19:48:06.180Z > 200 GET /api/v1/ 668.71ms
INF 2026-08-03T19:48:06.196Z > 200 GET /api/v1/ 7.32ms
INF 2026-08-03T19:48:06.202Z > 200 GET /api/v1/ 723.98ms
INF 2026-08-03T19:48:06.220Z > 200 GET /api/v1/ 7.14ms
INF 2026-08-03T19:48:06.228Z > 200 GET /api/v1/ 7.56ms
INF 2026-08-03T19:48:06.245Z > 200 GET /api/v1/ 8.47ms
INF 2026-08-03T19:48:06.252Z > 200 GET /api/v1/ 6.33ms
INF 2026-08-03T19:48:06.268Z > 200 GET /api/v1/ 7.26ms
INF 2026-08-03T19:48:06.275Z > 200 GET /api/v1/ 6.71ms
INF 2026-08-03T19:48:06.297Z > 200 GET /api/v1/ 7.98ms
INF 2026-08-03T19:48:06.304Z > 200 GET /api/v1/ 6.77ms
INF 2026-08-03T19:48:06.315Z > 200 GET /api/v1/ 6.61ms
INF 2026-08-03T19:48:06.325Z > 200 GET /api/v1/ 7.75ms
INF 2026-08-03T19:48:06.348Z > 200 GET /api/v1/ 7.15ms
INF 2026-08-03T19:48:06.432Z > 200 GET /api/v1/ 74.77ms
INF 2026-08-03T19:48:06.442Z > 200 GET /api/v1/ 574.06ms
INF 2026-08-03T19:48:06.446Z > 200 GET /api/v1/ 433.74ms
INF 2026-08-03T19:48:06.451Z > 200 GET /api/v1/ 443.58ms
INF 2026-08-03T19:48:06.452Z > 200 GET /api/v1/ 538.85ms
INF 2026-08-03T19:48:06.457Z > 200 GET /api/v1/ 542.89ms
INF 2026-08-03T19:48:06.460Z > 200 GET /api/v1/ 407.4ms
INF 2026-08-03T19:48:06.489Z > 200 GET /api/v1/ 9.21ms
INF 2026-08-03T19:48:06.498Z > 200 GET /api/v1/ 8.64ms
INF 2026-08-03T19:48:06.504Z > 200 GET /api/v1/ 994.91ms
INF 2026-08-03T19:48:06.509Z > 200 GET /api/v1/ 729.43ms
INF 2026-08-03T19:48:06.512Z > 200 GET /api/v1/ 493.56ms
INF 2026-08-03T19:48:06.540Z > 200 GET /api/v1/ 7.07ms
INF 2026-08-03T19:48:06.548Z > 200 GET /api/v1/ 7.55ms
INF 2026-08-03T19:48:06.564Z > 200 GET /api/v1/ 7.35ms
INF 2026-08-03T19:48:06.588Z > 200 GET /api/v1/ 7.33ms
INF 2026-08-03T19:48:06.597Z > 200 GET /api/v1/ 8.24ms
INF 2026-08-03T19:48:06.630Z > 200 GET /api/v1/ 24.93ms
INF 2026-08-03T19:48:06.644Z > 200 GET /api/v1/ 13.87ms
INF 2026-08-03T19:48:06.688Z > 200 GET /api/v1/ 1114.01ms
INF 2026-08-03T19:48:06.720Z > 200 GET /api/v1/ 666.84ms
INF 2026-08-03T19:48:06.726Z > 200 GET /api/v1/ 668.81ms
INF 2026-08-03T19:48:06.729Z > 200 GET /api/v1/ 364.06ms
INF 2026-08-03T19:48:06.736Z > 200 GET /api/v1/ 682.99ms
INF 2026-08-03T19:48:06.737Z > 200 GET /api/v1/ 347.75ms
INF 2026-08-03T19:48:06.737Z > 200 GET /api/v1/ 608.23ms
INF 2026-08-03T19:48:06.737Z > 200 GET /api/v1/ 392.64ms
INF 2026-08-03T19:48:06.738Z > 200 GET /api/v1/ 641.46ms
INF 2026-08-03T19:48:06.743Z > 200 GET /api/v1/ 14.01ms
INF 2026-08-03T19:48:06.744Z > 200 GET /api/v1/ 730.66ms
INF 2026-08-03T19:48:06.749Z > 200 GET /api/v1/ 735.43ms
INF 2026-08-03T19:48:06.759Z > 200 GET /api/v1/ 274.15ms
INF 2026-08-03T19:48:06.769Z > 200 GET /api/v1/ 760.87ms
INF 2026-08-03T19:48:06.774Z > 200 GET /api/v1/ 966.2ms
INF 2026-08-03T19:48:06.775Z > 200 GET /api/v1/ 282.0ms
INF 2026-08-03T19:48:06.775Z > 200 GET /api/v1/ 230.02ms
INF 2026-08-03T19:48:06.778Z > 200 GET /api/v1/ 864.4ms
INF 2026-08-03T19:48:06.785Z > 200 GET /api/v1/ 974.97ms
INF 2026-08-03T19:48:06.788Z > 200 GET /api/v1/ 1079.77ms
INF 2026-08-03T19:48:06.792Z > 200 GET /api/v1/ 10.52ms
INF 2026-08-03T19:48:06.796Z > 200 GET /api/v1/ 10.8ms
INF 2026-08-03T19:48:06.809Z > 200 GET /api/v1/ 8.01ms
INF 2026-08-03T19:48:06.815Z > 200 GET /api/v1/ 258.36ms
INF 2026-08-03T19:48:06.825Z > 200 GET /api/v1/ 7.94ms
INF 2026-08-03T19:48:06.833Z > 200 GET /api/v1/ 332.49ms
INF 2026-08-03T19:48:06.836Z > 200 GET /api/v1/ 639.66ms
INF 2026-08-03T19:48:06.843Z > 200 GET /api/v1/ 8.98ms
INF 2026-08-03T19:48:06.861Z > 200 GET /api/v1/ 7.64ms
INF 2026-08-03T19:48:06.863Z > 200 GET /api/v1/ 370.03ms
INF 2026-08-03T19:48:06.877Z > 200 GET /api/v1/ 8.47ms
INF 2026-08-03T19:48:06.915Z > 200 GET /api/v1/ 37.47ms
INF 2026-08-03T19:48:06.923Z > 200 GET /api/v1/ 910.68ms
INF 2026-08-03T19:48:06.931Z > 200 GET /api/v1/ 8.02ms
INF 2026-08-03T19:48:06.941Z > 200 GET /api/v1/ 9.49ms
INF 2026-08-03T19:48:06.947Z > 200 GET /api/v1/ 165.22ms
INF 2026-08-03T19:48:06.951Z > 200 GET /api/v1/ 272.82ms
INF 2026-08-03T19:48:06.954Z > 200 GET /api/v1/ 160.88ms
INF 2026-08-03T19:48:06.959Z > 200 GET /api/v1/ 1046.54ms
INF 2026-08-03T19:48:06.966Z > 200 GET /api/v1/ 9.5ms
INF 2026-08-03T19:48:06.979Z > 200 GET /api/v1/ 477.84ms
INF 2026-08-03T19:48:07.006Z > 200 GET /api/v1/ 21.24ms
INF 2026-08-03T19:48:07.017Z > 200 GET /api/v1/ 10.5ms
INF 2026-08-03T19:48:07.063Z > 200 GET /api/v1/ 422.63ms
INF 2026-08-03T19:48:07.070Z > 200 GET /api/v1/ 252.69ms
INF 2026-08-03T19:48:07.074Z > 200 GET /api/v1/ 48.45ms
INF 2026-08-03T19:48:07.075Z > 200 GET /api/v1/ 218.45ms
INF 2026-08-03T19:48:07.079Z > 200 GET /api/v1/ 258.51ms
INF 2026-08-03T19:48:07.086Z > 200 GET /api/v1/ 396.11ms
INF 2026-08-03T19:48:07.086Z > 200 GET /api/v1/ 268.96ms
INF 2026-08-03T19:48:07.087Z > 200 GET /api/v1/ 315.17ms
INF 2026-08-03T19:48:07.113Z > 200 GET /api/v1/ 8.28ms
INF 2026-08-03T19:48:07.123Z > 200 GET /api/v1/ 9.46ms
INF 2026-08-03T19:48:07.126Z > 200 GET /api/v1/ 222.97ms
INF 2026-08-03T19:48:07.129Z > 200 GET /api/v1/ 164.26ms
INF 2026-08-03T19:48:07.135Z > 200 GET /api/v1/ 1674.92ms
INF 2026-08-03T19:48:07.138Z > 200 GET /api/v1/ 8.7ms
INF 2026-08-03T19:48:07.187Z > 200 GET /api/v1/ 27.33ms
INF 2026-08-03T19:48:07.192Z > 200 GET /api/v1/ 1234.01ms
INF 2026-08-03T19:48:07.196Z > 200 GET /api/v1/ 1238.39ms
INF 2026-08-03T19:48:07.204Z > 200 GET /api/v1/ 1192.01ms
INF 2026-08-03T19:48:07.206Z > 200 GET /api/v1/ 1693.93ms
INF 2026-08-03T19:48:07.208Z > 200 GET /api/v1/ 1477.81ms
INF 2026-08-03T19:48:07.217Z > 200 GET /api/v1/ 1204.74ms
INF 2026-08-03T19:48:07.218Z > 200 GET /api/v1/ 1260.35ms
INF 2026-08-03T19:48:07.219Z > 200 GET /api/v1/ 1409.61ms
INF 2026-08-03T19:48:07.222Z > 200 GET /api/v1/ 1209.81ms
INF 2026-08-03T19:48:07.223Z > 200 GET /api/v1/ 385.99ms
INF 2026-08-03T19:48:07.226Z > 200 GET /api/v1/ 1446.46ms
INF 2026-08-03T19:48:07.240Z > 200 GET /api/v1/ 11.49ms
INF 2026-08-03T19:48:07.307Z > 200 GET /api/v1/ 57.74ms
INF 2026-08-03T19:48:07.317Z > 200 GET /api/v1/ 1754.0ms
INF 2026-08-03T19:48:07.318Z > 200 GET /api/v1/ 1588.25ms
INF 2026-08-03T19:48:07.319Z > 200 GET /api/v1/ 1759.77ms
INF 2026-08-03T19:48:07.322Z > 200 GET /api/v1/ 1180.28ms
INF 2026-08-03T19:48:07.325Z > 200 GET /api/v1/ 1255.95ms
INF 2026-08-03T19:48:07.328Z > 200 GET /api/v1/ 1370.41ms
INF 2026-08-03T19:48:07.335Z > 200 GET /api/v1/ 1377.65ms
INF 2026-08-03T19:48:07.338Z > 200 GET /api/v1/ 1330.03ms
INF 2026-08-03T19:48:07.347Z > 200 GET /api/v1/ 1539.76ms
INF 2026-08-03T19:48:07.350Z > 200 GET /api/v1/ 1392.46ms
INF 2026-08-03T19:48:07.351Z > 200 GET /api/v1/ 1205.79ms
INF 2026-08-03T19:48:07.364Z > 200 GET /api/v1/ 1499.45ms
INF 2026-08-03T19:48:07.365Z > 200 GET /api/v1/ 1223.25ms
INF 2026-08-03T19:48:07.398Z > 200 GET /api/v1/ 1390.01ms
INF 2026-08-03T19:48:07.410Z > 200 GET /api/v1/ 44.64ms
INF 2026-08-03T19:48:07.418Z > 200 GET /api/v1/ 8.15ms
INF 2026-08-03T19:48:07.436Z > 200 GET /api/v1/ 1570.18ms
INF 2026-08-03T19:48:07.442Z > 200 GET /api/v1/ 192.83ms
INF 2026-08-03T19:48:07.462Z > 200 GET /api/v1/ 8.61ms
INF 2026-08-03T19:48:07.478Z > 200 GET /api/v1/ 195.04ms
INF 2026-08-03T19:48:07.484Z > 200 GET /api/v1/ 235.22ms
INF 2026-08-03T19:48:07.490Z > 200 GET /api/v1/ 207.26ms
INF 2026-08-03T19:48:07.491Z > 200 GET /api/v1/ 308.65ms
INF 2026-08-03T19:48:07.493Z > 200 GET /api/v1/ 7.96ms
INF 2026-08-03T19:48:07.512Z > 200 GET /api/v1/ 7.62ms
INF 2026-08-03T19:48:07.526Z > 200 GET /api/v1/ 1568.04ms
INF 2026-08-03T19:48:07.544Z > 200 GET /api/v1/ 7.55ms
INF 2026-08-03T19:48:07.552Z > 200 GET /api/v1/ 422.38ms
INF 2026-08-03T19:48:07.568Z > 200 GET /api/v1/ 15.54ms
INF 2026-08-03T19:48:07.577Z > 200 GET /api/v1/ 7.98ms
INF 2026-08-03T19:48:07.593Z > 200 GET /api/v1/ 8.44ms
INF 2026-08-03T19:48:07.597Z > 200 GET /api/v1/ 1420.47ms
INF 2026-08-03T19:48:07.622Z > 200 GET /api/v1/ 12.28ms
INF 2026-08-03T19:48:07.633Z > 200 GET /api/v1/ 350.82ms
INF 2026-08-03T19:48:07.640Z > 200 GET /api/v1/ 270.99ms
INF 2026-08-03T19:48:07.649Z > 200 GET /api/v1/ 8.24ms
INF 2026-08-03T19:48:07.651Z > 200 GET /api/v1/ 254.51ms
INF 2026-08-03T19:48:07.655Z > 200 GET /api/v1/ 537.86ms
INF 2026-08-03T19:48:07.661Z > 200 GET /api/v1/ 311.83ms
INF 2026-08-03T19:48:07.673Z > 200 GET /api/v1/ 1659.92ms
INF 2026-08-03T19:48:07.705Z > 200 GET /api/v1/ 28.58ms
INF 2026-08-03T19:48:07.728Z > 200 GET /api/v1/ 1639.41ms
INF 2026-08-03T19:48:07.730Z > 200 GET /api/v1/ 15.67ms
INF 2026-08-03T19:48:07.737Z > 200 GET /api/v1/ 859.53ms
INF 2026-08-03T19:48:07.740Z > 200 GET /api/v1/ 279.63ms
INF 2026-08-03T19:48:07.746Z > 200 GET /api/v1/ 757.52ms
INF 2026-08-03T19:48:07.747Z > 200 GET /api/v1/ 1968.33ms
INF 2026-08-03T19:48:07.755Z > 200 GET /api/v1/ 230.21ms
INF 2026-08-03T19:48:07.763Z > 200 GET /api/v1/ 11.05ms
INF 2026-08-03T19:48:07.765Z > 200 GET /api/v1/ 1959.98ms
INF 2026-08-03T19:48:07.766Z > 200 GET /api/v1/ 240.89ms
INF 2026-08-03T19:48:07.767Z > 200 GET /api/v1/ 229.82ms
INF 2026-08-03T19:48:07.777Z > 200 GET /api/v1/ 8.43ms
INF 2026-08-03T19:48:07.784Z > 200 GET /api/v1/ 2224.93ms
INF 2026-08-03T19:48:07.805Z > 200 GET /api/v1/ 15.94ms
INF 2026-08-03T19:48:07.814Z > 200 GET /api/v1/ 8.71ms
INF 2026-08-03T19:48:07.821Z > 200 GET /api/v1/ 2307.24ms
INF 2026-08-03T19:48:07.830Z > 200 GET /api/v1/ 9.34ms
INF 2026-08-03T19:48:07.836Z > 200 GET /api/v1/ 2030.34ms
INF 2026-08-03T19:48:07.845Z > 200 GET /api/v1/ 2091.28ms
INF 2026-08-03T19:48:07.845Z > 200 GET /api/v1/ 1980.91ms
INF 2026-08-03T19:48:07.858Z > 200 GET /api/v1/ 1993.59ms
INF 2026-08-03T19:48:07.942Z > 200 GET /api/v1/ 79.09ms
INF 2026-08-03T19:48:07.966Z > 200 GET /api/v1/ 2052.81ms
INF 2026-08-03T19:48:07.967Z > 200 GET /api/v1/ 2161.91ms
INF 2026-08-03T19:48:07.972Z > 200 GET /api/v1/ 2428.23ms
INF 2026-08-03T19:48:07.978Z > 200 GET /api/v1/ 2224.73ms
INF 2026-08-03T19:48:07.981Z > 200 GET /api/v1/ 2172.43ms
INF 2026-08-03T19:48:07.983Z > 200 GET /api/v1/ 2440.85ms
INF 2026-08-03T19:48:07.985Z > 200 GET /api/v1/ 2426.19ms
INF 2026-08-03T19:48:07.988Z > 200 GET /api/v1/ 2258.28ms
INF 2026-08-03T19:48:07.989Z > 200 GET /api/v1/ 1884.47ms
INF 2026-08-03T19:48:07.994Z > 200 GET /api/v1/ 2233.96ms
INF 2026-08-03T19:48:07.996Z > 200 GET /api/v1/ 10.55ms
INF 2026-08-03T19:48:07.997Z > 200 GET /api/v1/ 1988.58ms
INF 2026-08-03T19:48:07.999Z > 200 GET /api/v1/ 1978.21ms
INF 2026-08-03T19:48:08.004Z > 200 GET /api/v1/ 1098.82ms
INF 2026-08-03T19:48:08.011Z > 200 GET /api/v1/ 1953.43ms
INF 2026-08-03T19:48:08.018Z > 200 GET /api/v1/ 2212.91ms
INF 2026-08-03T19:48:08.029Z > 200 GET /api/v1/ 664.88ms
INF 2026-08-03T19:48:08.032Z > 200 GET /api/v1/ 2019.36ms
INF 2026-08-03T19:48:08.035Z > 200 GET /api/v1/ 2285.97ms
INF 2026-08-03T19:48:08.042Z > 200 GET /api/v1/ 2128.73ms
INF 2026-08-03T19:48:08.073Z > 200 GET /api/v1/ 2059.77ms
INF 2026-08-03T19:48:08.073Z > 200 GET /api/v1/ 2060.13ms
INF 2026-08-03T19:48:08.080Z > 200 GET /api/v1/ 2026.32ms
INF 2026-08-03T19:48:08.081Z > 200 GET /api/v1/ 2272.51ms
INF 2026-08-03T19:48:08.081Z > 200 GET /api/v1/ 2067.99ms
INF 2026-08-03T19:48:08.084Z > 200 GET /api/v1/ 719.37ms
INF 2026-08-03T19:48:08.094Z > 200 GET /api/v1/ 64.97ms
INF 2026-08-03T19:48:08.117Z > 200 GET /api/v1/ 8.23ms
INF 2026-08-03T19:48:08.125Z > 200 GET /api/v1/ 2211.24ms
INF 2026-08-03T19:48:08.127Z > 200 GET /api/v1/ 2373.36ms
INF 2026-08-03T19:48:08.130Z > 200 GET /api/v1/ 2217.02ms
INF 2026-08-03T19:48:08.142Z > 200 GET /api/v1/ 1921.05ms
INF 2026-08-03T19:48:08.299Z > 200 GET /api/v1/ 2494.06ms
INF 2026-08-03T19:48:08.299Z > 200 GET /api/v1/ 2725.68ms
INF 2026-08-03T19:48:08.300Z > 200 GET /api/v1/ 1517.95ms
INF 2026-08-03T19:48:08.302Z > 200 GET /api/v1/ 1528.95ms
INF 2026-08-03T19:48:08.350Z > 200 GET /api/v1/ 2544.86ms
INF 2026-08-03T19:48:08.411Z > 200 GET /api/v1/ 1362.09ms
INF 2026-08-03T19:48:08.412Z > 200 GET /api/v1/ 1291.57ms
INF 2026-08-03T19:48:08.415Z > 200 GET /api/v1/ 405.74ms
INF 2026-08-03T19:48:08.417Z > 200 GET /api/v1/ 1656.09ms
INF 2026-08-03T19:48:08.418Z > 200 GET /api/v1/ 1135.58ms
INF 2026-08-03T19:48:08.420Z > 200 GET /api/v1/ 726.43ms
INF 2026-08-03T19:48:08.422Z > 200 GET /api/v1/ 2288.65ms
INF 2026-08-03T19:48:08.422Z > 200 GET /api/v1/ 2257.59ms
INF 2026-08-03T19:48:08.424Z > 200 GET /api/v1/ 2370.7ms
INF 2026-08-03T19:48:08.428Z > 200 GET /api/v1/ 631.1ms
INF 2026-08-03T19:48:08.429Z > 200 GET /api/v1/ 539.09ms
INF 2026-08-03T19:48:08.429Z > 200 GET /api/v1/ 620.26ms
INF 2026-08-03T19:48:08.430Z > 200 GET /api/v1/ 400.71ms
INF 2026-08-03T19:48:08.431Z > 200 GET /api/v1/ 541.53ms
INF 2026-08-03T19:48:08.433Z > 200 GET /api/v1/ 1619.68ms
INF 2026-08-03T19:48:08.434Z > 200 GET /api/v1/ 592.79ms
INF 2026-08-03T19:48:08.444Z > 200 GET /api/v1/ 416.97ms
INF 2026-08-03T19:48:08.450Z > 200 GET /api/v1/ 324.93ms
INF 2026-08-03T19:48:08.453Z > 200 GET /api/v1/ 381.4ms
INF 2026-08-03T19:48:08.462Z > 200 GET /api/v1/ 381.38ms
INF 2026-08-03T19:48:08.462Z > 200 GET /api/v1/ 673.35ms
INF 2026-08-03T19:48:08.464Z > 200 GET /api/v1/ 10.34ms
INF 2026-08-03T19:48:08.464Z > 200 GET /api/v1/ 384.49ms
INF 2026-08-03T19:48:08.465Z > 200 GET /api/v1/ 1560.25ms
INF 2026-08-03T19:48:08.466Z > 200 GET /api/v1/ 384.21ms
INF 2026-08-03T19:48:08.467Z > 200 GET /api/v1/ 386.62ms
INF 2026-08-03T19:48:08.478Z > 200 GET /api/v1/ 11.77ms
INF 2026-08-03T19:48:08.480Z > 200 GET /api/v1/ 10.8ms
INF 2026-08-03T19:48:08.493Z > 200 GET /api/v1/ 7.69ms
INF 2026-08-03T19:48:08.502Z > 200 GET /api/v1/ 8.72ms
INF 2026-08-03T19:48:08.511Z > 200 GET /api/v1/ 1327.77ms
INF 2026-08-03T19:48:08.519Z > 200 GET /api/v1/ 2506.09ms
INF 2026-08-03T19:48:08.524Z > 200 GET /api/v1/ 1531.39ms
INF 2026-08-03T19:48:08.544Z > 200 GET /api/v1/ 7.54ms
INF 2026-08-03T19:48:08.553Z > 200 GET /api/v1/ 8.61ms
INF 2026-08-03T19:48:08.559Z > 200 GET /api/v1/ 749.78ms
INF 2026-08-03T19:48:08.568Z > 200 GET /api/v1/ 7.25ms
INF 2026-08-03T19:48:08.584Z > 200 GET /api/v1/ 458.18ms
INF 2026-08-03T19:48:08.592Z > 200 GET /api/v1/ 7.15ms
INF 2026-08-03T19:48:08.605Z > 200 GET /api/v1/ 8.68ms
INF 2026-08-03T19:48:08.609Z > 200 GET /api/v1/ 1548.17ms
INF 2026-08-03T19:48:08.625Z > 200 GET /api/v1/ 16.17ms
INF 2026-08-03T19:48:08.633Z > 200 GET /api/v1/ 7.82ms
INF 2026-08-03T19:48:08.642Z > 200 GET /api/v1/ 8.51ms
INF 2026-08-03T19:48:08.645Z > 200 GET /api/v1/ 1859.94ms
INF 2026-08-03T19:48:08.648Z > 200 GET /api/v1/ 366.94ms
INF 2026-08-03T19:48:08.649Z > 200 GET /api/v1/ 367.92ms
INF 2026-08-03T19:48:08.659Z > 200 GET /api/v1/ 9.9ms
INF 2026-08-03T19:48:08.661Z > 200 GET /api/v1/ 203.81ms
INF 2026-08-03T19:48:08.679Z > 200 GET /api/v1/ 10.07ms
INF 2026-08-03T19:48:08.685Z > 200 GET /api/v1/ 403.19ms
INF 2026-08-03T19:48:08.698Z > 200 GET /api/v1/ 12.78ms
INF 2026-08-03T19:48:08.701Z > 200 GET /api/v1/ 349.65ms
INF 2026-08-03T19:48:08.702Z > 200 GET /api/v1/ 420.14ms
INF 2026-08-03T19:48:08.708Z > 200 GET /api/v1/ 231.19ms
INF 2026-08-03T19:48:08.718Z > 200 GET /api/v1/ 324.77ms
INF 2026-08-03T19:48:08.726Z > 200 GET /api/v1/ 220.87ms
INF 2026-08-03T19:48:08.736Z > 200 GET /api/v1/ 7.32ms
INF 2026-08-03T19:48:08.739Z > 200 GET /api/v1/ 230.47ms
INF 2026-08-03T19:48:08.746Z > 200 GET /api/v1/ 284.59ms
INF 2026-08-03T19:48:08.749Z > 200 GET /api/v1/ 7.99ms
INF 2026-08-03T19:48:08.757Z > 200 GET /api/v1/ 7.95ms
INF 2026-08-03T19:48:08.767Z > 200 GET /api/v1/ 6.62ms
INF 2026-08-03T19:48:08.777Z > 200 GET /api/v1/ 8.29ms
INF 2026-08-03T19:48:08.784Z > 200 GET /api/v1/ 7.08ms
INF 2026-08-03T19:48:08.796Z > 200 GET /api/v1/ 7.13ms
INF 2026-08-03T19:48:08.801Z > 200 GET /api/v1/ 1671.37ms
INF 2026-08-03T19:48:08.808Z > 200 GET /api/v1/ 6.85ms
INF 2026-08-03T19:48:08.816Z > 200 GET /api/v1/ 6.95ms
INF 2026-08-03T19:48:08.828Z > 200 GET /api/v1/ 7.31ms
INF 2026-08-03T19:48:08.845Z > 200 GET /api/v1/ 8.23ms
INF 2026-08-03T19:48:08.861Z > 200 GET /api/v1/ 12.59ms
INF 2026-08-03T19:48:08.869Z > 200 GET /api/v1/ 2039.2ms
INF 2026-08-03T19:48:08.882Z > 200 GET /api/v1/ 9.11ms
INF 2026-08-03T19:48:08.889Z > 200 GET /api/v1/ 1492.81ms
INF 2026-08-03T19:48:08.895Z > 200 GET /api/v1/ 1498.64ms
INF 2026-08-03T19:48:08.898Z > 200 GET /api/v1/ 376.5ms
INF 2026-08-03T19:48:08.899Z > 200 GET /api/v1/ 1534.79ms
INF 2026-08-03T19:48:08.908Z > 200 GET /api/v1/ 9.82ms
INF 2026-08-03T19:48:08.923Z > 200 GET /api/v1/ 10.59ms
INF 2026-08-03T19:48:08.971Z > 200 GET /api/v1/ 45.87ms
INF 2026-08-03T19:48:09.011Z > 200 GET /api/v1/ 1330.4ms
INF 2026-08-03T19:48:09.028Z > 200 GET /api/v1/ 1745.02ms
INF 2026-08-03T19:48:09.032Z > 200 GET /api/v1/ 1591.37ms
INF 2026-08-03T19:48:09.048Z > 200 GET /api/v1/ 1864.69ms
INF 2026-08-03T19:48:09.056Z > 200 GET /api/v1/ 1434.86ms
INF 2026-08-03T19:48:09.061Z > 200 GET /api/v1/ 2283.91ms
INF 2026-08-03T19:48:09.066Z > 200 GET /api/v1/ 2288.95ms
INF 2026-08-03T19:48:09.069Z > 200 GET /api/v1/ 164.27ms
INF 2026-08-03T19:48:09.073Z > 200 GET /api/v1/ 508.01ms
INF 2026-08-03T19:48:09.076Z > 200 GET /api/v1/ 996.62ms
INF 2026-08-03T19:48:09.078Z > 200 GET /api/v1/ 1541.35ms
INF 2026-08-03T19:48:09.079Z > 200 GET /api/v1/ 1362.61ms
INF 2026-08-03T19:48:09.086Z > 200 GET /api/v1/ 119.24ms
INF 2026-08-03T19:48:09.088Z > 200 GET /api/v1/ 306.74ms
INF 2026-08-03T19:48:09.096Z > 200 GET /api/v1/ 271.27ms
INF 2026-08-03T19:48:09.104Z > 200 GET /api/v1/ 502.89ms
INF 2026-08-03T19:48:09.105Z > 200 GET /api/v1/ 8.52ms
INF 2026-08-03T19:48:09.112Z > 200 GET /api/v1/ 270.8ms
INF 2026-08-03T19:48:09.115Z > 200 GET /api/v1/ 2285.22ms
INF 2026-08-03T19:48:09.117Z > 200 GET /api/v1/ 8.36ms
INF 2026-08-03T19:48:09.127Z > 200 GET /api/v1/ 9.95ms
INF 2026-08-03T19:48:09.132Z > 200 GET /api/v1/ 165.09ms
INF 2026-08-03T19:48:09.138Z > 200 GET /api/v1/ 1971.82ms
INF 2026-08-03T19:48:09.139Z > 200 GET /api/v1/ 2133.29ms
INF 2026-08-03T19:48:09.159Z > 200 GET /api/v1/ 13.76ms
INF 2026-08-03T19:48:09.170Z > 200 GET /api/v1/ 477.8ms
INF 2026-08-03T19:48:09.175Z > 200 GET /api/v1/ 14.23ms
INF 2026-08-03T19:48:09.191Z > 200 GET /api/v1/ 10.41ms
INF 2026-08-03T19:48:09.195Z > 200 GET /api/v1/ 2185.23ms
INF 2026-08-03T19:48:09.202Z > 200 GET /api/v1/ 1573.71ms
INF 2026-08-03T19:48:09.204Z > 200 GET /api/v1/ 1195.34ms
INF 2026-08-03T19:48:09.205Z > 200 GET /api/v1/ 1380.46ms
INF 2026-08-03T19:48:09.215Z > 200 GET /api/v1/ 523.61ms
INF 2026-08-03T19:48:09.237Z > 200 GET /api/v1/ 1216.59ms
INF 2026-08-03T19:48:09.244Z > 200 GET /api/v1/ 27.13ms
INF 2026-08-03T19:48:09.260Z > 200 GET /api/v1/ 783.71ms
INF 2026-08-03T19:48:09.271Z > 200 GET /api/v1/ 766.4ms
INF 2026-08-03T19:48:09.275Z > 200 GET /api/v1/ 766.35ms
INF 2026-08-03T19:48:09.278Z > 200 GET /api/v1/ 769.04ms
INF 2026-08-03T19:48:09.286Z > 200 GET /api/v1/ 809.94ms
INF 2026-08-03T19:48:09.287Z > 200 GET /api/v1/ 826.33ms
INF 2026-08-03T19:48:09.288Z > 200 GET /api/v1/ 811.81ms
INF 2026-08-03T19:48:09.289Z > 200 GET /api/v1/ 823.14ms
INF 2026-08-03T19:48:09.295Z > 200 GET /api/v1/ 2012.65ms
INF 2026-08-03T19:48:09.318Z > 200 GET /api/v1/ 13.37ms
INF 2026-08-03T19:48:09.328Z > 200 GET /api/v1/ 10.4ms
INF 2026-08-03T19:48:09.332Z > 200 GET /api/v1/ 855.52ms
INF 2026-08-03T19:48:09.337Z > 200 GET /api/v1/ 215.77ms
INF 2026-08-03T19:48:09.342Z > 200 GET /api/v1/ 2059.06ms
INF 2026-08-03T19:48:09.351Z > 200 GET /api/v1/ 13.66ms
INF 2026-08-03T19:48:09.354Z > 200 GET /api/v1/ 284.89ms
INF 2026-08-03T19:48:09.369Z > 200 GET /api/v1/ 7.98ms
INF 2026-08-03T19:48:09.377Z > 200 GET /api/v1/ 7.85ms
INF 2026-08-03T19:48:09.382Z > 200 GET /api/v1/ 2265.73ms
INF 2026-08-03T19:48:09.384Z > 200 GET /api/v1/ 2215.43ms
INF 2026-08-03T19:48:09.388Z > 200 GET /api/v1/ 1991.73ms
INF 2026-08-03T19:48:09.392Z > 200 GET /api/v1/ 9.29ms
INF 2026-08-03T19:48:09.394Z > 200 GET /api/v1/ 8.8ms
INF 2026-08-03T19:48:09.418Z > 200 GET /api/v1/ 2007.88ms
INF 2026-08-03T19:48:09.439Z > 200 GET /api/v1/ 20.74ms
INF 2026-08-03T19:48:09.448Z > 200 GET /api/v1/ 2050.98ms
INF 2026-08-03T19:48:09.478Z > 200 GET /api/v1/ 341.72ms
INF 2026-08-03T19:48:09.487Z > 200 GET /api/v1/ 1369.95ms
INF 2026-08-03T19:48:09.490Z > 200 GET /api/v1/ 317.33ms
INF 2026-08-03T19:48:09.491Z > 200 GET /api/v1/ 361.34ms
INF 2026-08-03T19:48:09.491Z > 200 GET /api/v1/ 2122.46ms
INF 2026-08-03T19:48:09.498Z > 200 GET /api/v1/ 945.57ms
INF 2026-08-03T19:48:09.502Z > 200 GET /api/v1/ 245.68ms
INF 2026-08-03T19:48:09.503Z > 200 GET /api/v1/ 2270.73ms
INF 2026-08-03T19:48:09.520Z > 200 GET /api/v1/ 362.2ms
INF 2026-08-03T19:48:09.526Z > 200 GET /api/v1/ 557.77ms
INF 2026-08-03T19:48:09.536Z > 200 GET /api/v1/ 1185.08ms
INF 2026-08-03T19:48:09.546Z > 200 GET /api/v1/ 258.85ms
INF 2026-08-03T19:48:09.551Z > 200 GET /api/v1/ 1046.44ms
INF 2026-08-03T19:48:09.558Z > 200 GET /api/v1/ 1061.24ms
INF 2026-08-03T19:48:09.558Z > 200 GET /api/v1/ 185.65ms
INF 2026-08-03T19:48:09.567Z > 200 GET /api/v1/ 1061.64ms
INF 2026-08-03T19:48:09.580Z > 200 GET /api/v1/ 13.05ms
INF 2026-08-03T19:48:09.584Z > 200 GET /api/v1/ 2343.95ms
INF 2026-08-03T19:48:09.590Z > 200 GET /api/v1/ 2113.58ms
INF 2026-08-03T19:48:09.599Z > 200 GET /api/v1/ 6.21ms
INF 2026-08-03T19:48:09.631Z > 200 GET /api/v1/ 30.55ms
INF 2026-08-03T19:48:09.668Z > 200 GET /api/v1/ 36.2ms
INF 2026-08-03T19:48:09.685Z > 200 GET /api/v1/ 1642.39ms
INF 2026-08-03T19:48:09.695Z > 200 GET /api/v1/ 9.32ms
INF 2026-08-03T19:48:09.700Z > 200 GET /api/v1/ 487.31ms
INF 2026-08-03T19:48:09.704Z > 200 GET /api/v1/ 2067.26ms
INF 2026-08-03T19:48:09.705Z > 200 GET /api/v1/ 1353.9ms
INF 2026-08-03T19:48:09.707Z > 200 GET /api/v1/ 273.4ms
INF 2026-08-03T19:48:09.715Z > 200 GET /api/v1/ 6.27ms
INF 2026-08-03T19:48:09.738Z > 200 GET /api/v1/ 9.27ms
INF 2026-08-03T19:48:09.750Z > 200 GET /api/v1/ 9.16ms
INF 2026-08-03T19:48:09.765Z > 200 GET /api/v1/ 8.48ms
INF 2026-08-03T19:48:09.778Z > 200 GET /api/v1/ 233.7ms
INF 2026-08-03T19:48:09.782Z > 200 GET /api/v1/ 253.43ms
INF 2026-08-03T19:48:09.785Z > 200 GET /api/v1/ 249.92ms
INF 2026-08-03T19:48:09.790Z > 200 GET /api/v1/ 2016.36ms
INF 2026-08-03T19:48:09.792Z > 200 GET /api/v1/ 457.42ms
INF 2026-08-03T19:48:09.798Z > 200 GET /api/v1/ 376.38ms
INF 2026-08-03T19:48:09.799Z > 200 GET /api/v1/ 1105.45ms
INF 2026-08-03T19:48:09.803Z > 200 GET /api/v1/ 652.8ms
INF 2026-08-03T19:48:09.805Z > 200 GET /api/v1/ 2110.82ms
INF 2026-08-03T19:48:09.806Z > 200 GET /api/v1/ 1626.78ms
INF 2026-08-03T19:48:09.809Z > 200 GET /api/v1/ 2216.4ms
INF 2026-08-03T19:48:09.812Z > 200 GET /api/v1/ 2031.48ms
INF 2026-08-03T19:48:09.816Z > 200 GET /api/v1/ 1071.57ms
INF 2026-08-03T19:48:09.817Z > 200 GET /api/v1/ 2008.55ms
INF 2026-08-03T19:48:09.819Z > 200 GET /api/v1/ 1892.58ms
INF 2026-08-03T19:48:09.821Z > 200 GET /api/v1/ 491.59ms
INF 2026-08-03T19:48:09.822Z > 200 GET /api/v1/ 1101.06ms
INF 2026-08-03T19:48:09.823Z > 200 GET /api/v1/ 1705.1ms
INF 2026-08-03T19:48:09.830Z > 200 GET /api/v1/ 1939.91ms
INF 2026-08-03T19:48:09.831Z > 200 GET /api/v1/ 2050.02ms
INF 2026-08-03T19:48:09.836Z > 200 GET /api/v1/ 1946.03ms
INF 2026-08-03T19:48:09.837Z > 200 GET /api/v1/ 1793.82ms
INF 2026-08-03T19:48:09.842Z > 200 GET /api/v1/ 1189.6ms
INF 2026-08-03T19:48:09.843Z > 200 GET /api/v1/ 10.17ms
INF 2026-08-03T19:48:09.844Z > 200 GET /api/v1/ 2140.49ms
INF 2026-08-03T19:48:09.844Z > 200 GET /api/v1/ 589.01ms
INF 2026-08-03T19:48:09.865Z > 200 GET /api/v1/ 19.3ms
INF 2026-08-03T19:48:09.874Z > 200 GET /api/v1/ 8.95ms
INF 2026-08-03T19:48:09.881Z > 200 GET /api/v1/ 988.33ms
INF 2026-08-03T19:48:09.890Z > 200 GET /api/v1/ 8.58ms
INF 2026-08-03T19:48:09.897Z > 200 GET /api/v1/ 1771.1ms
INF 2026-08-03T19:48:09.902Z > 200 GET /api/v1/ 1242.39ms
INF 2026-08-03T19:48:09.905Z > 200 GET /api/v1/ 2015.78ms
INF 2026-08-03T19:48:09.910Z > 200 GET /api/v1/ 1052.41ms
INF 2026-08-03T19:48:09.911Z > 200 GET /api/v1/ 1774.16ms
INF 2026-08-03T19:48:09.915Z > 200 GET /api/v1/ 797.49ms
INF 2026-08-03T19:48:09.925Z > 200 GET /api/v1/ 8.3ms
INF 2026-08-03T19:48:09.974Z > 200 GET /api/v1/ 1496.7ms
INF 2026-08-03T19:48:09.979Z > 200 GET /api/v1/ 1899.51ms
INF 2026-08-03T19:48:09.989Z > 200 GET /api/v1/ 64.35ms
INF 2026-08-03T19:48:10.017Z > 200 GET /api/v1/ 385.38ms
INF 2026-08-03T19:48:10.025Z > 200 GET /api/v1/ 972.39ms
INF 2026-08-03T19:48:10.031Z > 200 GET /api/v1/ 2017.98ms
INF 2026-08-03T19:48:10.035Z > 200 GET /api/v1/ 2007.22ms
INF 2026-08-03T19:48:10.041Z > 200 GET /api/v1/ 8.12ms
INF 2026-08-03T19:48:10.054Z > 200 GET /api/v1/ 1928.79ms
INF 2026-08-03T19:48:10.069Z > 200 GET /api/v1/ 7.85ms
INF 2026-08-03T19:48:10.075Z > 200 GET /api/v1/ 6.66ms
INF 2026-08-03T19:48:10.085Z > 200 GET /api/v1/ 7.99ms
INF 2026-08-03T19:48:10.086Z > 200 GET /api/v1/ 2042.68ms
INF 2026-08-03T19:48:10.086Z > 200 GET /api/v1/ 765.39ms
INF 2026-08-03T19:48:10.104Z > 200 GET /api/v1/ 7.28ms
INF 2026-08-03T19:48:10.117Z > 200 GET /api/v1/ 2083.41ms
INF 2026-08-03T19:48:10.126Z > 200 GET /api/v1/ 9.72ms
INF 2026-08-03T19:48:10.128Z > 200 GET /api/v1/ 1014.96ms
INF 2026-08-03T19:48:10.128Z > 200 GET /api/v1/ 1161.4ms
INF 2026-08-03T19:48:10.138Z > 200 GET /api/v1/ 9.12ms
INF 2026-08-03T19:48:10.150Z > 200 GET /api/v1/ 1798.76ms
INF 2026-08-03T19:48:10.166Z > 200 GET /api/v1/ 9.61ms
INF 2026-08-03T19:48:10.177Z > 200 GET /api/v1/ 7.89ms
INF 2026-08-03T19:48:10.188Z > 200 GET /api/v1/ 7.29ms
INF 2026-08-03T19:48:10.200Z > 200 GET /api/v1/ 7.23ms
INF 2026-08-03T19:48:10.217Z > 200 GET /api/v1/ 8.5ms
INF 2026-08-03T19:48:10.231Z > 200 GET /api/v1/ 10.11ms
INF 2026-08-03T19:48:10.248Z > 200 GET /api/v1/ 7.17ms
INF 2026-08-03T19:48:10.257Z > 200 GET /api/v1/ 184.5ms
INF 2026-08-03T19:48:10.262Z > 200 GET /api/v1/ 402.82ms
INF 2026-08-03T19:48:10.268Z > 200 GET /api/v1/ 298.62ms
INF 2026-08-03T19:48:10.284Z > 200 GET /api/v1/ 11.12ms
INF 2026-08-03T19:48:10.298Z > 200 GET /api/v1/ 8.88ms
INF 2026-08-03T19:48:10.301Z > 200 GET /api/v1/ 1285.43ms
INF 2026-08-03T19:48:10.308Z > 200 GET /api/v1/ 1052.8ms
INF 2026-08-03T19:48:10.331Z > 200 GET /api/v1/ 30.38ms
INF 2026-08-03T19:48:10.347Z > 200 GET /api/v1/ 14.1ms
INF 2026-08-03T19:48:10.357Z > 200 GET /api/v1/ 7.95ms
INF 2026-08-03T19:48:10.362Z > 200 GET /api/v1/ 873.62ms
INF 2026-08-03T19:48:10.372Z > 200 GET /api/v1/ 1918.38ms
INF 2026-08-03T19:48:10.383Z > 200 GET /api/v1/ 8.31ms
INF 2026-08-03T19:48:10.388Z > 200 GET /api/v1/ 243.05ms
INF 2026-08-03T19:48:10.394Z > 200 GET /api/v1/ 165.68ms
INF 2026-08-03T19:48:10.398Z > 200 GET /api/v1/ 9.3ms
INF 2026-08-03T19:48:10.398Z > 200 GET /api/v1/ 533.15ms
INF 2026-08-03T19:48:10.404Z > 200 GET /api/v1/ 382.77ms
INF 2026-08-03T19:48:10.407Z > 200 GET /api/v1/ 146.2ms
INF 2026-08-03T19:48:10.412Z > 200 GET /api/v1/ 102.67ms
INF 2026-08-03T19:48:10.415Z > 200 GET /api/v1/ 245.67ms
INF 2026-08-03T19:48:10.420Z > 200 GET /api/v1/ 6.94ms
INF 2026-08-03T19:48:10.425Z > 200 GET /api/v1/ 563.25ms
INF 2026-08-03T19:48:10.436Z > 200 GET /api/v1/ 10.62ms
INF 2026-08-03T19:48:10.452Z > 200 GET /api/v1/ 15.8ms
INF 2026-08-03T19:48:10.461Z > 200 GET /api/v1/ 7.89ms
INF 2026-08-03T19:48:10.465Z > 200 GET /api/v1/ 1496.94ms
INF 2026-08-03T19:48:10.470Z > 200 GET /api/v1/ 9.3ms
INF 2026-08-03T19:48:10.473Z > 200 GET /api/v1/ 1186.53ms
INF 2026-08-03T19:48:10.477Z > 200 GET /api/v1/ 1956.22ms
INF 2026-08-03T19:48:10.481Z > 200 GET /api/v1/ 1688.05ms
INF 2026-08-03T19:48:10.484Z > 200 GET /api/v1/ 611.02ms
INF 2026-08-03T19:48:10.492Z > 200 GET /api/v1/ 147.28ms
INF 2026-08-03T19:48:10.492Z > 200 GET /api/v1/ 1815.24ms
INF 2026-08-03T19:48:10.493Z > 200 GET /api/v1/ 1748.28ms
INF 2026-08-03T19:48:10.501Z > 200 GET /api/v1/ 7.72ms
INF 2026-08-03T19:48:10.518Z > 200 GET /api/v1/ 10.65ms
INF 2026-08-03T19:48:10.524Z > 200 GET /api/v1/ 1090.59ms
INF 2026-08-03T19:48:10.528Z > 200 GET /api/v1/ 1821.78ms
INF 2026-08-03T19:48:10.531Z > 200 GET /api/v1/ 2064.94ms
INF 2026-08-03T19:48:10.534Z > 200 GET /api/v1/ 2073.17ms
INF 2026-08-03T19:48:10.540Z > 200 GET /api/v1/ 667.52ms
INF 2026-08-03T19:48:10.545Z > 200 GET /api/v1/ 1290.11ms
INF 2026-08-03T19:48:10.553Z > 200 GET /api/v1/ 1352.22ms
INF 2026-08-03T19:48:10.555Z > 200 GET /api/v1/ 9.45ms
INF 2026-08-03T19:48:10.556Z > 200 GET /api/v1/ 1387.41ms
INF 2026-08-03T19:48:10.557Z > 200 GET /api/v1/ 155.7ms
INF 2026-08-03T19:48:10.568Z > 200 GET /api/v1/ 6.95ms
INF 2026-08-03T19:48:10.577Z > 200 GET /api/v1/ 8.68ms
INF 2026-08-03T19:48:10.588Z > 200 GET /api/v1/ 7.72ms
INF 2026-08-03T19:48:10.597Z > 200 GET /api/v1/ 8.13ms
INF 2026-08-03T19:48:10.607Z > 200 GET /api/v1/ 8.35ms
INF 2026-08-03T19:48:10.619Z > 200 GET /api/v1/ 10.3ms
INF 2026-08-03T19:48:10.624Z > 200 GET /api/v1/ 1052.84ms
INF 2026-08-03T19:48:10.655Z > 200 GET /api/v1/ 1166.36ms
INF 2026-08-03T19:48:10.659Z > 200 GET /api/v1/ 212.75ms
INF 2026-08-03T19:48:10.661Z > 200 GET /api/v1/ 1125.76ms
INF 2026-08-03T19:48:10.670Z > 200 GET /api/v1/ 9.5ms
INF 2026-08-03T19:48:10.689Z > 200 GET /api/v1/ 1449.29ms
INF 2026-08-03T19:48:10.696Z > 200 GET /api/v1/ 159.08ms
INF 2026-08-03T19:48:10.704Z > 200 GET /api/v1/ 6.89ms
INF 2026-08-03T19:48:10.713Z > 200 GET /api/v1/ 8.31ms
INF 2026-08-03T19:48:10.721Z > 200 GET /api/v1/ 7.68ms
INF 2026-08-03T19:48:10.741Z > 200 GET /api/v1/ 7.62ms
INF 2026-08-03T19:48:10.753Z > 200 GET /api/v1/ 8.4ms
INF 2026-08-03T19:48:10.758Z > 200 GET /api/v1/ 1181.27ms
INF 2026-08-03T19:48:10.776Z > 200 GET /api/v1/ 10.84ms
INF 2026-08-03T19:48:10.807Z > 200 GET /api/v1/ 13.08ms
INF 2026-08-03T19:48:10.817Z > 200 GET /api/v1/ 216.0ms
INF 2026-08-03T19:48:10.826Z > 200 GET /api/v1/ 9.24ms
INF 2026-08-03T19:48:10.836Z > 200 GET /api/v1/ 319.36ms
INF 2026-08-03T19:48:10.838Z > 200 GET /api/v1/ 239.48ms
INF 2026-08-03T19:48:10.844Z > 200 GET /api/v1/ 1034.56ms
INF 2026-08-03T19:48:10.851Z > 200 GET /api/v1/ 194.67ms
INF 2026-08-03T19:48:10.855Z > 200 GET /api/v1/ 345.52ms
INF 2026-08-03T19:48:10.857Z > 200 GET /api/v1/ 1322.22ms
INF 2026-08-03T19:48:10.858Z > 200 GET /api/v1/ 993.08ms
INF 2026-08-03T19:48:10.859Z > 200 GET /api/v1/ 333.8ms
INF 2026-08-03T19:48:10.862Z > 200 GET /api/v1/ 205.28ms
INF 2026-08-03T19:48:10.862Z > 200 GET /api/v1/ 205.85ms
INF 2026-08-03T19:48:10.867Z > 200 GET /api/v1/ 268.85ms
INF 2026-08-03T19:48:10.868Z > 200 GET /api/v1/ 1006.63ms
INF 2026-08-03T19:48:10.886Z > 200 GET /api/v1/ 15.85ms
INF 2026-08-03T19:48:10.901Z > 200 GET /api/v1/ 7.92ms
INF 2026-08-03T19:48:10.905Z > 200 GET /api/v1/ 996.43ms
INF 2026-08-03T19:48:10.914Z > 200 GET /api/v1/ 8.71ms
INF 2026-08-03T19:48:10.915Z > 200 GET /api/v1/ 1029.77ms
INF 2026-08-03T19:48:10.921Z > 200 GET /api/v1/ 184.4ms
INF 2026-08-03T19:48:10.922Z > 200 GET /api/v1/ 973.06ms
INF 2026-08-03T19:48:10.953Z > 200 GET /api/v1/ 1412.25ms
INF 2026-08-03T19:48:10.955Z > 200 GET /api/v1/ 1410.21ms
INF 2026-08-03T19:48:10.961Z > 200 GET /api/v1/ 1437.58ms
INF 2026-08-03T19:48:10.991Z > 200 GET /api/v1/ 35.67ms
INF 2026-08-03T19:48:11.018Z > 200 GET /api/v1/ 20.61ms
INF 2026-08-03T19:48:11.028Z > 200 GET /api/v1/ 1439.46ms
INF 2026-08-03T19:48:11.044Z > 200 GET /api/v1/ 11.71ms
INF 2026-08-03T19:48:11.051Z > 200 GET /api/v1/ 293.78ms
INF 2026-08-03T19:48:11.056Z > 200 GET /api/v1/ 1228.76ms
INF 2026-08-03T19:48:11.061Z > 200 GET /api/v1/ 1119.5ms
INF 2026-08-03T19:48:11.061Z > 200 GET /api/v1/ 1228.51ms
INF 2026-08-03T19:48:11.062Z > 200 GET /api/v1/ 893.15ms
INF 2026-08-03T19:48:11.069Z > 200 GET /api/v1/ 1209.77ms
INF 2026-08-03T19:48:11.071Z > 200 GET /api/v1/ 986.12ms
INF 2026-08-03T19:48:11.072Z > 200 GET /api/v1/ 1054.92ms
INF 2026-08-03T19:48:11.073Z > 200 GET /api/v1/ 11.27ms
INF 2026-08-03T19:48:11.075Z > 200 GET /api/v1/ 961.79ms
INF 2026-08-03T19:48:11.076Z > 200 GET /api/v1/ 1216.77ms
INF 2026-08-03T19:48:11.076Z > 200 GET /api/v1/ 1191.55ms
INF 2026-08-03T19:48:11.078Z > 200 GET /api/v1/ 8.54ms
INF 2026-08-03T19:48:11.091Z > 200 GET /api/v1/ 6.57ms
INF 2026-08-03T19:48:11.100Z > 200 GET /api/v1/ 7.33ms
INF 2026-08-03T19:48:11.114Z > 200 GET /api/v1/ 9.35ms
INF 2026-08-03T19:48:11.171Z > 200 GET /api/v1/ 54.35ms
INF 2026-08-03T19:48:11.177Z > 200 GET /api/v1/ 1318.37ms
INF 2026-08-03T19:48:11.180Z > 200 GET /api/v1/ 295.7ms
INF 2026-08-03T19:48:11.184Z > 200 GET /api/v1/ 322.96ms
INF 2026-08-03T19:48:11.185Z > 200 GET /api/v1/ 1300.1ms
INF 2026-08-03T19:48:11.187Z > 200 GET /api/v1/ 285.76ms
INF 2026-08-03T19:48:11.220Z > 200 GET /api/v1/ 6.97ms
INF 2026-08-03T19:48:11.230Z > 200 GET /api/v1/ 9.51ms
INF 2026-08-03T19:48:11.279Z > 200 GET /api/v1/ 281.15ms
INF 2026-08-03T19:48:11.284Z > 200 GET /api/v1/ 341.17ms
INF 2026-08-03T19:48:11.289Z > 200 GET /api/v1/ 408.38ms
INF 2026-08-03T19:48:11.293Z > 200 GET /api/v1/ 988.14ms
INF 2026-08-03T19:48:11.328Z > 200 GET /api/v1/ 7.42ms
INF 2026-08-03T19:48:11.337Z > 200 GET /api/v1/ 8.41ms
INF 2026-08-03T19:48:11.338Z > 200 GET /api/v1/ 1208.8ms
INF 2026-08-03T19:48:11.339Z > 200 GET /api/v1/ 2234.35ms
INF 2026-08-03T19:48:11.340Z > 200 GET /api/v1/ 2251.04ms
INF 2026-08-03T19:48:11.340Z > 200 GET /api/v1/ 2211.22ms
INF 2026-08-03T19:48:11.342Z > 200 GET /api/v1/ 2269.35ms
INF 2026-08-03T19:48:11.349Z > 200 GET /api/v1/ 11.42ms
INF 2026-08-03T19:48:11.371Z > 200 GET /api/v1/ 414.3ms
INF 2026-08-03T19:48:11.375Z > 200 GET /api/v1/ 369.82ms
INF 2026-08-03T19:48:11.380Z > 200 GET /api/v1/ 238.05ms
INF 2026-08-03T19:48:11.391Z > 200 GET /api/v1/ 10.2ms
INF 2026-08-03T19:48:11.396Z > 200 GET /api/v1/ 1764.42ms
INF 2026-08-03T19:48:11.400Z > 200 GET /api/v1/ 1059.12ms
INF 2026-08-03T19:48:11.402Z > 200 GET /api/v1/ 288.92ms
INF 2026-08-03T19:48:11.403Z > 200 GET /api/v1/ 285.75ms
INF 2026-08-03T19:48:11.403Z > 200 GET /api/v1/ 246.61ms
INF 2026-08-03T19:48:11.405Z > 200 GET /api/v1/ 263.31ms
INF 2026-08-03T19:48:11.414Z > 200 GET /api/v1/ 309.03ms
INF 2026-08-03T19:48:11.419Z > 200 GET /api/v1/ 2238.06ms
INF 2026-08-03T19:48:11.428Z > 200 GET /api/v1/ 7.36ms
INF 2026-08-03T19:48:11.483Z > 200 GET /api/v1/ 2361.95ms
INF 2026-08-03T19:48:11.485Z > 200 GET /api/v1/ 52.11ms
INF 2026-08-03T19:48:11.503Z > 200 GET /api/v1/ 2345.69ms
INF 2026-08-03T19:48:11.532Z > 200 GET /api/v1/ 7.02ms
INF 2026-08-03T19:48:11.536Z > 200 GET /api/v1/ 419.35ms
INF 2026-08-03T19:48:11.555Z > 200 GET /api/v1/ 6.67ms
INF 2026-08-03T19:48:11.574Z > 200 GET /api/v1/ 460.83ms
INF 2026-08-03T19:48:11.578Z > 200 GET /api/v1/ 681.46ms
INF 2026-08-03T19:48:11.584Z > 200 GET /api/v1/ 202.66ms
INF 2026-08-03T19:48:11.586Z > 200 GET /api/v1/ 204.63ms
INF 2026-08-03T19:48:11.614Z > 200 GET /api/v1/ 1041.15ms
INF 2026-08-03T19:48:11.627Z > 200 GET /api/v1/ 2193.34ms
INF 2026-08-03T19:48:11.647Z > 200 GET /api/v1/ 17.86ms
INF 2026-08-03T19:48:11.647Z > 200 GET /api/v1/ 2248.25ms
INF 2026-08-03T19:48:11.654Z > 200 GET /api/v1/ 511.58ms
INF 2026-08-03T19:48:11.656Z > 200 GET /api/v1/ 2263.3ms
INF 2026-08-03T19:48:11.657Z > 200 GET /api/v1/ 275.85ms
INF 2026-08-03T19:48:11.659Z > 200 GET /api/v1/ 437.73ms
INF 2026-08-03T19:48:11.663Z > 200 GET /api/v1/ 1130.13ms
INF 2026-08-03T19:48:11.665Z > 200 GET /api/v1/ 7.91ms
INF 2026-08-03T19:48:11.676Z > 200 GET /api/v1/ 7.16ms
INF 2026-08-03T19:48:11.697Z > 200 GET /api/v1/ 8.12ms
INF 2026-08-03T19:48:11.705Z > 200 GET /api/v1/ 7.58ms
INF 2026-08-03T19:48:11.713Z > 200 GET /api/v1/ 8.27ms
INF 2026-08-03T19:48:11.726Z > 200 GET /api/v1/ 8.92ms
INF 2026-08-03T19:48:11.777Z > 200 GET /api/v1/ 28.68ms
INF 2026-08-03T19:48:11.787Z > 200 GET /api/v1/ 2457.9ms
INF 2026-08-03T19:48:11.793Z > 200 GET /api/v1/ 2356.51ms
INF 2026-08-03T19:48:11.809Z > 200 GET /api/v1/ 352.09ms
INF 2026-08-03T19:48:11.844Z > 200 GET /api/v1/ 2514.28ms
INF 2026-08-03T19:48:11.844Z > 200 GET /api/v1/ 1403.8ms
INF 2026-08-03T19:48:11.845Z > 200 GET /api/v1/ 2411.91ms
INF 2026-08-03T19:48:11.850Z > 200 GET /api/v1/ 2610.06ms
INF 2026-08-03T19:48:11.850Z > 200 GET /api/v1/ 2378.95ms
INF 2026-08-03T19:48:11.855Z > 200 GET /api/v1/ 442.02ms
INF 2026-08-03T19:48:11.858Z > 200 GET /api/v1/ 1416.86ms
INF 2026-08-03T19:48:11.859Z > 200 GET /api/v1/ 1430.5ms
INF 2026-08-03T19:48:11.878Z > 200 GET /api/v1/ 1356.86ms
INF 2026-08-03T19:48:11.884Z > 200 GET /api/v1/ 1351.0ms
INF 2026-08-03T19:48:11.887Z > 200 GET /api/v1/ 1446.21ms
INF 2026-08-03T19:48:11.888Z > 200 GET /api/v1/ 1362.33ms
INF 2026-08-03T19:48:11.893Z > 200 GET /api/v1/ 8.44ms
INF 2026-08-03T19:48:11.903Z > 200 GET /api/v1/ 10.11ms
INF 2026-08-03T19:48:11.913Z > 200 GET /api/v1/ 1348.35ms
INF 2026-08-03T19:48:11.917Z > 200 GET /api/v1/ 2598.84ms
INF 2026-08-03T19:48:11.919Z > 200 GET /api/v1/ 525.54ms
INF 2026-08-03T19:48:11.919Z > 200 GET /api/v1/ 1405.1ms
INF 2026-08-03T19:48:11.920Z > 200 GET /api/v1/ 1071.52ms
INF 2026-08-03T19:48:11.923Z > 200 GET /api/v1/ 826.29ms
INF 2026-08-03T19:48:11.927Z > 200 GET /api/v1/ 2326.46ms
INF 2026-08-03T19:48:11.934Z > 200 GET /api/v1/ 9.32ms
INF 2026-08-03T19:48:11.944Z > 200 GET /api/v1/ 7.15ms
INF 2026-08-03T19:48:11.953Z > 200 GET /api/v1/ 7.55ms
INF 2026-08-03T19:48:11.968Z > 200 GET /api/v1/ 10.81ms
INF 2026-08-03T19:48:11.974Z > 200 GET /api/v1/ 1525.27ms
INF 2026-08-03T19:48:11.988Z > 200 GET /api/v1/ 11.04ms
INF 2026-08-03T19:48:11.993Z > 200 GET /api/v1/ 2360.39ms
INF 2026-08-03T19:48:11.999Z > 200 GET /api/v1/ 2045.74ms
INF 2026-08-03T19:48:12.018Z > 200 GET /api/v1/ 9.01ms
INF 2026-08-03T19:48:12.045Z > 200 GET /api/v1/ 11.73ms
INF 2026-08-03T19:48:12.074Z > 200 GET /api/v1/ 13.5ms
INF 2026-08-03T19:48:12.081Z > 200 GET /api/v1/ 2428.81ms
INF 2026-08-03T19:48:12.086Z > 200 GET /api/v1/ 2265.44ms
INF 2026-08-03T19:48:12.087Z > 200 GET /api/v1/ 2341.89ms
INF 2026-08-03T19:48:12.088Z > 200 GET /api/v1/ 1630.82ms
INF 2026-08-03T19:48:12.097Z > 200 GET /api/v1/ 8.19ms
INF 2026-08-03T19:48:12.102Z > 200 GET /api/v1/ 2309.04ms
INF 2026-08-03T19:48:12.107Z > 200 GET /api/v1/ 2357.93ms
INF 2026-08-03T19:48:12.111Z > 200 GET /api/v1/ 2373.95ms
INF 2026-08-03T19:48:12.112Z > 200 GET /api/v1/ 2363.54ms
INF 2026-08-03T19:48:12.125Z > 200 GET /api/v1/ 8.37ms
INF 2026-08-03T19:48:12.133Z > 200 GET /api/v1/ 7.9ms
INF 2026-08-03T19:48:12.142Z > 200 GET /api/v1/ 2301.7ms
INF 2026-08-03T19:48:12.147Z > 200 GET /api/v1/ 2202.26ms
INF 2026-08-03T19:48:12.150Z > 200 GET /api/v1/ 2321.14ms
INF 2026-08-03T19:48:12.160Z > 200 GET /api/v1/ 2300.77ms
INF 2026-08-03T19:48:12.166Z > 200 GET /api/v1/ 11.73ms
INF 2026-08-03T19:48:12.181Z > 200 GET /api/v1/ 2296.08ms
INF 2026-08-03T19:48:12.186Z > 200 GET /api/v1/ 2057.03ms
INF 2026-08-03T19:48:12.190Z > 200 GET /api/v1/ 1569.59ms
INF 2026-08-03T19:48:12.201Z > 200 GET /api/v1/ 7.73ms
INF 2026-08-03T19:48:12.219Z > 200 GET /api/v1/ 17.93ms
INF 2026-08-03T19:48:12.236Z > 200 GET /api/v1/ 10.83ms
INF 2026-08-03T19:48:12.242Z > 200 GET /api/v1/ 357.62ms
INF 2026-08-03T19:48:12.245Z > 200 GET /api/v1/ 672.27ms
INF 2026-08-03T19:48:12.254Z > 200 GET /api/v1/ 553.53ms
INF 2026-08-03T19:48:12.256Z > 200 GET /api/v1/ 1679.71ms
INF 2026-08-03T19:48:12.259Z > 200 GET /api/v1/ 417.41ms
INF 2026-08-03T19:48:12.261Z > 200 GET /api/v1/ 2307.78ms
INF 2026-08-03T19:48:12.274Z > 200 GET /api/v1/ 12.8ms
INF 2026-08-03T19:48:12.286Z > 200 GET /api/v1/ 8.97ms
INF 2026-08-03T19:48:12.292Z > 200 GET /api/v1/ 2450.85ms
INF 2026-08-03T19:48:12.296Z > 200 GET /api/v1/ 2363.6ms
INF 2026-08-03T19:48:12.297Z > 200 GET /api/v1/ 2516.34ms
INF 2026-08-03T19:48:12.298Z > 200 GET /api/v1/ 1829.61ms
INF 2026-08-03T19:48:12.299Z > 200 GET /api/v1/ 2422.49ms
INF 2026-08-03T19:48:12.309Z > 200 GET /api/v1/ 8.1ms
INF 2026-08-03T19:48:12.326Z > 200 GET /api/v1/ 8.79ms
INF 2026-08-03T19:48:12.338Z > 200 GET /api/v1/ 8.73ms
INF 2026-08-03T19:48:12.343Z > 200 GET /api/v1/ 575.85ms
INF 2026-08-03T19:48:12.361Z > 200 GET /api/v1/ 8.43ms
INF 2026-08-03T19:48:12.377Z > 200 GET /api/v1/ 7.97ms
INF 2026-08-03T19:48:12.389Z > 200 GET /api/v1/ 7.75ms
INF 2026-08-03T19:48:12.412Z > 200 GET /api/v1/ 7.28ms
INF 2026-08-03T19:48:12.432Z > 200 GET /api/v1/ 9.06ms
INF 2026-08-03T19:48:12.451Z > 200 GET /api/v1/ 1545.19ms
INF 2026-08-03T19:48:12.458Z > 200 GET /api/v1/ 2500.88ms
INF 2026-08-03T19:48:12.473Z > 200 GET /api/v1/ 284.11ms
INF 2026-08-03T19:48:12.482Z > 200 GET /api/v1/ 8.5ms
INF 2026-08-03T19:48:12.486Z > 200 GET /api/v1/ 356.81ms
INF 2026-08-03T19:48:12.487Z > 200 GET /api/v1/ 189.73ms
INF 2026-08-03T19:48:12.488Z > 200 GET /api/v1/ 503.04ms
INF 2026-08-03T19:48:12.494Z > 200 GET /api/v1/ 533.34ms
INF 2026-08-03T19:48:12.501Z > 200 GET /api/v1/ 738.82ms
INF 2026-08-03T19:48:12.504Z > 200 GET /api/v1/ 374.95ms
INF 2026-08-03T19:48:12.528Z > 200 GET /api/v1/ 382.94ms
INF 2026-08-03T19:48:12.549Z > 200 GET /api/v1/ 21.38ms
INF 2026-08-03T19:48:12.555Z > 200 GET /api/v1/ 1889.72ms
INF 2026-08-03T19:48:12.555Z > 200 GET /api/v1/ 858.3ms
INF 2026-08-03T19:48:12.569Z > 200 GET /api/v1/ 2164.29ms
INF 2026-08-03T19:48:12.574Z > 200 GET /api/v1/ 396.82ms
INF 2026-08-03T19:48:12.578Z > 200 GET /api/v1/ 293.72ms
INF 2026-08-03T19:48:12.585Z > 200 GET /api/v1/ 1884.16ms
INF 2026-08-03T19:48:12.597Z > 200 GET /api/v1/ 828.14ms
INF 2026-08-03T19:48:12.606Z > 200 GET /api/v1/ 8.57ms
INF 2026-08-03T19:48:12.610Z > 200 GET /api/v1/ 268.95ms
INF 2026-08-03T19:48:12.615Z > 200 GET /api/v1/ 273.76ms
INF 2026-08-03T19:48:12.617Z > 200 GET /api/v1/ 375.94ms
INF 2026-08-03T19:48:12.623Z > 200 GET /api/v1/ 6.35ms
INF 2026-08-03T19:48:12.629Z > 200 GET /api/v1/ 296.01ms
INF 2026-08-03T19:48:12.642Z > 200 GET /api/v1/ 13.2ms
INF 2026-08-03T19:48:12.657Z > 200 GET /api/v1/ 8.44ms
INF 2026-08-03T19:48:12.667Z > 200 GET /api/v1/ 9.68ms
INF 2026-08-03T19:48:12.673Z > 200 GET /api/v1/ 547.74ms
INF 2026-08-03T19:48:12.673Z > 200 GET /api/v1/ 216.56ms
INF 2026-08-03T19:48:12.674Z > 200 GET /api/v1/ 245.46ms
INF 2026-08-03T19:48:12.675Z > 200 GET /api/v1/ 290.12ms
INF 2026-08-03T19:48:12.682Z > 200 GET /api/v1/ 7.16ms
INF 2026-08-03T19:48:12.686Z > 200 GET /api/v1/ 725.08ms
INF 2026-08-03T19:48:12.711Z > 200 GET /api/v1/ 8.9ms
INF 2026-08-03T19:48:12.726Z > 200 GET /api/v1/ 8.85ms
INF 2026-08-03T19:48:12.731Z > 200 GET /api/v1/ 201.72ms
INF 2026-08-03T19:48:12.735Z > 200 GET /api/v1/ 240.75ms
INF 2026-08-03T19:48:12.739Z > 200 GET /api/v1/ 398.44ms
INF 2026-08-03T19:48:12.740Z > 200 GET /api/v1/ 170.75ms
INF 2026-08-03T19:48:12.759Z > 200 GET /api/v1/ 6.61ms
INF 2026-08-03T19:48:12.776Z > 200 GET /api/v1/ 7.3ms
INF 2026-08-03T19:48:12.779Z > 200 GET /api/v1/ 233.82ms
INF 2026-08-03T19:48:12.785Z > 200 GET /api/v1/ 1903.75ms
INF 2026-08-03T19:48:12.788Z > 200 GET /api/v1/ 7.58ms
INF 2026-08-03T19:48:12.812Z > 200 GET /api/v1/ 10.71ms
INF 2026-08-03T19:48:12.831Z > 200 GET /api/v1/ 14.58ms
INF 2026-08-03T19:48:12.845Z > 200 GET /api/v1/ 2047.23ms
INF 2026-08-03T19:48:12.849Z > 200 GET /api/v1/ 131.56ms
INF 2026-08-03T19:48:12.857Z > 200 GET /api/v1/ 148.01ms
INF 2026-08-03T19:48:12.861Z > 200 GET /api/v1/ 8.48ms
INF 2026-08-03T19:48:12.871Z > 200 GET /api/v1/ 1886.9ms
INF 2026-08-03T19:48:12.878Z > 200 GET /api/v1/ 1772.61ms
INF 2026-08-03T19:48:12.883Z > 200 GET /api/v1/ 270.57ms
INF 2026-08-03T19:48:12.888Z > 200 GET /api/v1/ 1450.53ms
INF 2026-08-03T19:48:12.893Z > 200 GET /api/v1/ 167.64ms
INF 2026-08-03T19:48:12.901Z > 200 GET /api/v1/ 240.04ms
INF 2026-08-03T19:48:12.910Z > 200 GET /api/v1/ 9.28ms
INF 2026-08-03T19:48:12.923Z > 200 GET /api/v1/ 10.52ms
INF 2026-08-03T19:48:12.934Z > 200 GET /api/v1/ 9.02ms
INF 2026-08-03T19:48:12.943Z > 200 GET /api/v1/ 121.88ms
INF 2026-08-03T19:48:12.951Z > 200 GET /api/v1/ 173.81ms
INF 2026-08-03T19:48:12.958Z > 200 GET /api/v1/ 1617.04ms
INF 2026-08-03T19:48:12.969Z > 200 GET /api/v1/ 187.91ms
INF 2026-08-03T19:48:12.970Z > 200 GET /api/v1/ 11.08ms
INF 2026-08-03T19:48:12.976Z > 200 GET /api/v1/ 147.22ms
INF 2026-08-03T19:48:12.984Z > 200 GET /api/v1/ 6.97ms
INF 2026-08-03T19:48:12.992Z > 200 GET /api/v1/ 115.53ms
INF 2026-08-03T19:48:12.996Z > 200 GET /api/v1/ 10.84ms
INF 2026-08-03T19:48:12.997Z > 200 GET /api/v1/ 168.63ms
INF 2026-08-03T19:48:13.026Z > 200 GET /api/v1/ 13.03ms
INF 2026-08-03T19:48:13.040Z > 200 GET /api/v1/ 7.01ms
INF 2026-08-03T19:48:13.050Z > 200 GET /api/v1/ 8.87ms
INF 2026-08-03T19:48:13.051Z > 200 GET /api/v1/ 1826.48ms
INF 2026-08-03T19:48:13.067Z > 200 GET /api/v1/ 122.61ms
INF 2026-08-03T19:48:13.077Z > 200 GET /api/v1/ 8.0ms
INF 2026-08-03T19:48:13.080Z > 200 GET /api/v1/ 175.51ms
INF 2026-08-03T19:48:13.091Z > 200 GET /api/v1/ 6.71ms
INF 2026-08-03T19:48:13.096Z > 200 GET /api/v1/ 207.02ms
INF 2026-08-03T19:48:13.100Z > 200 GET /api/v1/ 1411.33ms
INF 2026-08-03T19:48:13.105Z > 200 GET /api/v1/ 176.5ms
INF 2026-08-03T19:48:13.118Z > 200 GET /api/v1/ 8.35ms
INF 2026-08-03T19:48:13.129Z > 200 GET /api/v1/ 8.34ms
INF 2026-08-03T19:48:13.151Z > 200 GET /api/v1/ 196.55ms
INF 2026-08-03T19:48:13.158Z > 200 GET /api/v1/ 1161.12ms
INF 2026-08-03T19:48:13.170Z > 200 GET /api/v1/ 8.78ms
INF 2026-08-03T19:48:13.173Z > 200 GET /api/v1/ 156.56ms
INF 2026-08-03T19:48:13.179Z > 200 GET /api/v1/ 165.84ms
INF 2026-08-03T19:48:13.184Z > 200 GET /api/v1/ 247.37ms
INF 2026-08-03T19:48:13.185Z > 200 GET /api/v1/ 296.08ms
INF 2026-08-03T19:48:13.185Z > 200 GET /api/v1/ 148.52ms
INF 2026-08-03T19:48:13.186Z > 200 GET /api/v1/ 192.89ms
INF 2026-08-03T19:48:13.196Z > 200 GET /api/v1/ 1047.48ms
INF 2026-08-03T19:48:13.199Z > 200 GET /api/v1/ 105.57ms
INF 2026-08-03T19:48:13.263Z > 200 GET /api/v1/ 2306.63ms
INF 2026-08-03T19:48:13.284Z > 200 GET /api/v1/ 755.85ms
INF 2026-08-03T19:48:13.286Z > 200 GET /api/v1/ 2377.24ms
INF 2026-08-03T19:48:13.287Z > 200 GET /api/v1/ 2386.1ms
INF 2026-08-03T19:48:13.288Z > 200 GET /api/v1/ 2386.84ms
INF 2026-08-03T19:48:13.295Z > 200 GET /api/v1/ 2493.86ms
INF 2026-08-03T19:48:13.296Z > 200 GET /api/v1/ 2311.93ms
INF 2026-08-03T19:48:13.303Z > 200 GET /api/v1/ 2393.77ms
INF 2026-08-03T19:48:13.308Z > 200 GET /api/v1/ 1339.18ms
INF 2026-08-03T19:48:13.316Z > 200 GET /api/v1/ 718.74ms
INF 2026-08-03T19:48:13.320Z > 200 GET /api/v1/ 727.39ms
INF 2026-08-03T19:48:13.324Z > 200 GET /api/v1/ 782.73ms
INF 2026-08-03T19:48:13.327Z > 200 GET /api/v1/ 798.69ms
INF 2026-08-03T19:48:13.328Z > 200 GET /api/v1/ 1855.15ms
INF 2026-08-03T19:48:13.328Z > 200 GET /api/v1/ 2373.23ms
INF 2026-08-03T19:48:13.332Z > 200 GET /api/v1/ 7.19ms
INF 2026-08-03T19:48:13.344Z > 200 GET /api/v1/ 6.86ms
INF 2026-08-03T19:48:13.353Z > 200 GET /api/v1/ 7.61ms
INF 2026-08-03T19:48:13.368Z > 200 GET /api/v1/ 8.44ms
INF 2026-08-03T19:48:13.379Z > 200 GET /api/v1/ 10.09ms
INF 2026-08-03T19:48:13.383Z > 200 GET /api/v1/ 289.48ms
INF 2026-08-03T19:48:13.390Z > 200 GET /api/v1/ 2161.18ms
INF 2026-08-03T19:48:13.394Z > 200 GET /api/v1/ 2281.62ms
INF 2026-08-03T19:48:13.399Z > 200 GET /api/v1/ 2282.43ms
INF 2026-08-03T19:48:13.400Z > 200 GET /api/v1/ 759.1ms
INF 2026-08-03T19:48:13.405Z > 200 GET /api/v1/ 8.08ms
INF 2026-08-03T19:48:13.419Z > 200 GET /api/v1/ 890.37ms
INF 2026-08-03T19:48:13.429Z > 200 GET /api/v1/ 8.1ms
INF 2026-08-03T19:48:13.440Z > 200 GET /api/v1/ 7.39ms
INF 2026-08-03T19:48:13.447Z > 200 GET /api/v1/ 1545.83ms
INF 2026-08-03T19:48:13.453Z > 200 GET /api/v1/ 2072.03ms
INF 2026-08-03T19:48:13.456Z > 200 GET /api/v1/ 2131.53ms
INF 2026-08-03T19:48:13.459Z > 200 GET /api/v1/ 9.1ms
INF 2026-08-03T19:48:13.468Z > 200 GET /api/v1/ 7.02ms
INF 2026-08-03T19:48:13.479Z > 200 GET /api/v1/ 6.5ms
INF 2026-08-03T19:48:13.490Z > 200 GET /api/v1/ 9.07ms
INF 2026-08-03T19:48:13.492Z > 200 GET /api/v1/ 775.2ms
INF 2026-08-03T19:48:13.504Z > 200 GET /api/v1/ 7.56ms
INF 2026-08-03T19:48:13.516Z > 200 GET /api/v1/ 7.0ms
INF 2026-08-03T19:48:13.529Z > 200 GET /api/v1/ 8.02ms
INF 2026-08-03T19:48:13.549Z > 200 GET /api/v1/ 15.45ms
INF 2026-08-03T19:48:13.557Z > 200 GET /api/v1/ 7.21ms
INF 2026-08-03T19:48:13.566Z > 200 GET /api/v1/ 237.02ms
INF 2026-08-03T19:48:13.570Z > 200 GET /api/v1/ 1023.83ms
INF 2026-08-03T19:48:13.573Z > 200 GET /api/v1/ 131.92ms
INF 2026-08-03T19:48:13.583Z > 200 GET /api/v1/ 233.96ms
INF 2026-08-03T19:48:13.584Z > 200 GET /api/v1/ 246.64ms
INF 2026-08-03T19:48:13.605Z > 200 GET /api/v1/ 8.39ms
INF 2026-08-03T19:48:13.614Z > 200 GET /api/v1/ 8.77ms
INF 2026-08-03T19:48:13.622Z > 200 GET /api/v1/ 259.26ms
INF 2026-08-03T19:48:13.625Z > 200 GET /api/v1/ 256.21ms
INF 2026-08-03T19:48:13.660Z > 200 GET /api/v1/ 402.04ms
INF 2026-08-03T19:48:13.661Z > 200 GET /api/v1/ 219.87ms
INF 2026-08-03T19:48:13.689Z > 200 GET /api/v1/ 63.48ms
INF 2026-08-03T19:48:13.739Z > 200 GET /api/v1/ 78.47ms
INF 2026-08-03T19:48:13.753Z > 200 GET /api/v1/ 2335.82ms
INF 2026-08-03T19:48:13.755Z > 200 GET /api/v1/ 2369.71ms
INF 2026-08-03T19:48:13.770Z > 200 GET /api/v1/ 2321.01ms
INF 2026-08-03T19:48:13.771Z > 200 GET /api/v1/ 2070.15ms
INF 2026-08-03T19:48:13.773Z > 200 GET /api/v1/ 1107.91ms
INF 2026-08-03T19:48:13.774Z > 200 GET /api/v1/ 1056.64ms
INF 2026-08-03T19:48:13.774Z > 200 GET /api/v1/ 2433.24ms
INF 2026-08-03T19:48:13.784Z > 200 GET /api/v1/ 2075.12ms
INF 2026-08-03T19:48:13.785Z > 200 GET /api/v1/ 2160.21ms
INF 2026-08-03T19:48:13.787Z > 200 GET /api/v1/ 2166.03ms
INF 2026-08-03T19:48:13.790Z > 200 GET /api/v1/ 2417.83ms
INF 2026-08-03T19:48:13.790Z > 200 GET /api/v1/ 2349.46ms
INF 2026-08-03T19:48:13.791Z > 200 GET /api/v1/ 2257.82ms
INF 2026-08-03T19:48:13.791Z > 200 GET /api/v1/ 2562.46ms
INF 2026-08-03T19:48:13.801Z > 200 GET /api/v1/ 2335.59ms
INF 2026-08-03T19:48:13.821Z > 200 GET /api/v1/ 435.09ms
INF 2026-08-03T19:48:13.833Z > 200 GET /api/v1/ 1991.38ms
INF 2026-08-03T19:48:13.834Z > 200 GET /api/v1/ 2212.97ms
INF 2026-08-03T19:48:13.835Z > 200 GET /api/v1/ 465.77ms
INF 2026-08-03T19:48:13.835Z > 200 GET /api/v1/ 2258.55ms
INF 2026-08-03T19:48:13.837Z > 200 GET /api/v1/ 2388.51ms
INF 2026-08-03T19:48:13.838Z > 200 GET /api/v1/ 2388.91ms
INF 2026-08-03T19:48:13.848Z > 200 GET /api/v1/ 1883.25ms
INF 2026-08-03T19:48:13.849Z > 200 GET /api/v1/ 1811.47ms
INF 2026-08-03T19:48:13.850Z > 200 GET /api/v1/ 1956.43ms
INF 2026-08-03T19:48:13.851Z > 200 GET /api/v1/ 593.27ms
INF 2026-08-03T19:48:13.852Z > 200 GET /api/v1/ 1963.04ms
INF 2026-08-03T19:48:13.866Z > 200 GET /api/v1/ 1944.84ms
INF 2026-08-03T19:48:13.867Z > 200 GET /api/v1/ 1970.49ms
INF 2026-08-03T19:48:13.930Z > 200 GET /api/v1/ 1789.22ms
INF 2026-08-03T19:48:13.948Z > 200 GET /api/v1/ 1658.46ms
INF 2026-08-03T19:48:13.997Z > 200 GET /api/v1/ 2144.21ms
INF 2026-08-03T19:48:14.011Z > 200 GET /api/v1/ 1994.68ms
INF 2026-08-03T19:48:14.054Z > 200 GET /api/v1/ 13.28ms
INF 2026-08-03T19:48:14.063Z > 200 GET /api/v1/ 2102.1ms
INF 2026-08-03T19:48:14.072Z > 200 GET /api/v1/ 2230.72ms
INF 2026-08-03T19:48:14.085Z > 200 GET /api/v1/ 1312.62ms
INF 2026-08-03T19:48:14.093Z > 200 GET /api/v1/ 764.27ms
INF 2026-08-03T19:48:14.100Z > 200 GET /api/v1/ 1803.02ms
INF 2026-08-03T19:48:14.105Z > 200 GET /api/v1/ 930.96ms
INF 2026-08-03T19:48:14.108Z > 200 GET /api/v1/ 573.6ms
INF 2026-08-03T19:48:14.110Z > 200 GET /api/v1/ 1805.35ms
INF 2026-08-03T19:48:14.116Z > 200 GET /api/v1/ 2187.47ms
INF 2026-08-03T19:48:14.125Z > 200 GET /api/v1/ 866.54ms
INF 2026-08-03T19:48:14.126Z > 200 GET /api/v1/ 2168.75ms
INF 2026-08-03T19:48:14.126Z > 200 GET /api/v1/ 2677.18ms
INF 2026-08-03T19:48:14.130Z > 200 GET /api/v1/ 2525.56ms
INF 2026-08-03T19:48:14.139Z > 200 GET /api/v1/ 1173.71ms
INF 2026-08-03T19:48:14.139Z > 200 GET /api/v1/ 1218.04ms
INF 2026-08-03T19:48:14.141Z > 200 GET /api/v1/ 1931.33ms
INF 2026-08-03T19:48:14.142Z > 200 GET /api/v1/ 1987.62ms
INF 2026-08-03T19:48:14.142Z > 200 GET /api/v1/ 2241.4ms
INF 2026-08-03T19:48:14.143Z > 200 GET /api/v1/ 1909.83ms
INF 2026-08-03T19:48:14.143Z > 200 GET /api/v1/ 2014.55ms
INF 2026-08-03T19:48:14.153Z > 200 GET /api/v1/ 1500.04ms
INF 2026-08-03T19:48:14.155Z > 200 GET /api/v1/ 2225.93ms
INF 2026-08-03T19:48:14.156Z > 200 GET /api/v1/ 12.76ms
INF 2026-08-03T19:48:14.156Z > 200 GET /api/v1/ 2115.07ms
INF 2026-08-03T19:48:14.166Z > 200 GET /api/v1/ 9.25ms
INF 2026-08-03T19:48:14.176Z > 200 GET /api/v1/ 7.63ms
INF 2026-08-03T19:48:14.194Z > 200 GET /api/v1/ 12.75ms
INF 2026-08-03T19:48:14.209Z > 200 GET /api/v1/ 12.36ms
INF 2026-08-03T19:48:14.264Z > 200 GET /api/v1/ 54.7ms
INF 2026-08-03T19:48:14.274Z > 200 GET /api/v1/ 2089.32ms
INF 2026-08-03T19:48:14.277Z > 200 GET /api/v1/ 13.01ms
INF 2026-08-03T19:48:14.282Z > 200 GET /api/v1/ 2053.0ms
INF 2026-08-03T19:48:14.301Z > 200 GET /api/v1/ 1042.38ms
INF 2026-08-03T19:48:14.306Z > 200 GET /api/v1/ 1685.34ms
INF 2026-08-03T19:48:14.371Z > 200 GET /api/v1/ 1066.34ms
INF 2026-08-03T19:48:14.412Z > 200 GET /api/v1/ 837.43ms
INF 2026-08-03T19:48:14.416Z > 200 GET /api/v1/ 1731.21ms
INF 2026-08-03T19:48:14.426Z > 200 GET /api/v1/ 508.5ms
INF 2026-08-03T19:48:14.434Z > 200 GET /api/v1/ 598.04ms
INF 2026-08-03T19:48:14.437Z > 200 GET /api/v1/ 601.73ms
INF 2026-08-03T19:48:14.441Z > 200 GET /api/v1/ 244.48ms
INF 2026-08-03T19:48:14.443Z > 200 GET /api/v1/ 525.41ms
INF 2026-08-03T19:48:14.446Z > 200 GET /api/v1/ 260.93ms
INF 2026-08-03T19:48:14.446Z > 200 GET /api/v1/ 249.51ms
INF 2026-08-03T19:48:14.463Z > 200 GET /api/v1/ 9.11ms
INF 2026-08-03T19:48:14.477Z > 200 GET /api/v1/ 8.19ms
INF 2026-08-03T19:48:14.481Z > 200 GET /api/v1/ 758.1ms
INF 2026-08-03T19:48:14.492Z > 200 GET /api/v1/ 10.64ms
INF 2026-08-03T19:48:14.493Z > 200 GET /api/v1/ 575.44ms
INF 2026-08-03T19:48:14.501Z > 200 GET /api/v1/ 583.08ms
INF 2026-08-03T19:48:14.512Z > 200 GET /api/v1/ 7.6ms
INF 2026-08-03T19:48:14.530Z > 200 GET /api/v1/ 8.75ms
INF 2026-08-03T19:48:14.541Z > 200 GET /api/v1/ 7.91ms
INF 2026-08-03T19:48:14.553Z > 200 GET /api/v1/ 8.62ms
INF 2026-08-03T19:48:14.576Z > 200 GET /api/v1/ 740.37ms
INF 2026-08-03T19:48:14.594Z > 200 GET /api/v1/ 9.39ms
INF 2026-08-03T19:48:14.599Z > 200 GET /api/v1/ 1456.01ms
INF 2026-08-03T19:48:14.608Z > 200 GET /api/v1/ 2079.08ms
INF 2026-08-03T19:48:14.625Z > 200 GET /api/v1/ 7.86ms
INF 2026-08-03T19:48:14.644Z > 200 GET /api/v1/ 7.74ms
INF 2026-08-03T19:48:14.652Z > 200 GET /api/v1/ 7.23ms
INF 2026-08-03T19:48:14.695Z > 200 GET /api/v1/ 25.98ms
INF 2026-08-03T19:48:14.707Z > 200 GET /api/v1/ 11.67ms
INF 2026-08-03T19:48:14.712Z > 200 GET /api/v1/ 343.39ms
INF 2026-08-03T19:48:14.717Z > 200 GET /api/v1/ 2380.11ms
INF 2026-08-03T19:48:14.725Z > 200 GET /api/v1/ 595.78ms
INF 2026-08-03T19:48:14.727Z > 200 GET /api/v1/ 1065.74ms
INF 2026-08-03T19:48:14.738Z > 200 GET /api/v1/ 1516.5ms
INF 2026-08-03T19:48:14.742Z > 200 GET /api/v1/ 1593.35ms
INF 2026-08-03T19:48:14.744Z > 200 GET /api/v1/ 559.52ms
INF 2026-08-03T19:48:14.745Z > 200 GET /api/v1/ 560.54ms
INF 2026-08-03T19:48:14.747Z > 200 GET /api/v1/ 593.45ms
INF 2026-08-03T19:48:14.749Z > 200 GET /api/v1/ 259.86ms
INF 2026-08-03T19:48:14.751Z > 200 GET /api/v1/ 273.82ms
INF 2026-08-03T19:48:14.752Z > 200 GET /api/v1/ 1532.26ms
INF 2026-08-03T19:48:14.752Z > 200 GET /api/v1/ 834.81ms
INF 2026-08-03T19:48:14.756Z > 200 GET /api/v1/ 923.78ms
INF 2026-08-03T19:48:14.779Z > 200 GET /api/v1/ 9.02ms
INF 2026-08-03T19:48:14.832Z > 200 GET /api/v1/ 51.09ms
INF 2026-08-03T19:48:14.835Z > 200 GET /api/v1/ 1577.28ms
INF 2026-08-03T19:48:14.842Z > 200 GET /api/v1/ 1006.09ms
INF 2026-08-03T19:48:14.848Z > 200 GET /api/v1/ 1709.78ms
INF 2026-08-03T19:48:14.859Z > 200 GET /api/v1/ 2130.2ms
INF 2026-08-03T19:48:14.863Z > 200 GET /api/v1/ 750.09ms
INF 2026-08-03T19:48:14.866Z > 200 GET /api/v1/ 769.1ms
INF 2026-08-03T19:48:14.870Z > 200 GET /api/v1/ 412.83ms
INF 2026-08-03T19:48:14.870Z > 200 GET /api/v1/ 1845.36ms
INF 2026-08-03T19:48:14.876Z > 200 GET /api/v1/ 611.61ms
INF 2026-08-03T19:48:14.877Z > 200 GET /api/v1/ 1658.46ms
INF 2026-08-03T19:48:14.878Z > 200 GET /api/v1/ 324.91ms
INF 2026-08-03T19:48:14.884Z > 200 GET /api/v1/ 8.09ms
INF 2026-08-03T19:48:14.886Z > 200 GET /api/v1/ 7.83ms
INF 2026-08-03T19:48:14.897Z > 200 GET /api/v1/ 9.05ms
INF 2026-08-03T19:48:14.908Z > 200 GET /api/v1/ 6.85ms
INF 2026-08-03T19:48:14.917Z > 200 GET /api/v1/ 8.01ms
INF 2026-08-03T19:48:14.925Z > 200 GET /api/v1/ 8.51ms
INF 2026-08-03T19:48:14.928Z > 200 GET /api/v1/ 1063.43ms
INF 2026-08-03T19:48:14.938Z > 200 GET /api/v1/ 9.28ms
INF 2026-08-03T19:48:14.948Z > 200 GET /api/v1/ 6.83ms
INF 2026-08-03T19:48:14.957Z > 200 GET /api/v1/ 8.37ms
INF 2026-08-03T19:48:14.961Z > 200 GET /api/v1/ 1043.27ms
INF 2026-08-03T19:48:14.970Z > 200 GET /api/v1/ 8.99ms
INF 2026-08-03T19:48:14.995Z > 200 GET /api/v1/ 14.25ms
INF 2026-08-03T19:48:15.012Z > 200 GET /api/v1/ 8.24ms
INF 2026-08-03T19:48:15.019Z > 200 GET /api/v1/ 323.82ms
INF 2026-08-03T19:48:15.026Z > 200 GET /api/v1/ 219.45ms
INF 2026-08-03T19:48:15.034Z > 200 GET /api/v1/ 226.35ms
INF 2026-08-03T19:48:15.037Z > 200 GET /api/v1/ 267.33ms
INF 2026-08-03T19:48:15.040Z > 200 GET /api/v1/ 287.86ms
INF 2026-08-03T19:48:15.047Z > 200 GET /api/v1/ 239.82ms
INF 2026-08-03T19:48:15.048Z > 200 GET /api/v1/ 239.32ms
INF 2026-08-03T19:48:15.049Z > 200 GET /api/v1/ 11.2ms
INF 2026-08-03T19:48:15.052Z > 200 GET /api/v1/ 1931.42ms
INF 2026-08-03T19:48:15.061Z > 200 GET /api/v1/ 8.11ms
INF 2026-08-03T19:48:15.069Z > 200 GET /api/v1/ 7.83ms
INF 2026-08-03T19:48:15.075Z > 200 GET /api/v1/ 1242.85ms
INF 2026-08-03T19:48:15.084Z > 200 GET /api/v1/ 7.61ms
INF 2026-08-03T19:48:15.096Z > 200 GET /api/v1/ 6.97ms
INF 2026-08-03T19:48:15.113Z > 200 GET /api/v1/ 8.66ms
INF 2026-08-03T19:48:15.125Z > 200 GET /api/v1/ 8.01ms
INF 2026-08-03T19:48:15.169Z > 200 GET /api/v1/ 360.58ms
INF 2026-08-03T19:48:15.174Z > 200 GET /api/v1/ 365.69ms
INF 2026-08-03T19:48:15.179Z > 200 GET /api/v1/ 52.46ms
INF 2026-08-03T19:48:15.181Z > 200 GET /api/v1/ 348.0ms
INF 2026-08-03T19:48:15.185Z > 200 GET /api/v1/ 271.8ms
INF 2026-08-03T19:48:15.189Z > 200 GET /api/v1/ 268.16ms
INF 2026-08-03T19:48:15.189Z > 200 GET /api/v1/ 276.65ms
INF 2026-08-03T19:48:15.191Z > 200 GET /api/v1/ 382.5ms
INF 2026-08-03T19:48:15.192Z > 200 GET /api/v1/ 422.13ms
INF 2026-08-03T19:48:15.197Z > 200 GET /api/v1/ 228.02ms
INF 2026-08-03T19:48:15.198Z > 200 GET /api/v1/ 277.51ms
INF 2026-08-03T19:48:15.221Z > 200 GET /api/v1/ 8.12ms
INF 2026-08-03T19:48:15.228Z > 200 GET /api/v1/ 7.27ms
INF 2026-08-03T19:48:15.237Z > 200 GET /api/v1/ 242.59ms
INF 2026-08-03T19:48:15.238Z > 200 GET /api/v1/ 313.46ms
INF 2026-08-03T19:48:15.240Z > 200 GET /api/v1/ 11.2ms
INF 2026-08-03T19:48:15.244Z > 200 GET /api/v1/ 1059.6ms
INF 2026-08-03T19:48:15.272Z > 200 GET /api/v1/ 183.42ms
INF 2026-08-03T19:48:15.305Z > 200 GET /api/v1/ 32.82ms
INF 2026-08-03T19:48:15.319Z > 200 GET /api/v1/ 2126.07ms
INF 2026-08-03T19:48:15.327Z > 200 GET /api/v1/ 321.86ms
INF 2026-08-03T19:48:15.331Z > 200 GET /api/v1/ 1906.56ms
INF 2026-08-03T19:48:15.333Z > 200 GET /api/v1/ 526.45ms
INF 2026-08-03T19:48:15.334Z > 200 GET /api/v1/ 221.06ms
INF 2026-08-03T19:48:15.344Z > 200 GET /api/v1/ 10.29ms
INF 2026-08-03T19:48:15.349Z > 200 GET /api/v1/ 2210.07ms
INF 2026-08-03T19:48:15.355Z > 200 GET /api/v1/ 261.76ms
INF 2026-08-03T19:48:15.361Z > 200 GET /api/v1/ 455.65ms
INF 2026-08-03T19:48:15.368Z > 200 GET /api/v1/ 286.75ms
INF 2026-08-03T19:48:15.371Z > 200 GET /api/v1/ 10.38ms
INF 2026-08-03T19:48:15.378Z > 200 GET /api/v1/ 2119.88ms
INF 2026-08-03T19:48:15.382Z > 200 GET /api/v1/ 289.09ms
INF 2026-08-03T19:48:15.384Z > 200 GET /api/v1/ 149.87ms
INF 2026-08-03T19:48:15.394Z > 200 GET /api/v1/ 9.04ms
INF 2026-08-03T19:48:15.406Z > 200 GET /api/v1/ 8.69ms
INF 2026-08-03T19:48:15.418Z > 200 GET /api/v1/ 9.14ms
INF 2026-08-03T19:48:15.428Z > 200 GET /api/v1/ 7.2ms
INF 2026-08-03T19:48:15.441Z > 200 GET /api/v1/ 200.0ms
INF 2026-08-03T19:48:15.449Z > 200 GET /api/v1/ 208.06ms
INF 2026-08-03T19:48:15.457Z > 200 GET /api/v1/ 8.37ms
INF 2026-08-03T19:48:15.489Z > 200 GET /api/v1/ 254.44ms
INF 2026-08-03T19:48:15.522Z > 200 GET /api/v1/ 296.94ms
INF 2026-08-03T19:48:15.532Z > 200 GET /api/v1/ 1047.63ms
INF 2026-08-03T19:48:15.535Z > 200 GET /api/v1/ 377.8ms
INF 2026-08-03T19:48:15.535Z > 200 GET /api/v1/ 1122.44ms
INF 2026-08-03T19:48:15.536Z > 200 GET /api/v1/ 1542.64ms
INF 2026-08-03T19:48:15.552Z > 200 GET /api/v1/ 1183.41ms
INF 2026-08-03T19:48:15.558Z > 200 GET /api/v1/ 2193.63ms
INF 2026-08-03T19:48:15.569Z > 200 GET /api/v1/ 1200.49ms
INF 2026-08-03T19:48:15.615Z > 200 GET /gc-collect 21.73ms
INF 2026-08-03T19:48:15.647Z > 200 GET /gc-collect 24.01ms
INF 2026-08-03T19:48:15.685Z > 200 GET /gc-live-attr 6.45ms
INF 2026-08-03T19:48:15.729Z > 200 GET /gc-stats 91.27µs
INF 2026-08-03T19:48:15.731Z > Açık Türkiye is going to take a rest!
