gcry: GCRY_PRECISE_STACK=2 exclusive — research only; incomplete maps can UAF
gcry: GCRY_PRECISE_FIBERS=1 — parked full scan off; research
INF 2026-08-03T19:47:49.298Z > Connecting to postgresql://REDACTED:REDACTED@172.24.176.1:5432/acikturkiye_demo
| event = db_connect
INF 2026-08-03T19:47:49.333Z > [demo] Açık Türkiye is ready to lead at http://0.0.0.0:3801
INF 2026-08-03T19:47:49.467Z > 200 GET /api/v1/ 33.37ms
INF 2026-08-03T19:47:49.488Z > 200 GET /api/v1/ 15.33ms
INF 2026-08-03T19:47:49.496Z > 200 GET /api/v1/ 7.18ms
INF 2026-08-03T19:47:49.544Z > 200 GET /api/v1/ 7.48ms
INF 2026-08-03T19:47:49.558Z > 200 GET /api/v1/ 85.21ms
INF 2026-08-03T19:47:49.566Z > 200 GET /api/v1/ 7.17ms
INF 2026-08-03T19:47:49.588Z > 200 GET /api/v1/ 115.11ms
INF 2026-08-03T19:47:49.596Z > 200 GET /api/v1/ 7.88ms
INF 2026-08-03T19:47:49.617Z > 200 GET /api/v1/ 8.0ms
INF 2026-08-03T19:47:49.645Z > 200 GET /api/v1/ 8.56ms
INF 2026-08-03T19:47:49.657Z > 200 GET /api/v1/ 182.78ms
INF 2026-08-03T19:47:49.666Z > 200 GET /api/v1/ 9.1ms
INF 2026-08-03T19:47:49.715Z > 200 GET /api/v1/ 26.0ms
INF 2026-08-03T19:47:49.772Z > 200 GET /api/v1/ 57.04ms
INF 2026-08-03T19:47:49.819Z > 200 GET /api/v1/ 344.78ms
INF 2026-08-03T19:47:49.827Z > 200 GET /api/v1/ 7.41ms
INF 2026-08-03T19:47:49.833Z > 200 GET /api/v1/ 358.51ms
INF 2026-08-03T19:47:49.836Z > 200 GET /api/v1/ 362.97ms
INF 2026-08-03T19:47:49.838Z > 200 GET /api/v1/ 365.0ms
INF 2026-08-03T19:47:49.852Z > 200 GET /api/v1/ 378.21ms
INF 2026-08-03T19:47:49.862Z > 200 GET /api/v1/ 23.79ms
INF 2026-08-03T19:47:49.865Z > 200 GET /api/v1/ 12.28ms
INF 2026-08-03T19:47:49.877Z > 200 GET /api/v1/ 7.81ms
INF 2026-08-03T19:47:49.913Z > 200 GET /api/v1/ 8.63ms
INF 2026-08-03T19:47:49.929Z > 200 GET /api/v1/ 7.99ms
INF 2026-08-03T19:47:49.964Z > 200 GET /api/v1/ 7.67ms
INF 2026-08-03T19:47:49.968Z > 200 GET /api/v1/ 493.7ms
INF 2026-08-03T19:47:49.977Z > 200 GET /api/v1/ 9.51ms
INF 2026-08-03T19:47:50.013Z > 200 GET /api/v1/ 7.99ms
INF 2026-08-03T19:47:50.040Z > 200 GET /api/v1/ 18.81ms
INF 2026-08-03T19:47:50.054Z > 200 GET /api/v1/ 578.22ms
INF 2026-08-03T19:47:50.060Z > 200 GET /api/v1/ 583.0ms
INF 2026-08-03T19:47:50.064Z > 200 GET /api/v1/ 588.11ms
INF 2026-08-03T19:47:50.065Z > 200 GET /api/v1/ 590.42ms
INF 2026-08-03T19:47:50.068Z > 200 GET /api/v1/ 7.71ms
INF 2026-08-03T19:47:50.076Z > 200 GET /api/v1/ 600.88ms
INF 2026-08-03T19:47:50.076Z > 200 GET /api/v1/ 11.42ms
INF 2026-08-03T19:47:50.082Z > 200 GET /api/v1/ 6.68ms
INF 2026-08-03T19:47:50.115Z > 200 GET /api/v1/ 6.34ms
INF 2026-08-03T19:47:50.123Z > 200 GET /api/v1/ 6.69ms
INF 2026-08-03T19:47:50.131Z > 200 GET /api/v1/ 6.76ms
INF 2026-08-03T19:47:50.165Z > 200 GET /api/v1/ 7.89ms
INF 2026-08-03T19:47:50.175Z > 200 GET /api/v1/ 6.56ms
INF 2026-08-03T19:47:50.216Z > 200 GET /api/v1/ 7.05ms
INF 2026-08-03T19:47:50.224Z > 200 GET /api/v1/ 7.38ms
INF 2026-08-03T19:47:50.264Z > 200 GET /api/v1/ 7.61ms
INF 2026-08-03T19:47:50.335Z > 200 GET /api/v1/ 70.24ms
INF 2026-08-03T19:47:50.369Z > 200 GET /api/v1/ 33.89ms
INF 2026-08-03T19:47:50.390Z > 200 GET /api/v1/ 915.44ms
INF 2026-08-03T19:47:50.406Z > 200 GET /api/v1/ 927.38ms
INF 2026-08-03T19:47:50.414Z > 200 GET /api/v1/ 828.9ms
INF 2026-08-03T19:47:50.428Z > 200 GET /api/v1/ 671.37ms
INF 2026-08-03T19:47:50.432Z > 200 GET /api/v1/ 953.68ms
INF 2026-08-03T19:47:50.439Z > 200 GET /api/v1/ 964.73ms
INF 2026-08-03T19:47:50.440Z > 200 GET /api/v1/ 602.77ms
INF 2026-08-03T19:47:50.440Z > 200 GET /api/v1/ 964.91ms
INF 2026-08-03T19:47:50.568Z > 200 GET /api/v1/ 1091.17ms
INF 2026-08-03T19:47:50.570Z > 200 GET /api/v1/ 163.42ms
INF 2026-08-03T19:47:50.729Z > 200 GET /api/v1/ 159.83ms
INF 2026-08-03T19:47:50.751Z > 200 GET /api/v1/ 180.43ms
INF 2026-08-03T19:47:50.798Z > 200 GET /api/v1/ 739.96ms
INF 2026-08-03T19:47:50.826Z > 200 GET /api/v1/ 761.08ms
INF 2026-08-03T19:47:50.845Z > 200 GET /api/v1/ 764.32ms
INF 2026-08-03T19:47:50.846Z > 200 GET /api/v1/ 1368.6ms
INF 2026-08-03T19:47:50.846Z > 200 GET /api/v1/ 1026.49ms
INF 2026-08-03T19:47:50.857Z > 200 GET /api/v1/ 432.63ms
INF 2026-08-03T19:47:50.859Z > 200 GET /api/v1/ 1379.86ms
INF 2026-08-03T19:47:50.861Z > 200 GET /api/v1/ 1386.3ms
INF 2026-08-03T19:47:50.861Z > 200 GET /api/v1/ 1383.71ms
INF 2026-08-03T19:47:50.862Z > 200 GET /api/v1/ 807.47ms
INF 2026-08-03T19:47:50.877Z > 200 GET /api/v1/ 1401.81ms
INF 2026-08-03T19:47:50.881Z > 200 GET /api/v1/ 18.74ms
INF 2026-08-03T19:47:50.885Z > 200 GET /api/v1/ 1405.33ms
INF 2026-08-03T19:47:50.892Z > 200 GET /api/v1/ 14.88ms
INF 2026-08-03T19:47:50.895Z > 200 GET /api/v1/ 497.74ms
INF 2026-08-03T19:47:50.898Z > 200 GET /api/v1/ 1423.56ms
INF 2026-08-03T19:47:50.903Z > 200 GET /api/v1/ 1428.83ms
INF 2026-08-03T19:47:50.904Z > 200 GET /api/v1/ 1430.39ms
INF 2026-08-03T19:47:50.905Z > 200 GET /api/v1/ 6.83ms
INF 2026-08-03T19:47:50.907Z > 200 GET /api/v1/ 1432.25ms
INF 2026-08-03T19:47:50.909Z > 200 GET /api/v1/ 1430.26ms
INF 2026-08-03T19:47:50.914Z > 200 GET /api/v1/ 9.91ms
INF 2026-08-03T19:47:50.915Z > 200 GET /api/v1/ 1437.57ms
INF 2026-08-03T19:47:50.920Z > 200 GET /api/v1/ 1440.64ms
INF 2026-08-03T19:47:50.925Z > 200 GET /api/v1/ 1448.97ms
INF 2026-08-03T19:47:50.925Z > 200 GET /api/v1/ 1446.22ms
INF 2026-08-03T19:47:50.929Z > 200 GET /api/v1/ 1453.27ms
INF 2026-08-03T19:47:50.929Z > 200 GET /api/v1/ 9.52ms
INF 2026-08-03T19:47:50.932Z > 200 GET /api/v1/ 1454.19ms
INF 2026-08-03T19:47:50.934Z > 200 GET /api/v1/ 1459.21ms
INF 2026-08-03T19:47:50.939Z > 200 GET /api/v1/ 1461.46ms
INF 2026-08-03T19:47:50.940Z > 200 GET /api/v1/ 1464.87ms
INF 2026-08-03T19:47:50.940Z > 200 GET /api/v1/ 1464.75ms
INF 2026-08-03T19:47:50.945Z > 200 GET /api/v1/ 15.35ms
INF 2026-08-03T19:47:50.946Z > 200 GET /api/v1/ 1471.3ms
INF 2026-08-03T19:47:50.952Z > 200 GET /api/v1/ 979.15ms
INF 2026-08-03T19:47:50.954Z > 200 GET /api/v1/ 14.58ms
INF 2026-08-03T19:47:50.958Z > 200 GET /api/v1/ 11.7ms
INF 2026-08-03T19:47:50.958Z > 200 GET /api/v1/ 1483.54ms
INF 2026-08-03T19:47:50.959Z > 200 GET /api/v1/ 18.85ms
INF 2026-08-03T19:47:50.963Z > 200 GET /api/v1/ 1488.91ms
INF 2026-08-03T19:47:50.982Z > 200 GET /api/v1/ 18.5ms
INF 2026-08-03T19:47:50.987Z > 200 GET /api/v1/ 1507.79ms
INF 2026-08-03T19:47:50.993Z > 200 GET /api/v1/ 1515.51ms
INF 2026-08-03T19:47:50.999Z > 200 GET /api/v1/ 1521.18ms
INF 2026-08-03T19:47:50.999Z > 200 GET /api/v1/ 1522.77ms
INF 2026-08-03T19:47:51.006Z > 200 GET /api/v1/ 1527.43ms
INF 2026-08-03T19:47:51.010Z > 200 GET /api/v1/ 11.01ms
INF 2026-08-03T19:47:51.012Z > 200 GET /api/v1/ 12.97ms
INF 2026-08-03T19:47:51.014Z > 200 GET /api/v1/ 1536.21ms
INF 2026-08-03T19:47:51.022Z > 200 GET /api/v1/ 7.71ms
INF 2026-08-03T19:47:51.023Z > 200 GET /api/v1/ 1545.2ms
INF 2026-08-03T19:47:51.026Z > 200 GET /api/v1/ 1547.12ms
INF 2026-08-03T19:47:51.036Z > 200 GET /api/v1/ 1562.36ms
INF 2026-08-03T19:47:51.038Z > 200 GET /api/v1/ 11.32ms
INF 2026-08-03T19:47:51.039Z > 200 GET /api/v1/ 1559.29ms
INF 2026-08-03T19:47:51.041Z > 200 GET /api/v1/ 1563.5ms
INF 2026-08-03T19:47:51.044Z > 200 GET /api/v1/ 1568.33ms
INF 2026-08-03T19:47:51.044Z > 200 GET /api/v1/ 1568.62ms
INF 2026-08-03T19:47:51.048Z > 200 GET /api/v1/ 1570.2ms
INF 2026-08-03T19:47:51.051Z > 200 GET /api/v1/ 1573.8ms
INF 2026-08-03T19:47:51.059Z > 200 GET /api/v1/ 1581.49ms
INF 2026-08-03T19:47:51.060Z > 200 GET /api/v1/ 1584.64ms
INF 2026-08-03T19:47:51.062Z > 200 GET /api/v1/ 17.9ms
INF 2026-08-03T19:47:51.064Z > 200 GET /api/v1/ 1589.09ms
INF 2026-08-03T19:47:51.069Z > 200 GET /api/v1/ 896.73ms
INF 2026-08-03T19:47:51.080Z > 200 GET /api/v1/ 424.07ms
INF 2026-08-03T19:47:51.090Z > 200 GET /api/v1/ 1612.21ms
INF 2026-08-03T19:47:51.091Z > 200 GET /api/v1/ 1611.06ms
INF 2026-08-03T19:47:51.093Z > 200 GET /api/v1/ 1617.5ms
INF 2026-08-03T19:47:51.125Z > 200 GET /api/v1/ 1650.17ms
INF 2026-08-03T19:47:51.126Z > 200 GET /api/v1/ 1652.13ms
INF 2026-08-03T19:47:51.128Z > 200 GET /api/v1/ 1649.81ms
INF 2026-08-03T19:47:51.128Z > 200 GET /api/v1/ 1467.54ms
INF 2026-08-03T19:47:51.130Z > 200 GET /api/v1/ 554.48ms
INF 2026-08-03T19:47:51.131Z > 200 GET /api/v1/ 1655.78ms
INF 2026-08-03T19:47:51.131Z > 200 GET /api/v1/ 1651.46ms
INF 2026-08-03T19:47:51.133Z > 200 GET /api/v1/ 1658.51ms
INF 2026-08-03T19:47:51.139Z > 200 GET /api/v1/ 48.57ms
INF 2026-08-03T19:47:51.140Z > 200 GET /api/v1/ 47.19ms
INF 2026-08-03T19:47:51.141Z > 200 GET /api/v1/ 1661.25ms
INF 2026-08-03T19:47:51.143Z > 200 GET /api/v1/ 1669.64ms
INF 2026-08-03T19:47:51.145Z > 200 GET /api/v1/ 1668.35ms
INF 2026-08-03T19:47:51.146Z > 200 GET /api/v1/ 1673.34ms
INF 2026-08-03T19:47:51.149Z > 200 GET /api/v1/ 1673.31ms
INF 2026-08-03T19:47:51.149Z > 200 GET /api/v1/ 22.97ms
INF 2026-08-03T19:47:51.151Z > 200 GET /api/v1/ 1676.16ms
INF 2026-08-03T19:47:51.154Z > 200 GET /api/v1/ 1679.06ms
INF 2026-08-03T19:47:51.155Z > 200 GET /api/v1/ 1677.91ms
INF 2026-08-03T19:47:51.160Z > 200 GET /api/v1/ 17.45ms
INF 2026-08-03T19:47:51.165Z > 200 GET /api/v1/ 18.33ms
INF 2026-08-03T19:47:51.166Z > 200 GET /api/v1/ 1685.99ms
INF 2026-08-03T19:47:51.166Z > 200 GET /api/v1/ 1689.76ms
INF 2026-08-03T19:47:51.168Z > 200 GET /api/v1/ 1687.54ms
INF 2026-08-03T19:47:51.168Z > 200 GET /api/v1/ 16.79ms
INF 2026-08-03T19:47:51.169Z > 200 GET /api/v1/ 1691.15ms
INF 2026-08-03T19:47:51.172Z > 200 GET /api/v1/ 1694.7ms
INF 2026-08-03T19:47:51.175Z > 200 GET /api/v1/ 1695.49ms
INF 2026-08-03T19:47:51.179Z > 200 GET /api/v1/ 1705.97ms
INF 2026-08-03T19:47:51.180Z > 200 GET /api/v1/ 12.32ms
INF 2026-08-03T19:47:51.182Z > 200 GET /api/v1/ 1705.09ms
INF 2026-08-03T19:47:51.183Z > 200 GET /api/v1/ 16.74ms
INF 2026-08-03T19:47:51.184Z > 200 GET /api/v1/ 16.28ms
INF 2026-08-03T19:47:51.187Z > 200 GET /api/v1/ 1353.83ms
INF 2026-08-03T19:47:51.188Z > 200 GET /api/v1/ 1279.41ms
INF 2026-08-03T19:47:51.189Z > 200 GET /api/v1/ 614.19ms
INF 2026-08-03T19:47:51.191Z > 200 GET /api/v1/ 1713.8ms
INF 2026-08-03T19:47:51.193Z > 200 GET /api/v1/ 1717.31ms
INF 2026-08-03T19:47:51.195Z > 200 GET /api/v1/ 1715.68ms
INF 2026-08-03T19:47:51.196Z > 200 GET /api/v1/ 622.32ms
INF 2026-08-03T19:47:51.197Z > 200 GET /api/v1/ 12.67ms
INF 2026-08-03T19:47:51.198Z > 200 GET /api/v1/ 1720.85ms
INF 2026-08-03T19:47:51.200Z > 200 GET /api/v1/ 802.66ms
INF 2026-08-03T19:47:51.219Z > 200 GET /api/v1/ 1742.72ms
INF 2026-08-03T19:47:51.221Z > 200 GET /api/v1/ 650.56ms
INF 2026-08-03T19:47:51.222Z > 200 GET /api/v1/ 1746.86ms
INF 2026-08-03T19:47:51.223Z > 200 GET /api/v1/ 31.09ms
INF 2026-08-03T19:47:51.223Z > 200 GET /api/v1/ 648.38ms
INF 2026-08-03T19:47:51.224Z > 200 GET /api/v1/ 1746.78ms
INF 2026-08-03T19:47:51.224Z > 200 GET /api/v1/ 1744.45ms
INF 2026-08-03T19:47:51.229Z > 200 GET /api/v1/ 6.93ms
INF 2026-08-03T19:47:51.232Z > 200 GET /api/v1/ 8.42ms
INF 2026-08-03T19:47:51.233Z > 200 GET /api/v1/ 8.62ms
INF 2026-08-03T19:47:51.240Z > 200 GET /api/v1/ 7.2ms
INF 2026-08-03T19:47:51.249Z > 200 GET /api/v1/ 8.53ms
INF 2026-08-03T19:47:51.261Z > 200 GET /api/v1/ 1781.28ms
INF 2026-08-03T19:47:51.264Z > 200 GET /api/v1/ 1786.15ms
INF 2026-08-03T19:47:51.266Z > 200 GET /api/v1/ 1788.75ms
INF 2026-08-03T19:47:51.271Z > 200 GET /api/v1/ 7.49ms
INF 2026-08-03T19:47:51.276Z > 200 GET /api/v1/ 1800.29ms
INF 2026-08-03T19:47:51.279Z > 200 GET /api/v1/ 6.61ms
INF 2026-08-03T19:47:51.283Z > 200 GET /api/v1/ 6.93ms
INF 2026-08-03T19:47:51.301Z > 200 GET /api/v1/ 8.07ms
INF 2026-08-03T19:47:51.319Z > 200 GET /api/v1/ 6.58ms
INF 2026-08-03T19:47:51.331Z > 200 GET /api/v1/ 6.49ms
INF 2026-08-03T19:47:51.352Z > 200 GET /api/v1/ 7.11ms
INF 2026-08-03T19:47:51.369Z > 200 GET /api/v1/ 8.45ms
INF 2026-08-03T19:47:51.382Z > 200 GET /api/v1/ 8.93ms
INF 2026-08-03T19:47:51.386Z > 200 GET /api/v1/ 517.12ms
INF 2026-08-03T19:47:51.400Z > 200 GET /api/v1/ 7.21ms
INF 2026-08-03T19:47:51.429Z > 200 GET /api/v1/ 16.14ms
INF 2026-08-03T19:47:51.439Z > 200 GET /api/v1/ 6.69ms
INF 2026-08-03T19:47:51.448Z > 200 GET /api/v1/ 7.17ms
INF 2026-08-03T19:47:51.480Z > 200 GET /api/v1/ 7.11ms
INF 2026-08-03T19:47:51.493Z > 200 GET /api/v1/ 8.12ms
INF 2026-08-03T19:47:51.501Z > 200 GET /api/v1/ 8.14ms
INF 2026-08-03T19:47:51.502Z > 200 GET /api/v1/ 615.75ms
INF 2026-08-03T19:47:51.502Z > 200 GET /api/v1/ 543.66ms
INF 2026-08-03T19:47:51.512Z > 200 GET /api/v1/ 511.22ms
INF 2026-08-03T19:47:51.516Z > 200 GET /api/v1/ 456.09ms
INF 2026-08-03T19:47:51.532Z > 200 GET /api/v1/ 7.1ms
INF 2026-08-03T19:47:51.535Z > 200 GET /api/v1/ 627.26ms
INF 2026-08-03T19:47:51.548Z > 200 GET /api/v1/ 7.05ms
INF 2026-08-03T19:47:51.558Z > 200 GET /api/v1/ 9.54ms
INF 2026-08-03T19:47:51.568Z > 200 GET /api/v1/ 9.46ms
INF 2026-08-03T19:47:51.587Z > 200 GET /api/v1/ 10.27ms
INF 2026-08-03T19:47:51.592Z > 200 GET /api/v1/ 744.42ms
INF 2026-08-03T19:47:51.593Z > 200 GET /api/v1/ 541.83ms
INF 2026-08-03T19:47:51.623Z > 200 GET /api/v1/ 29.88ms
INF 2026-08-03T19:47:51.634Z > 200 GET /api/v1/ 11.26ms
INF 2026-08-03T19:47:51.637Z > 200 GET /api/v1/ 679.95ms
INF 2026-08-03T19:47:51.641Z > 200 GET /api/v1/ 6.57ms
INF 2026-08-03T19:47:51.704Z > 200 GET /api/v1/ 62.99ms
INF 2026-08-03T19:47:51.721Z > 200 GET /api/v1/ 655.09ms
INF 2026-08-03T19:47:51.723Z > 200 GET /api/v1/ 670.63ms
INF 2026-08-03T19:47:51.732Z > 200 GET /api/v1/ 598.96ms
INF 2026-08-03T19:47:51.733Z > 200 GET /api/v1/ 806.98ms
INF 2026-08-03T19:47:51.739Z > 200 GET /api/v1/ 805.69ms
INF 2026-08-03T19:47:51.741Z > 200 GET /api/v1/ 568.44ms
INF 2026-08-03T19:47:51.741Z > 200 GET /api/v1/ 609.53ms
INF 2026-08-03T19:47:51.744Z > 200 GET /api/v1/ 523.84ms
INF 2026-08-03T19:47:51.751Z > 200 GET /api/v1/ 552.72ms
INF 2026-08-03T19:47:51.752Z > 200 GET /api/v1/ 579.51ms
INF 2026-08-03T19:47:51.756Z > 200 GET /api/v1/ 562.57ms
INF 2026-08-03T19:47:51.762Z > 200 GET /api/v1/ 628.14ms
INF 2026-08-03T19:47:51.805Z > 200 GET /api/v1/ 724.11ms
INF 2026-08-03T19:47:51.820Z > 200 GET /api/v1/ 666.27ms
INF 2026-08-03T19:47:51.838Z > 200 GET /api/v1/ 844.56ms
INF 2026-08-03T19:47:51.839Z > 200 GET /api/v1/ 29.67ms
INF 2026-08-03T19:47:51.846Z > 200 GET /api/v1/ 805.0ms
INF 2026-08-03T19:47:51.855Z > 200 GET /api/v1/ 6.36ms
INF 2026-08-03T19:47:51.867Z > 200 GET /api/v1/ 6.44ms
INF 2026-08-03T19:47:51.873Z > 200 GET /api/v1/ 631.91ms
INF 2026-08-03T19:47:51.888Z > 200 GET /api/v1/ 7.34ms
INF 2026-08-03T19:47:51.895Z > 200 GET /api/v1/ 6.5ms
INF 2026-08-03T19:47:51.903Z > 200 GET /api/v1/ 6.64ms
INF 2026-08-03T19:47:51.917Z > 200 GET /api/v1/ 8.06ms
INF 2026-08-03T19:47:51.927Z > 200 GET /api/v1/ 9.88ms
INF 2026-08-03T19:47:51.936Z > 200 GET /api/v1/ 7.64ms
INF 2026-08-03T19:47:51.945Z > 200 GET /api/v1/ 8.23ms
INF 2026-08-03T19:47:51.953Z > 200 GET /api/v1/ 7.93ms
INF 2026-08-03T19:47:51.961Z > 200 GET /api/v1/ 740.78ms
INF 2026-08-03T19:47:51.973Z > 200 GET /api/v1/ 12.23ms
INF 2026-08-03T19:47:51.985Z > 200 GET /api/v1/ 8.23ms
INF 2026-08-03T19:47:51.989Z > 200 GET /api/v1/ 663.92ms
INF 2026-08-03T19:47:51.994Z > 200 GET /api/v1/ 769.14ms
INF 2026-08-03T19:47:51.997Z > 200 GET /api/v1/ 811.72ms
INF 2026-08-03T19:47:51.999Z > 200 GET /api/v1/ 732.24ms
INF 2026-08-03T19:47:52.004Z > 200 GET /api/v1/ 6.75ms
INF 2026-08-03T19:47:52.012Z > 200 GET /api/v1/ 7.24ms
INF 2026-08-03T19:47:52.025Z > 200 GET /api/v1/ 8.39ms
INF 2026-08-03T19:47:52.038Z > 200 GET /api/v1/ 9.41ms
INF 2026-08-03T19:47:52.049Z > 200 GET /api/v1/ 7.78ms
INF 2026-08-03T19:47:52.052Z > 200 GET /api/v1/ 503.34ms
INF 2026-08-03T19:47:52.064Z > 200 GET /api/v1/ 7.14ms
INF 2026-08-03T19:47:52.077Z > 200 GET /api/v1/ 7.93ms
INF 2026-08-03T19:47:52.085Z > 200 GET /api/v1/ 8.47ms
INF 2026-08-03T19:47:52.102Z > 200 GET /api/v1/ 12.87ms
INF 2026-08-03T19:47:52.116Z > 200 GET /api/v1/ 9.95ms
INF 2026-08-03T19:47:52.129Z > 200 GET /api/v1/ 328.22ms
INF 2026-08-03T19:47:52.136Z > 200 GET /api/v1/ 335.47ms
INF 2026-08-03T19:47:52.147Z > 200 GET /api/v1/ 346.52ms
INF 2026-08-03T19:47:52.156Z > 200 GET /api/v1/ 274.87ms
INF 2026-08-03T19:47:52.165Z > 200 GET /api/v1/ 18.3ms
INF 2026-08-03T19:47:52.170Z > 200 GET /api/v1/ 368.74ms
INF 2026-08-03T19:47:52.187Z > 200 GET /api/v1/ 385.41ms
INF 2026-08-03T19:47:52.188Z > 200 GET /api/v1/ 647.49ms
INF 2026-08-03T19:47:52.191Z > 200 GET /api/v1/ 953.98ms
INF 2026-08-03T19:47:52.194Z > 200 GET /api/v1/ 28.53ms
INF 2026-08-03T19:47:52.195Z > 200 GET /api/v1/ 393.76ms
INF 2026-08-03T19:47:52.198Z > 200 GET /api/v1/ 1005.11ms
INF 2026-08-03T19:47:52.200Z > 200 GET /api/v1/ 399.24ms
INF 2026-08-03T19:47:52.207Z > 200 GET /api/v1/ 405.57ms
INF 2026-08-03T19:47:52.217Z > 200 GET /api/v1/ 6.87ms
INF 2026-08-03T19:47:52.222Z > 200 GET /api/v1/ 1079.77ms
INF 2026-08-03T19:47:52.233Z > 200 GET /api/v1/ 1099.02ms
INF 2026-08-03T19:47:52.240Z > 200 GET /api/v1/ 7.11ms
INF 2026-08-03T19:47:52.249Z > 200 GET /api/v1/ 7.97ms
INF 2026-08-03T19:47:52.256Z > 200 GET /api/v1/ 7.02ms
INF 2026-08-03T19:47:52.260Z > 200 GET /api/v1/ 458.88ms
INF 2026-08-03T19:47:52.264Z > 200 GET /api/v1/ 579.23ms
INF 2026-08-03T19:47:52.265Z > 200 GET /api/v1/ 232.16ms
INF 2026-08-03T19:47:52.267Z > 200 GET /api/v1/ 465.39ms
INF 2026-08-03T19:47:52.273Z > 200 GET /api/v1/ 7.76ms
INF 2026-08-03T19:47:52.286Z > 200 GET /api/v1/ 9.3ms
INF 2026-08-03T19:47:52.301Z > 200 GET /api/v1/ 8.13ms
INF 2026-08-03T19:47:52.309Z > 200 GET /api/v1/ 7.85ms
INF 2026-08-03T19:47:52.328Z > 200 GET /api/v1/ 18.71ms
INF 2026-08-03T19:47:52.337Z > 200 GET /api/v1/ 8.1ms
INF 2026-08-03T19:47:52.339Z > 200 GET /api/v1/ 762.55ms
INF 2026-08-03T19:47:52.346Z > 200 GET /api/v1/ 265.14ms
INF 2026-08-03T19:47:52.352Z > 200 GET /api/v1/ 307.57ms
INF 2026-08-03T19:47:52.358Z > 200 GET /api/v1/ 320.85ms
INF 2026-08-03T19:47:52.358Z > 200 GET /api/v1/ 609.87ms
INF 2026-08-03T19:47:52.399Z > 200 GET /api/v1/ 30.42ms
INF 2026-08-03T19:47:52.427Z > 200 GET /api/v1/ 27.91ms
INF 2026-08-03T19:47:52.433Z > 200 GET /api/v1/ 1168.0ms
INF 2026-08-03T19:47:52.441Z > 200 GET /api/v1/ 184.04ms
INF 2026-08-03T19:47:52.450Z > 200 GET /api/v1/ 8.96ms
INF 2026-08-03T19:47:52.454Z > 200 GET /api/v1/ 212.71ms
INF 2026-08-03T19:47:52.456Z > 200 GET /api/v1/ 219.67ms
INF 2026-08-03T19:47:52.459Z > 200 GET /api/v1/ 490.5ms
INF 2026-08-03T19:47:52.463Z > 200 GET /api/v1/ 1547.28ms
INF 2026-08-03T19:47:52.465Z > 200 GET /api/v1/ 1416.03ms
INF 2026-08-03T19:47:52.465Z > 200 GET /api/v1/ 287.71ms
INF 2026-08-03T19:47:52.470Z > 200 GET /api/v1/ 189.5ms
INF 2026-08-03T19:47:52.486Z > 200 GET /api/v1/ 17.46ms
INF 2026-08-03T19:47:52.499Z > 200 GET /api/v1/ 12.6ms
INF 2026-08-03T19:47:52.526Z > 200 GET /api/v1/ 1391.68ms
INF 2026-08-03T19:47:52.527Z > 200 GET /api/v1/ 25.83ms
INF 2026-08-03T19:47:52.533Z > 200 GET /api/v1/ 1357.34ms
INF 2026-08-03T19:47:52.536Z > 200 GET /api/v1/ 1538.92ms
INF 2026-08-03T19:47:52.537Z > 200 GET /api/v1/ 1647.94ms
INF 2026-08-03T19:47:52.537Z > 200 GET /api/v1/ 913.81ms
INF 2026-08-03T19:47:52.541Z > 200 GET /api/v1/ 1420.81ms
INF 2026-08-03T19:47:52.583Z > 200 GET /api/v1/ 14.17ms
INF 2026-08-03T19:47:52.593Z > 200 GET /api/v1/ 10.02ms
INF 2026-08-03T19:47:52.597Z > 200 GET /api/v1/ 407.18ms
INF 2026-08-03T19:47:52.608Z > 200 GET /api/v1/ 1670.79ms
INF 2026-08-03T19:47:52.614Z > 200 GET /api/v1/ 212.46ms
INF 2026-08-03T19:47:52.616Z > 200 GET /api/v1/ 1395.83ms
INF 2026-08-03T19:47:52.617Z > 200 GET /api/v1/ 311.84ms
INF 2026-08-03T19:47:52.619Z > 200 GET /api/v1/ 219.36ms
INF 2026-08-03T19:47:52.621Z > 200 GET /api/v1/ 1465.38ms
INF 2026-08-03T19:47:52.626Z > 200 GET /api/v1/ 1676.88ms
INF 2026-08-03T19:47:52.627Z > 200 GET /api/v1/ 227.33ms
INF 2026-08-03T19:47:52.640Z > 200 GET /api/v1/ 1699.82ms
INF 2026-08-03T19:47:52.649Z > 200 GET /api/v1/ 8.39ms
INF 2026-08-03T19:47:52.657Z > 200 GET /api/v1/ 8.01ms
INF 2026-08-03T19:47:52.668Z > 200 GET /api/v1/ 10.93ms
INF 2026-08-03T19:47:52.678Z > 200 GET /api/v1/ 1482.98ms
INF 2026-08-03T19:47:52.680Z > 200 GET /api/v1/ 11.04ms
INF 2026-08-03T19:47:52.688Z > 200 GET /api/v1/ 7.51ms
INF 2026-08-03T19:47:52.693Z > 200 GET /api/v1/ 1804.12ms
INF 2026-08-03T19:47:52.701Z > 200 GET /api/v1/ 7.46ms
INF 2026-08-03T19:47:52.712Z > 200 GET /api/v1/ 1723.96ms
INF 2026-08-03T19:47:52.713Z > 200 GET /api/v1/ 11.98ms
INF 2026-08-03T19:47:52.732Z > 200 GET /api/v1/ 9.87ms
INF 2026-08-03T19:47:52.737Z > 200 GET /api/v1/ 1802.43ms
INF 2026-08-03T19:47:52.741Z > 200 GET /api/v1/ 228.15ms
INF 2026-08-03T19:47:52.746Z > 200 GET /api/v1/ 1841.52ms
INF 2026-08-03T19:47:52.748Z > 200 GET /api/v1/ 7.08ms
INF 2026-08-03T19:47:52.752Z > 200 GET /api/v1/ 223.56ms
INF 2026-08-03T19:47:52.765Z > 200 GET /api/v1/ 11.82ms
INF 2026-08-03T19:47:52.768Z > 200 GET /api/v1/ 1083.69ms
INF 2026-08-03T19:47:52.769Z > 200 GET /api/v1/ 1715.72ms
INF 2026-08-03T19:47:52.769Z > 200 GET /api/v1/ 1544.43ms
INF 2026-08-03T19:47:52.771Z > 200 GET /api/v1/ 1845.16ms
INF 2026-08-03T19:47:52.777Z > 200 GET /api/v1/ 647.95ms
INF 2026-08-03T19:47:52.790Z > 200 GET /api/v1/ 9.15ms
INF 2026-08-03T19:47:52.799Z > 200 GET /api/v1/ 8.62ms
INF 2026-08-03T19:47:52.816Z > 200 GET /api/v1/ 9.4ms
INF 2026-08-03T19:47:52.821Z > 200 GET /api/v1/ 1920.07ms
INF 2026-08-03T19:47:52.826Z > 200 GET /api/v1/ 200.0ms
INF 2026-08-03T19:47:52.827Z > 200 GET /api/v1/ 244.01ms
INF 2026-08-03T19:47:52.829Z > 200 GET /api/v1/ 7.8ms
INF 2026-08-03T19:47:52.833Z > 200 GET /api/v1/ 255.75ms
INF 2026-08-03T19:47:52.840Z > 200 GET /api/v1/ 7.06ms
INF 2026-08-03T19:47:52.843Z > 200 GET /api/v1/ 178.49ms
INF 2026-08-03T19:47:52.847Z > 200 GET /api/v1/ 1565.87ms
INF 2026-08-03T19:47:52.847Z > 200 GET /api/v1/ 189.83ms
INF 2026-08-03T19:47:52.865Z > 200 GET /api/v1/ 8.05ms
INF 2026-08-03T19:47:52.877Z > 200 GET /api/v1/ 12.17ms
INF 2026-08-03T19:47:52.887Z > 200 GET /api/v1/ 9.4ms
INF 2026-08-03T19:47:52.889Z > 200 GET /api/v1/ 1664.42ms
INF 2026-08-03T19:47:52.900Z > 200 GET /api/v1/ 9.55ms
INF 2026-08-03T19:47:52.904Z > 200 GET /api/v1/ 407.42ms
INF 2026-08-03T19:47:52.911Z > 200 GET /api/v1/ 325.3ms
INF 2026-08-03T19:47:52.917Z > 200 GET /api/v1/ 340.2ms
INF 2026-08-03T19:47:52.980Z > 200 GET /api/v1/ 1978.91ms
INF 2026-08-03T19:47:52.983Z > 200 GET /api/v1/ 1813.49ms
INF 2026-08-03T19:47:52.988Z > 200 GET /api/v1/ 588.3ms
INF 2026-08-03T19:47:53.001Z > 200 GET /api/v1/ 2069.18ms
INF 2026-08-03T19:47:53.004Z > 200 GET /api/v1/ 1979.02ms
INF 2026-08-03T19:47:53.004Z > 200 GET /api/v1/ 1872.23ms
INF 2026-08-03T19:47:53.005Z > 200 GET /api/v1/ 2011.69ms
INF 2026-08-03T19:47:53.006Z > 200 GET /api/v1/ 1855.33ms
INF 2026-08-03T19:47:53.025Z > 200 GET /api/v1/ 2179.0ms
INF 2026-08-03T19:47:53.026Z > 200 GET /api/v1/ 2002.1ms
INF 2026-08-03T19:47:53.026Z > 200 GET /api/v1/ 457.54ms
INF 2026-08-03T19:47:53.056Z > 200 GET /api/v1/ 29.21ms
INF 2026-08-03T19:47:53.068Z > 200 GET /api/v1/ 2243.07ms
INF 2026-08-03T19:47:53.078Z > 200 GET /api/v1/ 8.8ms
INF 2026-08-03T19:47:53.081Z > 200 GET /api/v1/ 2037.01ms
INF 2026-08-03T19:47:53.084Z > 200 GET /api/v1/ 2259.77ms
INF 2026-08-03T19:47:53.086Z > 200 GET /api/v1/ 1932.23ms
INF 2026-08-03T19:47:53.089Z > 200 GET /api/v1/ 583.17ms
INF 2026-08-03T19:47:53.095Z > 200 GET /api/v1/ 1909.61ms
INF 2026-08-03T19:47:53.100Z > 200 GET /api/v1/ 286.95ms
INF 2026-08-03T19:47:53.103Z > 200 GET /api/v1/ 2244.14ms
INF 2026-08-03T19:47:53.105Z > 200 GET /api/v1/ 467.85ms
INF 2026-08-03T19:47:53.105Z > 200 GET /api/v1/ 1986.19ms
INF 2026-08-03T19:47:53.107Z > 200 GET /api/v1/ 444.62ms
INF 2026-08-03T19:47:53.107Z > 200 GET /api/v1/ 296.65ms
INF 2026-08-03T19:47:53.113Z > 200 GET /api/v1/ 2124.12ms
INF 2026-08-03T19:47:53.128Z > 200 GET /api/v1/ 7.64ms
INF 2026-08-03T19:47:53.136Z > 200 GET /api/v1/ 7.01ms
INF 2026-08-03T19:47:53.144Z > 200 GET /api/v1/ 7.37ms
INF 2026-08-03T19:47:53.146Z > 200 GET /api/v1/ 332.66ms
INF 2026-08-03T19:47:53.171Z > 200 GET /api/v1/ 22.38ms
INF 2026-08-03T19:47:53.181Z > 200 GET /api/v1/ 7.99ms
INF 2026-08-03T19:47:53.185Z > 200 GET /api/v1/ 2094.76ms
INF 2026-08-03T19:47:53.189Z > 200 GET /api/v1/ 2123.06ms
INF 2026-08-03T19:47:53.189Z > 200 GET /api/v1/ 2128.65ms
INF 2026-08-03T19:47:53.190Z > 200 GET /api/v1/ 2264.03ms
INF 2026-08-03T19:47:53.197Z > 200 GET /api/v1/ 2287.13ms
INF 2026-08-03T19:47:53.201Z > 200 GET /api/v1/ 2228.61ms
INF 2026-08-03T19:47:53.208Z > 200 GET /api/v1/ 851.09ms
INF 2026-08-03T19:47:53.220Z > 200 GET /api/v1/ 7.16ms
INF 2026-08-03T19:47:53.231Z > 200 GET /api/v1/ 6.25ms
INF 2026-08-03T19:47:53.240Z > 200 GET /api/v1/ 6.83ms
INF 2026-08-03T19:47:53.256Z > 200 GET /api/v1/ 13.55ms
INF 2026-08-03T19:47:53.260Z > 200 GET /api/v1/ 1166.8ms
INF 2026-08-03T19:47:53.273Z > 200 GET /api/v1/ 12.42ms
INF 2026-08-03T19:47:53.283Z > 200 GET /api/v1/ 2098.45ms
INF 2026-08-03T19:47:53.284Z > 200 GET /api/v1/ 1482.8ms
INF 2026-08-03T19:47:53.289Z > 200 GET /api/v1/ 15.77ms
INF 2026-08-03T19:47:53.291Z > 200 GET /api/v1/ 2061.28ms
INF 2026-08-03T19:47:53.295Z > 200 GET /api/v1/ 242.38ms
INF 2026-08-03T19:47:53.300Z > 200 GET /api/v1/ 344.08ms
INF 2026-08-03T19:47:53.304Z > 200 GET /api/v1/ 342.67ms
INF 2026-08-03T19:47:53.323Z > 200 GET /api/v1/ 6.41ms
INF 2026-08-03T19:47:53.331Z > 200 GET /api/v1/ 6.56ms
INF 2026-08-03T19:47:53.336Z > 200 GET /api/v1/ 2167.26ms
INF 2026-08-03T19:47:53.344Z > 200 GET /api/v1/ 7.65ms
INF 2026-08-03T19:47:53.351Z > 200 GET /api/v1/ 6.16ms
INF 2026-08-03T19:47:53.372Z > 200 GET /api/v1/ 6.77ms
INF 2026-08-03T19:47:53.381Z > 200 GET /api/v1/ 8.19ms
INF 2026-08-03T19:47:53.388Z > 200 GET /api/v1/ 1070.62ms
INF 2026-08-03T19:47:53.399Z > 200 GET /api/v1/ 6.63ms
INF 2026-08-03T19:47:53.426Z > 200 GET /api/v1/ 13.59ms
INF 2026-08-03T19:47:53.432Z > 200 GET /api/v1/ 561.53ms
INF 2026-08-03T19:47:53.446Z > 200 GET /api/v1/ 2181.36ms
INF 2026-08-03T19:47:53.463Z > 200 GET /api/v1/ 2242.71ms
INF 2026-08-03T19:47:53.468Z > 200 GET /api/v1/ 2203.57ms
INF 2026-08-03T19:47:53.469Z > 200 GET /api/v1/ 2433.1ms
INF 2026-08-03T19:47:53.475Z > 200 GET /api/v1/ 326.03ms
INF 2026-08-03T19:47:53.476Z > 200 GET /api/v1/ 2614.12ms
INF 2026-08-03T19:47:53.478Z > 200 GET /api/v1/ 2469.67ms
INF 2026-08-03T19:47:53.480Z > 200 GET /api/v1/ 10.25ms
INF 2026-08-03T19:47:53.482Z > 200 GET /api/v1/ 1441.06ms
INF 2026-08-03T19:47:53.489Z > 200 GET /api/v1/ 364.54ms
INF 2026-08-03T19:47:53.497Z > 200 GET /api/v1/ 7.78ms
INF 2026-08-03T19:47:53.498Z > 200 GET /api/v1/ 248.72ms
INF 2026-08-03T19:47:53.505Z > 200 GET /api/v1/ 2243.92ms
INF 2026-08-03T19:47:53.517Z > 200 GET /api/v1/ 8.55ms
INF 2026-08-03T19:47:53.530Z > 200 GET /api/v1/ 9.67ms
INF 2026-08-03T19:47:53.541Z > 200 GET /api/v1/ 1061.1ms
INF 2026-08-03T19:47:53.546Z > 200 GET /api/v1/ 888.31ms
INF 2026-08-03T19:47:53.574Z > 200 GET /api/v1/ 1361.02ms
INF 2026-08-03T19:47:53.580Z > 200 GET /api/v1/ 1039.28ms
INF 2026-08-03T19:47:53.580Z > 200 GET /api/v1/ 195.68ms
INF 2026-08-03T19:47:53.594Z > 200 GET /api/v1/ 8.94ms
INF 2026-08-03T19:47:53.598Z > 200 GET /api/v1/ 1913.96ms
INF 2026-08-03T19:47:53.606Z > 200 GET /api/v1/ 2329.56ms
INF 2026-08-03T19:47:53.608Z > 200 GET /api/v1/ 2704.31ms
INF 2026-08-03T19:47:53.609Z > 200 GET /api/v1/ 68.48ms
INF 2026-08-03T19:47:53.625Z > 200 GET /api/v1/ 2584.77ms
INF 2026-08-03T19:47:53.639Z > 200 GET /api/v1/ 13.99ms
INF 2026-08-03T19:47:53.650Z > 200 GET /api/v1/ 2377.51ms
INF 2026-08-03T19:47:53.691Z > 200 GET /api/v1/ 37.97ms
INF 2026-08-03T19:47:53.694Z > 200 GET /api/v1/ 2465.14ms
INF 2026-08-03T19:47:53.701Z > 200 GET /api/v1/ 10.17ms
INF 2026-08-03T19:47:53.705Z > 200 GET /api/v1/ 200.64ms
INF 2026-08-03T19:47:53.706Z > 200 GET /api/v1/ 1716.92ms
INF 2026-08-03T19:47:53.709Z > 200 GET /api/v1/ 2074.4ms
INF 2026-08-03T19:47:53.710Z > 200 GET /api/v1/ 2283.46ms
INF 2026-08-03T19:47:53.710Z > 200 GET /api/v1/ 2151.79ms
INF 2026-08-03T19:47:53.711Z > 200 GET /api/v1/ 1481.0ms
INF 2026-08-03T19:47:53.711Z > 200 GET /api/v1/ 370.66ms
INF 2026-08-03T19:47:53.712Z > 200 GET /api/v1/ 239.1ms
INF 2026-08-03T19:47:53.713Z > 200 GET /api/v1/ 200.56ms
INF 2026-08-03T19:47:53.714Z > 200 GET /api/v1/ 1205.59ms
INF 2026-08-03T19:47:53.717Z > 200 GET /api/v1/ 291.62ms
INF 2026-08-03T19:47:53.740Z > 200 GET /api/v1/ 7.66ms
INF 2026-08-03T19:47:53.752Z > 200 GET /api/v1/ 7.16ms
INF 2026-08-03T19:47:53.762Z > 200 GET /api/v1/ 9.63ms
INF 2026-08-03T19:47:53.783Z > 200 GET /api/v1/ 1552.75ms
INF 2026-08-03T19:47:53.788Z > 200 GET /api/v1/ 2164.56ms
INF 2026-08-03T19:47:53.799Z > 200 GET /api/v1/ 8.7ms
INF 2026-08-03T19:47:53.803Z > 200 GET /api/v1/ 230.44ms
INF 2026-08-03T19:47:53.807Z > 200 GET /api/v1/ 1405.82ms
INF 2026-08-03T19:47:53.839Z > 200 GET /api/v1/ 213.48ms
INF 2026-08-03T19:47:53.840Z > 200 GET /api/v1/ 318.8ms
INF 2026-08-03T19:47:53.844Z > 200 GET /api/v1/ 1647.32ms
INF 2026-08-03T19:47:53.851Z > 200 GET /api/v1/ 1659.57ms
INF 2026-08-03T19:47:53.853Z > 200 GET /api/v1/ 288.99ms
INF 2026-08-03T19:47:53.853Z > 200 GET /api/v1/ 199.93ms
INF 2026-08-03T19:47:53.855Z > 200 GET /api/v1/ 10.36ms
INF 2026-08-03T19:47:53.873Z > 200 GET /api/v1/ 17.59ms
INF 2026-08-03T19:47:53.893Z > 200 GET /api/v1/ 11.83ms
INF 2026-08-03T19:47:53.897Z > 200 GET /api/v1/ 371.04ms
INF 2026-08-03T19:47:53.901Z > 200 GET /api/v1/ 152.37ms
INF 2026-08-03T19:47:53.904Z > 200 GET /api/v1/ 167.52ms
INF 2026-08-03T19:47:53.908Z > 200 GET /api/v1/ 283.28ms
INF 2026-08-03T19:47:53.911Z > 200 GET /api/v1/ 268.8ms
INF 2026-08-03T19:47:53.915Z > 200 GET /api/v1/ 221.21ms
INF 2026-08-03T19:47:53.925Z > 200 GET /api/v1/ 8.03ms
INF 2026-08-03T19:47:53.930Z > 200 GET /api/v1/ 293.77ms
INF 2026-08-03T19:47:53.940Z > 200 GET /api/v1/ 7.45ms
INF 2026-08-03T19:47:53.949Z > 200 GET /api/v1/ 8.25ms
INF 2026-08-03T19:47:53.956Z > 200 GET /api/v1/ 7.36ms
INF 2026-08-03T19:47:53.957Z > 200 GET /api/v1/ 1184.45ms
INF 2026-08-03T19:47:53.968Z > 200 GET /api/v1/ 11.76ms
INF 2026-08-03T19:47:53.975Z > 200 GET /api/v1/ 649.62ms
INF 2026-08-03T19:47:53.988Z > 200 GET /api/v1/ 7.23ms
INF 2026-08-03T19:47:53.991Z > 200 GET /api/v1/ 1177.2ms
INF 2026-08-03T19:47:53.995Z > 200 GET /api/v1/ 1086.26ms
INF 2026-08-03T19:47:54.004Z > 200 GET /api/v1/ 6.85ms
INF 2026-08-03T19:47:54.011Z > 200 GET /api/v1/ 494.26ms
INF 2026-08-03T19:47:54.016Z > 200 GET /api/v1/ 7.37ms
INF 2026-08-03T19:47:54.041Z > 200 GET /api/v1/ 23.48ms
INF 2026-08-03T19:47:54.051Z > 200 GET /api/v1/ 1159.76ms
INF 2026-08-03T19:47:54.055Z > 200 GET /api/v1/ 946.16ms
INF 2026-08-03T19:47:54.061Z > 200 GET /api/v1/ 827.67ms
INF 2026-08-03T19:47:54.065Z > 200 GET /api/v1/ 887.97ms
INF 2026-08-03T19:47:54.073Z > 200 GET /api/v1/ 839.65ms
INF 2026-08-03T19:47:54.079Z > 200 GET /api/v1/ 514.49ms
INF 2026-08-03T19:47:54.084Z > 200 GET /api/v1/ 202.87ms
INF 2026-08-03T19:47:54.084Z > 200 GET /api/v1/ 927.66ms
INF 2026-08-03T19:47:54.085Z > 200 GET /api/v1/ 1588.11ms
INF 2026-08-03T19:47:54.094Z > 200 GET /api/v1/ 8.71ms
INF 2026-08-03T19:47:54.117Z > 200 GET /api/v1/ 18.96ms
INF 2026-08-03T19:47:54.126Z > 200 GET /api/v1/ 8.76ms
INF 2026-08-03T19:47:54.133Z > 200 GET /api/v1/ 1788.49ms
INF 2026-08-03T19:47:54.155Z > 200 GET /api/v1/ 1918.12ms
INF 2026-08-03T19:47:54.158Z > 200 GET /api/v1/ 1131.18ms
INF 2026-08-03T19:47:54.161Z > 200 GET /api/v1/ 1851.68ms
INF 2026-08-03T19:47:54.162Z > 200 GET /api/v1/ 1864.56ms
INF 2026-08-03T19:47:54.170Z > 200 GET /api/v1/ 8.33ms
INF 2026-08-03T19:47:54.191Z > 200 GET /api/v1/ 21.54ms
INF 2026-08-03T19:47:54.219Z > 200 GET /api/v1/ 27.87ms
INF 2026-08-03T19:47:54.236Z > 200 GET /api/v1/ 1475.96ms
INF 2026-08-03T19:47:54.246Z > 200 GET /api/v1/ 200.94ms
INF 2026-08-03T19:47:54.280Z > 200 GET /api/v1/ 223.17ms
INF 2026-08-03T19:47:54.281Z > 200 GET /api/v1/ 242.12ms
INF 2026-08-03T19:47:54.293Z > 200 GET /api/v1/ 453.48ms
INF 2026-08-03T19:47:54.309Z > 200 GET /api/v1/ 1572.29ms
INF 2026-08-03T19:47:54.312Z > 200 GET /api/v1/ 935.46ms
INF 2026-08-03T19:47:54.316Z > 200 GET /api/v1/ 1587.25ms
INF 2026-08-03T19:47:54.330Z > 200 GET /api/v1/ 1401.3ms
INF 2026-08-03T19:47:54.331Z > 200 GET /api/v1/ 292.82ms
INF 2026-08-03T19:47:54.332Z > 200 GET /api/v1/ 1620.59ms
INF 2026-08-03T19:47:54.396Z > 200 GET /api/v1/ 64.18ms
INF 2026-08-03T19:47:54.398Z > 200 GET /api/v1/ 292.34ms
INF 2026-08-03T19:47:54.408Z > 200 GET /api/v1/ 407.15ms
INF 2026-08-03T19:47:54.410Z > 200 GET /api/v1/ 1467.61ms
INF 2026-08-03T19:47:54.446Z > 200 GET /api/v1/ 1508.86ms
INF 2026-08-03T19:47:54.456Z > 200 GET /api/v1/ 402.92ms
INF 2026-08-03T19:47:54.456Z > 200 GET /api/v1/ 1402.99ms
INF 2026-08-03T19:47:54.456Z > 200 GET /api/v1/ 1961.71ms
INF 2026-08-03T19:47:54.457Z > 200 GET /api/v1/ 1951.48ms
INF 2026-08-03T19:47:54.474Z > 200 GET /api/v1/ 501.28ms
INF 2026-08-03T19:47:54.476Z > 200 GET /api/v1/ 1605.28ms
INF 2026-08-03T19:47:54.510Z > 200 GET /api/v1/ 1720.25ms
INF 2026-08-03T19:47:54.520Z > 200 GET /api/v1/ 675.4ms
INF 2026-08-03T19:47:54.527Z > 200 GET /api/v1/ 1193.82ms
INF 2026-08-03T19:47:54.528Z > 200 GET /api/v1/ 1231.35ms
INF 2026-08-03T19:47:54.539Z > 200 GET /api/v1/ 233.78ms
INF 2026-08-03T19:47:54.540Z > 200 GET /api/v1/ 1350.33ms
INF 2026-08-03T19:47:54.540Z > 200 GET /api/v1/ 886.59ms
INF 2026-08-03T19:47:54.543Z > 200 GET /api/v1/ 325.38ms
INF 2026-08-03T19:47:54.549Z > 200 GET /api/v1/ 270.67ms
INF 2026-08-03T19:47:54.552Z > 200 GET /api/v1/ 1631.4ms
INF 2026-08-03T19:47:54.553Z > 200 GET /api/v1/ 224.42ms
INF 2026-08-03T19:47:54.556Z > 200 GET /api/v1/ 1682.49ms
INF 2026-08-03T19:47:54.557Z > 200 GET /api/v1/ 1459.91ms
INF 2026-08-03T19:47:54.558Z > 200 GET /api/v1/ 278.91ms
INF 2026-08-03T19:47:54.571Z > 200 GET /api/v1/ 1422.4ms
INF 2026-08-03T19:47:54.572Z > 200 GET /api/v1/ 1687.37ms
INF 2026-08-03T19:47:54.574Z > 200 GET /api/v1/ 369.24ms
INF 2026-08-03T19:47:54.575Z > 200 GET /api/v1/ 361.9ms
INF 2026-08-03T19:47:54.579Z > 200 GET /api/v1/ 612.31ms
INF 2026-08-03T19:47:54.582Z > 200 GET /api/v1/ 1529.54ms
INF 2026-08-03T19:47:54.590Z > 200 GET /api/v1/ 1634.22ms
INF 2026-08-03T19:47:54.591Z > 200 GET /api/v1/ 245.04ms
INF 2026-08-03T19:47:54.593Z > 200 GET /api/v1/ 1347.02ms
INF 2026-08-03T19:47:54.593Z > 200 GET /api/v1/ 1460.28ms
INF 2026-08-03T19:47:54.595Z > 200 GET /api/v1/ 465.23ms
INF 2026-08-03T19:47:54.607Z > 200 GET /api/v1/ 13.94ms
INF 2026-08-03T19:47:54.614Z > 200 GET /api/v1/ 1820.31ms
INF 2026-08-03T19:47:54.632Z > 200 GET /api/v1/ 8.6ms
INF 2026-08-03T19:47:54.659Z > 200 GET /api/v1/ 854.22ms
INF 2026-08-03T19:47:54.676Z > 200 GET /api/v1/ 1795.24ms
INF 2026-08-03T19:47:54.680Z > 200 GET /api/v1/ 283.43ms
INF 2026-08-03T19:47:54.688Z > 200 GET /api/v1/ 927.39ms
INF 2026-08-03T19:47:54.689Z > 200 GET /api/v1/ 2020.0ms
INF 2026-08-03T19:47:54.694Z > 200 GET /api/v1/ 1908.97ms
INF 2026-08-03T19:47:54.696Z > 200 GET /api/v1/ 1974.02ms
INF 2026-08-03T19:47:54.706Z > 200 GET /api/v1/ 579.66ms
INF 2026-08-03T19:47:54.707Z > 200 GET /api/v1/ 753.71ms
INF 2026-08-03T19:47:54.719Z > 200 GET /api/v1/ 321.22ms
INF 2026-08-03T19:47:54.752Z > 200 GET /api/v1/ 33.25ms
INF 2026-08-03T19:47:54.767Z > 200 GET /api/v1/ 14.78ms
INF 2026-08-03T19:47:54.769Z > 200 GET /api/v1/ 1928.65ms
INF 2026-08-03T19:47:54.770Z > 200 GET /api/v1/ 1701.29ms
INF 2026-08-03T19:47:54.771Z > 200 GET /api/v1/ 1645.68ms
INF 2026-08-03T19:47:54.774Z > 200 GET /api/v1/ 264.13ms
INF 2026-08-03T19:47:54.783Z > 200 GET /api/v1/ 326.06ms
INF 2026-08-03T19:47:54.785Z > 200 GET /api/v1/ 891.3ms
INF 2026-08-03T19:47:54.801Z > 200 GET /api/v1/ 7.76ms
INF 2026-08-03T19:47:54.813Z > 200 GET /api/v1/ 973.19ms
INF 2026-08-03T19:47:54.821Z > 200 GET /api/v1/ 7.56ms
INF 2026-08-03T19:47:54.822Z > 200 GET /api/v1/ 783.27ms
INF 2026-08-03T19:47:54.827Z > 200 GET /api/v1/ 733.83ms
INF 2026-08-03T19:47:54.866Z > 200 GET /api/v1/ 356.9ms
INF 2026-08-03T19:47:54.934Z > 200 GET /api/v1/ 67.95ms
INF 2026-08-03T19:47:55.045Z > 200 GET /api/v1/ 421.78ms
INF 2026-08-03T19:47:55.064Z > 200 GET /api/v1/ 1176.38ms
INF 2026-08-03T19:47:55.084Z > 200 GET /api/v1/ 461.22ms
INF 2026-08-03T19:47:55.085Z > 200 GET /api/v1/ 443.47ms
INF 2026-08-03T19:47:55.086Z > 200 GET /api/v1/ 382.46ms
INF 2026-08-03T19:47:55.094Z > 200 GET /api/v1/ 636.37ms
INF 2026-08-03T19:47:55.095Z > 200 GET /api/v1/ 494.26ms
INF 2026-08-03T19:47:55.096Z > 200 GET /api/v1/ 495.01ms
INF 2026-08-03T19:47:55.096Z > 200 GET /api/v1/ 987.61ms
INF 2026-08-03T19:47:55.097Z > 200 GET /api/v1/ 472.13ms
INF 2026-08-03T19:47:55.097Z > 200 GET /api/v1/ 500.62ms
INF 2026-08-03T19:47:55.099Z > 200 GET /api/v1/ 517.95ms
INF 2026-08-03T19:47:55.131Z > 200 GET /api/v1/ 623.72ms
INF 2026-08-03T19:47:55.132Z > 200 GET /api/v1/ 2078.85ms
INF 2026-08-03T19:47:55.132Z > 200 GET /api/v1/ 734.62ms
INF 2026-08-03T19:47:55.133Z > 200 GET /api/v1/ 1991.82ms
INF 2026-08-03T19:47:55.133Z > 200 GET /api/v1/ 2098.03ms
INF 2026-08-03T19:47:55.134Z > 200 GET /api/v1/ 2064.84ms
INF 2026-08-03T19:47:55.181Z > 200 GET /api/v1/ 599.88ms
INF 2026-08-03T19:47:55.198Z > 200 GET /api/v1/ 1968.92ms
INF 2026-08-03T19:47:55.198Z > 200 GET /api/v1/ 2145.28ms
INF 2026-08-03T19:47:55.201Z > 200 GET /api/v1/ 2056.21ms
INF 2026-08-03T19:47:55.229Z > 200 GET /api/v1/ 2043.82ms
INF 2026-08-03T19:47:55.229Z > 200 GET /api/v1/ 2080.32ms
INF 2026-08-03T19:47:55.230Z > 200 GET /api/v1/ 1103.5ms
INF 2026-08-03T19:47:55.260Z > 200 GET /api/v1/ 1959.12ms
INF 2026-08-03T19:47:55.272Z > 200 GET /api/v1/ 1733.75ms
INF 2026-08-03T19:47:55.272Z > 200 GET /api/v1/ 1145.88ms
INF 2026-08-03T19:47:55.276Z > 200 GET /api/v1/ 1835.39ms
INF 2026-08-03T19:47:55.277Z > 200 GET /api/v1/ 1759.79ms
INF 2026-08-03T19:47:55.277Z > 200 GET /api/v1/ 1994.88ms
INF 2026-08-03T19:47:55.308Z > 200 GET /api/v1/ 1879.21ms
INF 2026-08-03T19:47:55.308Z > 200 GET /api/v1/ 110.16ms
INF 2026-08-03T19:47:55.316Z > 200 GET /api/v1/ 1117.97ms
INF 2026-08-03T19:47:55.323Z > 200 GET /api/v1/ 1569.75ms
INF 2026-08-03T19:47:55.330Z > 200 GET /api/v1/ 1576.99ms
INF 2026-08-03T19:47:55.331Z > 200 GET /api/v1/ 809.14ms
INF 2026-08-03T19:47:55.335Z > 200 GET /api/v1/ 1577.51ms
INF 2026-08-03T19:47:55.339Z > 200 GET /api/v1/ 2005.87ms
INF 2026-08-03T19:47:55.339Z > 200 GET /api/v1/ 1545.73ms
INF 2026-08-03T19:47:55.342Z > 200 GET /api/v1/ 1584.41ms
INF 2026-08-03T19:47:55.344Z > 200 GET /api/v1/ 1190.11ms
INF 2026-08-03T19:47:55.344Z > 200 GET /api/v1/ 1131.05ms
INF 2026-08-03T19:47:55.357Z > 200 GET /api/v1/ 490.64ms
INF 2026-08-03T19:47:55.358Z > 200 GET /api/v1/ 1664.46ms
INF 2026-08-03T19:47:55.358Z > 200 GET /api/v1/ 962.4ms
INF 2026-08-03T19:47:55.359Z > 200 GET /api/v1/ 1606.36ms
INF 2026-08-03T19:47:55.362Z > 200 GET /api/v1/ 1772.91ms
INF 2026-08-03T19:47:55.362Z > 200 GET /api/v1/ 499.67ms
INF 2026-08-03T19:47:55.375Z > 200 GET /api/v1/ 733.25ms
INF 2026-08-03T19:47:55.375Z > 200 GET /api/v1/ 1626.46ms
INF 2026-08-03T19:47:55.376Z > 200 GET /api/v1/ 1622.78ms
INF 2026-08-03T19:47:55.376Z > 200 GET /api/v1/ 513.76ms
INF 2026-08-03T19:47:55.377Z > 200 GET /api/v1/ 1836.2ms
INF 2026-08-03T19:47:55.390Z > 200 GET /api/v1/ 1636.97ms
INF 2026-08-03T19:47:55.390Z > 200 GET /api/v1/ 527.99ms
INF 2026-08-03T19:47:55.393Z > 200 GET /api/v1/ 1499.82ms
INF 2026-08-03T19:47:55.431Z > 200 GET /api/v1/ 691.87ms
INF 2026-08-03T19:47:55.431Z > 200 GET /api/v1/ 1102.39ms
INF 2026-08-03T19:47:55.432Z > 200 GET /api/v1/ 1487.18ms
INF 2026-08-03T19:47:55.433Z > 200 GET /api/v1/ 289.87ms
INF 2026-08-03T19:47:55.433Z > 200 GET /api/v1/ 1036.91ms
INF 2026-08-03T19:47:55.434Z > 200 GET /api/v1/ 334.35ms
INF 2026-08-03T19:47:55.453Z > 200 GET /api/v1/ 1556.3ms
INF 2026-08-03T19:47:55.468Z > 200 GET /api/v1/ 33.91ms
INF 2026-08-03T19:47:55.473Z > 200 GET /api/v1/ 611.26ms
INF 2026-08-03T19:47:55.489Z > 200 GET /api/v1/ 1592.59ms
INF 2026-08-03T19:47:55.492Z > 200 GET /api/v1/ 739.3ms
INF 2026-08-03T19:47:55.492Z > 200 GET /api/v1/ 1547.45ms
INF 2026-08-03T19:47:55.498Z > 200 GET /api/v1/ 469.26ms
INF 2026-08-03T19:47:55.499Z > 200 GET /api/v1/ 9.54ms
INF 2026-08-03T19:47:55.502Z > 200 GET /api/v1/ 692.79ms
INF 2026-08-03T19:47:55.504Z > 200 GET /api/v1/ 360.85ms
INF 2026-08-03T19:47:55.505Z > 200 GET /api/v1/ 603.7ms
INF 2026-08-03T19:47:55.507Z > 200 GET /api/v1/ 782.78ms
INF 2026-08-03T19:47:55.562Z > 200 GET /api/v1/ 50.31ms
INF 2026-08-03T19:47:55.565Z > 200 GET /api/v1/ 1572.08ms
INF 2026-08-03T19:47:55.579Z > 200 GET /api/v1/ 409.11ms
INF 2026-08-03T19:47:55.585Z > 200 GET /api/v1/ 846.13ms
INF 2026-08-03T19:47:55.589Z > 200 GET /api/v1/ 1131.04ms
INF 2026-08-03T19:47:55.591Z > 200 GET /api/v1/ 657.59ms
INF 2026-08-03T19:47:55.592Z > 200 GET /api/v1/ 774.77ms
INF 2026-08-03T19:47:55.592Z > 200 GET /api/v1/ 778.98ms
INF 2026-08-03T19:47:55.613Z > 200 GET /api/v1/ 8.12ms
INF 2026-08-03T19:47:55.620Z > 200 GET /api/v1/ 6.86ms
INF 2026-08-03T19:47:55.628Z > 200 GET /api/v1/ 7.07ms
INF 2026-08-03T19:47:55.631Z > 200 GET /api/v1/ 1397.69ms
INF 2026-08-03T19:47:55.641Z > 200 GET /api/v1/ 8.19ms
INF 2026-08-03T19:47:55.720Z > 200 GET /api/v1/ 63.2ms
INF 2026-08-03T19:47:55.770Z > 200 GET /api/v1/ 421.03ms
INF 2026-08-03T19:47:55.771Z > 200 GET /api/v1/ 572.36ms
INF 2026-08-03T19:47:55.773Z > 200 GET /api/v1/ 424.13ms
INF 2026-08-03T19:47:55.782Z > 200 GET /api/v1/ 347.78ms
INF 2026-08-03T19:47:55.899Z > 200 GET /api/v1/ 640.4ms
INF 2026-08-03T19:47:55.923Z > 200 GET /api/v1/ 533.84ms
INF 2026-08-03T19:47:55.956Z > 200 GET /api/v1/ 566.46ms
INF 2026-08-03T19:47:55.957Z > 200 GET /api/v1/ 583.6ms
INF 2026-08-03T19:47:55.958Z > 200 GET /api/v1/ 583.61ms
INF 2026-08-03T19:47:55.964Z > 200 GET /api/v1/ 589.85ms
INF 2026-08-03T19:47:56.063Z > 200 GET /api/v1/ 628.14ms
INF 2026-08-03T19:47:56.085Z > 200 GET /api/v1/ 452.44ms
INF 2026-08-03T19:47:56.097Z > 200 GET /api/v1/ 381.87ms
INF 2026-08-03T19:47:56.098Z > 200 GET /api/v1/ 382.3ms
INF 2026-08-03T19:47:56.098Z > 200 GET /api/v1/ 465.25ms
INF 2026-08-03T19:47:56.099Z > 200 GET /api/v1/ 543.76ms
INF 2026-08-03T19:47:56.100Z > 200 GET /api/v1/ 466.82ms
INF 2026-08-03T19:47:56.101Z > 200 GET /api/v1/ 1591.66ms
INF 2026-08-03T19:47:56.102Z > 200 GET /api/v1/ 1644.98ms
INF 2026-08-03T19:47:56.103Z > 200 GET /api/v1/ 548.19ms
INF 2026-08-03T19:47:56.104Z > 200 GET /api/v1/ 331.8ms
INF 2026-08-03T19:47:56.111Z > 200 GET /api/v1/ 621.13ms
INF 2026-08-03T19:47:56.112Z > 200 GET /api/v1/ 733.58ms
INF 2026-08-03T19:47:56.118Z > 200 GET /api/v1/ 456.8ms
INF 2026-08-03T19:47:56.118Z > 200 GET /api/v1/ 563.08ms
INF 2026-08-03T19:47:56.121Z > 200 GET /api/v1/ 1524.5ms
INF 2026-08-03T19:47:56.123Z > 200 GET /api/v1/ 1529.57ms
INF 2026-08-03T19:47:56.128Z > 200 GET /api/v1/ 313.29ms
INF 2026-08-03T19:47:56.130Z > 200 GET /api/v1/ 230.11ms
INF 2026-08-03T19:47:56.132Z > 200 GET /api/v1/ 317.24ms
INF 2026-08-03T19:47:56.149Z > 200 GET /api/v1/ 7.96ms
INF 2026-08-03T19:47:56.162Z > 200 GET /api/v1/ 9.46ms
INF 2026-08-03T19:47:56.174Z > 200 GET /api/v1/ 9.47ms
INF 2026-08-03T19:47:56.187Z > 200 GET /api/v1/ 229.02ms
INF 2026-08-03T19:47:56.193Z > 200 GET /api/v1/ 1453.96ms
INF 2026-08-03T19:47:56.200Z > 200 GET /api/v1/ 7.53ms
INF 2026-08-03T19:47:56.214Z > 200 GET /api/v1/ 8.97ms
INF 2026-08-03T19:47:56.217Z > 200 GET /api/v1/ 779.97ms
INF 2026-08-03T19:47:56.239Z > 200 GET /api/v1/ 8.48ms
INF 2026-08-03T19:47:56.243Z > 200 GET /api/v1/ 1668.68ms
INF 2026-08-03T19:47:56.257Z > 200 GET /api/v1/ 1114.13ms
INF 2026-08-03T19:47:56.267Z > 200 GET /api/v1/ 1096.43ms
INF 2026-08-03T19:47:56.272Z > 200 GET /api/v1/ 283.57ms
INF 2026-08-03T19:47:56.277Z > 200 GET /api/v1/ 1107.11ms
INF 2026-08-03T19:47:56.278Z > 200 GET /api/v1/ 843.88ms
INF 2026-08-03T19:47:56.280Z > 200 GET /api/v1/ 8.09ms
INF 2026-08-03T19:47:56.284Z > 200 GET /api/v1/ 568.19ms
INF 2026-08-03T19:47:56.294Z > 200 GET /api/v1/ 9.36ms
INF 2026-08-03T19:47:56.300Z > 200 GET /api/v1/ 1129.23ms
INF 2026-08-03T19:47:56.308Z > 200 GET /api/v1/ 7.14ms
INF 2026-08-03T19:47:56.327Z > 200 GET /api/v1/ 18.43ms
INF 2026-08-03T19:47:56.340Z > 200 GET /api/v1/ 1169.64ms
INF 2026-08-03T19:47:56.354Z > 200 GET /api/v1/ 13.42ms
INF 2026-08-03T19:47:56.358Z > 200 GET /api/v1/ 968.95ms
INF 2026-08-03T19:47:56.362Z > 200 GET /api/v1/ 972.84ms
INF 2026-08-03T19:47:56.365Z > 200 GET /api/v1/ 875.5ms
INF 2026-08-03T19:47:56.366Z > 200 GET /api/v1/ 811.01ms
INF 2026-08-03T19:47:56.370Z > 200 GET /api/v1/ 897.5ms
INF 2026-08-03T19:47:56.389Z > 200 GET /api/v1/ 7.29ms
INF 2026-08-03T19:47:56.405Z > 200 GET /api/v1/ 7.92ms
INF 2026-08-03T19:47:56.418Z > 200 GET /api/v1/ 12.97ms
INF 2026-08-03T19:47:56.439Z > 200 GET /api/v1/ 10.06ms
INF 2026-08-03T19:47:56.463Z > 200 GET /api/v1/ 1882.54ms
INF 2026-08-03T19:47:56.469Z > 200 GET /api/v1/ 1209.28ms
INF 2026-08-03T19:47:56.489Z > 200 GET /api/v1/ 8.46ms
INF 2026-08-03T19:47:56.497Z > 200 GET /api/v1/ 352.47ms
INF 2026-08-03T19:47:56.503Z > 200 GET /api/v1/ 357.53ms
INF 2026-08-03T19:47:56.503Z > 200 GET /api/v1/ 1929.17ms
INF 2026-08-03T19:47:56.506Z > 200 GET /api/v1/ 364.99ms
INF 2026-08-03T19:47:56.515Z > 200 GET /api/v1/ 249.99ms
INF 2026-08-03T19:47:56.516Z > 200 GET /api/v1/ 235.07ms
INF 2026-08-03T19:47:56.517Z > 200 GET /api/v1/ 1942.75ms
INF 2026-08-03T19:47:56.518Z > 200 GET /api/v1/ 1926.52ms
INF 2026-08-03T19:47:56.542Z > 200 GET /api/v1/ 9.57ms
INF 2026-08-03T19:47:56.546Z > 200 GET /api/v1/ 1375.34ms
INF 2026-08-03T19:47:56.556Z > 200 GET /api/v1/ 7.49ms
INF 2026-08-03T19:47:56.569Z > 200 GET /api/v1/ 12.16ms
INF 2026-08-03T19:47:56.595Z > 200 GET /api/v1/ 9.61ms
INF 2026-08-03T19:47:56.600Z > 200 GET /api/v1/ 2078.81ms
INF 2026-08-03T19:47:56.626Z > 200 GET /api/v1/ 13.51ms
INF 2026-08-03T19:47:56.647Z > 200 GET /api/v1/ 10.1ms
INF 2026-08-03T19:47:56.654Z > 200 GET /api/v1/ 1181.52ms
INF 2026-08-03T19:47:56.657Z > 200 GET /api/v1/ 195.81ms
INF 2026-08-03T19:47:56.661Z > 200 GET /api/v1/ 1230.38ms
INF 2026-08-03T19:47:56.667Z > 200 GET /api/v1/ 256.43ms
INF 2026-08-03T19:47:56.720Z > 200 GET /api/v1/ 50.1ms
INF 2026-08-03T19:47:56.733Z > 200 GET /api/v1/ 2093.67ms
INF 2026-08-03T19:47:56.734Z > 200 GET /api/v1/ 2132.86ms
INF 2026-08-03T19:47:56.740Z > 200 GET /api/v1/ 2081.93ms
INF 2026-08-03T19:47:56.771Z > 200 GET /api/v1/ 2217.22ms
INF 2026-08-03T19:47:56.772Z > 200 GET /api/v1/ 2132.75ms
INF 2026-08-03T19:47:56.808Z > 200 GET /api/v1/ 2299.01ms
INF 2026-08-03T19:47:56.823Z > 200 GET /api/v1/ 2183.69ms
INF 2026-08-03T19:47:56.824Z > 200 GET /api/v1/ 2010.33ms
INF 2026-08-03T19:47:56.824Z > 200 GET /api/v1/ 1269.4ms
INF 2026-08-03T19:47:56.824Z > 200 GET /api/v1/ 2151.7ms
INF 2026-08-03T19:47:56.828Z > 200 GET /api/v1/ 928.24ms
INF 2026-08-03T19:47:56.839Z > 200 GET /api/v1/ 14.38ms
INF 2026-08-03T19:47:56.841Z > 200 GET /api/v1/ 1285.4ms
INF 2026-08-03T19:47:56.841Z > 200 GET /api/v1/ 2228.31ms
INF 2026-08-03T19:47:56.842Z > 200 GET /api/v1/ 1642.98ms
INF 2026-08-03T19:47:56.842Z > 200 GET /api/v1/ 672.99ms
INF 2026-08-03T19:47:56.857Z > 200 GET /api/v1/ 8.11ms
INF 2026-08-03T19:47:56.864Z > 200 GET /api/v1/ 2095.9ms
INF 2026-08-03T19:47:56.868Z > 200 GET /api/v1/ 2210.31ms
INF 2026-08-03T19:47:56.874Z > 200 GET /api/v1/ 2135.12ms
INF 2026-08-03T19:47:56.879Z > 200 GET /api/v1/ 9.86ms
INF 2026-08-03T19:47:56.891Z > 200 GET /api/v1/ 10.34ms
INF 2026-08-03T19:47:56.915Z > 200 GET /api/v1/ 14.67ms
INF 2026-08-03T19:47:56.927Z > 200 GET /api/v1/ 10.19ms
INF 2026-08-03T19:47:56.933Z > 200 GET /api/v1/ 1498.73ms
INF 2026-08-03T19:47:56.953Z > 200 GET /api/v1/ 19.94ms
INF 2026-08-03T19:47:56.955Z > 200 GET /api/v1/ 794.61ms
INF 2026-08-03T19:47:56.956Z > 200 GET /api/v1/ 1459.39ms
INF 2026-08-03T19:47:56.958Z > 200 GET /api/v1/ 1402.69ms
INF 2026-08-03T19:47:56.959Z > 200 GET /api/v1/ 630.88ms
INF 2026-08-03T19:47:56.960Z > 200 GET /api/v1/ 1405.04ms
INF 2026-08-03T19:47:56.961Z > 200 GET /api/v1/ 1405.52ms
INF 2026-08-03T19:47:56.976Z > 200 GET /api/v1/ 7.19ms
INF 2026-08-03T19:47:56.986Z > 200 GET /api/v1/ 9.61ms
INF 2026-08-03T19:47:57.009Z > 200 GET /api/v1/ 12.47ms
INF 2026-08-03T19:47:57.027Z > 200 GET /api/v1/ 10.12ms
INF 2026-08-03T19:47:57.036Z > 200 GET /api/v1/ 1407.33ms
INF 2026-08-03T19:47:57.038Z > 200 GET /api/v1/ 8.92ms
INF 2026-08-03T19:47:57.062Z > 200 GET /api/v1/ 9.41ms
INF 2026-08-03T19:47:57.078Z > 200 GET /api/v1/ 9.02ms
INF 2026-08-03T19:47:57.090Z > 200 GET /api/v1/ 9.16ms
INF 2026-08-03T19:47:57.113Z > 200 GET /api/v1/ 8.02ms
INF 2026-08-03T19:47:57.121Z > 200 GET /api/v1/ 7.83ms
INF 2026-08-03T19:47:57.138Z > 200 GET /api/v1/ 16.03ms
INF 2026-08-03T19:47:57.154Z > 200 GET /api/v1/ 272.66ms
INF 2026-08-03T19:47:57.159Z > 200 GET /api/v1/ 238.16ms
INF 2026-08-03T19:47:57.163Z > 200 GET /api/v1/ 298.45ms
INF 2026-08-03T19:47:57.165Z > 200 GET /api/v1/ 1609.63ms
INF 2026-08-03T19:47:57.165Z > 200 GET /api/v1/ 280.31ms
INF 2026-08-03T19:47:57.166Z > 200 GET /api/v1/ 394.03ms
INF 2026-08-03T19:47:57.171Z > 200 GET /api/v1/ 361.04ms
INF 2026-08-03T19:47:57.174Z > 200 GET /api/v1/ 8.6ms
INF 2026-08-03T19:47:57.223Z > 200 GET /api/v1/ 504.33ms
INF 2026-08-03T19:47:57.229Z > 200 GET /api/v1/ 364.07ms
INF 2026-08-03T19:47:57.236Z > 200 GET /api/v1/ 239.45ms
INF 2026-08-03T19:47:57.239Z > 200 GET /api/v1/ 49.72ms
INF 2026-08-03T19:47:57.240Z > 200 GET /api/v1/ 1961.75ms
INF 2026-08-03T19:47:57.242Z > 200 GET /api/v1/ 1983.06ms
INF 2026-08-03T19:47:57.243Z > 200 GET /api/v1/ 1965.26ms
INF 2026-08-03T19:47:57.243Z > 200 GET /api/v1/ 242.74ms
INF 2026-08-03T19:47:57.246Z > 200 GET /api/v1/ 1968.16ms
INF 2026-08-03T19:47:57.278Z > 200 GET /api/v1/ 13.39ms
INF 2026-08-03T19:47:57.287Z > 200 GET /api/v1/ 2144.57ms
INF 2026-08-03T19:47:57.291Z > 200 GET /api/v1/ 587.15ms
INF 2026-08-03T19:47:57.292Z > 200 GET /api/v1/ 1971.01ms
INF 2026-08-03T19:47:57.298Z > 200 GET /api/v1/ 2020.63ms
INF 2026-08-03T19:47:57.306Z > 200 GET /api/v1/ 349.1ms
INF 2026-08-03T19:47:57.311Z > 200 GET /api/v1/ 2051.07ms
INF 2026-08-03T19:47:57.317Z > 200 GET /api/v1/ 2003.81ms
INF 2026-08-03T19:47:57.322Z > 200 GET /api/v1/ 2123.53ms
INF 2026-08-03T19:47:57.330Z > 200 GET /api/v1/ 2159.93ms
INF 2026-08-03T19:47:57.341Z > 200 GET /api/v1/ 8.46ms
INF 2026-08-03T19:47:57.351Z > 200 GET /api/v1/ 2033.99ms
INF 2026-08-03T19:47:57.362Z > 200 GET /api/v1/ 11.4ms
INF 2026-08-03T19:47:57.374Z > 200 GET /api/v1/ 2175.22ms
INF 2026-08-03T19:47:57.377Z > 200 GET /api/v1/ 2071.16ms
INF 2026-08-03T19:47:57.383Z > 200 GET /api/v1/ 2184.66ms
INF 2026-08-03T19:47:57.385Z > 200 GET /api/v1/ 10.83ms
INF 2026-08-03T19:47:57.394Z > 200 GET /api/v1/ 9.2ms
INF 2026-08-03T19:47:57.399Z > 200 GET /api/v1/ 398.23ms
INF 2026-08-03T19:47:57.402Z > 200 GET /api/v1/ 537.39ms
INF 2026-08-03T19:47:57.404Z > 200 GET /api/v1/ 403.01ms
INF 2026-08-03T19:47:57.427Z > 200 GET /api/v1/ 22.66ms
INF 2026-08-03T19:47:57.447Z > 200 GET /api/v1/ 370.49ms
INF 2026-08-03T19:47:57.460Z > 200 GET /api/v1/ 12.5ms
INF 2026-08-03T19:47:57.461Z > 200 GET /api/v1/ 25.57ms
INF 2026-08-03T19:47:57.464Z > 200 GET /api/v1/ 1207.3ms
INF 2026-08-03T19:47:57.467Z > 200 GET /api/v1/ 1230.33ms
INF 2026-08-03T19:47:57.471Z > 200 GET /api/v1/ 1326.42ms
INF 2026-08-03T19:47:57.472Z > 200 GET /api/v1/ 2041.89ms
INF 2026-08-03T19:47:57.474Z > 200 GET /api/v1/ 2067.37ms
INF 2026-08-03T19:47:57.496Z > 200 GET /api/v1/ 7.54ms
INF 2026-08-03T19:47:57.533Z > 200 GET /api/v1/ 32.3ms
INF 2026-08-03T19:47:57.539Z > 200 GET /api/v1/ 2226.31ms
INF 2026-08-03T19:47:57.593Z > 200 GET /api/v1/ 14.76ms
INF 2026-08-03T19:47:57.605Z > 200 GET /api/v1/ 2215.4ms
INF 2026-08-03T19:47:57.608Z > 200 GET /api/v1/ 2177.96ms
INF 2026-08-03T19:47:57.613Z > 200 GET /api/v1/ 1285.41ms
INF 2026-08-03T19:47:57.614Z > 200 GET /api/v1/ 2178.51ms
INF 2026-08-03T19:47:57.615Z > 200 GET /api/v1/ 2184.63ms
INF 2026-08-03T19:47:57.622Z > 200 GET /api/v1/ 2191.2ms
INF 2026-08-03T19:47:57.644Z > 200 GET /api/v1/ 7.53ms
INF 2026-08-03T19:47:57.656Z > 200 GET /api/v1/ 7.63ms
INF 2026-08-03T19:47:57.664Z > 200 GET /api/v1/ 342.79ms
INF 2026-08-03T19:47:57.682Z > 200 GET /api/v1/ 1441.56ms
INF 2026-08-03T19:47:57.684Z > 200 GET /api/v1/ 409.85ms
INF 2026-08-03T19:47:57.686Z > 200 GET /api/v1/ 345.28ms
INF 2026-08-03T19:47:57.687Z > 200 GET /api/v1/ 334.06ms
INF 2026-08-03T19:47:57.725Z > 200 GET /api/v1/ 22.41ms
INF 2026-08-03T19:47:57.749Z > 200 GET /api/v1/ 1620.18ms
INF 2026-08-03T19:47:57.763Z > 200 GET /api/v1/ 2290.05ms
INF 2026-08-03T19:47:57.773Z > 200 GET /api/v1/ 7.86ms
INF 2026-08-03T19:47:57.786Z > 200 GET /api/v1/ 1644.97ms
INF 2026-08-03T19:47:57.792Z > 200 GET /api/v1/ 2357.72ms
INF 2026-08-03T19:47:57.797Z > 200 GET /api/v1/ 1199.8ms
INF 2026-08-03T19:47:57.797Z > 200 GET /api/v1/ 2439.76ms
INF 2026-08-03T19:47:57.801Z > 200 GET /api/v1/ 8.24ms
INF 2026-08-03T19:47:57.808Z > 200 GET /api/v1/ 1294.0ms
INF 2026-08-03T19:47:57.824Z > 200 GET /api/v1/ 7.12ms
INF 2026-08-03T19:47:57.837Z > 200 GET /api/v1/ 8.57ms
INF 2026-08-03T19:47:57.849Z > 200 GET /api/v1/ 8.61ms
INF 2026-08-03T19:47:57.860Z > 200 GET /api/v1/ 10.86ms
INF 2026-08-03T19:47:57.867Z > 200 GET /api/v1/ 161.04ms
INF 2026-08-03T19:47:57.874Z > 200 GET /api/v1/ 189.44ms
INF 2026-08-03T19:47:57.879Z > 200 GET /api/v1/ 347.53ms
INF 2026-08-03T19:47:57.880Z > 200 GET /api/v1/ 214.87ms
INF 2026-08-03T19:47:57.890Z > 200 GET /api/v1/ 9.26ms
INF 2026-08-03T19:47:57.894Z > 200 GET /api/v1/ 440.31ms
INF 2026-08-03T19:47:57.896Z > 200 GET /api/v1/ 247.1ms
INF 2026-08-03T19:47:57.914Z > 200 GET /api/v1/ 17.08ms
INF 2026-08-03T19:47:57.920Z > 200 GET /api/v1/ 262.97ms
INF 2026-08-03T19:47:57.926Z > 200 GET /api/v1/ 457.61ms
INF 2026-08-03T19:47:57.931Z > 200 GET /api/v1/ 394.62ms
INF 2026-08-03T19:47:57.938Z > 200 GET /api/v1/ 401.73ms
INF 2026-08-03T19:47:57.967Z > 200 GET /api/v1/ 1903.83ms
INF 2026-08-03T19:47:57.972Z > 200 GET /api/v1/ 440.32ms
INF 2026-08-03T19:47:57.980Z > 200 GET /api/v1/ 7.47ms
INF 2026-08-03T19:47:57.987Z > 200 GET /api/v1/ 6.78ms
INF 2026-08-03T19:47:58.015Z > 200 GET /api/v1/ 6.55ms
INF 2026-08-03T19:47:58.026Z > 200 GET /api/v1/ 9.44ms
INF 2026-08-03T19:47:58.040Z > 200 GET /api/v1/ 10.93ms
INF 2026-08-03T19:47:58.048Z > 200 GET /api/v1/ 1491.3ms
INF 2026-08-03T19:47:58.051Z > 200 GET /api/v1/ 1906.31ms
INF 2026-08-03T19:47:58.055Z > 200 GET /api/v1/ 523.3ms
INF 2026-08-03T19:47:58.058Z > 200 GET /api/v1/ 1730.47ms
INF 2026-08-03T19:47:58.076Z > 200 GET /api/v1/ 6.97ms
INF 2026-08-03T19:47:58.094Z > 200 GET /api/v1/ 12.78ms
INF 2026-08-03T19:47:58.104Z > 200 GET /api/v1/ 7.61ms
INF 2026-08-03T19:47:58.116Z > 200 GET /api/v1/ 194.68ms
INF 2026-08-03T19:47:58.126Z > 200 GET /api/v1/ 9.49ms
INF 2026-08-03T19:47:58.127Z > 200 GET /api/v1/ 1581.9ms
INF 2026-08-03T19:47:58.128Z > 200 GET /api/v1/ 218.66ms
INF 2026-08-03T19:47:58.196Z > 200 GET /api/v1/ 287.34ms
INF 2026-08-03T19:47:58.205Z > 200 GET /api/v1/ 224.56ms
INF 2026-08-03T19:47:58.210Z > 200 GET /api/v1/ 1385.41ms
INF 2026-08-03T19:47:58.217Z > 200 GET /api/v1/ 1352.51ms
INF 2026-08-03T19:47:58.222Z > 200 GET /api/v1/ 1312.75ms
INF 2026-08-03T19:47:58.224Z > 200 GET /api/v1/ 1414.17ms
INF 2026-08-03T19:47:58.226Z > 200 GET /api/v1/ 1416.48ms
INF 2026-08-03T19:47:58.229Z > 200 GET /api/v1/ 307.92ms
INF 2026-08-03T19:47:58.237Z > 200 GET /api/v1/ 1888.15ms
INF 2026-08-03T19:47:58.244Z > 200 GET /api/v1/ 307.16ms
INF 2026-08-03T19:47:58.251Z > 200 GET /api/v1/ 1343.12ms
INF 2026-08-03T19:47:58.252Z > 200 GET /api/v1/ 894.9ms
INF 2026-08-03T19:47:58.253Z > 200 GET /api/v1/ 292.2ms
INF 2026-08-03T19:47:58.254Z > 200 GET /api/v1/ 1368.69ms
INF 2026-08-03T19:47:58.257Z > 200 GET /api/v1/ 283.94ms
INF 2026-08-03T19:47:58.258Z > 200 GET /api/v1/ 1052.84ms
INF 2026-08-03T19:47:58.260Z > 200 GET /api/v1/ 1050.82ms
INF 2026-08-03T19:47:58.260Z > 200 GET /api/v1/ 323.36ms
INF 2026-08-03T19:47:58.261Z > 200 GET /api/v1/ 1700.14ms
INF 2026-08-03T19:47:58.265Z > 200 GET /api/v1/ 1259.8ms
INF 2026-08-03T19:47:58.270Z > 200 GET /api/v1/ 8.92ms
INF 2026-08-03T19:47:58.277Z > 200 GET /api/v1/ 6.7ms
INF 2026-08-03T19:47:58.290Z > 200 GET /api/v1/ 8.75ms
INF 2026-08-03T19:47:58.301Z > 200 GET /api/v1/ 8.26ms
INF 2026-08-03T19:47:58.338Z > 200 GET /api/v1/ 37.21ms
INF 2026-08-03T19:47:58.350Z > 200 GET /api/v1/ 11.16ms
INF 2026-08-03T19:47:58.369Z > 200 GET /api/v1/ 276.66ms
INF 2026-08-03T19:47:58.374Z > 200 GET /api/v1/ 273.13ms
INF 2026-08-03T19:47:58.379Z > 200 GET /api/v1/ 791.61ms
INF 2026-08-03T19:47:58.382Z > 200 GET /api/v1/ 234.63ms
INF 2026-08-03T19:47:58.418Z > 200 GET /api/v1/ 25.31ms
INF 2026-08-03T19:47:58.430Z > 200 GET /api/v1/ 9.54ms
INF 2026-08-03T19:47:58.462Z > 200 GET /api/v1/ 1184.43ms
INF 2026-08-03T19:47:58.469Z > 200 GET /api/v1/ 1076.28ms
INF 2026-08-03T19:47:58.474Z > 200 GET /api/v1/ 628.95ms
INF 2026-08-03T19:47:58.479Z > 200 GET /api/v1/ 1112.65ms
INF 2026-08-03T19:47:58.484Z > 200 GET /api/v1/ 756.01ms
INF 2026-08-03T19:47:58.489Z > 200 GET /api/v1/ 1604.24ms
INF 2026-08-03T19:47:58.513Z > 200 GET /api/v1/ 8.4ms
INF 2026-08-03T19:47:58.521Z > 200 GET /api/v1/ 8.19ms
INF 2026-08-03T19:47:58.533Z > 200 GET /api/v1/ 8.23ms
INF 2026-08-03T19:47:58.542Z > 200 GET /api/v1/ 8.47ms
INF 2026-08-03T19:47:58.574Z > 200 GET /api/v1/ 15.81ms
INF 2026-08-03T19:47:58.600Z > 200 GET /api/v1/ 2536.51ms
INF 2026-08-03T19:47:58.601Z > 200 GET /api/v1/ 2537.01ms
INF 2026-08-03T19:47:58.603Z > 200 GET /api/v1/ 2462.34ms
INF 2026-08-03T19:47:58.604Z > 200 GET /api/v1/ 2463.15ms
INF 2026-08-03T19:47:58.608Z > 200 GET /api/v1/ 30.84ms
INF 2026-08-03T19:47:58.677Z > 200 GET /api/v1/ 2566.4ms
INF 2026-08-03T19:47:58.679Z > 200 GET /api/v1/ 966.82ms
INF 2026-08-03T19:47:58.686Z > 200 GET /api/v1/ 8.98ms
INF 2026-08-03T19:47:58.708Z > 200 GET /api/v1/ 2644.03ms
INF 2026-08-03T19:47:58.724Z > 200 GET /api/v1/ 2570.49ms
INF 2026-08-03T19:47:58.728Z > 200 GET /api/v1/ 2555.0ms
INF 2026-08-03T19:47:58.737Z > 200 GET /api/v1/ 8.04ms
INF 2026-08-03T19:47:58.759Z > 200 GET /api/v1/ 9.29ms
INF 2026-08-03T19:47:58.773Z > 200 GET /api/v1/ 8.44ms
INF 2026-08-03T19:47:58.778Z > 200 GET /api/v1/ 606.06ms
INF 2026-08-03T19:47:58.781Z > 200 GET /api/v1/ 516.36ms
INF 2026-08-03T19:47:58.783Z > 200 GET /api/v1/ 1454.64ms
INF 2026-08-03T19:47:58.786Z > 200 GET /api/v1/ 484.99ms
INF 2026-08-03T19:47:58.808Z > 200 GET /api/v1/ 7.19ms
INF 2026-08-03T19:47:58.824Z > 200 GET /api/v1/ 6.84ms
INF 2026-08-03T19:47:58.833Z > 200 GET /api/v1/ 8.72ms
INF 2026-08-03T19:47:58.858Z > 200 GET /api/v1/ 9.43ms
INF 2026-08-03T19:47:58.874Z > 200 GET /api/v1/ 9.59ms
INF 2026-08-03T19:47:58.887Z > 200 GET /api/v1/ 9.59ms
INF 2026-08-03T19:47:58.894Z > 200 GET /api/v1/ 1693.12ms
INF 2026-08-03T19:47:58.909Z > 200 GET /api/v1/ 8.09ms
INF 2026-08-03T19:47:58.928Z > 200 GET /api/v1/ 10.65ms
INF 2026-08-03T19:47:58.937Z > 200 GET /api/v1/ 8.59ms
INF 2026-08-03T19:47:58.944Z > 200 GET /api/v1/ 6.54ms
INF 2026-08-03T19:47:58.960Z > 200 GET /api/v1/ 7.37ms
INF 2026-08-03T19:47:58.979Z > 200 GET /api/v1/ 10.49ms
INF 2026-08-03T19:47:58.990Z > 200 GET /api/v1/ 9.05ms
INF 2026-08-03T19:47:59.009Z > 200 GET /api/v1/ 7.93ms
INF 2026-08-03T19:47:59.030Z > 200 GET /api/v1/ 8.75ms
INF 2026-08-03T19:47:59.041Z > 200 GET /api/v1/ 8.64ms
INF 2026-08-03T19:47:59.058Z > 200 GET /api/v1/ 885.14ms
INF 2026-08-03T19:47:59.080Z > 200 GET /api/v1/ 6.94ms
INF 2026-08-03T19:47:59.121Z > 200 GET /api/v1/ 29.79ms
INF 2026-08-03T19:47:59.130Z > 200 GET /api/v1/ 8.88ms
INF 2026-08-03T19:47:59.135Z > 200 GET /api/v1/ 2973.89ms
INF 2026-08-03T19:47:59.142Z > 200 GET /api/v1/ 2636.56ms
INF 2026-08-03T19:47:59.149Z > 200 GET /api/v1/ 2608.32ms
INF 2026-08-03T19:47:59.156Z > 200 GET /api/v1/ 2827.77ms
INF 2026-08-03T19:47:59.161Z > 200 GET /api/v1/ 2750.42ms
INF 2026-08-03T19:47:59.171Z > 200 GET /api/v1/ 2582.12ms
INF 2026-08-03T19:47:59.176Z > 200 GET /api/v1/ 1370.89ms
INF 2026-08-03T19:47:59.178Z > 200 GET /api/v1/ 2809.25ms
INF 2026-08-03T19:47:59.179Z > 200 GET /api/v1/ 2961.93ms
INF 2026-08-03T19:47:59.180Z > 200 GET /api/v1/ 2634.81ms
INF 2026-08-03T19:47:59.180Z > 200 GET /api/v1/ 3015.31ms
INF 2026-08-03T19:47:59.181Z > 200 GET /api/v1/ 1435.61ms
INF 2026-08-03T19:47:59.183Z > 200 GET /api/v1/ 1349.67ms
INF 2026-08-03T19:47:59.183Z > 200 GET /api/v1/ 2767.2ms
INF 2026-08-03T19:47:59.184Z > 200 GET /api/v1/ 2726.04ms
INF 2026-08-03T19:47:59.191Z > 200 GET /api/v1/ 1443.43ms
INF 2026-08-03T19:47:59.192Z > 200 GET /api/v1/ 2851.45ms
INF 2026-08-03T19:47:59.193Z > 200 GET /api/v1/ 2792.28ms
INF 2026-08-03T19:47:59.202Z > 200 GET /api/v1/ 8.51ms
INF 2026-08-03T19:47:59.223Z > 200 GET /api/v1/ 17.41ms
INF 2026-08-03T19:47:59.234Z > 200 GET /api/v1/ 9.51ms
INF 2026-08-03T19:47:59.238Z > 200 GET /api/v1/ 2029.08ms
INF 2026-08-03T19:47:59.241Z > 200 GET /api/v1/ 3068.63ms
INF 2026-08-03T19:47:59.259Z > 200 GET /api/v1/ 14.26ms
INF 2026-08-03T19:47:59.274Z > 200 GET /api/v1/ 9.21ms
INF 2026-08-03T19:47:59.284Z > 200 GET /api/v1/ 1323.08ms
INF 2026-08-03T19:47:59.310Z > 200 GET /api/v1/ 1469.04ms
INF 2026-08-03T19:47:59.312Z > 200 GET /api/v1/ 1447.61ms
INF 2026-08-03T19:47:59.322Z > 200 GET /api/v1/ 2761.57ms
INF 2026-08-03T19:47:59.342Z > 200 GET /api/v1/ 19.91ms
INF 2026-08-03T19:47:59.356Z > 200 GET /api/v1/ 2022.95ms
INF 2026-08-03T19:47:59.360Z > 200 GET /api/v1/ 1702.99ms
INF 2026-08-03T19:47:59.369Z > 200 GET /api/v1/ 2650.28ms
INF 2026-08-03T19:47:59.374Z > 200 GET /api/v1/ 1717.11ms
INF 2026-08-03T19:47:59.377Z > 200 GET /api/v1/ 2736.36ms
INF 2026-08-03T19:47:59.378Z > 200 GET /api/v1/ 2176.83ms
INF 2026-08-03T19:47:59.383Z > 200 GET /api/v1/ 733.98ms
INF 2026-08-03T19:47:59.383Z > 200 GET /api/v1/ 1462.47ms
INF 2026-08-03T19:47:59.385Z > 200 GET /api/v1/ 2175.95ms
INF 2026-08-03T19:47:59.385Z > 200 GET /api/v1/ 2681.45ms
INF 2026-08-03T19:47:59.393Z > 200 GET /api/v1/ 7.93ms
INF 2026-08-03T19:47:59.406Z > 200 GET /api/v1/ 9.18ms
INF 2026-08-03T19:47:59.422Z > 200 GET /api/v1/ 8.96ms
INF 2026-08-03T19:47:59.432Z > 200 GET /api/v1/ 2727.65ms
INF 2026-08-03T19:47:59.439Z > 200 GET /api/v1/ 658.56ms
INF 2026-08-03T19:47:59.457Z > 200 GET /api/v1/ 8.45ms
INF 2026-08-03T19:47:59.474Z > 200 GET /api/v1/ 9.08ms
INF 2026-08-03T19:47:59.488Z > 200 GET /api/v1/ 6.98ms
INF 2026-08-03T19:47:59.512Z > 200 GET /api/v1/ 11.2ms
INF 2026-08-03T19:47:59.530Z > 200 GET /api/v1/ 8.77ms
INF 2026-08-03T19:47:59.550Z > 200 GET /api/v1/ 324.8ms
INF 2026-08-03T19:47:59.554Z > 200 GET /api/v1/ 276.93ms
INF 2026-08-03T19:47:59.559Z > 200 GET /api/v1/ 334.14ms
INF 2026-08-03T19:47:59.560Z > 200 GET /api/v1/ 338.76ms
INF 2026-08-03T19:47:59.582Z > 200 GET /api/v1/ 8.3ms
INF 2026-08-03T19:47:59.592Z > 200 GET /api/v1/ 359.13ms
INF 2026-08-03T19:47:59.595Z > 200 GET /api/v1/ 1440.72ms
INF 2026-08-03T19:47:59.608Z > 200 GET /api/v1/ 10.84ms
INF 2026-08-03T19:47:59.617Z > 200 GET /api/v1/ 9.19ms
INF 2026-08-03T19:47:59.617Z > 200 GET /api/v1/ 2400.29ms
INF 2026-08-03T19:47:59.634Z > 200 GET /api/v1/ 9.54ms
INF 2026-08-03T19:47:59.648Z > 200 GET /api/v1/ 11.67ms
INF 2026-08-03T19:47:59.656Z > 200 GET /api/v1/ 1723.6ms
INF 2026-08-03T19:47:59.672Z > 200 GET /api/v1/ 11.4ms
INF 2026-08-03T19:47:59.691Z > 200 GET /api/v1/ 466.34ms
INF 2026-08-03T19:47:59.694Z > 200 GET /api/v1/ 520.96ms
INF 2026-08-03T19:47:59.712Z > 200 GET /api/v1/ 401.54ms
INF 2026-08-03T19:47:59.719Z > 200 GET /api/v1/ 17.47ms
INF 2026-08-03T19:47:59.724Z > 200 GET /api/v1/ 442.98ms
INF 2026-08-03T19:47:59.741Z > 200 GET /api/v1/ 8.12ms
INF 2026-08-03T19:47:59.745Z > 200 GET /api/v1/ 388.01ms
INF 2026-08-03T19:47:59.748Z > 200 GET /api/v1/ 391.03ms
INF 2026-08-03T19:47:59.817Z > 200 GET /api/v1/ 2535.76ms
INF 2026-08-03T19:47:59.825Z > 200 GET /api/v1/ 8.31ms
INF 2026-08-03T19:47:59.841Z > 200 GET /api/v1/ 416.42ms
INF 2026-08-03T19:47:59.847Z > 200 GET /api/v1/ 410.21ms
INF 2026-08-03T19:47:59.848Z > 200 GET /api/v1/ 254.76ms
INF 2026-08-03T19:47:59.849Z > 200 GET /api/v1/ 376.7ms
INF 2026-08-03T19:47:59.859Z > 200 GET /api/v1/ 166.61ms
INF 2026-08-03T19:47:59.868Z > 200 GET /api/v1/ 1222.95ms
INF 2026-08-03T19:47:59.873Z > 200 GET /api/v1/ 2739.36ms
INF 2026-08-03T19:47:59.878Z > 200 GET /api/v1/ 1233.03ms
INF 2026-08-03T19:47:59.879Z > 200 GET /api/v1/ 2590.01ms
INF 2026-08-03T19:47:59.883Z > 200 GET /api/v1/ 2885.72ms
INF 2026-08-03T19:47:59.883Z > 200 GET /api/v1/ 2595.06ms
INF 2026-08-03T19:47:59.895Z > 200 GET /api/v1/ 10.34ms
INF 2026-08-03T19:47:59.909Z > 200 GET /api/v1/ 8.14ms
INF 2026-08-03T19:47:59.918Z > 200 GET /api/v1/ 9.36ms
INF 2026-08-03T19:47:59.929Z > 200 GET /api/v1/ 1680.69ms
INF 2026-08-03T19:47:59.930Z > 200 GET /api/v1/ 1841.13ms
INF 2026-08-03T19:47:59.937Z > 200 GET /api/v1/ 183.76ms
INF 2026-08-03T19:47:59.946Z > 200 GET /api/v1/ 9.08ms
INF 2026-08-03T19:47:59.953Z > 200 GET /api/v1/ 1436.34ms
INF 2026-08-03T19:47:59.955Z > 200 GET /api/v1/ 1897.99ms
INF 2026-08-03T19:47:59.956Z > 200 GET /api/v1/ 2675.14ms
INF 2026-08-03T19:47:59.961Z > 200 GET /api/v1/ 8.07ms
INF 2026-08-03T19:47:59.971Z > 200 GET /api/v1/ 1510.24ms
INF 2026-08-03T19:47:59.976Z > 200 GET /api/v1/ 14.58ms
INF 2026-08-03T19:47:59.978Z > 200 GET /api/v1/ 1332.69ms
INF 2026-08-03T19:47:59.994Z > 200 GET /api/v1/ 1648.79ms
INF 2026-08-03T19:48:00.001Z > 200 GET /api/v1/ 1172.23ms
INF 2026-08-03T19:48:00.012Z > 200 GET /api/v1/ 6.97ms
INF 2026-08-03T19:48:00.016Z > 200 GET /api/v1/ 1431.3ms
INF 2026-08-03T19:48:00.020Z > 200 GET /api/v1/ 1782.55ms
INF 2026-08-03T19:48:00.024Z > 200 GET /api/v1/ 7.11ms
INF 2026-08-03T19:48:00.026Z > 200 GET /api/v1/ 788.78ms
INF 2026-08-03T19:48:00.046Z > 200 GET /api/v1/ 9.45ms
INF 2026-08-03T19:48:00.068Z > 200 GET /api/v1/ 14.68ms
INF 2026-08-03T19:48:00.076Z > 200 GET /api/v1/ 7.41ms
INF 2026-08-03T19:48:00.091Z > 200 GET /api/v1/ 2636.29ms
INF 2026-08-03T19:48:00.121Z > 200 GET /api/v1/ 2667.26ms
INF 2026-08-03T19:48:00.123Z > 200 GET /api/v1/ 2835.06ms
INF 2026-08-03T19:48:00.124Z > 200 GET /api/v1/ 2910.89ms
INF 2026-08-03T19:48:00.148Z > 200 GET /api/v1/ 11.12ms
INF 2026-08-03T19:48:00.158Z > 200 GET /api/v1/ 2652.97ms
INF 2026-08-03T19:48:00.163Z > 200 GET /api/v1/ 2709.54ms
INF 2026-08-03T19:48:00.167Z > 200 GET /api/v1/ 2662.73ms
INF 2026-08-03T19:48:00.198Z > 200 GET /api/v1/ 2909.92ms
INF 2026-08-03T19:48:00.209Z > 200 GET /api/v1/ 8.49ms
INF 2026-08-03T19:48:00.218Z > 200 GET /api/v1/ 8.21ms
INF 2026-08-03T19:48:00.219Z > 200 GET /api/v1/ 666.5ms
INF 2026-08-03T19:48:00.220Z > 200 GET /api/v1/ 1451.34ms
INF 2026-08-03T19:48:00.223Z > 200 GET /api/v1/ 2783.85ms
INF 2026-08-03T19:48:00.223Z > 200 GET /api/v1/ 202.07ms
INF 2026-08-03T19:48:00.224Z > 200 GET /api/v1/ 439.47ms
INF 2026-08-03T19:48:00.228Z > 200 GET /api/v1/ 230.29ms
INF 2026-08-03T19:48:00.233Z > 200 GET /api/v1/ 2780.29ms
INF 2026-08-03T19:48:00.235Z > 200 GET /api/v1/ 221.81ms
INF 2026-08-03T19:48:00.248Z > 200 GET /api/v1/ 6.79ms
INF 2026-08-03T19:48:00.260Z > 200 GET /api/v1/ 7.23ms
INF 2026-08-03T19:48:00.270Z > 200 GET /api/v1/ 9.12ms
INF 2026-08-03T19:48:00.285Z > 200 GET /api/v1/ 863.98ms
INF 2026-08-03T19:48:00.302Z > 200 GET /api/v1/ 13.34ms
INF 2026-08-03T19:48:00.308Z > 200 GET /api/v1/ 242.7ms
INF 2026-08-03T19:48:00.311Z > 200 GET /api/v1/ 2009.9ms
INF 2026-08-03T19:48:00.315Z > 200 GET /api/v1/ 2141.97ms
INF 2026-08-03T19:48:00.316Z > 200 GET /api/v1/ 2043.01ms
INF 2026-08-03T19:48:00.340Z > 200 GET /api/v1/ 8.29ms
INF 2026-08-03T19:48:00.343Z > 200 GET /api/v1/ 280.37ms
INF 2026-08-03T19:48:00.348Z > 200 GET /api/v1/ 375.04ms
INF 2026-08-03T19:48:00.355Z > 200 GET /api/v1/ 6.59ms
INF 2026-08-03T19:48:00.365Z > 200 GET /api/v1/ 1379.84ms
INF 2026-08-03T19:48:00.377Z > 200 GET /api/v1/ 1270.6ms
INF 2026-08-03T19:48:00.389Z > 200 GET /api/v1/ 8.74ms
INF 2026-08-03T19:48:00.399Z > 200 GET /api/v1/ 1925.95ms
INF 2026-08-03T19:48:00.399Z > 200 GET /api/v1/ 2094.71ms
INF 2026-08-03T19:48:00.408Z > 200 GET /api/v1/ 2111.22ms
INF 2026-08-03T19:48:00.416Z > 200 GET /api/v1/ 2131.15ms
INF 2026-08-03T19:48:00.421Z > 200 GET /api/v1/ 2128.12ms
INF 2026-08-03T19:48:00.422Z > 200 GET /api/v1/ 2004.73ms
INF 2026-08-03T19:48:00.422Z > 200 GET /api/v1/ 2009.44ms
INF 2026-08-03T19:48:00.431Z > 200 GET /api/v1/ 9.53ms
INF 2026-08-03T19:48:00.443Z > 200 GET /api/v1/ 8.59ms
INF 2026-08-03T19:48:00.453Z > 200 GET /api/v1/ 1775.34ms
INF 2026-08-03T19:48:00.458Z > 200 GET /api/v1/ 484.74ms
INF 2026-08-03T19:48:00.474Z > 200 GET /api/v1/ 8.95ms
INF 2026-08-03T19:48:00.491Z > 200 GET /api/v1/ 6.65ms
INF 2026-08-03T19:48:00.496Z > 200 GET /api/v1/ 2165.57ms
INF 2026-08-03T19:48:00.508Z > 200 GET /api/v1/ 7.43ms
INF 2026-08-03T19:48:00.525Z > 200 GET /api/v1/ 8.15ms
INF 2026-08-03T19:48:00.541Z > 200 GET /api/v1/ 8.29ms
INF 2026-08-03T19:48:00.545Z > 200 GET /api/v1/ 2215.28ms
INF 2026-08-03T19:48:00.552Z > 200 GET /api/v1/ 1335.03ms
INF 2026-08-03T19:48:00.554Z > 200 GET /api/v1/ 1321.09ms
INF 2026-08-03T19:48:00.555Z > 200 GET /api/v1/ 1333.86ms
INF 2026-08-03T19:48:00.557Z > 200 GET /api/v1/ 7.94ms
INF 2026-08-03T19:48:00.577Z > 200 GET /api/v1/ 8.41ms
INF 2026-08-03T19:48:00.587Z > 200 GET /api/v1/ 2413.86ms
INF 2026-08-03T19:48:00.596Z > 200 GET /api/v1/ 7.14ms
INF 2026-08-03T19:48:00.599Z > 200 GET /api/v1/ 1377.76ms
INF 2026-08-03T19:48:00.608Z > 200 GET /api/v1/ 7.47ms
INF 2026-08-03T19:48:00.663Z > 200 GET /api/v1/ 2332.5ms
INF 2026-08-03T19:48:00.670Z > 200 GET /api/v1/ 1253.38ms
INF 2026-08-03T19:48:00.676Z > 200 GET /api/v1/ 2422.93ms
INF 2026-08-03T19:48:00.714Z > 200 GET /api/v1/ 9.68ms
INF 2026-08-03T19:48:00.725Z > 200 GET /api/v1/ 8.58ms
INF 2026-08-03T19:48:00.728Z > 200 GET /api/v1/ 739.58ms
INF 2026-08-03T19:48:00.765Z > 200 GET /api/v1/ 8.53ms
INF 2026-08-03T19:48:00.771Z > 200 GET /api/v1/ 298.54ms
INF 2026-08-03T19:48:00.778Z > 200 GET /api/v1/ 312.71ms
INF 2026-08-03T19:48:00.782Z > 200 GET /api/v1/ 161.76ms
INF 2026-08-03T19:48:00.787Z > 200 GET /api/v1/ 157.67ms
INF 2026-08-03T19:48:00.787Z > 200 GET /api/v1/ 2065.88ms
INF 2026-08-03T19:48:00.793Z > 200 GET /api/v1/ 152.47ms
INF 2026-08-03T19:48:00.794Z > 200 GET /api/v1/ 201.01ms
INF 2026-08-03T19:48:00.820Z > 200 GET /api/v1/ 10.37ms
INF 2026-08-03T19:48:00.825Z > 200 GET /api/v1/ 175.85ms
INF 2026-08-03T19:48:00.830Z > 200 GET /api/v1/ 232.18ms
INF 2026-08-03T19:48:00.837Z > 200 GET /api/v1/ 372.41ms
INF 2026-08-03T19:48:00.845Z > 200 GET /api/v1/ 680.11ms
INF 2026-08-03T19:48:00.851Z > 200 GET /api/v1/ 657.43ms
INF 2026-08-03T19:48:00.864Z > 200 GET /api/v1/ 227.21ms
INF 2026-08-03T19:48:00.877Z > 200 GET /api/v1/ 7.97ms
INF 2026-08-03T19:48:00.889Z > 200 GET /api/v1/ 8.35ms
INF 2026-08-03T19:48:00.895Z > 200 GET /api/v1/ 490.05ms
INF 2026-08-03T19:48:00.926Z > 200 GET /api/v1/ 1705.46ms
INF 2026-08-03T19:48:00.952Z > 200 GET /api/v1/ 25.42ms
INF 2026-08-03T19:48:00.978Z > 200 GET /api/v1/ 9.12ms
INF 2026-08-03T19:48:00.982Z > 200 GET /api/v1/ 269.22ms
INF 2026-08-03T19:48:00.988Z > 200 GET /api/v1/ 1811.43ms
INF 2026-08-03T19:48:00.992Z > 200 GET /api/v1/ 1070.43ms
INF 2026-08-03T19:48:01.004Z > 200 GET /api/v1/ 9.81ms
INF 2026-08-03T19:48:01.028Z > 200 GET /api/v1/ 1863.52ms
INF 2026-08-03T19:48:01.036Z > 200 GET /api/v1/ 7.61ms
INF 2026-08-03T19:48:01.044Z > 200 GET /api/v1/ 222.93ms
INF 2026-08-03T19:48:01.052Z > 200 GET /api/v1/ 7.17ms
INF 2026-08-03T19:48:01.059Z > 200 GET /api/v1/ 2634.34ms
INF 2026-08-03T19:48:01.062Z > 200 GET /api/v1/ 2760.86ms
INF 2026-08-03T19:48:01.067Z > 200 GET /api/v1/ 2770.23ms
INF 2026-08-03T19:48:01.076Z > 200 GET /api/v1/ 6.93ms
INF 2026-08-03T19:48:01.092Z > 200 GET /api/v1/ 15.02ms
INF 2026-08-03T19:48:01.099Z > 200 GET /api/v1/ 1908.86ms
INF 2026-08-03T19:48:01.110Z > 200 GET /api/v1/ 9.18ms
INF 2026-08-03T19:48:01.126Z > 200 GET /api/v1/ 9.05ms
INF 2026-08-03T19:48:01.131Z > 200 GET /api/v1/ 2866.13ms
INF 2026-08-03T19:48:01.142Z > 200 GET /api/v1/ 9.03ms
INF 2026-08-03T19:48:01.162Z > 200 GET /api/v1/ 8.9ms
INF 2026-08-03T19:48:01.167Z > 200 GET /api/v1/ 1238.77ms
INF 2026-08-03T19:48:01.180Z > 200 GET /api/v1/ 11.45ms
INF 2026-08-03T19:48:01.195Z > 200 GET /api/v1/ 9.51ms
INF 2026-08-03T19:48:01.206Z > 200 GET /api/v1/ 312.87ms
INF 2026-08-03T19:48:01.210Z > 200 GET /api/v1/ 384.81ms
INF 2026-08-03T19:48:01.217Z > 200 GET /api/v1/ 290.23ms
INF 2026-08-03T19:48:01.223Z > 200 GET /api/v1/ 275.35ms
INF 2026-08-03T19:48:01.228Z > 200 GET /api/v1/ 338.94ms
INF 2026-08-03T19:48:01.246Z > 200 GET /api/v1/ 8.8ms
INF 2026-08-03T19:48:01.252Z > 200 GET /api/v1/ 2430.95ms
INF 2026-08-03T19:48:01.257Z > 200 GET /api/v1/ 2432.57ms
INF 2026-08-03T19:48:01.262Z > 200 GET /api/v1/ 663.85ms
INF 2026-08-03T19:48:01.264Z > 200 GET /api/v1/ 2543.42ms
INF 2026-08-03T19:48:01.290Z > 200 GET /api/v1/ 28.07ms
INF 2026-08-03T19:48:01.301Z > 200 GET /api/v1/ 1936.04ms
INF 2026-08-03T19:48:01.335Z > 200 GET /api/v1/ 32.03ms
INF 2026-08-03T19:48:01.349Z > 200 GET /api/v1/ 2828.52ms
INF 2026-08-03T19:48:01.360Z > 200 GET /api/v1/ 2789.93ms
INF 2026-08-03T19:48:01.375Z > 200 GET /api/v1/ 1945.73ms
INF 2026-08-03T19:48:01.375Z > 200 GET /api/v1/ 1683.37ms
INF 2026-08-03T19:48:01.377Z > 200 GET /api/v1/ 1488.55ms
INF 2026-08-03T19:48:01.387Z > 200 GET /api/v1/ 9.71ms
INF 2026-08-03T19:48:01.392Z > 200 GET /api/v1/ 1503.25ms
INF 2026-08-03T19:48:01.396Z > 200 GET /api/v1/ 1607.48ms
INF 2026-08-03T19:48:01.398Z > 200 GET /api/v1/ 1636.69ms
INF 2026-08-03T19:48:01.398Z > 200 GET /api/v1/ 1797.41ms
INF 2026-08-03T19:48:01.402Z > 200 GET /api/v1/ 1688.31ms
INF 2026-08-03T19:48:01.409Z > 200 GET /api/v1/ 1672.46ms
INF 2026-08-03T19:48:01.414Z > 200 GET /api/v1/ 1625.46ms
INF 2026-08-03T19:48:01.416Z > 200 GET /api/v1/ 1754.93ms
INF 2026-08-03T19:48:01.421Z > 200 GET /api/v1/ 1500.13ms
INF 2026-08-03T19:48:01.425Z > 200 GET /api/v1/ 1555.88ms
INF 2026-08-03T19:48:01.426Z > 200 GET /api/v1/ 9.53ms
INF 2026-08-03T19:48:01.433Z > 200 GET /api/v1/ 3052.16ms
INF 2026-08-03T19:48:01.434Z > 200 GET /api/v1/ 1517.1ms
INF 2026-08-03T19:48:01.436Z > 200 GET /api/v1/ 1907.61ms
INF 2026-08-03T19:48:01.437Z > 200 GET /api/v1/ 1543.82ms
INF 2026-08-03T19:48:01.446Z > 200 GET /api/v1/ 8.63ms
INF 2026-08-03T19:48:01.447Z > 200 GET /api/v1/ 1814.49ms
INF 2026-08-03T19:48:01.448Z > 200 GET /api/v1/ 2019.24ms
INF 2026-08-03T19:48:01.448Z > 200 GET /api/v1/ 619.5ms
INF 2026-08-03T19:48:01.463Z > 200 GET /api/v1/ 9.83ms
INF 2026-08-03T19:48:01.491Z > 200 GET /api/v1/ 23.27ms
INF 2026-08-03T19:48:01.505Z > 200 GET /api/v1/ 1339.79ms
INF 2026-08-03T19:48:01.520Z > 200 GET /api/v1/ 1315.11ms
INF 2026-08-03T19:48:01.522Z > 200 GET /api/v1/ 1162.21ms
INF 2026-08-03T19:48:01.523Z > 200 GET /api/v1/ 1073.86ms
INF 2026-08-03T19:48:01.524Z > 200 GET /api/v1/ 1164.37ms
INF 2026-08-03T19:48:01.526Z > 200 GET /api/v1/ 1141.28ms
INF 2026-08-03T19:48:01.527Z > 200 GET /api/v1/ 1137.83ms
INF 2026-08-03T19:48:01.536Z > 200 GET /api/v1/ 1035.25ms
INF 2026-08-03T19:48:01.537Z > 200 GET /api/v1/ 1000.03ms
INF 2026-08-03T19:48:01.541Z > 200 GET /api/v1/ 1940.17ms
ERR 2026-08-03T19:48:01.579Z > Error while writing data to the client
| Error while writing data to the client (HTTP::Server::ClientError)
|   from /home/uchiha/playground/crystal/src/http/server/response.cr:266:9 in 'unbuffered_write'
|   from /home/uchiha/playground/crystal/src/io/buffered.cr:163:14 in 'write'
|   from /home/uchiha/playground/crystal/src/http/server/response.cr:107:7 in 'write'
|   from /home/uchiha/playground/crystal/src/io.cr:488:7 in 'write_string'
|   from lib/kemal/src/kemal/route_handler.cr:174:7 in 'call'
|   from lib/kemal/src/kemal/websocket_handler.cr:13:14 in 'call'
|   from /home/uchiha/playground/crystal/src/http/server/handler.cr:30:7 in 'call_next'
|   from lib/kemal/src/kemal/filter_handler.cr:46:7 in 'call'
|   from /home/uchiha/playground/crystal/src/http/server/handler.cr:30:7 in 'call_next'
|   from src/middlewares/web_api_auth_middleware.cr:8:12 in 'call'
|   from /home/uchiha/playground/crystal/src/http/server/handler.cr:30:7 in 'call_next'
|   from src/middlewares/admin_api_auth_middleware.cr:7:12 in 'call'
|   from /home/uchiha/playground/crystal/src/http/server/handler.cr:30:7 in 'call_next'
|   from /home/uchiha/playground/crystal/src/http/server/handlers/static_file_handler.cr:60:12 in 'call'
|   from /home/uchiha/playground/crystal/src/http/server/handler.cr:30:7 in 'call'
|   from /home/uchiha/playground/crystal/src/http/server/handler.cr:30:7 in 'call'
|   from /home/uchiha/playground/crystal/src/http/server/handler.cr:30:7 in 'call'
|   from /home/uchiha/playground/crystal/src/http/server/handler.cr:30:7 in 'call'
|   from /home/uchiha/playground/crystal/src/http/server/request_processor.cr:58:11 in 'process'
|   from /home/uchiha/playground/crystal/src/http/server.cr:506:5 in '->'
|   from /home/uchiha/playground/crystal/src/fiber.cr:168:11 in 'run'
|   from /home/uchiha/playground/crystal/src/fiber.cr:103:3 in '->'
|   from ???
| Caused by: write (#<TCPSocket:0x7529b891f4d8>): Broken pipe (IO::Error)
|   from /home/uchiha/playground/crystal/src/crystal/system/thread.cr:72:3 in 'unbuffered_write'
|   from /home/uchiha/playground/crystal/src/io/buffered.cr:163:14 in 'write'
|   from /home/uchiha/playground/crystal/src/http/server/response.cr:282:11 in 'unbuffered_write'
|   from /home/uchiha/playground/crystal/src/io/buffered.cr:163:14 in 'write'
|   from /home/uchiha/playground/crystal/src/http/server/response.cr:107:7 in 'write'
|   from /home/uchiha/playground/crystal/src/io.cr:488:7 in 'write_string'
|   from lib/kemal/src/kemal/route_handler.cr:174:7 in 'call'
|   from lib/kemal/src/kemal/websocket_handler.cr:13:14 in 'call'
|   from /home/uchiha/playground/crystal/src/http/server/handler.cr:30:7 in 'call_next'
|   from lib/kemal/src/kemal/filter_handler.cr:46:7 in 'call'
|   from /home/uchiha/playground/crystal/src/http/server/handler.cr:30:7 in 'call_next'
|   from src/middlewares/web_api_auth_middleware.cr:8:12 in 'call'
|   from /home/uchiha/playground/crystal/src/http/server/handler.cr:30:7 in 'call_next'
|   from src/middlewares/admin_api_auth_middleware.cr:7:12 in 'call'
|   from /home/uchiha/playground/crystal/src/http/server/handler.cr:30:7 in 'call_next'
|   from /home/uchiha/playground/crystal/src/http/server/handlers/static_file_handler.cr:60:12 in 'call'
|   from /home/uchiha/playground/crystal/src/http/server/handler.cr:30:7 in 'call'
|   from /home/uchiha/playground/crystal/src/http/server/handler.cr:30:7 in 'call'
|   from /home/uchiha/playground/crystal/src/http/server/handler.cr:30:7 in 'call'
|   from /home/uchiha/playground/crystal/src/http/server/handler.cr:30:7 in 'call'
|   from /home/uchiha/playground/crystal/src/http/server/request_processor.cr:58:11 in 'process'
|   from /home/uchiha/playground/crystal/src/http/server.cr:506:5 in '->'
|   from /home/uchiha/playground/crystal/src/fiber.cr:168:11 in 'run'
|   from /home/uchiha/playground/crystal/src/fiber.cr:103:3 in '->'
|   from ???
ERR 2026-08-03T19:48:01.579Z > Unhandled exception on HTTP::Handler
| Closed stream (IO::Error)
|   from /home/uchiha/playground/crystal/src/http/server/response.cr:215:15 in 'content_type='
|   from lib/kemal/src/kemal/helpers/templates.cr:25:3 in 'render_500'
|   from lib/kemal/src/kemal/exception_handler.cr:34:7 in 'call'
|   from /home/uchiha/playground/crystal/src/http/server/handler.cr:30:7 in 'call'
|   from /home/uchiha/playground/crystal/src/http/server/handler.cr:30:7 in 'call'
|   from /home/uchiha/playground/crystal/src/http/server/handler.cr:30:7 in 'call'
|   from /home/uchiha/playground/crystal/src/http/server/request_processor.cr:58:11 in 'process'
|   from /home/uchiha/playground/crystal/src/http/server.cr:506:5 in '->'
|   from /home/uchiha/playground/crystal/src/fiber.cr:168:11 in 'run'
|   from /home/uchiha/playground/crystal/src/fiber.cr:103:3 in '->'
|   from ???
INF 2026-08-03T19:48:01.979Z > 200 GET /gc-collect 53.51ms
ERR 2026-08-03T19:48:01.987Z > Error while writing data to the client
| Error while writing data to the client (HTTP::Server::ClientError)
|   from /home/uchiha/playground/crystal/src/http/server/response.cr:266:9 in 'unbuffered_write'
|   from /home/uchiha/playground/crystal/src/io/buffered.cr:163:14 in 'write'
|   from /home/uchiha/playground/crystal/src/http/server/response.cr:107:7 in 'write'
|   from /home/uchiha/playground/crystal/src/io.cr:488:7 in 'write_string'
|   from lib/kemal/src/kemal/route_handler.cr:174:7 in 'call'
|   from lib/kemal/src/kemal/websocket_handler.cr:13:14 in 'call'
|   from /home/uchiha/playground/crystal/src/http/server/handler.cr:30:7 in 'call_next'
|   from lib/kemal/src/kemal/filter_handler.cr:46:7 in 'call'
|   from /home/uchiha/playground/crystal/src/http/server/handler.cr:30:7 in 'call_next'
|   from src/middlewares/web_api_auth_middleware.cr:8:12 in 'call'
|   from /home/uchiha/playground/crystal/src/http/server/handler.cr:30:7 in 'call_next'
|   from src/middlewares/admin_api_auth_middleware.cr:7:12 in 'call'
|   from /home/uchiha/playground/crystal/src/http/server/handler.cr:30:7 in 'call_next'
|   from /home/uchiha/playground/crystal/src/http/server/handlers/static_file_handler.cr:60:12 in 'call'
|   from /home/uchiha/playground/crystal/src/http/server/handler.cr:30:7 in 'call'
|   from /home/uchiha/playground/crystal/src/http/server/handler.cr:30:7 in 'call'
|   from /home/uchiha/playground/crystal/src/http/server/handler.cr:30:7 in 'call'
|   from /home/uchiha/playground/crystal/src/http/server/handler.cr:30:7 in 'call'
|   from /home/uchiha/playground/crystal/src/http/server/request_processor.cr:58:11 in 'process'
|   from /home/uchiha/playground/crystal/src/http/server.cr:506:5 in '->'
|   from /home/uchiha/playground/crystal/src/fiber.cr:168:11 in 'run'
|   from /home/uchiha/playground/crystal/src/fiber.cr:103:3 in '->'
|   from ???
| Caused by: write (#<TCPSocket:0x7529b891f8c8>): Broken pipe (IO::Error)
|   from /home/uchiha/playground/crystal/src/crystal/system/thread.cr:72:3 in 'unbuffered_write'
|   from /home/uchiha/playground/crystal/src/io/buffered.cr:163:14 in 'write'
|   from /home/uchiha/playground/crystal/src/http/server/response.cr:282:11 in 'unbuffered_write'
|   from /home/uchiha/playground/crystal/src/io/buffered.cr:163:14 in 'write'
|   from /home/uchiha/playground/crystal/src/http/server/response.cr:107:7 in 'write'
|   from /home/uchiha/playground/crystal/src/io.cr:488:7 in 'write_string'
|   from lib/kemal/src/kemal/route_handler.cr:174:7 in 'call'
|   from lib/kemal/src/kemal/websocket_handler.cr:13:14 in 'call'
|   from /home/uchiha/playground/crystal/src/http/server/handler.cr:30:7 in 'call_next'
|   from lib/kemal/src/kemal/filter_handler.cr:46:7 in 'call'
|   from /home/uchiha/playground/crystal/src/http/server/handler.cr:30:7 in 'call_next'
|   from src/middlewares/web_api_auth_middleware.cr:8:12 in 'call'
|   from /home/uchiha/playground/crystal/src/http/server/handler.cr:30:7 in 'call_next'
|   from src/middlewares/admin_api_auth_middleware.cr:7:12 in 'call'
|   from /home/uchiha/playground/crystal/src/http/server/handler.cr:30:7 in 'call_next'
|   from /home/uchiha/playground/crystal/src/http/server/handlers/static_file_handler.cr:60:12 in 'call'
|   from /home/uchiha/playground/crystal/src/http/server/handler.cr:30:7 in 'call'
|   from /home/uchiha/playground/crystal/src/http/server/handler.cr:30:7 in 'call'
|   from /home/uchiha/playground/crystal/src/http/server/handler.cr:30:7 in 'call'
|   from /home/uchiha/playground/crystal/src/http/server/handler.cr:30:7 in 'call'
|   from /home/uchiha/playground/crystal/src/http/server/request_processor.cr:58:11 in 'process'
|   from /home/uchiha/playground/crystal/src/http/server.cr:506:5 in '->'
|   from /home/uchiha/playground/crystal/src/fiber.cr:168:11 in 'run'
|   from /home/uchiha/playground/crystal/src/fiber.cr:103:3 in '->'
|   from ???
ERR 2026-08-03T19:48:01.987Z > Unhandled exception on HTTP::Handler
| Closed stream (IO::Error)
|   from /home/uchiha/playground/crystal/src/http/server/response.cr:215:15 in 'content_type='
|   from lib/kemal/src/kemal/helpers/templates.cr:25:3 in 'render_500'
|   from lib/kemal/src/kemal/exception_handler.cr:34:7 in 'call'
|   from /home/uchiha/playground/crystal/src/http/server/handler.cr:30:7 in 'call'
|   from /home/uchiha/playground/crystal/src/http/server/handler.cr:30:7 in 'call'
|   from /home/uchiha/playground/crystal/src/http/server/handler.cr:30:7 in 'call'
|   from /home/uchiha/playground/crystal/src/http/server/request_processor.cr:58:11 in 'process'
|   from /home/uchiha/playground/crystal/src/http/server.cr:506:5 in '->'
|   from /home/uchiha/playground/crystal/src/fiber.cr:168:11 in 'run'
|   from /home/uchiha/playground/crystal/src/fiber.cr:103:3 in '->'
|   from ???
INF 2026-08-03T19:48:02.183Z > 200 GET /gc-collect 29.59ms
INF 2026-08-03T19:48:02.196Z > 200 GET /gc-live-attr 5.89ms
INF 2026-08-03T19:48:02.419Z > 200 GET /gc-stats 95.59µs
INF 2026-08-03T19:48:02.439Z > Açık Türkiye is going to take a rest!
