=== Session /home/uchiha/playground/gcry/bench/log/linux/2026-08-02-150536 (COUNT=1 GC=boehm gcry) ===
=== Build mode: release (--release) ===
=== Build kemal binaries (release, GC=boehm gcry) ===
  crystal build flags: --release
I: Resolving dependencies
I: Fetching https://github.com/kemalcr/kemal.git
I: Fetching https://github.com/luislavena/radix.git
I: Fetching https://github.com/crystal-loot/exception_page.git
I: Fetching https://github.com/sija/backtracer.cr.git
W: Shard "gcry" version (0.17.0) doesn't match tag version (0.1.0)
I: Using radix (0.4.1)
I: Using backtracer (1.2.4)
I: Using exception_page (0.5.0)
I: Using kemal (1.12.0)
I: Using gcry (0.1.0 at ../..)
  kemal-gcry   kemal-boehm (cached)

══════════════════════════════════════════════
  RUN 1/1  →  /home/uchiha/playground/gcry/bench/log/linux/2026-08-02-150536/run-01
══════════════════════════════════════════════
  metadata.yaml written (/home/uchiha/playground/gcry/bench/log/linux/2026-08-02-150536/run-01)

╔══════════════════════════════════════════════╗
║  Kemal median-of-3  (run 1/1)  ║
╚══════════════════════════════════════════════╝
  kemal run=1 trial=1 path=/ tag=boehm ... 85860.43 req/s
  kemal run=1 trial=1 path=/ tag=gcry ... 63795.07 req/s
  kemal run=1 trial=1 path=/json tag=boehm ... 39097.93 req/s
  kemal run=1 trial=1 path=/json tag=gcry ... 32927.83 req/s
  kemal run=1 trial=2 path=/ tag=boehm ... 92103.06 req/s
  kemal run=1 trial=2 path=/ tag=gcry ... 74604.51 req/s
  kemal run=1 trial=2 path=/json tag=boehm ... 40653.91 req/s
  kemal run=1 trial=2 path=/json tag=gcry ... 34029.00 req/s
  kemal run=1 trial=3 path=/ tag=boehm ... 92052.49 req/s
  kemal run=1 trial=3 path=/ tag=gcry ... 75829.11 req/s
  kemal run=1 trial=3 path=/json tag=boehm ... 40251.19 req/s
  kemal run=1 trial=3 path=/json tag=gcry ... 34012.84 req/s
Wrote /home/uchiha/playground/gcry/bench/log/linux/2026-08-02-150536/run-01/kemal-summary.md
Kemal median-of-3

| Path | Boehm req/s (med) | gcry req/s (med) | % Boehm | Boehm RSS (KiB) | gcry RSS (KiB) | RSS × |
|------|------------------:|-----------------:|-------:|----------------:|---------------:|------:|
| `/` | 92,052 | 74,605 | **81.0%** | 15,800 | 13,144 | **0.83×** |
| `/json` | 40,251 | 34,013 | **84.5%** | 16,196 | 13,044 | **0.81×** |


╔══════════════════════════════════════════════╗
║              ALL DONE                        ║
╚══════════════════════════════════════════════╝
  Build: release (--release)
  GC: boehm gcry
  COUNT: 1
  Session: /home/uchiha/playground/gcry/bench/log/linux/2026-08-02-150536/
total 4.0K
drwxr-xr-x 2 uchiha uchiha 4.0K Aug  2 18:11 run-01
  --- run-01 ---
total 36K
-rw-r--r-- 1 uchiha uchiha 2.2K Aug  2 18:06 kemal-gcry-gcstats-_-t1.json
-rw-r--r-- 1 uchiha uchiha 2.2K Aug  2 18:08 kemal-gcry-gcstats-_-t2.json
-rw-r--r-- 1 uchiha uchiha 2.2K Aug  2 18:10 kemal-gcry-gcstats-_-t3.json
-rw-r--r-- 1 uchiha uchiha 2.2K Aug  2 18:07 kemal-gcry-gcstats-_json-t1.json
-rw-r--r-- 1 uchiha uchiha 2.2K Aug  2 18:09 kemal-gcry-gcstats-_json-t2.json
-rw-r--r-- 1 uchiha uchiha 2.2K Aug  2 18:11 kemal-gcry-gcstats-_json-t3.json
-rw-r--r-- 1 uchiha uchiha  345 Aug  2 18:11 kemal-median.tsv
-rw-r--r-- 1 uchiha uchiha  364 Aug  2 18:11 kemal-summary.md
-rw-r--r-- 1 uchiha uchiha  624 Aug  2 18:05 metadata.yaml
