Model name:                              Neoverse-N2
Flags:                                   fp asimd evtstrm aes pmull sha1 sha2 crc32 atomics fphp asimdhp cpuid asimdrdm jscvt fcma lrcpc dcpop sha3 sm3 sm4 asimddp sha512 sve asimdfhm uscat ilrcpc fla
    echo "=== run $r tree=$b"
=== run 1 tree=asm
{"host_tier":"sve2","passes":30}
{"bench":"sweep_words/l2","tier":"scalar","words":32768,"passes":30,"gb_per_s":19.8,"ns_per_word":0.8079}
{"bench":"popcount_words/l2","tier":"scalar","words":32768,"passes":30,"gb_per_s":22.86,"ns_per_word":0.3499}
{"bench":"all_zero/l2","tier":"scalar","words":32768,"passes":30,"gb_per_s":64.98,"ns_per_word":0.1231}
{"bench":"range_any_miss/l2","tier":"scalar","words":32768,"passes":30,"gb_per_s":44.95,"ns_per_word":0.178}
{"bench":"sweep_words/l2","tier":"neon","words":32768,"passes":30,"gb_per_s":19.14,"ns_per_word":0.836}
{"bench":"popcount_words/l2","tier":"neon","words":32768,"passes":30,"gb_per_s":25.73,"ns_per_word":0.3109}
{"bench":"all_zero/l2","tier":"neon","words":32768,"passes":30,"gb_per_s":30.32,"ns_per_word":0.2639}
{"bench":"range_any_miss/l2","tier":"neon","words":32768,"passes":30,"gb_per_s":27.34,"ns_per_word":0.2926}
{"bench":"sweep_words/l2","tier":"sve","words":32768,"passes":30,"gb_per_s":25.74,"ns_per_word":0.6217}
{"bench":"popcount_words/l2","tier":"sve","words":32768,"passes":30,"gb_per_s":28.38,"ns_per_word":0.2819}
{"bench":"all_zero/l2","tier":"sve","words":32768,"passes":30,"gb_per_s":255.46,"ns_per_word":0.0313}
{"bench":"range_any_miss/l2","tier":"sve","words":32768,"passes":30,"gb_per_s":21.79,"ns_per_word":0.3671}
{"bench":"sweep_words/l2","tier":"sve2","words":32768,"passes":30,"gb_per_s":25.44,"ns_per_word":0.6289}
{"bench":"popcount_words/l2","tier":"sve2","words":32768,"passes":30,"gb_per_s":27.78,"ns_per_word":0.288}
{"bench":"all_zero/l2","tier":"sve2","words":32768,"passes":30,"gb_per_s":230.32,"ns_per_word":0.0347}
{"bench":"range_any_miss/l2","tier":"sve2","words":32768,"passes":30,"gb_per_s":21.24,"ns_per_word":0.3766}
{"bench":"sweep_words/dram","tier":"scalar","words":8388608,"passes":30,"gb_per_s":18.18,"ns_per_word":0.8801}
{"bench":"popcount_words/dram","tier":"scalar","words":8388608,"passes":30,"gb_per_s":20.86,"ns_per_word":0.3836}
{"bench":"all_zero/dram","tier":"scalar","words":8388608,"passes":30,"gb_per_s":40.6,"ns_per_word":0.1971}
{"bench":"range_any_miss/dram","tier":"scalar","words":8388608,"passes":30,"gb_per_s":39.6,"ns_per_word":0.202}
{"bench":"sweep_words/dram","tier":"neon","words":8388608,"passes":30,"gb_per_s":17.64,"ns_per_word":0.9073}
{"bench":"popcount_words/dram","tier":"neon","words":8388608,"passes":30,"gb_per_s":22.71,"ns_per_word":0.3523}
{"bench":"all_zero/dram","tier":"neon","words":8388608,"passes":30,"gb_per_s":27.84,"ns_per_word":0.2874}
{"bench":"range_any_miss/dram","tier":"neon","words":8388608,"passes":30,"gb_per_s":25.77,"ns_per_word":0.3105}
{"bench":"sweep_words/dram","tier":"sve","words":8388608,"passes":30,"gb_per_s":22.07,"ns_per_word":0.7249}
{"bench":"popcount_words/dram","tier":"sve","words":8388608,"passes":30,"gb_per_s":24.51,"ns_per_word":0.3265}
{"bench":"all_zero/dram","tier":"sve","words":8388608,"passes":30,"gb_per_s":80.12,"ns_per_word":0.0998}
{"bench":"range_any_miss/dram","tier":"sve","words":8388608,"passes":30,"gb_per_s":18.73,"ns_per_word":0.4272}
{"bench":"sweep_words/dram","tier":"sve2","words":8388608,"passes":30,"gb_per_s":22.13,"ns_per_word":0.723}
{"bench":"popcount_words/dram","tier":"sve2","words":8388608,"passes":30,"gb_per_s":24.59,"ns_per_word":0.3254}
{"bench":"all_zero/dram","tier":"sve2","words":8388608,"passes":30,"gb_per_s":80.72,"ns_per_word":0.0991}
{"bench":"range_any_miss/dram","tier":"sve2","words":8388608,"passes":30,"gb_per_s":19.52,"ns_per_word":0.4099}
=== run 1 tree=head
{"host_tier":"sve","passes":30}
{"bench":"sweep_words/l2","tier":"scalar","words":32768,"passes":30,"gb_per_s":19.77,"ns_per_word":0.8094}
{"bench":"popcount_words/l2","tier":"scalar","words":32768,"passes":30,"gb_per_s":22.9,"ns_per_word":0.3493}
{"bench":"all_zero/l2","tier":"scalar","words":32768,"passes":30,"gb_per_s":65.02,"ns_per_word":0.123}
{"bench":"range_any_miss/l2","tier":"scalar","words":32768,"passes":30,"gb_per_s":44.94,"ns_per_word":0.178}
{"bench":"sweep_words/l2","tier":"neon","words":32768,"passes":30,"gb_per_s":19.21,"ns_per_word":0.8327}
{"bench":"popcount_words/l2","tier":"neon","words":32768,"passes":30,"gb_per_s":23.5,"ns_per_word":0.3404}
{"bench":"all_zero/l2","tier":"neon","words":32768,"passes":30,"gb_per_s":65.07,"ns_per_word":0.1229}
{"bench":"range_any_miss/l2","tier":"neon","words":32768,"passes":30,"gb_per_s":44.95,"ns_per_word":0.178}
{"bench":"sweep_words/l2","tier":"sve","words":32768,"passes":30,"gb_per_s":25.62,"ns_per_word":0.6244}
{"bench":"popcount_words/l2","tier":"sve","words":32768,"passes":30,"gb_per_s":27.46,"ns_per_word":0.2913}
{"bench":"all_zero/l2","tier":"sve","words":32768,"passes":30,"gb_per_s":258.48,"ns_per_word":0.0309}
{"bench":"range_any_miss/l2","tier":"sve","words":32768,"passes":30,"gb_per_s":21.33,"ns_per_word":0.375}
{"bench":"sweep_words/dram","tier":"scalar","words":8388608,"passes":30,"gb_per_s":18.09,"ns_per_word":0.8846}
{"bench":"popcount_words/dram","tier":"scalar","words":8388608,"passes":30,"gb_per_s":21.27,"ns_per_word":0.3761}
{"bench":"all_zero/dram","tier":"scalar","words":8388608,"passes":30,"gb_per_s":40.48,"ns_per_word":0.1976}
{"bench":"range_any_miss/dram","tier":"scalar","words":8388608,"passes":30,"gb_per_s":33.99,"ns_per_word":0.2353}
{"bench":"sweep_words/dram","tier":"neon","words":8388608,"passes":30,"gb_per_s":18.41,"ns_per_word":0.8691}
{"bench":"popcount_words/dram","tier":"neon","words":8388608,"passes":30,"gb_per_s":20.43,"ns_per_word":0.3917}
{"bench":"all_zero/dram","tier":"neon","words":8388608,"passes":30,"gb_per_s":34.29,"ns_per_word":0.2333}
{"bench":"range_any_miss/dram","tier":"neon","words":8388608,"passes":30,"gb_per_s":29.15,"ns_per_word":0.2745}
{"bench":"sweep_words/dram","tier":"sve","words":8388608,"passes":30,"gb_per_s":21.16,"ns_per_word":0.7563}
{"bench":"popcount_words/dram","tier":"sve","words":8388608,"passes":30,"gb_per_s":21.85,"ns_per_word":0.3662}
{"bench":"all_zero/dram","tier":"sve","words":8388608,"passes":30,"gb_per_s":83.37,"ns_per_word":0.096}
{"bench":"range_any_miss/dram","tier":"sve","words":8388608,"passes":30,"gb_per_s":18.06,"ns_per_word":0.443}
=== run 2 tree=head
{"host_tier":"sve","passes":30}
{"bench":"sweep_words/l2","tier":"scalar","words":32768,"passes":30,"gb_per_s":19.68,"ns_per_word":0.8129}
{"bench":"popcount_words/l2","tier":"scalar","words":32768,"passes":30,"gb_per_s":23.58,"ns_per_word":0.3393}
{"bench":"all_zero/l2","tier":"scalar","words":32768,"passes":30,"gb_per_s":64.84,"ns_per_word":0.1234}
{"bench":"range_any_miss/l2","tier":"scalar","words":32768,"passes":30,"gb_per_s":44.82,"ns_per_word":0.1785}
{"bench":"sweep_words/l2","tier":"neon","words":32768,"passes":30,"gb_per_s":19.98,"ns_per_word":0.8009}
{"bench":"popcount_words/l2","tier":"neon","words":32768,"passes":30,"gb_per_s":22.16,"ns_per_word":0.3611}
{"bench":"all_zero/l2","tier":"neon","words":32768,"passes":30,"gb_per_s":64.8,"ns_per_word":0.1235}
{"bench":"range_any_miss/l2","tier":"neon","words":32768,"passes":30,"gb_per_s":44.75,"ns_per_word":0.1788}
{"bench":"sweep_words/l2","tier":"sve","words":32768,"passes":30,"gb_per_s":25.2,"ns_per_word":0.6349}
{"bench":"popcount_words/l2","tier":"sve","words":32768,"passes":30,"gb_per_s":27.32,"ns_per_word":0.2928}
{"bench":"all_zero/l2","tier":"sve","words":32768,"passes":30,"gb_per_s":245.56,"ns_per_word":0.0326}
{"bench":"range_any_miss/l2","tier":"sve","words":32768,"passes":30,"gb_per_s":21.77,"ns_per_word":0.3675}
{"bench":"sweep_words/dram","tier":"scalar","words":8388608,"passes":30,"gb_per_s":18.1,"ns_per_word":0.884}
{"bench":"popcount_words/dram","tier":"scalar","words":8388608,"passes":30,"gb_per_s":19.81,"ns_per_word":0.4038}
{"bench":"all_zero/dram","tier":"scalar","words":8388608,"passes":30,"gb_per_s":36.23,"ns_per_word":0.2208}
{"bench":"range_any_miss/dram","tier":"scalar","words":8388608,"passes":30,"gb_per_s":30.01,"ns_per_word":0.2666}
{"bench":"sweep_words/dram","tier":"neon","words":8388608,"passes":30,"gb_per_s":18.71,"ns_per_word":0.855}
{"bench":"popcount_words/dram","tier":"neon","words":8388608,"passes":30,"gb_per_s":22.05,"ns_per_word":0.3629}
{"bench":"all_zero/dram","tier":"neon","words":8388608,"passes":30,"gb_per_s":41.55,"ns_per_word":0.1925}
{"bench":"range_any_miss/dram","tier":"neon","words":8388608,"passes":30,"gb_per_s":33.82,"ns_per_word":0.2366}
{"bench":"sweep_words/dram","tier":"sve","words":8388608,"passes":30,"gb_per_s":21.01,"ns_per_word":0.7617}
{"bench":"popcount_words/dram","tier":"sve","words":8388608,"passes":30,"gb_per_s":23.57,"ns_per_word":0.3394}
{"bench":"all_zero/dram","tier":"sve","words":8388608,"passes":30,"gb_per_s":206.24,"ns_per_word":0.0388}
{"bench":"range_any_miss/dram","tier":"sve","words":8388608,"passes":30,"gb_per_s":17.89,"ns_per_word":0.4473}
=== run 2 tree=asm
{"host_tier":"sve2","passes":30}
{"bench":"sweep_words/l2","tier":"scalar","words":32768,"passes":30,"gb_per_s":20.1,"ns_per_word":0.7959}
{"bench":"popcount_words/l2","tier":"scalar","words":32768,"passes":30,"gb_per_s":23.51,"ns_per_word":0.3403}
{"bench":"all_zero/l2","tier":"scalar","words":32768,"passes":30,"gb_per_s":58.57,"ns_per_word":0.1366}
{"bench":"range_any_miss/l2","tier":"scalar","words":32768,"passes":30,"gb_per_s":45.21,"ns_per_word":0.177}
{"bench":"sweep_words/l2","tier":"neon","words":32768,"passes":30,"gb_per_s":19.2,"ns_per_word":0.8332}
{"bench":"popcount_words/l2","tier":"neon","words":32768,"passes":30,"gb_per_s":26.56,"ns_per_word":0.3012}
{"bench":"all_zero/l2","tier":"neon","words":32768,"passes":30,"gb_per_s":27.86,"ns_per_word":0.2871}
{"bench":"range_any_miss/l2","tier":"neon","words":32768,"passes":30,"gb_per_s":27.3,"ns_per_word":0.2931}
{"bench":"sweep_words/l2","tier":"sve","words":32768,"passes":30,"gb_per_s":25.29,"ns_per_word":0.6326}
{"bench":"popcount_words/l2","tier":"sve","words":32768,"passes":30,"gb_per_s":28.45,"ns_per_word":0.2812}
{"bench":"all_zero/l2","tier":"sve","words":32768,"passes":30,"gb_per_s":255.06,"ns_per_word":0.0314}
{"bench":"range_any_miss/l2","tier":"sve","words":32768,"passes":30,"gb_per_s":21.16,"ns_per_word":0.378}
{"bench":"sweep_words/l2","tier":"sve2","words":32768,"passes":30,"gb_per_s":25.9,"ns_per_word":0.6177}
{"bench":"popcount_words/l2","tier":"sve2","words":32768,"passes":30,"gb_per_s":28.47,"ns_per_word":0.281}
{"bench":"all_zero/l2","tier":"sve2","words":32768,"passes":30,"gb_per_s":243.86,"ns_per_word":0.0328}
{"bench":"range_any_miss/l2","tier":"sve2","words":32768,"passes":30,"gb_per_s":21.8,"ns_per_word":0.367}
{"bench":"sweep_words/dram","tier":"scalar","words":8388608,"passes":30,"gb_per_s":18.07,"ns_per_word":0.8853}
{"bench":"popcount_words/dram","tier":"scalar","words":8388608,"passes":30,"gb_per_s":19.61,"ns_per_word":0.408}
{"bench":"all_zero/dram","tier":"scalar","words":8388608,"passes":30,"gb_per_s":41.41,"ns_per_word":0.1932}
{"bench":"range_any_miss/dram","tier":"scalar","words":8388608,"passes":30,"gb_per_s":37.66,"ns_per_word":0.2124}
{"bench":"sweep_words/dram","tier":"neon","words":8388608,"passes":30,"gb_per_s":17.64,"ns_per_word":0.907}
{"bench":"popcount_words/dram","tier":"neon","words":8388608,"passes":30,"gb_per_s":22.68,"ns_per_word":0.3527}
{"bench":"all_zero/dram","tier":"neon","words":8388608,"passes":30,"gb_per_s":28.51,"ns_per_word":0.2806}
{"bench":"range_any_miss/dram","tier":"neon","words":8388608,"passes":30,"gb_per_s":24.14,"ns_per_word":0.3314}
{"bench":"sweep_words/dram","tier":"sve","words":8388608,"passes":30,"gb_per_s":20.52,"ns_per_word":0.7797}
{"bench":"popcount_words/dram","tier":"sve","words":8388608,"passes":30,"gb_per_s":22.65,"ns_per_word":0.3531}
{"bench":"all_zero/dram","tier":"sve","words":8388608,"passes":30,"gb_per_s":210.25,"ns_per_word":0.038}
{"bench":"range_any_miss/dram","tier":"sve","words":8388608,"passes":30,"gb_per_s":19.81,"ns_per_word":0.4038}
{"bench":"sweep_words/dram","tier":"sve2","words":8388608,"passes":30,"gb_per_s":21.05,"ns_per_word":0.7602}
{"bench":"popcount_words/dram","tier":"sve2","words":8388608,"passes":30,"gb_per_s":24.21,"ns_per_word":0.3305}
{"bench":"all_zero/dram","tier":"sve2","words":8388608,"passes":30,"gb_per_s":214.35,"ns_per_word":0.0373}
{"bench":"range_any_miss/dram","tier":"sve2","words":8388608,"passes":30,"gb_per_s":19.55,"ns_per_word":0.4093}
=== run 3 tree=asm
{"host_tier":"sve2","passes":30}
{"bench":"sweep_words/l2","tier":"scalar","words":32768,"passes":30,"gb_per_s":20.4,"ns_per_word":0.7844}
{"bench":"popcount_words/l2","tier":"scalar","words":32768,"passes":30,"gb_per_s":23.57,"ns_per_word":0.3394}
{"bench":"all_zero/l2","tier":"scalar","words":32768,"passes":30,"gb_per_s":65.1,"ns_per_word":0.1229}
{"bench":"range_any_miss/l2","tier":"scalar","words":32768,"passes":30,"gb_per_s":45.23,"ns_per_word":0.1769}
{"bench":"sweep_words/l2","tier":"neon","words":32768,"passes":30,"gb_per_s":19.33,"ns_per_word":0.8278}
{"bench":"popcount_words/l2","tier":"neon","words":32768,"passes":30,"gb_per_s":25.67,"ns_per_word":0.3116}
{"bench":"all_zero/l2","tier":"neon","words":32768,"passes":30,"gb_per_s":30.36,"ns_per_word":0.2635}
{"bench":"range_any_miss/l2","tier":"neon","words":32768,"passes":30,"gb_per_s":26.62,"ns_per_word":0.3005}
{"bench":"sweep_words/l2","tier":"sve","words":32768,"passes":30,"gb_per_s":25.58,"ns_per_word":0.6254}
{"bench":"popcount_words/l2","tier":"sve","words":32768,"passes":30,"gb_per_s":27.34,"ns_per_word":0.2926}
{"bench":"all_zero/l2","tier":"sve","words":32768,"passes":30,"gb_per_s":255.46,"ns_per_word":0.0313}
{"bench":"range_any_miss/l2","tier":"sve","words":32768,"passes":30,"gb_per_s":21.85,"ns_per_word":0.3662}
{"bench":"sweep_words/l2","tier":"sve2","words":32768,"passes":30,"gb_per_s":25.42,"ns_per_word":0.6295}
{"bench":"popcount_words/l2","tier":"sve2","words":32768,"passes":30,"gb_per_s":28.46,"ns_per_word":0.2811}
{"bench":"all_zero/l2","tier":"sve2","words":32768,"passes":30,"gb_per_s":227.39,"ns_per_word":0.0352}
{"bench":"range_any_miss/l2","tier":"sve2","words":32768,"passes":30,"gb_per_s":20.46,"ns_per_word":0.391}
{"bench":"sweep_words/dram","tier":"scalar","words":8388608,"passes":30,"gb_per_s":18.29,"ns_per_word":0.8748}
{"bench":"popcount_words/dram","tier":"scalar","words":8388608,"passes":30,"gb_per_s":19.76,"ns_per_word":0.4049}
{"bench":"all_zero/dram","tier":"scalar","words":8388608,"passes":30,"gb_per_s":36.61,"ns_per_word":0.2185}
{"bench":"range_any_miss/dram","tier":"scalar","words":8388608,"passes":30,"gb_per_s":35.75,"ns_per_word":0.2238}
{"bench":"sweep_words/dram","tier":"neon","words":8388608,"passes":30,"gb_per_s":17.61,"ns_per_word":0.9083}
{"bench":"popcount_words/dram","tier":"neon","words":8388608,"passes":30,"gb_per_s":20.62,"ns_per_word":0.388}
{"bench":"all_zero/dram","tier":"neon","words":8388608,"passes":30,"gb_per_s":24.25,"ns_per_word":0.33}
{"bench":"range_any_miss/dram","tier":"neon","words":8388608,"passes":30,"gb_per_s":24.07,"ns_per_word":0.3323}
{"bench":"sweep_words/dram","tier":"sve","words":8388608,"passes":30,"gb_per_s":21.16,"ns_per_word":0.756}
{"bench":"popcount_words/dram","tier":"sve","words":8388608,"passes":30,"gb_per_s":21.72,"ns_per_word":0.3683}
{"bench":"all_zero/dram","tier":"sve","words":8388608,"passes":30,"gb_per_s":199.82,"ns_per_word":0.04}
{"bench":"range_any_miss/dram","tier":"sve","words":8388608,"passes":30,"gb_per_s":18.67,"ns_per_word":0.4286}
{"bench":"sweep_words/dram","tier":"sve2","words":8388608,"passes":30,"gb_per_s":21.18,"ns_per_word":0.7555}
{"bench":"popcount_words/dram","tier":"sve2","words":8388608,"passes":30,"gb_per_s":23.55,"ns_per_word":0.3396}
{"bench":"all_zero/dram","tier":"sve2","words":8388608,"passes":30,"gb_per_s":204.81,"ns_per_word":0.0391}
{"bench":"range_any_miss/dram","tier":"sve2","words":8388608,"passes":30,"gb_per_s":18.96,"ns_per_word":0.422}
=== run 3 tree=head
{"host_tier":"sve","passes":30}
{"bench":"sweep_words/l2","tier":"scalar","words":32768,"passes":30,"gb_per_s":20.33,"ns_per_word":0.7871}
{"bench":"popcount_words/l2","tier":"scalar","words":32768,"passes":30,"gb_per_s":23.6,"ns_per_word":0.339}
{"bench":"all_zero/l2","tier":"scalar","words":32768,"passes":30,"gb_per_s":64.69,"ns_per_word":0.1237}
{"bench":"range_any_miss/l2","tier":"scalar","words":32768,"passes":30,"gb_per_s":44.78,"ns_per_word":0.1786}
{"bench":"sweep_words/l2","tier":"neon","words":32768,"passes":30,"gb_per_s":20.04,"ns_per_word":0.7985}
{"bench":"popcount_words/l2","tier":"neon","words":32768,"passes":30,"gb_per_s":23.52,"ns_per_word":0.3401}
{"bench":"all_zero/l2","tier":"neon","words":32768,"passes":30,"gb_per_s":64.77,"ns_per_word":0.1235}
{"bench":"range_any_miss/l2","tier":"neon","words":32768,"passes":30,"gb_per_s":44.82,"ns_per_word":0.1785}
{"bench":"sweep_words/l2","tier":"sve","words":32768,"passes":30,"gb_per_s":25.11,"ns_per_word":0.6372}
{"bench":"popcount_words/l2","tier":"sve","words":32768,"passes":30,"gb_per_s":27.37,"ns_per_word":0.2922}
{"bench":"all_zero/l2","tier":"sve","words":32768,"passes":30,"gb_per_s":256.53,"ns_per_word":0.0312}
{"bench":"range_any_miss/l2","tier":"sve","words":32768,"passes":30,"gb_per_s":21.8,"ns_per_word":0.3669}
{"bench":"sweep_words/dram","tier":"scalar","words":8388608,"passes":30,"gb_per_s":18.21,"ns_per_word":0.8786}
{"bench":"popcount_words/dram","tier":"scalar","words":8388608,"passes":30,"gb_per_s":22.36,"ns_per_word":0.3577}
{"bench":"all_zero/dram","tier":"scalar","words":8388608,"passes":30,"gb_per_s":48.54,"ns_per_word":0.1648}
{"bench":"range_any_miss/dram","tier":"scalar","words":8388608,"passes":30,"gb_per_s":44.07,"ns_per_word":0.1815}
{"bench":"sweep_words/dram","tier":"neon","words":8388608,"passes":30,"gb_per_s":18.57,"ns_per_word":0.8615}
{"bench":"popcount_words/dram","tier":"neon","words":8388608,"passes":30,"gb_per_s":22.23,"ns_per_word":0.3599}
{"bench":"all_zero/dram","tier":"neon","words":8388608,"passes":30,"gb_per_s":48.21,"ns_per_word":0.1659}
{"bench":"range_any_miss/dram","tier":"neon","words":8388608,"passes":30,"gb_per_s":44.09,"ns_per_word":0.1814}
{"bench":"sweep_words/dram","tier":"sve","words":8388608,"passes":30,"gb_per_s":22.24,"ns_per_word":0.7196}
{"bench":"popcount_words/dram","tier":"sve","words":8388608,"passes":30,"gb_per_s":24.77,"ns_per_word":0.323}
{"bench":"all_zero/dram","tier":"sve","words":8388608,"passes":30,"gb_per_s":80.69,"ns_per_word":0.0991}
{"bench":"range_any_miss/dram","tier":"sve","words":8388608,"passes":30,"gb_per_s":20.25,"ns_per_word":0.395}
=== run 4 tree=head
{"host_tier":"sve","passes":30}
{"bench":"sweep_words/l2","tier":"scalar","words":32768,"passes":30,"gb_per_s":19.7,"ns_per_word":0.8123}
{"bench":"popcount_words/l2","tier":"scalar","words":32768,"passes":30,"gb_per_s":23.62,"ns_per_word":0.3387}
{"bench":"all_zero/l2","tier":"scalar","words":32768,"passes":30,"gb_per_s":65.12,"ns_per_word":0.1229}
{"bench":"range_any_miss/l2","tier":"scalar","words":32768,"passes":30,"gb_per_s":44.92,"ns_per_word":0.1781}
{"bench":"sweep_words/l2","tier":"neon","words":32768,"passes":30,"gb_per_s":20.15,"ns_per_word":0.7942}
{"bench":"popcount_words/l2","tier":"neon","words":32768,"passes":30,"gb_per_s":23.5,"ns_per_word":0.3404}
{"bench":"all_zero/l2","tier":"neon","words":32768,"passes":30,"gb_per_s":65.13,"ns_per_word":0.1228}
{"bench":"range_any_miss/l2","tier":"neon","words":32768,"passes":30,"gb_per_s":45.26,"ns_per_word":0.1768}
{"bench":"sweep_words/l2","tier":"sve","words":32768,"passes":30,"gb_per_s":25.65,"ns_per_word":0.6237}
{"bench":"popcount_words/l2","tier":"sve","words":32768,"passes":30,"gb_per_s":27.47,"ns_per_word":0.2912}
{"bench":"all_zero/l2","tier":"sve","words":32768,"passes":30,"gb_per_s":254.93,"ns_per_word":0.0314}
{"bench":"range_any_miss/l2","tier":"sve","words":32768,"passes":30,"gb_per_s":21.82,"ns_per_word":0.3666}
{"bench":"sweep_words/dram","tier":"scalar","words":8388608,"passes":30,"gb_per_s":18.27,"ns_per_word":0.8759}
{"bench":"popcount_words/dram","tier":"scalar","words":8388608,"passes":30,"gb_per_s":19.27,"ns_per_word":0.4152}
{"bench":"all_zero/dram","tier":"scalar","words":8388608,"passes":30,"gb_per_s":29.14,"ns_per_word":0.2745}
{"bench":"range_any_miss/dram","tier":"scalar","words":8388608,"passes":30,"gb_per_s":28.24,"ns_per_word":0.2833}
{"bench":"sweep_words/dram","tier":"neon","words":8388608,"passes":30,"gb_per_s":18.56,"ns_per_word":0.8619}
{"bench":"popcount_words/dram","tier":"neon","words":8388608,"passes":30,"gb_per_s":18.73,"ns_per_word":0.4271}
{"bench":"all_zero/dram","tier":"neon","words":8388608,"passes":30,"gb_per_s":25.42,"ns_per_word":0.3147}
{"bench":"range_any_miss/dram","tier":"neon","words":8388608,"passes":30,"gb_per_s":23.61,"ns_per_word":0.3388}
{"bench":"sweep_words/dram","tier":"sve","words":8388608,"passes":30,"gb_per_s":21.28,"ns_per_word":0.752}
{"bench":"popcount_words/dram","tier":"sve","words":8388608,"passes":30,"gb_per_s":20.32,"ns_per_word":0.3938}
{"bench":"all_zero/dram","tier":"sve","words":8388608,"passes":30,"gb_per_s":69.32,"ns_per_word":0.1154}
{"bench":"range_any_miss/dram","tier":"sve","words":8388608,"passes":30,"gb_per_s":17.22,"ns_per_word":0.4646}
=== run 4 tree=asm
{"host_tier":"sve2","passes":30}
{"bench":"sweep_words/l2","tier":"scalar","words":32768,"passes":30,"gb_per_s":19.98,"ns_per_word":0.8008}
{"bench":"popcount_words/l2","tier":"scalar","words":32768,"passes":30,"gb_per_s":22.82,"ns_per_word":0.3505}
{"bench":"all_zero/l2","tier":"scalar","words":32768,"passes":30,"gb_per_s":65.04,"ns_per_word":0.123}
{"bench":"range_any_miss/l2","tier":"scalar","words":32768,"passes":30,"gb_per_s":44.94,"ns_per_word":0.178}
{"bench":"sweep_words/l2","tier":"neon","words":32768,"passes":30,"gb_per_s":19.66,"ns_per_word":0.8139}
{"bench":"popcount_words/l2","tier":"neon","words":32768,"passes":30,"gb_per_s":25.03,"ns_per_word":0.3196}
{"bench":"all_zero/l2","tier":"neon","words":32768,"passes":30,"gb_per_s":29.97,"ns_per_word":0.267}
{"bench":"range_any_miss/l2","tier":"neon","words":32768,"passes":30,"gb_per_s":27.24,"ns_per_word":0.2937}
{"bench":"sweep_words/l2","tier":"sve","words":32768,"passes":30,"gb_per_s":26.04,"ns_per_word":0.6145}
{"bench":"popcount_words/l2","tier":"sve","words":32768,"passes":30,"gb_per_s":26.77,"ns_per_word":0.2988}
{"bench":"all_zero/l2","tier":"sve","words":32768,"passes":30,"gb_per_s":255.06,"ns_per_word":0.0314}
{"bench":"range_any_miss/l2","tier":"sve","words":32768,"passes":30,"gb_per_s":21.81,"ns_per_word":0.3668}
{"bench":"sweep_words/l2","tier":"sve2","words":32768,"passes":30,"gb_per_s":25.51,"ns_per_word":0.6271}
{"bench":"popcount_words/l2","tier":"sve2","words":32768,"passes":30,"gb_per_s":28.49,"ns_per_word":0.2808}
{"bench":"all_zero/l2","tier":"sve2","words":32768,"passes":30,"gb_per_s":243.98,"ns_per_word":0.0328}
{"bench":"range_any_miss/l2","tier":"sve2","words":32768,"passes":30,"gb_per_s":20.13,"ns_per_word":0.3975}
{"bench":"sweep_words/dram","tier":"scalar","words":8388608,"passes":30,"gb_per_s":18.19,"ns_per_word":0.8796}
{"bench":"popcount_words/dram","tier":"scalar","words":8388608,"passes":30,"gb_per_s":21.15,"ns_per_word":0.3783}
{"bench":"all_zero/dram","tier":"scalar","words":8388608,"passes":30,"gb_per_s":41.85,"ns_per_word":0.1912}
{"bench":"range_any_miss/dram","tier":"scalar","words":8388608,"passes":30,"gb_per_s":35.98,"ns_per_word":0.2223}
{"bench":"sweep_words/dram","tier":"neon","words":8388608,"passes":30,"gb_per_s":17.62,"ns_per_word":0.9083}
{"bench":"popcount_words/dram","tier":"neon","words":8388608,"passes":30,"gb_per_s":23.04,"ns_per_word":0.3472}
{"bench":"all_zero/dram","tier":"neon","words":8388608,"passes":30,"gb_per_s":25.97,"ns_per_word":0.3081}
{"bench":"range_any_miss/dram","tier":"neon","words":8388608,"passes":30,"gb_per_s":25.0,"ns_per_word":0.32}
{"bench":"sweep_words/dram","tier":"sve","words":8388608,"passes":30,"gb_per_s":19.87,"ns_per_word":0.8054}
{"bench":"popcount_words/dram","tier":"sve","words":8388608,"passes":30,"gb_per_s":23.67,"ns_per_word":0.338}
{"bench":"all_zero/dram","tier":"sve","words":8388608,"passes":30,"gb_per_s":213.1,"ns_per_word":0.0375}
{"bench":"range_any_miss/dram","tier":"sve","words":8388608,"passes":30,"gb_per_s":19.06,"ns_per_word":0.4197}
{"bench":"sweep_words/dram","tier":"sve2","words":8388608,"passes":30,"gb_per_s":20.38,"ns_per_word":0.7849}
{"bench":"popcount_words/dram","tier":"sve2","words":8388608,"passes":30,"gb_per_s":22.93,"ns_per_word":0.3489}
{"bench":"all_zero/dram","tier":"sve2","words":8388608,"passes":30,"gb_per_s":209.48,"ns_per_word":0.0382}
{"bench":"range_any_miss/dram","tier":"sve2","words":8388608,"passes":30,"gb_per_s":18.95,"ns_per_word":0.4222}
=== run 5 tree=asm
{"host_tier":"sve2","passes":30}
{"bench":"sweep_words/l2","tier":"scalar","words":32768,"passes":30,"gb_per_s":20.35,"ns_per_word":0.7864}
{"bench":"popcount_words/l2","tier":"scalar","words":32768,"passes":30,"gb_per_s":22.82,"ns_per_word":0.3505}
{"bench":"all_zero/l2","tier":"scalar","words":32768,"passes":30,"gb_per_s":64.97,"ns_per_word":0.1231}
{"bench":"range_any_miss/l2","tier":"scalar","words":32768,"passes":30,"gb_per_s":45.22,"ns_per_word":0.1769}
{"bench":"sweep_words/l2","tier":"neon","words":32768,"passes":30,"gb_per_s":19.31,"ns_per_word":0.8284}
{"bench":"popcount_words/l2","tier":"neon","words":32768,"passes":30,"gb_per_s":25.63,"ns_per_word":0.3122}
{"bench":"all_zero/l2","tier":"neon","words":32768,"passes":30,"gb_per_s":30.35,"ns_per_word":0.2636}
{"bench":"range_any_miss/l2","tier":"neon","words":32768,"passes":30,"gb_per_s":27.31,"ns_per_word":0.2929}
{"bench":"sweep_words/l2","tier":"sve","words":32768,"passes":30,"gb_per_s":25.49,"ns_per_word":0.6277}
{"bench":"popcount_words/l2","tier":"sve","words":32768,"passes":30,"gb_per_s":28.15,"ns_per_word":0.2842}
{"bench":"all_zero/l2","tier":"sve","words":32768,"passes":30,"gb_per_s":191.47,"ns_per_word":0.0418}
{"bench":"range_any_miss/l2","tier":"sve","words":32768,"passes":30,"gb_per_s":21.8,"ns_per_word":0.3669}
{"bench":"sweep_words/l2","tier":"sve2","words":32768,"passes":30,"gb_per_s":25.49,"ns_per_word":0.6278}
{"bench":"popcount_words/l2","tier":"sve2","words":32768,"passes":30,"gb_per_s":28.31,"ns_per_word":0.2826}
{"bench":"all_zero/l2","tier":"sve2","words":32768,"passes":30,"gb_per_s":244.96,"ns_per_word":0.0327}
{"bench":"range_any_miss/l2","tier":"sve2","words":32768,"passes":30,"gb_per_s":21.04,"ns_per_word":0.3802}
{"bench":"sweep_words/dram","tier":"scalar","words":8388608,"passes":30,"gb_per_s":18.22,"ns_per_word":0.878}
{"bench":"popcount_words/dram","tier":"scalar","words":8388608,"passes":30,"gb_per_s":20.66,"ns_per_word":0.3873}
{"bench":"all_zero/dram","tier":"scalar","words":8388608,"passes":30,"gb_per_s":40.19,"ns_per_word":0.199}
{"bench":"range_any_miss/dram","tier":"scalar","words":8388608,"passes":30,"gb_per_s":35.49,"ns_per_word":0.2254}
{"bench":"sweep_words/dram","tier":"neon","words":8388608,"passes":30,"gb_per_s":17.44,"ns_per_word":0.9176}
{"bench":"popcount_words/dram","tier":"neon","words":8388608,"passes":30,"gb_per_s":21.39,"ns_per_word":0.374}
{"bench":"all_zero/dram","tier":"neon","words":8388608,"passes":30,"gb_per_s":25.4,"ns_per_word":0.3149}
{"bench":"range_any_miss/dram","tier":"neon","words":8388608,"passes":30,"gb_per_s":22.95,"ns_per_word":0.3487}
{"bench":"sweep_words/dram","tier":"sve","words":8388608,"passes":30,"gb_per_s":20.86,"ns_per_word":0.7669}
{"bench":"popcount_words/dram","tier":"sve","words":8388608,"passes":30,"gb_per_s":24.37,"ns_per_word":0.3283}
{"bench":"all_zero/dram","tier":"sve","words":8388608,"passes":30,"gb_per_s":209.41,"ns_per_word":0.0382}
{"bench":"range_any_miss/dram","tier":"sve","words":8388608,"passes":30,"gb_per_s":19.55,"ns_per_word":0.4093}
{"bench":"sweep_words/dram","tier":"sve2","words":8388608,"passes":30,"gb_per_s":21.36,"ns_per_word":0.749}
{"bench":"popcount_words/dram","tier":"sve2","words":8388608,"passes":30,"gb_per_s":23.45,"ns_per_word":0.3412}
{"bench":"all_zero/dram","tier":"sve2","words":8388608,"passes":30,"gb_per_s":206.41,"ns_per_word":0.0388}
{"bench":"range_any_miss/dram","tier":"sve2","words":8388608,"passes":30,"gb_per_s":18.8,"ns_per_word":0.4255}
=== run 5 tree=head
{"host_tier":"sve","passes":30}
{"bench":"sweep_words/l2","tier":"scalar","words":32768,"passes":30,"gb_per_s":19.34,"ns_per_word":0.8273}
{"bench":"popcount_words/l2","tier":"scalar","words":32768,"passes":30,"gb_per_s":23.59,"ns_per_word":0.3391}
{"bench":"all_zero/l2","tier":"scalar","words":32768,"passes":30,"gb_per_s":65.02,"ns_per_word":0.123}
{"bench":"range_any_miss/l2","tier":"scalar","words":32768,"passes":30,"gb_per_s":44.88,"ns_per_word":0.1782}
{"bench":"sweep_words/l2","tier":"neon","words":32768,"passes":30,"gb_per_s":20.49,"ns_per_word":0.7809}
{"bench":"popcount_words/l2","tier":"neon","words":32768,"passes":30,"gb_per_s":23.5,"ns_per_word":0.3405}
{"bench":"all_zero/l2","tier":"neon","words":32768,"passes":30,"gb_per_s":65.16,"ns_per_word":0.1228}
{"bench":"range_any_miss/l2","tier":"neon","words":32768,"passes":30,"gb_per_s":45.0,"ns_per_word":0.1778}
{"bench":"sweep_words/l2","tier":"sve","words":32768,"passes":30,"gb_per_s":26.03,"ns_per_word":0.6147}
{"bench":"popcount_words/l2","tier":"sve","words":32768,"passes":30,"gb_per_s":27.44,"ns_per_word":0.2915}
{"bench":"all_zero/l2","tier":"sve","words":32768,"passes":30,"gb_per_s":257.13,"ns_per_word":0.0311}
{"bench":"range_any_miss/l2","tier":"sve","words":32768,"passes":30,"gb_per_s":21.81,"ns_per_word":0.3668}
{"bench":"sweep_words/dram","tier":"scalar","words":8388608,"passes":30,"gb_per_s":18.2,"ns_per_word":0.8791}
{"bench":"popcount_words/dram","tier":"scalar","words":8388608,"passes":30,"gb_per_s":22.25,"ns_per_word":0.3596}
{"bench":"all_zero/dram","tier":"scalar","words":8388608,"passes":30,"gb_per_s":47.56,"ns_per_word":0.1682}
{"bench":"range_any_miss/dram","tier":"scalar","words":8388608,"passes":30,"gb_per_s":41.62,"ns_per_word":0.1922}
{"bench":"sweep_words/dram","tier":"neon","words":8388608,"passes":30,"gb_per_s":18.43,"ns_per_word":0.8682}
{"bench":"popcount_words/dram","tier":"neon","words":8388608,"passes":30,"gb_per_s":21.52,"ns_per_word":0.3718}
{"bench":"all_zero/dram","tier":"neon","words":8388608,"passes":30,"gb_per_s":43.97,"ns_per_word":0.1819}
{"bench":"range_any_miss/dram","tier":"neon","words":8388608,"passes":30,"gb_per_s":39.18,"ns_per_word":0.2042}
{"bench":"sweep_words/dram","tier":"sve","words":8388608,"passes":30,"gb_per_s":21.68,"ns_per_word":0.7381}
{"bench":"popcount_words/dram","tier":"sve","words":8388608,"passes":30,"gb_per_s":24.02,"ns_per_word":0.333}
{"bench":"all_zero/dram","tier":"sve","words":8388608,"passes":30,"gb_per_s":206.28,"ns_per_word":0.0388}
{"bench":"range_any_miss/dram","tier":"sve","words":8388608,"passes":30,"gb_per_s":20.22,"ns_per_word":0.3957}
=== run 6 tree=head
{"host_tier":"sve","passes":30}
{"bench":"sweep_words/l2","tier":"scalar","words":32768,"passes":30,"gb_per_s":20.35,"ns_per_word":0.7861}
{"bench":"popcount_words/l2","tier":"scalar","words":32768,"passes":30,"gb_per_s":22.54,"ns_per_word":0.355}
{"bench":"all_zero/l2","tier":"scalar","words":32768,"passes":30,"gb_per_s":65.14,"ns_per_word":0.1228}
{"bench":"range_any_miss/l2","tier":"scalar","words":32768,"passes":30,"gb_per_s":44.99,"ns_per_word":0.1778}
{"bench":"sweep_words/l2","tier":"neon","words":32768,"passes":30,"gb_per_s":20.19,"ns_per_word":0.7925}
{"bench":"popcount_words/l2","tier":"neon","words":32768,"passes":30,"gb_per_s":22.23,"ns_per_word":0.3598}
{"bench":"all_zero/l2","tier":"neon","words":32768,"passes":30,"gb_per_s":65.11,"ns_per_word":0.1229}
{"bench":"range_any_miss/l2","tier":"neon","words":32768,"passes":30,"gb_per_s":45.09,"ns_per_word":0.1774}
{"bench":"sweep_words/l2","tier":"sve","words":32768,"passes":30,"gb_per_s":24.2,"ns_per_word":0.6611}
{"bench":"popcount_words/l2","tier":"sve","words":32768,"passes":30,"gb_per_s":28.33,"ns_per_word":0.2823}
{"bench":"all_zero/l2","tier":"sve","words":32768,"passes":30,"gb_per_s":255.78,"ns_per_word":0.0313}
{"bench":"range_any_miss/l2","tier":"sve","words":32768,"passes":30,"gb_per_s":21.82,"ns_per_word":0.3666}
{"bench":"sweep_words/dram","tier":"scalar","words":8388608,"passes":30,"gb_per_s":18.27,"ns_per_word":0.876}
{"bench":"popcount_words/dram","tier":"scalar","words":8388608,"passes":30,"gb_per_s":21.19,"ns_per_word":0.3776}
{"bench":"all_zero/dram","tier":"scalar","words":8388608,"passes":30,"gb_per_s":37.96,"ns_per_word":0.2107}
{"bench":"range_any_miss/dram","tier":"scalar","words":8388608,"passes":30,"gb_per_s":35.14,"ns_per_word":0.2277}
{"bench":"sweep_words/dram","tier":"neon","words":8388608,"passes":30,"gb_per_s":18.42,"ns_per_word":0.8688}
{"bench":"popcount_words/dram","tier":"neon","words":8388608,"passes":30,"gb_per_s":20.11,"ns_per_word":0.3978}
{"bench":"all_zero/dram","tier":"neon","words":8388608,"passes":30,"gb_per_s":43.68,"ns_per_word":0.1832}
{"bench":"range_any_miss/dram","tier":"neon","words":8388608,"passes":30,"gb_per_s":36.28,"ns_per_word":0.2205}
{"bench":"sweep_words/dram","tier":"sve","words":8388608,"passes":30,"gb_per_s":21.49,"ns_per_word":0.7445}
{"bench":"popcount_words/dram","tier":"sve","words":8388608,"passes":30,"gb_per_s":23.25,"ns_per_word":0.3441}
{"bench":"all_zero/dram","tier":"sve","words":8388608,"passes":30,"gb_per_s":218.2,"ns_per_word":0.0367}
{"bench":"range_any_miss/dram","tier":"sve","words":8388608,"passes":30,"gb_per_s":18.98,"ns_per_word":0.4215}
=== run 6 tree=asm
{"host_tier":"sve2","passes":30}
{"bench":"sweep_words/l2","tier":"scalar","words":32768,"passes":30,"gb_per_s":19.88,"ns_per_word":0.8048}
{"bench":"popcount_words/l2","tier":"scalar","words":32768,"passes":30,"gb_per_s":22.96,"ns_per_word":0.3485}
{"bench":"all_zero/l2","tier":"scalar","words":32768,"passes":30,"gb_per_s":65.04,"ns_per_word":0.123}
{"bench":"range_any_miss/l2","tier":"scalar","words":32768,"passes":30,"gb_per_s":44.95,"ns_per_word":0.178}
{"bench":"sweep_words/l2","tier":"neon","words":32768,"passes":30,"gb_per_s":19.39,"ns_per_word":0.8251}
{"bench":"popcount_words/l2","tier":"neon","words":32768,"passes":30,"gb_per_s":26.59,"ns_per_word":0.3009}
{"bench":"all_zero/l2","tier":"neon","words":32768,"passes":30,"gb_per_s":29.04,"ns_per_word":0.2755}
{"bench":"range_any_miss/l2","tier":"neon","words":32768,"passes":30,"gb_per_s":27.33,"ns_per_word":0.2927}
{"bench":"sweep_words/l2","tier":"sve","words":32768,"passes":30,"gb_per_s":25.6,"ns_per_word":0.625}
{"bench":"popcount_words/l2","tier":"sve","words":32768,"passes":30,"gb_per_s":28.45,"ns_per_word":0.2812}
{"bench":"all_zero/l2","tier":"sve","words":32768,"passes":30,"gb_per_s":256.79,"ns_per_word":0.0312}
{"bench":"range_any_miss/l2","tier":"sve","words":32768,"passes":30,"gb_per_s":21.31,"ns_per_word":0.3753}
{"bench":"sweep_words/l2","tier":"sve2","words":32768,"passes":30,"gb_per_s":26.1,"ns_per_word":0.6131}
{"bench":"popcount_words/l2","tier":"sve2","words":32768,"passes":30,"gb_per_s":28.49,"ns_per_word":0.2808}
{"bench":"all_zero/l2","tier":"sve2","words":32768,"passes":30,"gb_per_s":230.65,"ns_per_word":0.0347}
{"bench":"range_any_miss/l2","tier":"sve2","words":32768,"passes":30,"gb_per_s":21.41,"ns_per_word":0.3737}
{"bench":"sweep_words/dram","tier":"scalar","words":8388608,"passes":30,"gb_per_s":18.15,"ns_per_word":0.8818}
{"bench":"popcount_words/dram","tier":"scalar","words":8388608,"passes":30,"gb_per_s":20.12,"ns_per_word":0.3975}
{"bench":"all_zero/dram","tier":"scalar","words":8388608,"passes":30,"gb_per_s":36.52,"ns_per_word":0.2191}
{"bench":"range_any_miss/dram","tier":"scalar","words":8388608,"passes":30,"gb_per_s":32.93,"ns_per_word":0.2429}
{"bench":"sweep_words/dram","tier":"neon","words":8388608,"passes":30,"gb_per_s":17.57,"ns_per_word":0.9107}
{"bench":"popcount_words/dram","tier":"neon","words":8388608,"passes":30,"gb_per_s":21.72,"ns_per_word":0.3683}
{"bench":"all_zero/dram","tier":"neon","words":8388608,"passes":30,"gb_per_s":24.89,"ns_per_word":0.3214}
{"bench":"range_any_miss/dram","tier":"neon","words":8388608,"passes":30,"gb_per_s":23.07,"ns_per_word":0.3467}
{"bench":"sweep_words/dram","tier":"sve","words":8388608,"passes":30,"gb_per_s":20.95,"ns_per_word":0.7637}
{"bench":"popcount_words/dram","tier":"sve","words":8388608,"passes":30,"gb_per_s":23.24,"ns_per_word":0.3442}
{"bench":"all_zero/dram","tier":"sve","words":8388608,"passes":30,"gb_per_s":209.87,"ns_per_word":0.0381}
{"bench":"range_any_miss/dram","tier":"sve","words":8388608,"passes":30,"gb_per_s":18.62,"ns_per_word":0.4297}
{"bench":"sweep_words/dram","tier":"sve2","words":8388608,"passes":30,"gb_per_s":21.2,"ns_per_word":0.7546}
{"bench":"popcount_words/dram","tier":"sve2","words":8388608,"passes":30,"gb_per_s":21.4,"ns_per_word":0.3739}
{"bench":"all_zero/dram","tier":"sve2","words":8388608,"passes":30,"gb_per_s":203.19,"ns_per_word":0.0394}
{"bench":"range_any_miss/dram","tier":"sve2","words":8388608,"passes":30,"gb_per_s":17.76,"ns_per_word":0.4503}
