=== Session /home/uchiha/playground/gcry/bench/log/linux/2026-08-02-120500 (COUNT=1 GC=boehm gcry) ===
=== Build mode: release (--release) ===
=== Build kemal binaries (release, GC=boehm gcry) ===
  crystal build flags: --release
I: Resolving dependencies
I: Fetching https://github.com/kemalcr/kemal.git
I: Fetching https://github.com/luislavena/radix.git
I: Fetching https://github.com/crystal-loot/exception_page.git
I: Fetching https://github.com/sija/backtracer.cr.git
W: Shard "gcry" version (0.17.0) doesn't match tag version (0.1.0)
I: Using radix (0.4.1)
I: Using backtracer (1.2.4)
I: Using exception_page (0.5.0)
I: Using kemal (1.12.0)
I: Using gcry (0.1.0 at ../..)
  kemal-gcry   kemal-boehm (cached)

══════════════════════════════════════════════
  RUN 1/1  →  /home/uchiha/playground/gcry/bench/log/linux/2026-08-02-120500/run-01
══════════════════════════════════════════════
  metadata.yaml written (/home/uchiha/playground/gcry/bench/log/linux/2026-08-02-120500/run-01)

╔══════════════════════════════════════════════╗
║  Kemal median-of-3  (run 1/1)  ║
╚══════════════════════════════════════════════╝
  kemal run=1 trial=1 path=/ tag=boehm ... 81570.29 req/s
  kemal run=1 trial=1 path=/ tag=gcry ... 69823.02 req/s
  kemal run=1 trial=1 path=/json tag=boehm ... 38491.59 req/s
  kemal run=1 trial=1 path=/json tag=gcry ... 31070.53 req/s
  kemal run=1 trial=2 path=/ tag=boehm ... 89428.52 req/s
  kemal run=1 trial=2 path=/ tag=gcry ... 71466.82 req/s
  kemal run=1 trial=2 path=/json tag=boehm ... 36581.26 req/s
  kemal run=1 trial=2 path=/json tag=gcry ... 33837.52 req/s
  kemal run=1 trial=3 path=/ tag=boehm ... 84069.72 req/s
  kemal run=1 trial=3 path=/ tag=gcry ... 71548.53 req/s
  kemal run=1 trial=3 path=/json tag=boehm ... 39305.21 req/s
  kemal run=1 trial=3 path=/json tag=gcry ... 34511.69 req/s
Wrote /home/uchiha/playground/gcry/bench/log/linux/2026-08-02-120500/run-01/kemal-summary.md
Kemal median-of-3

| Path | Boehm req/s (med) | gcry req/s (med) | % Boehm | Boehm RSS (KiB) | gcry RSS (KiB) | RSS × |
|------|------------------:|-----------------:|-------:|----------------:|---------------:|------:|
| `/` | 84,070 | 71,467 | **85.0%** | 15,760 | 13,116 | **0.83×** |
| `/json` | 38,492 | 33,838 | **87.9%** | 16,516 | 13,356 | **0.81×** |


╔══════════════════════════════════════════════╗
║              ALL DONE                        ║
╚══════════════════════════════════════════════╝
  Build: release (--release)
  GC: boehm gcry
  COUNT: 1
  Session: /home/uchiha/playground/gcry/bench/log/linux/2026-08-02-120500/
total 4.0K
drwxr-xr-x 2 uchiha uchiha 4.0K Aug  2 15:12 run-01
  --- run-01 ---
total 36K
-rw-r--r-- 1 uchiha uchiha 2.2K Aug  2 15:07 kemal-gcry-gcstats-_-t1.json
-rw-r--r-- 1 uchiha uchiha 2.2K Aug  2 15:09 kemal-gcry-gcstats-_-t2.json
-rw-r--r-- 1 uchiha uchiha 2.2K Aug  2 15:11 kemal-gcry-gcstats-_-t3.json
-rw-r--r-- 1 uchiha uchiha 2.2K Aug  2 15:08 kemal-gcry-gcstats-_json-t1.json
-rw-r--r-- 1 uchiha uchiha 2.2K Aug  2 15:10 kemal-gcry-gcstats-_json-t2.json
-rw-r--r-- 1 uchiha uchiha 2.2K Aug  2 15:12 kemal-gcry-gcstats-_json-t3.json
-rw-r--r-- 1 uchiha uchiha  345 Aug  2 15:12 kemal-median.tsv
-rw-r--r-- 1 uchiha uchiha  364 Aug  2 15:12 kemal-summary.md
-rw-r--r-- 1 uchiha uchiha  624 Aug  2 15:06 metadata.yaml
