gcry soak telemetry
start=Time::Instant(@seconds=706203, @nanoseconds=964417020) duration=840s start_rss=6756kB
config: monitor_gate=true stw_test_stall_ms=0 ec_queue_audit=false fiber_churn=512 collect_hz=1
hour	elapsed	heap_kb	free_kb	live_objects	collections	pause_p50	pause_p99	rss_kb	finalized	queue_slots_total	queue_slots_max	queue_slots_hits	queue_faults
0.001388888888888889	5	68984.0	63279.203125	14297	9	5267765	7066359	85848	478	0	0	0	0
0.002777777777777778	10	63992.0	0.0	326340	18	4278931	12028208	83844	871	0	0	0	0
0.004166666666666667	15	52856.0	0.0	266535	26	5267765	12028208	73516	1349	0	0	0	0
0.005555555555555556	20	59640.0	0.0	302591	33	5347737	18655246	80752	1822	0	0	0	0
0.006944444444444444	25	57592.0	0.0	291618	43	5267765	18655246	77984	2309	0	0	0	0
0.008333333333333333	30	59896.0	0.0	304037	53	4651523	18655246	77020	2794	0	0	0	0
0.009722222222222222	35	48376.0	0.0	242140	63	4651523	18655246	64736	3284	0	0	0	0
0.011111111111111112	40	46968.0	0.0	234875	73	4278931	18655246	64040	3771	0	0	0	0
0.0125	45	46968.0	0.0	234729	83	4918938	18655246	65516	4255	0	0	0	0
0.013888888888888888	50	39416.0	0.0	194524	93	4651523	11544945	56616	4737	0	0	0	0
0.015277777777777777	55	34680.0	0.0	168836	103	4918938	13211177	52952	5221	0	0	0	0
0.016666666666666666	60	32504.0	0.0	156906	112	5453114	17269501	53240	5701	0	0	0	0
# gate elapsed=60s collections=112 monitor_blocks=54 stw_waits=0 stw_wait_max_ns=0
0.018055555555555554	65	30968.0	0.0	149072	122	5579363	17269501	47328	6189	0	0	0	0
0.019444444444444445	70	25336.0	0.0	118741	132	5453114	17269501	42068	6679	0	0	0	0
0.020833333333333332	75	22008.0	0.0	100918	142	4943514	17269501	37564	7167	0	0	0	0
0.022222222222222223	80	19704.0	0.0	88287	152	4700505	17269501	36864	7656	0	0	0	0
0.02361111111111111	85	15096.0	0.0	63547	162	3216386	17269501	31256	8145	0	0	0	0
0.025	90	10872.0	0.0	41381	172	3174898	17269501	25852	8633	0	0	0	0
0.02638888888888889	95	7672.0	0.0	24355	182	2727935	10893575	23668	9119	0	0	0	0
0.027777777777777776	100	5368.0	0.0	11962	192	2475739	10893575	23260	9606	0	0	0	0
0.029166666666666667	105	69240.0	62790.671875	17930	201	2475739	11215672	86272	10085	0	0	0	0
0.030555555555555555	110	69112.0	62625.328125	17799	208	2727935	37156164	90464	10551	0	0	0	0
0.03194444444444444	115	68984.0	61305.421875	24392	218	2727935	37156164	86192	11033	0	0	0	0
0.03333333333333333	120	62584.0	0.0	318423	227	2727935	37156164	79828	11448	0	0	0	0
# gate elapsed=120s collections=227 monitor_blocks=97 stw_waits=0 stw_wait_max_ns=0
0.034722222222222224	125	61176.0	0.0	311126	237	2817313	37156164	78284	11938	0	0	0	0
0.03611111111111111	130	56568.0	0.0	285959	245	4714090	37156164	77508	12416	0	0	0	0
0.0375	135	58616.0	0.0	296801	255	2918353	37156164	77740	12903	0	0	0	0
0.03888888888888889	140	50424.0	0.0	253377	265	2788629	37156164	66492	13392	0	0	0	0
0.04027777777777778	145	48376.0	0.0	242530	275	2518019	11709663	64780	13881	0	0	0	0
0.041666666666666664	150	47608.0	0.0	237763	284	2788629	11709663	67460	14365	0	0	0	0
0.043055555555555555	155	39672.0	0.0	195377	294	2309816	11709663	57460	14847	0	0	0	0
0.044444444444444446	160	39416.0	0.0	194510	304	2309816	11709663	57412	15336	0	0	0	0
0.04583333333333333	165	33656.0	0.0	163116	314	2968037	7697756	50972	15822	0	0	0	0
0.04722222222222222	170	30200.0	0.0	144561	324	3028762	7697756	45452	16312	0	0	0	0
0.04861111111111111	175	29560.0	0.0	141114	334	2572511	7697756	45436	16801	0	0	0	0
0.05	180	23800.0	0.0	110233	344	2330244	8099294	44504	17291	0	0	0	0
# gate elapsed=180s collections=344 monitor_blocks=141 stw_waits=0 stw_wait_max_ns=0
0.05138888888888889	185	19192.0	0.0	85782	354	2572511	8099294	36396	17778	0	0	0	0
0.05277777777777778	190	17400.0	0.0	76445	364	2968037	8099294	34776	18264	0	0	0	0
0.05416666666666667	195	14200.0	0.0	59395	373	2428410	8099294	31984	18750	0	0	0	0
0.05555555555555555	200	8184.0	0.0	27119	383	4649708	9729337	25368	19236	0	0	0	0
0.05694444444444444	205	6392.0	0.0	17214	393	3345349	9729337	23708	19724	0	0	0	0
0.058333333333333334	210	68984.0	47477.296875	98110	402	3345349	9729337	84368	20192	0	0	0	0
0.059722222222222225	215	69112.0	56848.03125	48720	412	3631528	9729337	85580	20686	0	0	0	0
0.06111111111111111	220	69112.0	61471.234375	23979	422	2541071	9729337	86428	21177	0	0	0	0
0.0625	225	63864.0	0.0	325784	431	2541071	9729337	81604	21583	0	0	0	0
0.06388888888888888	230	62200.0	0.0	316427	440	2712886	10976358	82792	22066	0	0	0	0
0.06527777777777778	235	60408.0	0.0	306550	450	2541071	10976358	77060	22556	0	0	0	0
0.06666666666666667	240	58872.0	0.0	298240	460	2541071	10976358	74844	23043	0	0	0	0
# gate elapsed=240s collections=460 monitor_blocks=188 stw_waits=0 stw_wait_max_ns=0
0.06805555555555555	245	59896.0	0.0	303738	470	2582540	10976358	77072	23532	0	0	0	0
0.06944444444444445	250	50168.0	0.0	252165	480	2130287	10976358	67224	24022	0	0	0	0
0.07083333333333333	255	44536.0	0.0	221564	490	2130287	10976358	61868	24510	0	0	0	0
0.07222222222222222	260	46456.0	0.0	231683	500	2113165	8568077	63844	24998	0	0	0	0
0.07361111111111111	265	42232.0	0.0	209501	510	2108846	9217651	59632	25485	0	0	0	0
0.075	270	34424.0	0.0	167878	520	2060686	9217651	51896	25976	0	0	0	0
0.0763888888888889	275	34936.0	0.0	170072	530	2131229	11565027	52172	26462	0	0	0	0
0.07777777777777778	280	28920.0	0.0	137858	540	2781324	11832331	48256	26945	0	0	0	0
0.07916666666666666	285	26616.0	0.0	125459	550	3257943	11832331	42720	27433	0	0	0	0
0.08055555555555556	290	21240.0	0.0	96626	560	3257943	11832331	38568	27922	0	0	0	0
0.08194444444444444	295	19448.0	0.0	87490	570	3878503	12163325	36896	28407	0	0	0	0
0.08333333333333333	300	13688.0	0.0	56313	579	4598200	13712977	34468	28888	0	0	0	0
# gate elapsed=300s collections=579 monitor_blocks=229 stw_waits=1 stw_wait_max_ns=1616498
0.08472222222222223	305	8568.0	0.0	28973	589	4598200	13712977	26208	29377	0	0	0	0
0.08611111111111111	310	5240.0	0.0	10948	597	4880944	13712977	23436	29860	0	0	0	0
0.0875	315	66040.0	0.0	337429	604	4921961	13712977	87388	30243	0	0	0	0
0.08888888888888889	320	66808.0	0.0	340992	613	5141104	13712977	83848	30729	0	0	0	0
0.09027777777777778	325	69112.0	63588.0	12652	624	4852250	13712977	86492	31299	0	0	0	0
0.09166666666666666	330	68216.0	0.0	348928	633	3827787	13712977	85692	31705	0	0	0	0
0.09305555555555556	335	64504.0	0.0	328433	643	4006935	13360562	80872	32193	0	0	0	0
0.09444444444444444	340	61944.0	0.0	314744	653	3235170	13360562	79304	32681	0	0	0	0
0.09583333333333334	345	58232.0	0.0	294952	661	2187555	13360562	78860	33164	0	0	0	0
0.09722222222222222	350	43256.0	0.0	215181	671	2153781	12993260	64052	33651	0	0	0	0
0.09861111111111111	355	49016.0	0.0	245582	680	2149332	12993260	66152	34137	0	0	0	0
0.1	360	49400.0	0.0	247452	690	2149332	12993260	66700	34625	0	0	0	0
# gate elapsed=360s collections=690 monitor_blocks=271 stw_waits=1 stw_wait_max_ns=1616498
0.10138888888888889	365	42104.0	0.0	208854	700	2746810	12993260	59524	35111	0	0	0	0
0.10277777777777777	370	38392.0	0.0	188962	710	2197503	12993260	55724	35599	0	0	0	0
0.10416666666666667	375	35832.0	0.0	174992	720	2987603	12993260	53436	36086	0	0	0	0
0.10555555555555556	380	34040.0	0.0	165605	730	3618903	8366656	51664	36571	0	0	0	0
0.10694444444444444	385	29432.0	0.0	140908	740	3618903	8366656	46884	37058	0	0	0	0
0.10833333333333334	390	23544.0	0.0	109513	750	3457459	10136813	40752	37546	0	0	0	0
0.10972222222222222	395	21880.0	0.0	100125	760	2987603	14848197	39352	38034	0	0	0	0
0.1111111111111111	400	17144.0	0.0	74648	770	2938030	14848197	34500	38522	0	0	0	0
0.1125	405	12664.0	0.0	50653	780	2762058	19834558	29972	39011	0	0	0	0
0.11388888888888889	410	9208.0	0.0	32066	790	2762058	19834558	27920	39497	0	0	0	0
0.11527777777777778	415	69112.0	53195.15625	68311	798	2680864	26027955	90516	39957	0	0	0	0
0.11666666666666667	420	68984.0	53258.203125	67169	808	2528297	26027955	85652	40445	0	0	0	0
# gate elapsed=420s collections=808 monitor_blocks=317 stw_waits=1 stw_wait_max_ns=1616498
0.11805555555555555	425	69112.0	57439.0625	45528	818	2459177	26027955	89268	40932	0	0	0	0
0.11944444444444445	430	68856.0	61432.671875	23407	828	2137520	26027955	85336	41425	0	0	0	0
0.12083333333333333	435	69112.0	64849.515625	5883	838	2103386	26027955	85092	41916	0	0	0	0
0.12222222222222222	440	67832.0	0.0	346042	847	2003207	26027955	83160	42326	0	0	0	0
0.12361111111111112	445	63864.0	0.0	324797	857	1970325	13818754	80684	42816	0	0	0	0
0.125	450	59640.0	0.0	302784	867	1970325	13818754	76596	43307	0	0	0	0
0.12638888888888888	455	55416.0	0.0	279979	877	2005812	9839141	73440	43795	0	0	0	0
0.12777777777777777	460	53368.0	0.0	268967	887	1988009	9839141	70932	44283	0	0	0	0
0.12916666666666668	465	49528.0	0.0	248102	897	1994080	9839141	66656	44774	0	0	0	0
0.13055555555555556	470	46840.0	0.0	233676	907	1994080	9839141	64192	45266	0	0	0	0
0.13194444444444445	475	39800.0	0.0	196643	917	1994080	9839141	56544	45754	0	0	0	0
0.13333333333333333	480	33784.0	0.0	164306	927	2005271	9839141	53120	46240	0	0	0	0
# gate elapsed=480s collections=927 monitor_blocks=350 stw_waits=1 stw_wait_max_ns=1616498
0.13472222222222222	485	29048.0	0.0	138496	937	2005271	11978034	46416	46727	0	0	0	0
0.1361111111111111	490	29944.0	0.0	143259	946	2037832	11978034	47748	47211	0	0	0	0
0.1375	495	26872.0	0.0	126955	956	2229374	11978034	44820	47696	0	0	0	0
0.1388888888888889	500	23032.0	0.0	106324	966	2427407	11978034	41052	48183	0	0	0	0
0.14027777777777778	505	19064.0	0.0	85214	976	2565046	11978034	36240	48672	0	0	0	0
0.14166666666666666	510	15096.0	0.0	64061	985	2965210	15901451	33032	49156	0	0	0	0
0.14305555555555555	515	12152.0	0.0	48176	995	2565046	15901451	29312	49646	0	0	0	0
0.14444444444444443	520	8056.0	0.0	25896	1005	2565046	15901451	23796	50136	0	0	0	0
0.14583333333333334	525	4728.0	908.71875	4739	1015	4434902	15901451	22008	50623	0	0	0	0
0.14722222222222223	530	68984.0	62993.625	15841	1024	4434902	15901451	89848	51102	0	0	0	0
0.1486111111111111	535	69112.0	61262.015625	25546	1032	4086044	15901451	89912	51574	0	0	0	0
0.15	540	60280.0	0.0	306282	1041	4735157	15901451	77720	51977	0	0	0	0
# gate elapsed=540s collections=1041 monitor_blocks=392 stw_waits=1 stw_wait_max_ns=1616498
0.15138888888888888	545	58232.0	0.0	295319	1050	4817663	10251237	79160	52459	0	0	0	0
0.1527777777777778	550	66808.0	0.0	341127	1059	4817663	17296149	82684	52943	0	0	0	0
0.15416666666666667	555	54648.0	0.0	276323	1069	4571910	17296149	74232	53432	0	0	0	0
0.15555555555555556	560	46328.0	0.0	231407	1079	3141884	17296149	63728	53919	0	0	0	0
0.15694444444444444	565	48248.0	0.0	241538	1089	2900919	17296149	64148	54406	0	0	0	0
0.15833333333333333	570	46456.0	0.0	232157	1099	2804517	17296149	63704	54895	0	0	0	0
0.1597222222222222	575	41080.0	0.0	202856	1109	2900919	17296149	58336	55383	0	0	0	0
0.16111111111111112	580	38776.0	0.0	190920	1119	3085828	14185835	54244	55873	0	0	0	0
0.1625	585	29304.0	0.0	140012	1129	3236131	15746227	47988	56360	0	0	0	0
0.1638888888888889	590	29304.0	0.0	139883	1139	3444564	15746227	47912	56845	0	0	0	0
0.16527777777777777	595	22392.0	0.0	102865	1148	3236131	15746227	42996	57331	0	0	0	0
0.16666666666666666	600	21624.0	0.0	98605	1157	3236131	15746227	40564	57811	0	0	0	0
# gate elapsed=600s collections=1157 monitor_blocks=446 stw_waits=1 stw_wait_max_ns=1616498
0.16805555555555557	605	9768.0	0.0	35343	1162	4767368	33765248	33020	58255	0	0	0	0
0.16944444444444445	610	6312.0	0.0	16746	1167	5352952	33765248	27676	58715	0	0	0	0
0.17083333333333334	615	55336.0	0.0	280136	1171	5502634	33765248	76840	59085	0	0	0	0
0.17222222222222222	620	69032.0	62331.421875	19395	1179	5397836	33765248	90460	59643	0	0	0	0
0.1736111111111111	625	69032.0	60015.6875	31641	1189	5352952	33765248	86568	60121	0	0	0	0
0.175	630	66216.0	0.0	337965	1198	5397836	33765248	83640	60529	0	0	0	0
0.1763888888888889	635	62888.0	0.0	319926	1208	5308859	33765248	79584	61017	0	0	0	0
0.17777777777777778	640	62632.0	0.0	318010	1218	5097870	33765248	79040	61504	0	0	0	0
0.17916666666666667	645	55208.0	0.0	278878	1228	4495245	13049391	75332	61987	0	0	0	0
0.18055555555555555	650	50600.0	0.0	253855	1237	3146131	17710489	71392	62469	0	0	0	0
0.18194444444444444	655	48424.0	0.0	242504	1247	3193661	17710489	65812	62957	0	0	0	0
0.18333333333333332	660	43304.0	0.0	214734	1257	3193661	17710489	60748	63441	0	0	0	0
# gate elapsed=660s collections=1257 monitor_blocks=498 stw_waits=2 stw_wait_max_ns=1616498
0.18472222222222223	665	41000.0	0.0	202112	1267	4516495	17710489	60152	63929	0	0	0	0
0.18611111111111112	670	36520.0	0.0	178575	1277	3249546	17710489	57300	64417	0	0	0	0
0.1875	675	34728.0	0.0	168936	1287	4516495	17710489	52224	64904	0	0	0	0
0.18888888888888888	680	25128.0	0.0	117893	1296	3193661	12081898	45072	65384	0	0	0	0
0.19027777777777777	685	25640.0	0.0	120278	1306	2888566	12081898	40748	65874	0	0	0	0
0.19166666666666668	690	23592.0	0.0	109436	1316	2664433	12081898	40796	66360	0	0	0	0
0.19305555555555556	695	16936.0	0.0	73786	1326	2955271	12081898	34464	66849	0	0	0	0
0.19444444444444445	700	12712.0	0.0	50705	1336	2664433	11784456	31100	67335	0	0	0	0
0.19583333333333333	705	11048.0	0.0	41606	1346	2510964	11784456	29740	67824	0	0	0	0
0.19722222222222222	710	6952.0	0.0	20198	1356	2510964	17476437	27128	68312	0	0	0	0
0.1986111111111111	715	4648.0	1061.421875	2815	1366	2559576	17476437	22260	68801	0	0	0	0
0.2	720	69160.0	51182.046875	79047	1375	2440541	17476437	86192	69272	0	0	0	0
# gate elapsed=720s collections=1375 monitor_blocks=543 stw_waits=2 stw_wait_max_ns=1616498
0.2013888888888889	725	68904.0	57283.6875	45604	1385	2300507	17476437	86084	69765	0	0	0	0
0.20277777777777778	730	69160.0	59939.015625	32173	1395	2194076	17476437	86704	70256	0	0	0	0
0.20416666666666666	735	69160.0	63212.8125	14646	1405	2058948	17476437	86680	70746	0	0	0	0
0.20555555555555555	740	54184.0	0.0	273324	1414	2071292	7629495	72368	71154	0	0	0	0
0.20694444444444443	745	51240.0	0.0	257721	1423	2192539	10773522	72128	71638	0	0	0	0
0.20833333333333334	750	60328.0	0.0	305602	1433	2058948	10773522	77252	72123	0	0	0	0
0.20972222222222223	755	52520.0	0.0	264195	1443	2071292	10773522	70740	72612	0	0	0	0
0.2111111111111111	760	49960.0	0.0	250206	1453	2105947	10773522	67400	73097	0	0	0	0
0.2125	765	48040.0	0.0	240395	1463	2232775	10773522	65520	73587	0	0	0	0
0.21388888888888888	770	40744.0	0.0	201253	1472	2740247	10773522	60684	74070	0	0	0	0
0.2152777777777778	775	35496.0	0.0	172969	1482	2444613	10590724	51952	74560	0	0	0	0
0.21666666666666667	780	32680.0	0.0	157735	1492	2444613	10590724	49944	75047	0	0	0	0
# gate elapsed=780s collections=1492 monitor_blocks=588 stw_waits=2 stw_wait_max_ns=1616498
0.21805555555555556	785	27944.0	0.0	132601	1500	3165254	12396053	45444	75526	0	0	0	0
0.21944444444444444	790	25512.0	0.0	119217	1510	3165254	12396053	42900	76015	0	0	0	0
0.22083333333333333	795	21672.0	0.0	99128	1520	3111733	12396053	38572	76503	0	0	0	0
0.2222222222222222	800	19496.0	0.0	87230	1530	3111733	12396053	36808	76992	0	0	0	0
0.22361111111111112	805	15016.0	0.0	63002	1540	4029184	12396053	31904	77479	0	0	0	0
0.225	810	11688.0	0.0	45504	1550	2560040	12396053	27764	77969	0	0	0	0
0.2263888888888889	815	8104.0	0.0	25890	1560	2560040	12396053	25524	78456	0	0	0	0
0.22777777777777777	820	5160.0	1629.546875	3065	1570	2164469	10537764	22660	78943	0	0	0	0
0.22916666666666666	825	66216.0	0.0	338064	1577	2560040	13911632	83708	79327	0	0	0	0
0.23055555555555557	830	68904.0	60079.109375	30662	1587	4748555	13911632	89268	79891	0	0	0	0
0.23194444444444445	835	69160.0	63119.75	15145	1597	4909958	19183834	86444	80379	0	0	0	0
0.23333333333333334	840	62888.0	0.0	319747	1606	3117157	19183834	79360	80789	0	0	0	0
# gate elapsed=840s collections=1606 monitor_blocks=641 stw_waits=2 stw_wait_max_ns=1616498
# result: PASS
end=Time::Instant(@seconds=707044, @nanoseconds=143206337)
end_rss=21232kB
allocs=807560 collects=831 fibers=8320 churn=333655040 finalizable=80866 weakref=8320
monitor_gate=true monitor_blocks=647 stw_waits=2 stw_wait_max_ns=1616498
