=== Session /home/uchiha/playground/gcry/bench/log/linux/2026-08-02-152806 (COUNT=1 GC=boehm gcry) ===
=== Build mode: release (--release) ===
=== Build kemal binaries (release, GC=boehm gcry) ===
  crystal build flags: --release
I: Resolving dependencies
I: Fetching https://github.com/kemalcr/kemal.git
I: Fetching https://github.com/luislavena/radix.git
I: Fetching https://github.com/crystal-loot/exception_page.git
I: Fetching https://github.com/sija/backtracer.cr.git
W: Shard "gcry" version (0.17.0) doesn't match tag version (0.1.0)
I: Using radix (0.4.1)
I: Using backtracer (1.2.4)
I: Using exception_page (0.5.0)
I: Using kemal (1.12.0)
I: Using gcry (0.1.0 at ../..)
  kemal-gcry   kemal-boehm (cached)

══════════════════════════════════════════════
  RUN 1/1  →  /home/uchiha/playground/gcry/bench/log/linux/2026-08-02-152806/run-01
══════════════════════════════════════════════
  metadata.yaml written (/home/uchiha/playground/gcry/bench/log/linux/2026-08-02-152806/run-01)

╔══════════════════════════════════════════════╗
║  Kemal median-of-3  (run 1/1)  ║
╚══════════════════════════════════════════════╝
  kemal run=1 trial=1 path=/ tag=boehm ... 85078.09 req/s
  kemal run=1 trial=1 path=/ tag=gcry ... 70011.78 req/s
  kemal run=1 trial=1 path=/json tag=boehm ... 37965.74 req/s
  kemal run=1 trial=1 path=/json tag=gcry ... 30919.58 req/s
  kemal run=1 trial=2 path=/ tag=boehm ... 84526.79 req/s
  kemal run=1 trial=2 path=/ tag=gcry ... 68482.93 req/s
  kemal run=1 trial=2 path=/json tag=boehm ... 39394.43 req/s
  kemal run=1 trial=2 path=/json tag=gcry ... 32888.78 req/s
  kemal run=1 trial=3 path=/ tag=boehm ... 89494.22 req/s
  kemal run=1 trial=3 path=/ tag=gcry ... 72197.14 req/s
  kemal run=1 trial=3 path=/json tag=boehm ... 38529.71 req/s
  kemal run=1 trial=3 path=/json tag=gcry ... 34127.55 req/s
Wrote /home/uchiha/playground/gcry/bench/log/linux/2026-08-02-152806/run-01/kemal-summary.md
Kemal median-of-3

| Path | Boehm req/s (med) | gcry req/s (med) | % Boehm | Boehm RSS (KiB) | gcry RSS (KiB) | RSS × |
|------|------------------:|-----------------:|-------:|----------------:|---------------:|------:|
| `/` | 85,078 | 70,012 | **82.3%** | 15,740 | 13,120 | **0.83×** |
| `/json` | 38,530 | 32,889 | **85.4%** | 16,748 | 12,740 | **0.76×** |


╔══════════════════════════════════════════════╗
║              ALL DONE                        ║
╚══════════════════════════════════════════════╝
  Build: release (--release)
  GC: boehm gcry
  COUNT: 1
  Session: /home/uchiha/playground/gcry/bench/log/linux/2026-08-02-152806/
total 4.0K
drwxr-xr-x 2 uchiha uchiha 4.0K Aug  2 18:35 run-01
  --- run-01 ---
total 36K
-rw-r--r-- 1 uchiha uchiha 2.2K Aug  2 18:30 kemal-gcry-gcstats-_-t1.json
-rw-r--r-- 1 uchiha uchiha 2.2K Aug  2 18:32 kemal-gcry-gcstats-_-t2.json
-rw-r--r-- 1 uchiha uchiha 2.2K Aug  2 18:34 kemal-gcry-gcstats-_-t3.json
-rw-r--r-- 1 uchiha uchiha 2.2K Aug  2 18:31 kemal-gcry-gcstats-_json-t1.json
-rw-r--r-- 1 uchiha uchiha 2.2K Aug  2 18:33 kemal-gcry-gcstats-_json-t2.json
-rw-r--r-- 1 uchiha uchiha 2.2K Aug  2 18:35 kemal-gcry-gcstats-_json-t3.json
-rw-r--r-- 1 uchiha uchiha  345 Aug  2 18:35 kemal-median.tsv
-rw-r--r-- 1 uchiha uchiha  364 Aug  2 18:35 kemal-summary.md
-rw-r--r-- 1 uchiha uchiha  624 Aug  2 18:29 metadata.yaml
