=== Session /home/uchiha/playground/gcry/bench/log/linux/2026-08-02-122030 (COUNT=1 GC=boehm gcry) ===
=== Build mode: release (--release) ===
=== GCRY_FLAGS: GCRY_EMPTY_CHUNK_RETAIN=33554432 ===
=== Build kemal binaries (release, GC=boehm gcry) ===
  crystal build flags: --release
I: Resolving dependencies
I: Fetching https://github.com/kemalcr/kemal.git
I: Fetching https://github.com/luislavena/radix.git
I: Fetching https://github.com/crystal-loot/exception_page.git
I: Fetching https://github.com/sija/backtracer.cr.git
W: Shard "gcry" version (0.17.0) doesn't match tag version (0.1.0)
I: Using radix (0.4.1)
I: Using backtracer (1.2.4)
I: Using exception_page (0.5.0)
I: Using kemal (1.12.0)
I: Using gcry (0.1.0 at ../..)
  kemal-gcry   kemal-boehm (cached)

══════════════════════════════════════════════
  RUN 1/1  →  /home/uchiha/playground/gcry/bench/log/linux/2026-08-02-122030/run-01
══════════════════════════════════════════════
  metadata.yaml written (/home/uchiha/playground/gcry/bench/log/linux/2026-08-02-122030/run-01)

╔══════════════════════════════════════════════╗
║  Kemal median-of-3  (run 1/1)  ║
╚══════════════════════════════════════════════╝
  kemal run=1 trial=1 path=/ tag=boehm ... 84257.69 req/s
  kemal run=1 trial=1 path=/ tag=gcry ... 72654.75 req/s
  kemal run=1 trial=1 path=/json tag=boehm ... 38877.65 req/s
  kemal run=1 trial=1 path=/json tag=gcry ... 30659.01 req/s
  kemal run=1 trial=2 path=/ tag=boehm ... 84963.35 req/s
  kemal run=1 trial=2 path=/ tag=gcry ... 71001.82 req/s
  kemal run=1 trial=2 path=/json tag=boehm ... 39387.38 req/s
  kemal run=1 trial=2 path=/json tag=gcry ... 34060.91 req/s
  kemal run=1 trial=3 path=/ tag=boehm ... 89239.26 req/s
  kemal run=1 trial=3 path=/ tag=gcry ... 68079.31 req/s
  kemal run=1 trial=3 path=/json tag=boehm ... 38904.81 req/s
  kemal run=1 trial=3 path=/json tag=gcry ... 31856.32 req/s
Wrote /home/uchiha/playground/gcry/bench/log/linux/2026-08-02-122030/run-01/kemal-summary.md
Kemal median-of-3

| Path | Boehm req/s (med) | gcry req/s (med) | % Boehm | Boehm RSS (KiB) | gcry RSS (KiB) | RSS × |
|------|------------------:|-----------------:|-------:|----------------:|---------------:|------:|
| `/` | 84,963 | 71,002 | **83.6%** | 16,648 | 13,752 | **0.83×** |
| `/json` | 38,905 | 31,856 | **81.9%** | 15,736 | 13,772 | **0.88×** |


╔══════════════════════════════════════════════╗
║              ALL DONE                        ║
╚══════════════════════════════════════════════╝
  Build: release (--release)
  GC: boehm gcry
  GCRY_FLAGS: GCRY_EMPTY_CHUNK_RETAIN=33554432
  COUNT: 1
  Session: /home/uchiha/playground/gcry/bench/log/linux/2026-08-02-122030/
total 4.0K
drwxr-xr-x 2 uchiha uchiha 4.0K Aug  2 15:26 run-01
  --- run-01 ---
total 36K
-rw-r--r-- 1 uchiha uchiha 2.2K Aug  2 15:21 kemal-gcry-gcstats-_-t1.json
-rw-r--r-- 1 uchiha uchiha 2.2K Aug  2 15:23 kemal-gcry-gcstats-_-t2.json
-rw-r--r-- 1 uchiha uchiha 2.2K Aug  2 15:25 kemal-gcry-gcstats-_-t3.json
-rw-r--r-- 1 uchiha uchiha 2.3K Aug  2 15:22 kemal-gcry-gcstats-_json-t1.json
-rw-r--r-- 1 uchiha uchiha 2.2K Aug  2 15:24 kemal-gcry-gcstats-_json-t2.json
-rw-r--r-- 1 uchiha uchiha 2.2K Aug  2 15:26 kemal-gcry-gcstats-_json-t3.json
-rw-r--r-- 1 uchiha uchiha  345 Aug  2 15:26 kemal-median.tsv
-rw-r--r-- 1 uchiha uchiha  364 Aug  2 15:26 kemal-summary.md
-rw-r--r-- 1 uchiha uchiha  656 Aug  2 15:20 metadata.yaml
