INF 2026-08-23T09:16:07.553Z > Connecting to postgres://REDACTED:REDACTED@localhost/acikturkiye_demo?sslmode=disable
| event = db_connect
INF 2026-08-23T09:16:07.556Z > [demo] Açık Türkiye is ready to lead at http://127.0.0.1:3000
INF 2026-08-23T09:16:08.558Z > 200 GET /gc-collect 648.95µs
INF 2026-08-23T09:16:08.634Z > 200 GET /api/v1/ 37.58ms
INF 2026-08-23T09:16:08.644Z > 200 GET /api/v1/ 43.01ms
INF 2026-08-23T09:16:08.647Z > 200 GET /api/v1/ 48.95ms
INF 2026-08-23T09:16:08.660Z > 200 GET /api/v1/ 56.83ms
INF 2026-08-23T09:16:08.661Z > 200 GET /api/v1/ 57.53ms
INF 2026-08-23T09:16:08.663Z > 200 GET /api/v1/ 65.04ms
INF 2026-08-23T09:16:08.665Z > 200 GET /api/v1/ 66.75ms
INF 2026-08-23T09:16:08.666Z > 200 GET /api/v1/ 64.08ms
INF 2026-08-23T09:16:08.670Z > 200 GET /api/v1/ 67.4ms
INF 2026-08-23T09:16:08.670Z > 200 GET /api/v1/ 71.03ms
INF 2026-08-23T09:16:08.671Z > 200 GET /api/v1/ 68.08ms
INF 2026-08-23T09:16:08.671Z > 200 GET /api/v1/ 68.7ms
INF 2026-08-23T09:16:08.671Z > 200 GET /api/v1/ 74.66ms
INF 2026-08-23T09:16:08.672Z > 200 GET /api/v1/ 74.56ms
INF 2026-08-23T09:16:08.686Z > 200 GET /api/v1/ 86.27ms
INF 2026-08-23T09:16:08.687Z > 200 GET /api/v1/ 85.01ms
INF 2026-08-23T09:16:08.687Z > 200 GET /api/v1/ 89.38ms
INF 2026-08-23T09:16:08.689Z > 200 GET /api/v1/ 91.44ms
INF 2026-08-23T09:16:08.690Z > 200 GET /api/v1/ 85.95ms
INF 2026-08-23T09:16:08.690Z > 200 GET /api/v1/ 91.3ms
INF 2026-08-23T09:16:08.691Z > 200 GET /api/v1/ 93.39ms
INF 2026-08-23T09:16:08.691Z > 200 GET /api/v1/ 87.35ms
INF 2026-08-23T09:16:08.691Z > 200 GET /api/v1/ 90.15ms
INF 2026-08-23T09:16:08.692Z > 200 GET /api/v1/ 88.61ms
INF 2026-08-23T09:16:08.692Z > 200 GET /api/v1/ 94.26ms
INF 2026-08-23T09:16:08.692Z > 200 GET /api/v1/ 91.12ms
INF 2026-08-23T09:16:08.693Z > 200 GET /api/v1/ 96.73ms
INF 2026-08-23T09:16:08.694Z > 200 GET /api/v1/ 97.42ms
INF 2026-08-23T09:16:08.696Z > 200 GET /api/v1/ 91.81ms
INF 2026-08-23T09:16:08.697Z > 200 GET /api/v1/ 99.83ms
INF 2026-08-23T09:16:08.697Z > 200 GET /api/v1/ 93.08ms
INF 2026-08-23T09:16:08.723Z > 200 GET /api/v1/ 117.09ms
INF 2026-08-23T09:16:08.725Z > 200 GET /api/v1/ 127.78ms
INF 2026-08-23T09:16:08.725Z > 200 GET /api/v1/ 126.91ms
INF 2026-08-23T09:16:08.726Z > 200 GET /api/v1/ 120.87ms
INF 2026-08-23T09:16:08.726Z > 200 GET /api/v1/ 122.0ms
INF 2026-08-23T09:16:08.727Z > 200 GET /api/v1/ 122.37ms
INF 2026-08-23T09:16:08.728Z > 200 GET /api/v1/ 130.46ms
INF 2026-08-23T09:16:08.729Z > 200 GET /api/v1/ 130.42ms
INF 2026-08-23T09:16:08.730Z > 200 GET /api/v1/ 131.59ms
INF 2026-08-23T09:16:08.730Z > 200 GET /api/v1/ 129.26ms
INF 2026-08-23T09:16:08.730Z > 200 GET /api/v1/ 125.64ms
INF 2026-08-23T09:16:08.731Z > 200 GET /api/v1/ 132.15ms
INF 2026-08-23T09:16:08.732Z > 200 GET /api/v1/ 134.82ms
INF 2026-08-23T09:16:08.732Z > 200 GET /api/v1/ 135.53ms
INF 2026-08-23T09:16:08.733Z > 200 GET /api/v1/ 134.31ms
INF 2026-08-23T09:16:08.735Z > 200 GET /api/v1/ 136.96ms
INF 2026-08-23T09:16:08.736Z > 200 GET /api/v1/ 138.15ms
INF 2026-08-23T09:16:08.736Z > 200 GET /api/v1/ 138.38ms
INF 2026-08-23T09:16:08.737Z > 200 GET /api/v1/ 137.56ms
INF 2026-08-23T09:16:08.737Z > 200 GET /api/v1/ 135.41ms
INF 2026-08-23T09:16:08.738Z > 200 GET /api/v1/ 135.18ms
INF 2026-08-23T09:16:08.738Z > 200 GET /api/v1/ 141.32ms
INF 2026-08-23T09:16:08.739Z > 200 GET /api/v1/ 137.48ms
INF 2026-08-23T09:16:08.739Z > 200 GET /api/v1/ 135.3ms
INF 2026-08-23T09:16:08.742Z > 200 GET /api/v1/ 141.33ms
INF 2026-08-23T09:16:08.742Z > 200 GET /api/v1/ 141.38ms
INF 2026-08-23T09:16:08.746Z > 200 GET /api/v1/ 136.66ms
INF 2026-08-23T09:16:08.747Z > 200 GET /api/v1/ 140.83ms
INF 2026-08-23T09:16:08.748Z > 200 GET /api/v1/ 140.82ms
INF 2026-08-23T09:16:08.750Z > 200 GET /api/v1/ 142.67ms
INF 2026-08-23T09:16:08.750Z > 200 GET /api/v1/ 143.73ms
INF 2026-08-23T09:16:08.751Z > 200 GET /api/v1/ 145.67ms
INF 2026-08-23T09:16:08.752Z > 200 GET /api/v1/ 146.29ms
INF 2026-08-23T09:16:08.752Z > 200 GET /api/v1/ 147.34ms
INF 2026-08-23T09:16:08.753Z > 200 GET /api/v1/ 146.05ms
INF 2026-08-23T09:16:08.756Z > 200 GET /api/v1/ 150.55ms
INF 2026-08-23T09:16:08.756Z > 200 GET /api/v1/ 154.4ms
INF 2026-08-23T09:16:08.757Z > 200 GET /api/v1/ 155.14ms
INF 2026-08-23T09:16:08.758Z > 200 GET /api/v1/ 160.99ms
INF 2026-08-23T09:16:08.758Z > 200 GET /api/v1/ 159.12ms
INF 2026-08-23T09:16:08.758Z > 200 GET /api/v1/ 161.0ms
INF 2026-08-23T09:16:08.759Z > 200 GET /api/v1/ 151.53ms
INF 2026-08-23T09:16:08.759Z > 200 GET /api/v1/ 151.3ms
INF 2026-08-23T09:16:08.760Z > 200 GET /api/v1/ 152.39ms
INF 2026-08-23T09:16:08.760Z > 200 GET /api/v1/ 152.81ms
INF 2026-08-23T09:16:08.761Z > 200 GET /api/v1/ 153.09ms
INF 2026-08-23T09:16:08.762Z > 200 GET /api/v1/ 154.02ms
INF 2026-08-23T09:16:08.763Z > 200 GET /api/v1/ 154.91ms
INF 2026-08-23T09:16:08.765Z > 200 GET /api/v1/ 156.23ms
INF 2026-08-23T09:16:08.765Z > 200 GET /api/v1/ 156.89ms
INF 2026-08-23T09:16:08.765Z > 200 GET /api/v1/ 157.02ms
INF 2026-08-23T09:16:08.766Z > 200 GET /api/v1/ 157.69ms
INF 2026-08-23T09:16:08.766Z > 200 GET /api/v1/ 157.97ms
INF 2026-08-23T09:16:08.768Z > 200 GET /api/v1/ 159.1ms
INF 2026-08-23T09:16:08.770Z > 200 GET /api/v1/ 160.97ms
INF 2026-08-23T09:16:08.770Z > 200 GET /api/v1/ 161.29ms
INF 2026-08-23T09:16:08.772Z > 200 GET /api/v1/ 163.18ms
INF 2026-08-23T09:16:08.774Z > 200 GET /api/v1/ 167.32ms
INF 2026-08-23T09:16:08.774Z > 200 GET /api/v1/ 167.9ms
INF 2026-08-23T09:16:08.777Z > 200 GET /api/v1/ 179.5ms
INF 2026-08-23T09:16:08.777Z > 200 GET /api/v1/ 178.71ms
INF 2026-08-23T09:16:08.778Z > 200 GET /api/v1/ 179.78ms
INF 2026-08-23T09:16:08.778Z > 200 GET /api/v1/ 168.71ms
INF 2026-08-23T09:16:08.781Z > 200 GET /api/v1/ 171.59ms
INF 2026-08-23T09:16:08.794Z > 200 GET /api/v1/ 186.61ms
INF 2026-08-23T09:16:08.802Z > 200 GET /api/v1/ 72.98ms
INF 2026-08-23T09:16:08.803Z > 200 GET /api/v1/ 132.28ms
INF 2026-08-23T09:16:08.804Z > 200 GET /api/v1/ 195.14ms
INF 2026-08-23T09:16:08.806Z > 200 GET /api/v1/ 197.44ms
INF 2026-08-23T09:16:08.811Z > 200 GET /api/v1/ 76.72ms
INF 2026-08-23T09:16:08.812Z > 200 GET /api/v1/ 149.62ms
INF 2026-08-23T09:16:08.816Z > 200 GET /api/v1/ 157.49ms
INF 2026-08-23T09:16:08.817Z > 200 GET /api/v1/ 67.79ms
INF 2026-08-23T09:16:08.820Z > 200 GET /api/v1/ 97.22ms
INF 2026-08-23T09:16:08.823Z > 200 GET /api/v1/ 171.29ms
INF 2026-08-23T09:16:08.824Z > 200 GET /api/v1/ 70.36ms
INF 2026-08-23T09:16:08.824Z > 200 GET /api/v1/ 151.62ms
INF 2026-08-23T09:16:08.826Z > 200 GET /api/v1/ 75.58ms
INF 2026-08-23T09:16:08.828Z > 200 GET /api/v1/ 147.17ms
INF 2026-08-23T09:16:08.852Z > 200 GET /api/v1/ 104.37ms
INF 2026-08-23T09:16:08.853Z > 200 GET /api/v1/ 183.64ms
INF 2026-08-23T09:16:08.855Z > 200 GET /api/v1/ 186.53ms
INF 2026-08-23T09:16:08.856Z > 200 GET /api/v1/ 246.95ms
INF 2026-08-23T09:16:08.857Z > 200 GET /api/v1/ 247.37ms
INF 2026-08-23T09:16:08.858Z > 200 GET /api/v1/ 123.49ms
INF 2026-08-23T09:16:08.859Z > 200 GET /api/v1/ 123.72ms
INF 2026-08-23T09:16:08.860Z > 200 GET /api/v1/ 125.74ms
INF 2026-08-23T09:16:08.860Z > 200 GET /api/v1/ 88.61ms
INF 2026-08-23T09:16:08.861Z > 200 GET /api/v1/ 126.89ms
INF 2026-08-23T09:16:08.861Z > 200 GET /api/v1/ 128.46ms
INF 2026-08-23T09:16:08.863Z > 200 GET /api/v1/ 134.23ms
INF 2026-08-23T09:16:08.863Z > 200 GET /api/v1/ 135.34ms
INF 2026-08-23T09:16:08.864Z > 200 GET /api/v1/ 97.4ms
INF 2026-08-23T09:16:08.864Z > 200 GET /api/v1/ 138.1ms
INF 2026-08-23T09:16:08.864Z > 200 GET /api/v1/ 98.95ms
INF 2026-08-23T09:16:08.865Z > 200 GET /api/v1/ 100.21ms
INF 2026-08-23T09:16:08.867Z > 200 GET /api/v1/ 143.65ms
INF 2026-08-23T09:16:08.867Z > 200 GET /api/v1/ 103.67ms
INF 2026-08-23T09:16:08.867Z > 200 GET /api/v1/ 143.24ms
INF 2026-08-23T09:16:08.868Z > 200 GET /api/v1/ 143.87ms
INF 2026-08-23T09:16:08.868Z > 200 GET /api/v1/ 145.87ms
INF 2026-08-23T09:16:08.868Z > 200 GET /api/v1/ 170.81ms
INF 2026-08-23T09:16:08.869Z > 200 GET /api/v1/ 170.56ms
INF 2026-08-23T09:16:08.869Z > 200 GET /api/v1/ 145.7ms
INF 2026-08-23T09:16:08.870Z > 200 GET /api/v1/ 148.61ms
INF 2026-08-23T09:16:08.871Z > 200 GET /api/v1/ 175.93ms
INF 2026-08-23T09:16:08.873Z > 200 GET /api/v1/ 121.34ms
INF 2026-08-23T09:16:08.874Z > 200 GET /api/v1/ 122.02ms
INF 2026-08-23T09:16:08.875Z > 200 GET /api/v1/ 123.78ms
INF 2026-08-23T09:16:08.875Z > 200 GET /api/v1/ 126.96ms
INF 2026-08-23T09:16:08.876Z > 200 GET /api/v1/ 126.44ms
INF 2026-08-23T09:16:08.876Z > 200 GET /api/v1/ 127.41ms
INF 2026-08-23T09:16:08.877Z > 200 GET /api/v1/ 128.9ms
INF 2026-08-23T09:16:08.877Z > 200 GET /api/v1/ 128.69ms
INF 2026-08-23T09:16:08.878Z > 200 GET /api/v1/ 132.11ms
INF 2026-08-23T09:16:08.878Z > 200 GET /api/v1/ 131.85ms
INF 2026-08-23T09:16:08.879Z > 200 GET /api/v1/ 131.83ms
INF 2026-08-23T09:16:08.880Z > 200 GET /api/v1/ 135.67ms
INF 2026-08-23T09:16:08.881Z > 200 GET /api/v1/ 136.5ms
INF 2026-08-23T09:16:08.881Z > 200 GET /api/v1/ 138.67ms
INF 2026-08-23T09:16:08.882Z > 200 GET /api/v1/ 139.2ms
INF 2026-08-23T09:16:08.882Z > 200 GET /api/v1/ 139.15ms
INF 2026-08-23T09:16:08.883Z > 200 GET /api/v1/ 141.06ms
INF 2026-08-23T09:16:08.884Z > 200 GET /api/v1/ 140.44ms
INF 2026-08-23T09:16:08.886Z > 200 GET /api/v1/ 108.81ms
INF 2026-08-23T09:16:08.887Z > 200 GET /api/v1/ 118.34ms
INF 2026-08-23T09:16:08.887Z > 200 GET /api/v1/ 118.02ms
INF 2026-08-23T09:16:08.888Z > 200 GET /api/v1/ 124.56ms
INF 2026-08-23T09:16:08.889Z > 200 GET /api/v1/ 126.9ms
INF 2026-08-23T09:16:08.890Z > 200 GET /api/v1/ 135.36ms
INF 2026-08-23T09:16:08.890Z > 200 GET /api/v1/ 135.08ms
INF 2026-08-23T09:16:08.890Z > 200 GET /api/v1/ 133.66ms
INF 2026-08-23T09:16:08.892Z > 200 GET /api/v1/ 103.13ms
INF 2026-08-23T09:16:08.892Z > 200 GET /api/v1/ 104.5ms
INF 2026-08-23T09:16:08.892Z > 200 GET /api/v1/ 104.3ms
INF 2026-08-23T09:16:08.892Z > 200 GET /api/v1/ 105.57ms
INF 2026-08-23T09:16:08.893Z > 200 GET /api/v1/ 108.09ms
INF 2026-08-23T09:16:08.893Z > 200 GET /api/v1/ 110.43ms
INF 2026-08-23T09:16:08.894Z > 200 GET /api/v1/ 107.38ms
INF 2026-08-23T09:16:08.894Z > 200 GET /api/v1/ 110.58ms
INF 2026-08-23T09:16:08.895Z > 200 GET /api/v1/ 112.42ms
INF 2026-08-23T09:16:08.895Z > 200 GET /api/v1/ 116.18ms
INF 2026-08-23T09:16:08.896Z > 200 GET /api/v1/ 115.96ms
INF 2026-08-23T09:16:08.896Z > 200 GET /api/v1/ 155.3ms
INF 2026-08-23T09:16:08.897Z > 200 GET /api/v1/ 156.73ms
INF 2026-08-23T09:16:08.897Z > 200 GET /api/v1/ 121.94ms
INF 2026-08-23T09:16:08.897Z > 200 GET /api/v1/ 122.9ms
INF 2026-08-23T09:16:08.899Z > 200 GET /api/v1/ 91.06ms
INF 2026-08-23T09:16:08.902Z > 200 GET /api/v1/ 109.42ms
INF 2026-08-23T09:16:08.902Z > 200 GET /api/v1/ 144.1ms
INF 2026-08-23T09:16:08.902Z > 200 GET /api/v1/ 110.36ms
INF 2026-08-23T09:16:08.903Z > 200 GET /api/v1/ 109.87ms
INF 2026-08-23T09:16:08.903Z > 200 GET /api/v1/ 111.32ms
INF 2026-08-23T09:16:08.903Z > 200 GET /api/v1/ 146.3ms
INF 2026-08-23T09:16:08.904Z > 200 GET /api/v1/ 110.94ms
INF 2026-08-23T09:16:08.904Z > 200 GET /api/v1/ 150.09ms
INF 2026-08-23T09:16:08.906Z > 200 GET /api/v1/ 41.1ms
INF 2026-08-23T09:16:08.906Z > 200 GET /api/v1/ 93.69ms
INF 2026-08-23T09:16:08.907Z > 200 GET /api/v1/ 42.6ms
INF 2026-08-23T09:16:08.907Z > 200 GET /api/v1/ 97.16ms
INF 2026-08-23T09:16:08.908Z > 200 GET /api/v1/ 100.21ms
INF 2026-08-23T09:16:08.912Z > 200 GET /api/v1/ 116.2ms
INF 2026-08-23T09:16:08.912Z > 200 GET /api/v1/ 117.36ms
INF 2026-08-23T09:16:08.912Z > 200 GET /api/v1/ 121.76ms
INF 2026-08-23T09:16:08.912Z > 200 GET /api/v1/ 121.1ms
INF 2026-08-23T09:16:08.912Z > 200 GET /api/v1/ 119.35ms
INF 2026-08-23T09:16:08.912Z > 200 GET /api/v1/ 118.53ms
INF 2026-08-23T09:16:08.917Z > 200 GET /api/v1/ 60.28ms
INF 2026-08-23T09:16:08.917Z > 200 GET /api/v1/ 112.67ms
INF 2026-08-23T09:16:08.920Z > 200 GET /api/v1/ 112.87ms
INF 2026-08-23T09:16:08.920Z > 200 GET /api/v1/ 40.52ms
INF 2026-08-23T09:16:08.921Z > 200 GET /api/v1/ 41.54ms
INF 2026-08-23T09:16:08.923Z > 200 GET /api/v1/ 45.68ms
INF 2026-08-23T09:16:08.923Z > 200 GET /api/v1/ 49.8ms
INF 2026-08-23T09:16:08.924Z > 200 GET /api/v1/ 45.16ms
INF 2026-08-23T09:16:08.924Z > 200 GET /api/v1/ 59.68ms
INF 2026-08-23T09:16:08.924Z > 200 GET /api/v1/ 62.17ms
INF 2026-08-23T09:16:08.930Z > 200 GET /api/v1/ 73.14ms
INF 2026-08-23T09:16:08.931Z > 200 GET /api/v1/ 47.3ms
INF 2026-08-23T09:16:08.932Z > 200 GET /api/v1/ 47.02ms
INF 2026-08-23T09:16:08.940Z > 200 GET /api/v1/ 67.23ms
INF 2026-08-23T09:16:08.943Z > 200 GET /api/v1/ 44.1ms
INF 2026-08-23T09:16:08.971Z > 200 GET /api/v1/ 66.1ms
INF 2026-08-23T09:16:08.972Z > 200 GET /api/v1/ 64.43ms
INF 2026-08-23T09:16:08.977Z > 200 GET /api/v1/ 76.39ms
INF 2026-08-23T09:16:08.981Z > 200 GET /api/v1/ 80.98ms
INF 2026-08-23T09:16:08.983Z > 200 GET /api/v1/ 59.88ms
INF 2026-08-23T09:16:08.984Z > 200 GET /api/v1/ 72.67ms
INF 2026-08-23T09:16:08.984Z > 200 GET /api/v1/ 73.81ms
INF 2026-08-23T09:16:08.984Z > 200 GET /api/v1/ 73.54ms
INF 2026-08-23T09:16:08.986Z > 200 GET /api/v1/ 76.6ms
INF 2026-08-23T09:16:08.986Z > 200 GET /api/v1/ 76.77ms
INF 2026-08-23T09:16:08.986Z > 200 GET /api/v1/ 77.5ms
INF 2026-08-23T09:16:08.989Z > 200 GET /api/v1/ 80.14ms
INF 2026-08-23T09:16:08.989Z > 200 GET /api/v1/ 81.71ms
INF 2026-08-23T09:16:08.993Z > 200 GET /api/v1/ 77.4ms
INF 2026-08-23T09:16:08.995Z > 200 GET /api/v1/ 79.06ms
INF 2026-08-23T09:16:08.997Z > 200 GET /api/v1/ 67.28ms
INF 2026-08-23T09:16:08.998Z > 200 GET /api/v1/ 83.59ms
INF 2026-08-23T09:16:09.003Z > 200 GET /api/v1/ 89.97ms
INF 2026-08-23T09:16:09.006Z > 200 GET /api/v1/ 93.62ms
INF 2026-08-23T09:16:09.008Z > 200 GET /api/v1/ 97.14ms
INF 2026-08-23T09:16:09.008Z > 200 GET /api/v1/ 97.06ms
INF 2026-08-23T09:16:09.011Z > 200 GET /api/v1/ 99.55ms
INF 2026-08-23T09:16:09.012Z > 200 GET /api/v1/ 93.83ms
INF 2026-08-23T09:16:09.013Z > 200 GET /api/v1/ 94.69ms
INF 2026-08-23T09:16:09.017Z > 200 GET /api/v1/ 98.88ms
INF 2026-08-23T09:16:09.017Z > 200 GET /api/v1/ 86.18ms
INF 2026-08-23T09:16:09.019Z > 200 GET /api/v1/ 115.04ms
INF 2026-08-23T09:16:09.020Z > 200 GET /api/v1/ 113.04ms
INF 2026-08-23T09:16:09.021Z > 200 GET /api/v1/ 114.95ms
INF 2026-08-23T09:16:09.021Z > 200 GET /api/v1/ 93.43ms
INF 2026-08-23T09:16:09.022Z > 200 GET /api/v1/ 91.31ms
INF 2026-08-23T09:16:09.022Z > 200 GET /api/v1/ 93.11ms
INF 2026-08-23T09:16:09.022Z > 200 GET /api/v1/ 92.25ms
INF 2026-08-23T09:16:09.023Z > 200 GET /api/v1/ 94.25ms
INF 2026-08-23T09:16:09.027Z > 200 GET /api/v1/ 88.79ms
INF 2026-08-23T09:16:09.027Z > 200 GET /api/v1/ 99.63ms
INF 2026-08-23T09:16:09.029Z > 200 GET /api/v1/ 103.94ms
INF 2026-08-23T09:16:09.031Z > 200 GET /api/v1/ 53.77ms
INF 2026-08-23T09:16:09.033Z > 200 GET /api/v1/ 93.94ms
INF 2026-08-23T09:16:09.033Z > 200 GET /api/v1/ 92.54ms
INF 2026-08-23T09:16:09.034Z > 200 GET /api/v1/ 93.28ms
INF 2026-08-23T09:16:09.034Z > 200 GET /api/v1/ 96.03ms
INF 2026-08-23T09:16:09.035Z > 200 GET /api/v1/ 96.84ms
INF 2026-08-23T09:16:09.036Z > 200 GET /api/v1/ 98.12ms
INF 2026-08-23T09:16:09.038Z > 200 GET /api/v1/ 101.73ms
INF 2026-08-23T09:16:09.038Z > 200 GET /api/v1/ 103.8ms
INF 2026-08-23T09:16:09.039Z > 200 GET /api/v1/ 102.64ms
INF 2026-08-23T09:16:09.039Z > 200 GET /api/v1/ 103.34ms
INF 2026-08-23T09:16:09.039Z > 200 GET /api/v1/ 102.37ms
INF 2026-08-23T09:16:09.040Z > 200 GET /api/v1/ 123.02ms
INF 2026-08-23T09:16:09.041Z > 200 GET /api/v1/ 106.07ms
INF 2026-08-23T09:16:09.042Z > 200 GET /api/v1/ 109.46ms
INF 2026-08-23T09:16:09.043Z > 200 GET /api/v1/ 127.07ms
INF 2026-08-23T09:16:09.043Z > 200 GET /api/v1/ 76.37ms
INF 2026-08-23T09:16:09.043Z > 200 GET /api/v1/ 78.37ms
INF 2026-08-23T09:16:09.044Z > 200 GET /api/v1/ 77.73ms
INF 2026-08-23T09:16:09.044Z > 200 GET /api/v1/ 79.38ms
INF 2026-08-23T09:16:09.044Z > 200 GET /api/v1/ 78.91ms
INF 2026-08-23T09:16:09.048Z > 200 GET /api/v1/ 120.83ms
INF 2026-08-23T09:16:09.049Z > 200 GET /api/v1/ 122.39ms
INF 2026-08-23T09:16:09.050Z > 200 GET /api/v1/ 72.12ms
INF 2026-08-23T09:16:09.050Z > 200 GET /api/v1/ 108.73ms
INF 2026-08-23T09:16:09.052Z > 200 GET /api/v1/ 72.59ms
INF 2026-08-23T09:16:09.052Z > 200 GET /api/v1/ 71.33ms
INF 2026-08-23T09:16:09.052Z > 200 GET /api/v1/ 75.17ms
INF 2026-08-23T09:16:09.053Z > 200 GET /api/v1/ 72.7ms
INF 2026-08-23T09:16:09.053Z > 200 GET /api/v1/ 71.86ms
INF 2026-08-23T09:16:09.054Z > 200 GET /api/v1/ 72.99ms
INF 2026-08-23T09:16:09.054Z > 200 GET /api/v1/ 73.64ms
INF 2026-08-23T09:16:09.054Z > 200 GET /api/v1/ 75.39ms
INF 2026-08-23T09:16:09.055Z > 200 GET /api/v1/ 73.2ms
INF 2026-08-23T09:16:09.055Z > 200 GET /api/v1/ 75.46ms
INF 2026-08-23T09:16:09.056Z > 200 GET /api/v1/ 76.83ms
INF 2026-08-23T09:16:09.057Z > 200 GET /api/v1/ 80.32ms
INF 2026-08-23T09:16:09.058Z > 200 GET /api/v1/ 79.54ms
INF 2026-08-23T09:16:09.058Z > 200 GET /api/v1/ 79.64ms
INF 2026-08-23T09:16:09.079Z > 200 GET /api/v1/ 98.89ms
INF 2026-08-23T09:16:09.079Z > 200 GET /api/v1/ 97.15ms
INF 2026-08-23T09:16:09.080Z > 200 GET /api/v1/ 101.27ms
INF 2026-08-23T09:16:09.080Z > 200 GET /api/v1/ 104.63ms
INF 2026-08-23T09:16:09.080Z > 200 GET /api/v1/ 100.9ms
INF 2026-08-23T09:16:09.080Z > 200 GET /api/v1/ 100.78ms
INF 2026-08-23T09:16:09.081Z > 200 GET /api/v1/ 104.31ms
INF 2026-08-23T09:16:09.081Z > 200 GET /api/v1/ 106.1ms
INF 2026-08-23T09:16:09.081Z > 200 GET /api/v1/ 99.23ms
INF 2026-08-23T09:16:09.082Z > 200 GET /api/v1/ 99.27ms
INF 2026-08-23T09:16:09.082Z > 200 GET /api/v1/ 99.5ms
INF 2026-08-23T09:16:09.083Z > 200 GET /api/v1/ 109.32ms
INF 2026-08-23T09:16:09.083Z > 200 GET /api/v1/ 103.28ms
INF 2026-08-23T09:16:09.083Z > 200 GET /api/v1/ 149.3ms
INF 2026-08-23T09:16:09.084Z > 200 GET /api/v1/ 115.3ms
INF 2026-08-23T09:16:09.085Z > 200 GET /api/v1/ 115.5ms
INF 2026-08-23T09:16:09.085Z > 200 GET /api/v1/ 116.98ms
INF 2026-08-23T09:16:09.086Z > 200 GET /api/v1/ 118.56ms
INF 2026-08-23T09:16:09.093Z > 200 GET /api/v1/ 109.28ms
INF 2026-08-23T09:16:09.095Z > 200 GET /api/v1/ 173.32ms
INF 2026-08-23T09:16:09.101Z > 200 GET /api/v1/ 81.84ms
INF 2026-08-23T09:16:09.103Z > 200 GET /api/v1/ 113.44ms
INF 2026-08-23T09:16:09.103Z > 200 GET /api/v1/ 113.27ms
INF 2026-08-23T09:16:09.104Z > 200 GET /api/v1/ 111.41ms
INF 2026-08-23T09:16:09.114Z > 200 GET /api/v1/ 82.56ms
INF 2026-08-23T09:16:09.114Z > 200 GET /api/v1/ 107.45ms
INF 2026-08-23T09:16:09.130Z > 200 GET /api/v1/ 71.52ms
INF 2026-08-23T09:16:09.130Z > 200 GET /api/v1/ 93.01ms
INF 2026-08-23T09:16:09.130Z > 200 GET /api/v1/ 93.96ms
INF 2026-08-23T09:16:09.130Z > 200 GET /api/v1/ 98.72ms
INF 2026-08-23T09:16:09.131Z > 200 GET /api/v1/ 99.54ms
INF 2026-08-23T09:16:09.131Z > 200 GET /api/v1/ 98.68ms
INF 2026-08-23T09:16:09.131Z > 200 GET /api/v1/ 98.63ms
INF 2026-08-23T09:16:09.132Z > 200 GET /api/v1/ 76.15ms
INF 2026-08-23T09:16:09.133Z > 200 GET /api/v1/ 106.68ms
INF 2026-08-23T09:16:09.133Z > 200 GET /api/v1/ 107.99ms
INF 2026-08-23T09:16:09.141Z > 200 GET /api/v1/ 96.04ms
INF 2026-08-23T09:16:09.142Z > 200 GET /api/v1/ 85.92ms
INF 2026-08-23T09:16:09.142Z > 200 GET /api/v1/ 57.76ms
INF 2026-08-23T09:16:09.142Z > 200 GET /api/v1/ 102.7ms
INF 2026-08-23T09:16:09.146Z > 200 GET /api/v1/ 95.37ms
INF 2026-08-23T09:16:09.147Z > 200 GET /api/v1/ 95.24ms
INF 2026-08-23T09:16:09.148Z > 200 GET /api/v1/ 100.67ms
INF 2026-08-23T09:16:09.148Z > 200 GET /api/v1/ 53.08ms
INF 2026-08-23T09:16:09.149Z > 200 GET /api/v1/ 57.73ms
INF 2026-08-23T09:16:09.149Z > 200 GET /api/v1/ 59.65ms
INF 2026-08-23T09:16:09.150Z > 200 GET /api/v1/ 60.35ms
INF 2026-08-23T09:16:09.150Z > 200 GET /api/v1/ 59.0ms
INF 2026-08-23T09:16:09.151Z > 200 GET /api/v1/ 60.05ms
INF 2026-08-23T09:16:09.151Z > 200 GET /api/v1/ 62.08ms
INF 2026-08-23T09:16:09.151Z > 200 GET /api/v1/ 57.76ms
INF 2026-08-23T09:16:09.152Z > 200 GET /api/v1/ 63.21ms
INF 2026-08-23T09:16:09.152Z > 200 GET /api/v1/ 61.33ms
INF 2026-08-23T09:16:09.152Z > 200 GET /api/v1/ 62.37ms
INF 2026-08-23T09:16:09.153Z > 200 GET /api/v1/ 63.64ms
INF 2026-08-23T09:16:09.153Z > 200 GET /api/v1/ 62.72ms
INF 2026-08-23T09:16:09.153Z > 200 GET /api/v1/ 63.31ms
INF 2026-08-23T09:16:09.154Z > 200 GET /api/v1/ 65.17ms
INF 2026-08-23T09:16:09.154Z > 200 GET /api/v1/ 65.66ms
INF 2026-08-23T09:16:09.155Z > 200 GET /api/v1/ 64.71ms
INF 2026-08-23T09:16:09.155Z > 200 GET /api/v1/ 67.82ms
INF 2026-08-23T09:16:09.156Z > 200 GET /api/v1/ 67.25ms
INF 2026-08-23T09:16:09.156Z > 200 GET /api/v1/ 65.88ms
INF 2026-08-23T09:16:09.156Z > 200 GET /api/v1/ 70.36ms
INF 2026-08-23T09:16:09.157Z > 200 GET /api/v1/ 70.15ms
INF 2026-08-23T09:16:09.157Z > 200 GET /api/v1/ 70.15ms
INF 2026-08-23T09:16:09.158Z > 200 GET /api/v1/ 68.33ms
INF 2026-08-23T09:16:09.158Z > 200 GET /api/v1/ 70.5ms
INF 2026-08-23T09:16:09.159Z > 200 GET /api/v1/ 71.0ms
INF 2026-08-23T09:16:09.159Z > 200 GET /api/v1/ 69.67ms
INF 2026-08-23T09:16:09.159Z > 200 GET /api/v1/ 72.1ms
INF 2026-08-23T09:16:09.160Z > 200 GET /api/v1/ 70.72ms
INF 2026-08-23T09:16:09.160Z > 200 GET /api/v1/ 115.5ms
INF 2026-08-23T09:16:09.162Z > 200 GET /api/v1/ 63.76ms
INF 2026-08-23T09:16:09.163Z > 200 GET /api/v1/ 65.06ms
INF 2026-08-23T09:16:09.163Z > 200 GET /api/v1/ 66.22ms
INF 2026-08-23T09:16:09.163Z > 200 GET /api/v1/ 66.14ms
INF 2026-08-23T09:16:09.164Z > 200 GET /api/v1/ 67.36ms
INF 2026-08-23T09:16:09.164Z > 200 GET /api/v1/ 67.48ms
INF 2026-08-23T09:16:09.165Z > 200 GET /api/v1/ 67.09ms
INF 2026-08-23T09:16:09.180Z > 200 GET /api/v1/ 83.68ms
INF 2026-08-23T09:16:09.181Z > 200 GET /api/v1/ 134.39ms
INF 2026-08-23T09:16:09.181Z > 200 GET /api/v1/ 90.48ms
INF 2026-08-23T09:16:09.182Z > 200 GET /api/v1/ 90.15ms
INF 2026-08-23T09:16:09.182Z > 200 GET /api/v1/ 89.32ms
INF 2026-08-23T09:16:09.184Z > 200 GET /api/v1/ 72.89ms
INF 2026-08-23T09:16:09.184Z > 200 GET /api/v1/ 74.12ms
INF 2026-08-23T09:16:09.185Z > 200 GET /api/v1/ 76.84ms
INF 2026-08-23T09:16:09.185Z > 200 GET /api/v1/ 84.73ms
INF 2026-08-23T09:16:09.185Z > 200 GET /api/v1/ 86.74ms
INF 2026-08-23T09:16:09.185Z > 200 GET /api/v1/ 84.0ms
INF 2026-08-23T09:16:09.186Z > 200 GET /api/v1/ 83.41ms
INF 2026-08-23T09:16:09.186Z > 200 GET /api/v1/ 83.97ms
INF 2026-08-23T09:16:09.186Z > 200 GET /api/v1/ 86.52ms
INF 2026-08-23T09:16:09.186Z > 200 GET /api/v1/ 90.44ms
INF 2026-08-23T09:16:09.187Z > 200 GET /api/v1/ 92.45ms
INF 2026-08-23T09:16:09.187Z > 200 GET /api/v1/ 93.13ms
INF 2026-08-23T09:16:09.189Z > 200 GET /api/v1/ 74.05ms
INF 2026-08-23T09:16:09.190Z > 200 GET /api/v1/ 74.97ms
INF 2026-08-23T09:16:09.190Z > 200 GET /api/v1/ 74.66ms
INF 2026-08-23T09:16:09.191Z > 200 GET /api/v1/ 66.63ms
INF 2026-08-23T09:16:09.192Z > 200 GET /api/v1/ 63.69ms
INF 2026-08-23T09:16:09.192Z > 200 GET /api/v1/ 66.86ms
INF 2026-08-23T09:16:09.192Z > 200 GET /api/v1/ 66.72ms
INF 2026-08-23T09:16:09.194Z > 200 GET /api/v1/ 65.98ms
INF 2026-08-23T09:16:09.195Z > 200 GET /api/v1/ 69.77ms
INF 2026-08-23T09:16:09.197Z > 200 GET /api/v1/ 56.21ms
INF 2026-08-23T09:16:09.197Z > 200 GET /api/v1/ 57.87ms
INF 2026-08-23T09:16:09.197Z > 200 GET /api/v1/ 58.02ms
INF 2026-08-23T09:16:09.198Z > 200 GET /api/v1/ 38.96ms
INF 2026-08-23T09:16:09.198Z > 200 GET /api/v1/ 58.34ms
INF 2026-08-23T09:16:09.198Z > 200 GET /api/v1/ 44.22ms
INF 2026-08-23T09:16:09.199Z > 200 GET /api/v1/ 61.84ms
INF 2026-08-23T09:16:09.199Z > 200 GET /api/v1/ 58.42ms
INF 2026-08-23T09:16:09.200Z > 200 GET /api/v1/ 47.26ms
INF 2026-08-23T09:16:09.203Z > 200 GET /api/v1/ 74.13ms
INF 2026-08-23T09:16:09.203Z > 200 GET /api/v1/ 75.05ms
INF 2026-08-23T09:16:09.206Z > 200 GET /api/v1/ 77.71ms
INF 2026-08-23T09:16:09.208Z > 200 GET /api/v1/ 60.96ms
INF 2026-08-23T09:16:09.209Z > 200 GET /api/v1/ 64.54ms
INF 2026-08-23T09:16:09.210Z > 200 GET /api/v1/ 85.82ms
INF 2026-08-23T09:16:09.210Z > 200 GET /api/v1/ 48.23ms
INF 2026-08-23T09:16:09.214Z > 200 GET /api/v1/ 85.15ms
INF 2026-08-23T09:16:09.214Z > 200 GET /api/v1/ 86.46ms
INF 2026-08-23T09:16:09.217Z > 200 GET /api/v1/ 28.63ms
INF 2026-08-23T09:16:09.218Z > 200 GET /api/v1/ 63.7ms
INF 2026-08-23T09:16:09.222Z > 200 GET /api/v1/ 39.55ms
INF 2026-08-23T09:16:09.222Z > 200 GET /api/v1/ 38.69ms
INF 2026-08-23T09:16:09.222Z > 200 GET /api/v1/ 39.21ms
INF 2026-08-23T09:16:09.223Z > 200 GET /api/v1/ 39.27ms
INF 2026-08-23T09:16:09.224Z > 200 GET /api/v1/ 41.13ms
INF 2026-08-23T09:16:09.225Z > 200 GET /api/v1/ 62.72ms
INF 2026-08-23T09:16:09.226Z > 200 GET /api/v1/ 42.0ms
INF 2026-08-23T09:16:09.227Z > 200 GET /api/v1/ 43.62ms
INF 2026-08-23T09:16:09.227Z > 200 GET /api/v1/ 28.09ms
INF 2026-08-23T09:16:09.229Z > 200 GET /api/v1/ 21.48ms
INF 2026-08-23T09:16:09.232Z > 200 GET /api/v1/ 48.55ms
INF 2026-08-23T09:16:09.232Z > 200 GET /api/v1/ 49.26ms
INF 2026-08-23T09:16:09.232Z > 200 GET /api/v1/ 49.39ms
INF 2026-08-23T09:16:09.233Z > 200 GET /api/v1/ 40.19ms
INF 2026-08-23T09:16:09.233Z > 200 GET /api/v1/ 24.19ms
INF 2026-08-23T09:16:09.234Z > 200 GET /api/v1/ 41.6ms
INF 2026-08-23T09:16:09.238Z > 200 GET /api/v1/ 48.37ms
INF 2026-08-23T09:16:09.238Z > 200 GET /api/v1/ 32.0ms
INF 2026-08-23T09:16:09.239Z > 200 GET /api/v1/ 50.59ms
INF 2026-08-23T09:16:09.240Z > 200 GET /api/v1/ 50.05ms
INF 2026-08-23T09:16:09.244Z > 200 GET /api/v1/ 42.87ms
INF 2026-08-23T09:16:09.244Z > 200 GET /api/v1/ 33.32ms
INF 2026-08-23T09:16:09.245Z > 200 GET /api/v1/ 34.0ms
INF 2026-08-23T09:16:09.245Z > 200 GET /api/v1/ 34.93ms
INF 2026-08-23T09:16:09.246Z > 200 GET /api/v1/ 43.45ms
INF 2026-08-23T09:16:09.246Z > 200 GET /api/v1/ 37.93ms
INF 2026-08-23T09:16:09.247Z > 200 GET /api/v1/ 40.3ms
INF 2026-08-23T09:16:09.248Z > 200 GET /api/v1/ 45.34ms
INF 2026-08-23T09:16:09.248Z > 200 GET /api/v1/ 43.99ms
INF 2026-08-23T09:16:09.248Z > 200 GET /api/v1/ 47.57ms
INF 2026-08-23T09:16:09.248Z > 200 GET /api/v1/ 39.06ms
INF 2026-08-23T09:16:09.249Z > 200 GET /api/v1/ 47.09ms
INF 2026-08-23T09:16:09.250Z > 200 GET /api/v1/ 49.33ms
INF 2026-08-23T09:16:09.250Z > 200 GET /api/v1/ 46.47ms
INF 2026-08-23T09:16:09.250Z > 200 GET /api/v1/ 40.1ms
INF 2026-08-23T09:16:09.251Z > 200 GET /api/v1/ 46.21ms
INF 2026-08-23T09:16:09.251Z > 200 GET /api/v1/ 50.34ms
INF 2026-08-23T09:16:09.252Z > 200 GET /api/v1/ 52.49ms
INF 2026-08-23T09:16:09.253Z > 200 GET /api/v1/ 57.74ms
INF 2026-08-23T09:16:09.268Z > 200 GET /api/v1/ 72.75ms
INF 2026-08-23T09:16:09.274Z > 200 GET /api/v1/ 77.69ms
INF 2026-08-23T09:16:09.275Z > 200 GET /api/v1/ 78.69ms
INF 2026-08-23T09:16:09.275Z > 200 GET /api/v1/ 78.78ms
INF 2026-08-23T09:16:09.275Z > 200 GET /api/v1/ 70.82ms
INF 2026-08-23T09:16:09.281Z > 200 GET /api/v1/ 74.2ms
INF 2026-08-23T09:16:09.282Z > 200 GET /api/v1/ 74.36ms
INF 2026-08-23T09:16:09.283Z > 200 GET /api/v1/ 73.63ms
INF 2026-08-23T09:16:09.283Z > 200 GET /api/v1/ 77.75ms
INF 2026-08-23T09:16:09.284Z > 200 GET /api/v1/ 56.67ms
INF 2026-08-23T09:16:09.285Z > 200 GET /api/v1/ 78.97ms
INF 2026-08-23T09:16:09.286Z > 200 GET /api/v1/ 80.12ms
INF 2026-08-23T09:16:09.287Z > 200 GET /api/v1/ 81.68ms
INF 2026-08-23T09:16:09.287Z > 200 GET /api/v1/ 79.48ms
INF 2026-08-23T09:16:09.295Z > 200 GET /api/v1/ 90.16ms
INF 2026-08-23T09:16:09.295Z > 200 GET /api/v1/ 94.75ms
INF 2026-08-23T09:16:09.297Z > 200 GET /api/v1/ 69.73ms
INF 2026-08-23T09:16:09.301Z > 200 GET /api/v1/ 63.28ms
INF 2026-08-23T09:16:09.306Z > 200 GET /api/v1/ 67.93ms
INF 2026-08-23T09:16:09.306Z > 200 GET /api/v1/ 68.98ms
INF 2026-08-23T09:16:09.307Z > 200 GET /api/v1/ 69.39ms
INF 2026-08-23T09:16:09.308Z > 200 GET /api/v1/ 70.43ms
INF 2026-08-23T09:16:09.308Z > 200 GET /api/v1/ 71.82ms
INF 2026-08-23T09:16:09.309Z > 200 GET /api/v1/ 71.74ms
INF 2026-08-23T09:16:09.310Z > 200 GET /api/v1/ 72.06ms
INF 2026-08-23T09:16:09.310Z > 200 GET /api/v1/ 74.23ms
INF 2026-08-23T09:16:09.311Z > 200 GET /api/v1/ 76.43ms
INF 2026-08-23T09:16:09.311Z > 200 GET /api/v1/ 80.67ms
INF 2026-08-23T09:16:09.311Z > 200 GET /api/v1/ 81.81ms
INF 2026-08-23T09:16:09.312Z > 200 GET /api/v1/ 81.03ms
INF 2026-08-23T09:16:09.312Z > 200 GET /api/v1/ 81.57ms
INF 2026-08-23T09:16:09.313Z > 200 GET /api/v1/ 81.77ms
INF 2026-08-23T09:16:09.313Z > 200 GET /api/v1/ 85.24ms
INF 2026-08-23T09:16:09.314Z > 200 GET /api/v1/ 71.74ms
INF 2026-08-23T09:16:09.315Z > 200 GET /api/v1/ 73.46ms
INF 2026-08-23T09:16:09.315Z > 200 GET /api/v1/ 72.52ms
INF 2026-08-23T09:16:09.316Z > 200 GET /api/v1/ 75.25ms
INF 2026-08-23T09:16:09.316Z > 200 GET /api/v1/ 77.69ms
INF 2026-08-23T09:16:09.317Z > 200 GET /api/v1/ 77.64ms
INF 2026-08-23T09:16:09.317Z > 200 GET /api/v1/ 77.97ms
INF 2026-08-23T09:16:09.317Z > 200 GET /api/v1/ 78.56ms
INF 2026-08-23T09:16:09.321Z > 200 GET /api/v1/ 52.84ms
INF 2026-08-23T09:16:09.322Z > 200 GET /api/v1/ 68.93ms
INF 2026-08-23T09:16:09.323Z > 200 GET /api/v1/ 74.63ms
INF 2026-08-23T09:16:09.326Z > 200 GET /api/v1/ 94.09ms
INF 2026-08-23T09:16:09.327Z > 200 GET /api/v1/ 84.5ms
INF 2026-08-23T09:16:09.327Z > 200 GET /api/v1/ 84.29ms
INF 2026-08-23T09:16:09.328Z > 200 GET /api/v1/ 95.34ms
INF 2026-08-23T09:16:09.329Z > 200 GET /api/v1/ 57.67ms
INF 2026-08-23T09:16:09.330Z > 200 GET /api/v1/ 58.3ms
INF 2026-08-23T09:16:09.330Z > 200 GET /api/v1/ 57.87ms
INF 2026-08-23T09:16:09.333Z > 200 GET /api/v1/ 79.21ms
INF 2026-08-23T09:16:09.333Z > 200 GET /api/v1/ 81.32ms
INF 2026-08-23T09:16:09.334Z > 200 GET /api/v1/ 81.41ms
INF 2026-08-23T09:16:09.335Z > 200 GET /api/v1/ 49.55ms
INF 2026-08-23T09:16:09.336Z > 200 GET /api/v1/ 51.48ms
INF 2026-08-23T09:16:09.336Z > 200 GET /api/v1/ 55.19ms
INF 2026-08-23T09:16:09.337Z > 200 GET /api/v1/ 52.82ms
INF 2026-08-23T09:16:09.337Z > 200 GET /api/v1/ 55.33ms
INF 2026-08-23T09:16:09.337Z > 200 GET /api/v1/ 57.5ms
INF 2026-08-23T09:16:09.338Z > 200 GET /api/v1/ 60.56ms
INF 2026-08-23T09:16:09.339Z > 200 GET /api/v1/ 45.41ms
INF 2026-08-23T09:16:09.340Z > 200 GET /api/v1/ 48.02ms
INF 2026-08-23T09:16:09.340Z > 200 GET /api/v1/ 48.66ms
INF 2026-08-23T09:16:09.341Z > 200 GET /api/v1/ 50.24ms
INF 2026-08-23T09:16:09.342Z > 200 GET /api/v1/ 52.18ms
INF 2026-08-23T09:16:09.342Z > 200 GET /api/v1/ 51.94ms
INF 2026-08-23T09:16:09.342Z > 200 GET /api/v1/ 51.01ms
INF 2026-08-23T09:16:09.342Z > 200 GET /api/v1/ 52.23ms
INF 2026-08-23T09:16:09.343Z > 200 GET /api/v1/ 53.72ms
INF 2026-08-23T09:16:09.343Z > 200 GET /api/v1/ 72.36ms
INF 2026-08-23T09:16:09.344Z > 200 GET /api/v1/ 74.22ms
INF 2026-08-23T09:16:09.344Z > 200 GET /api/v1/ 74.64ms
INF 2026-08-23T09:16:09.345Z > 200 GET /api/v1/ 74.53ms
INF 2026-08-23T09:16:09.345Z > 200 GET /api/v1/ 75.07ms
INF 2026-08-23T09:16:09.345Z > 200 GET /api/v1/ 76.55ms
INF 2026-08-23T09:16:09.346Z > 200 GET /api/v1/ 76.79ms
INF 2026-08-23T09:16:09.346Z > 200 GET /api/v1/ 77.27ms
INF 2026-08-23T09:16:09.347Z > 200 GET /api/v1/ 59.34ms
INF 2026-08-23T09:16:09.347Z > 200 GET /api/v1/ 77.81ms
INF 2026-08-23T09:16:09.362Z > 200 GET /api/v1/ 92.41ms
INF 2026-08-23T09:16:09.363Z > 200 GET /api/v1/ 64.83ms
INF 2026-08-23T09:16:09.364Z > 200 GET /api/v1/ 67.93ms
INF 2026-08-23T09:16:09.365Z > 200 GET /api/v1/ 86.14ms
INF 2026-08-23T09:16:09.365Z > 200 GET /api/v1/ 87.84ms
INF 2026-08-23T09:16:09.365Z > 200 GET /api/v1/ 91.86ms
INF 2026-08-23T09:16:09.366Z > 200 GET /api/v1/ 92.77ms
INF 2026-08-23T09:16:09.367Z > 200 GET /api/v1/ 63.85ms
INF 2026-08-23T09:16:09.367Z > 200 GET /api/v1/ 67.5ms
INF 2026-08-23T09:16:09.367Z > 200 GET /api/v1/ 68.83ms
INF 2026-08-23T09:16:09.367Z > 200 GET /api/v1/ 65.56ms
INF 2026-08-23T09:16:09.367Z > 200 GET /api/v1/ 64.13ms
INF 2026-08-23T09:16:09.368Z > 200 GET /api/v1/ 68.55ms
INF 2026-08-23T09:16:09.368Z > 200 GET /api/v1/ 68.14ms
INF 2026-08-23T09:16:09.368Z > 200 GET /api/v1/ 65.52ms
INF 2026-08-23T09:16:09.373Z > 200 GET /api/v1/ 74.14ms
INF 2026-08-23T09:16:09.376Z > 200 GET /api/v1/ 58.17ms
INF 2026-08-23T09:16:09.376Z > 200 GET /api/v1/ 46.27ms
INF 2026-08-23T09:16:09.377Z > 200 GET /api/v1/ 49.3ms
INF 2026-08-23T09:16:09.377Z > 200 GET /api/v1/ 83.39ms
INF 2026-08-23T09:16:09.380Z > 200 GET /api/v1/ 110.38ms
INF 2026-08-23T09:16:09.380Z > 200 GET /api/v1/ 111.06ms
INF 2026-08-23T09:16:09.380Z > 200 GET /api/v1/ 47.24ms
INF 2026-08-23T09:16:09.381Z > 200 GET /api/v1/ 49.16ms
INF 2026-08-23T09:16:09.382Z > 200 GET /api/v1/ 52.38ms
INF 2026-08-23T09:16:09.383Z > 200 GET /api/v1/ 54.47ms
INF 2026-08-23T09:16:09.384Z > 200 GET /api/v1/ 60.15ms
INF 2026-08-23T09:16:09.385Z > 200 GET /api/v1/ 60.12ms
INF 2026-08-23T09:16:09.385Z > 200 GET /api/v1/ 61.18ms
INF 2026-08-23T09:16:09.385Z > 200 GET /api/v1/ 91.1ms
INF 2026-08-23T09:16:09.392Z > 200 GET /api/v1/ 47.57ms
INF 2026-08-23T09:16:09.393Z > 200 GET /api/v1/ 54.67ms
INF 2026-08-23T09:16:09.393Z > 200 GET /api/v1/ 52.97ms
INF 2026-08-23T09:16:09.397Z > 200 GET /api/v1/ 69.17ms
INF 2026-08-23T09:16:09.398Z > 200 GET /api/v1/ 59.82ms
INF 2026-08-23T09:16:09.398Z > 200 GET /api/v1/ 73.34ms
INF 2026-08-23T09:16:09.402Z > 200 GET /api/v1/ 56.97ms
INF 2026-08-23T09:16:09.406Z > 200 GET /api/v1/ 42.91ms
INF 2026-08-23T09:16:09.412Z > 200 GET /api/v1/ 41.75ms
INF 2026-08-23T09:16:09.413Z > 200 GET /api/v1/ 43.15ms
INF 2026-08-23T09:16:09.413Z > 200 GET /api/v1/ 43.27ms
INF 2026-08-23T09:16:09.413Z > 200 GET /api/v1/ 32.85ms
INF 2026-08-23T09:16:09.416Z > 200 GET /api/v1/ 46.35ms
INF 2026-08-23T09:16:09.417Z > 200 GET /api/v1/ 45.73ms
INF 2026-08-23T09:16:09.417Z > 200 GET /api/v1/ 46.93ms
INF 2026-08-23T09:16:09.417Z > 200 GET /api/v1/ 47.3ms
INF 2026-08-23T09:16:09.417Z > 200 GET /api/v1/ 47.63ms
INF 2026-08-23T09:16:09.418Z > 200 GET /api/v1/ 46.53ms
INF 2026-08-23T09:16:09.418Z > 200 GET /api/v1/ 49.28ms
INF 2026-08-23T09:16:09.418Z > 200 GET /api/v1/ 47.27ms
INF 2026-08-23T09:16:09.419Z > 200 GET /api/v1/ 49.64ms
INF 2026-08-23T09:16:09.420Z > 200 GET /api/v1/ 52.0ms
INF 2026-08-23T09:16:09.421Z > 200 GET /api/v1/ 52.78ms
INF 2026-08-23T09:16:09.421Z > 200 GET /api/v1/ 50.6ms
INF 2026-08-23T09:16:09.421Z > 200 GET /api/v1/ 50.09ms
INF 2026-08-23T09:16:09.424Z > 200 GET /api/v1/ 51.56ms
INF 2026-08-23T09:16:09.424Z > 200 GET /api/v1/ 53.82ms
INF 2026-08-23T09:16:09.425Z > 200 GET /api/v1/ 53.56ms
INF 2026-08-23T09:16:09.425Z > 200 GET /api/v1/ 59.49ms
INF 2026-08-23T09:16:09.426Z > 200 GET /api/v1/ 54.27ms
INF 2026-08-23T09:16:09.428Z > 200 GET /api/v1/ 52.4ms
INF 2026-08-23T09:16:09.428Z > 200 GET /api/v1/ 53.08ms
INF 2026-08-23T09:16:09.428Z > 200 GET /api/v1/ 58.18ms
INF 2026-08-23T09:16:09.429Z > 200 GET /api/v1/ 56.89ms
INF 2026-08-23T09:16:09.429Z > 200 GET /api/v1/ 50.28ms
INF 2026-08-23T09:16:09.429Z > 200 GET /api/v1/ 50.8ms
INF 2026-08-23T09:16:09.429Z > 200 GET /api/v1/ 47.92ms
INF 2026-08-23T09:16:09.429Z > 200 GET /api/v1/ 46.26ms
INF 2026-08-23T09:16:09.430Z > 200 GET /api/v1/ 50.77ms
INF 2026-08-23T09:16:09.430Z > 200 GET /api/v1/ 47.25ms
INF 2026-08-23T09:16:09.430Z > 200 GET /api/v1/ 46.51ms
INF 2026-08-23T09:16:09.432Z > 200 GET /api/v1/ 48.73ms
INF 2026-08-23T09:16:09.435Z > 200 GET /api/v1/ 63.52ms
INF 2026-08-23T09:16:09.436Z > 200 GET /api/v1/ 62.76ms
INF 2026-08-23T09:16:09.437Z > 200 GET /api/v1/ 48.88ms
INF 2026-08-23T09:16:09.437Z > 200 GET /api/v1/ 65.16ms
INF 2026-08-23T09:16:09.438Z > 200 GET /api/v1/ 47.51ms
INF 2026-08-23T09:16:09.438Z > 200 GET /api/v1/ 51.6ms
INF 2026-08-23T09:16:09.438Z > 200 GET /api/v1/ 47.19ms
INF 2026-08-23T09:16:09.438Z > 200 GET /api/v1/ 47.12ms
INF 2026-08-23T09:16:09.454Z > 200 GET /api/v1/ 67.18ms
INF 2026-08-23T09:16:09.455Z > 200 GET /api/v1/ 64.26ms
INF 2026-08-23T09:16:09.455Z > 200 GET /api/v1/ 81.9ms
INF 2026-08-23T09:16:09.455Z > 200 GET /api/v1/ 69.92ms
INF 2026-08-23T09:16:09.456Z > 200 GET /api/v1/ 82.02ms
INF 2026-08-23T09:16:09.457Z > 200 GET /api/v1/ 83.24ms
INF 2026-08-23T09:16:09.457Z > 200 GET /api/v1/ 79.34ms
INF 2026-08-23T09:16:09.457Z > 200 GET /api/v1/ 82.66ms
INF 2026-08-23T09:16:09.457Z > 200 GET /api/v1/ 85.61ms
INF 2026-08-23T09:16:09.460Z > 200 GET /api/v1/ 76.55ms
INF 2026-08-23T09:16:09.462Z > 200 GET /api/v1/ 73.32ms
INF 2026-08-23T09:16:09.463Z > 200 GET /api/v1/ 74.39ms
INF 2026-08-23T09:16:09.466Z > 200 GET /api/v1/ 67.4ms
INF 2026-08-23T09:16:09.467Z > 200 GET /api/v1/ 69.65ms
INF 2026-08-23T09:16:09.467Z > 200 GET /api/v1/ 68.48ms
INF 2026-08-23T09:16:09.468Z > 200 GET /api/v1/ 73.47ms
INF 2026-08-23T09:16:09.469Z > 200 GET /api/v1/ 71.93ms
INF 2026-08-23T09:16:09.470Z > 200 GET /api/v1/ 60.39ms
INF 2026-08-23T09:16:09.470Z > 200 GET /api/v1/ 61.96ms
INF 2026-08-23T09:16:09.473Z > 200 GET /api/v1/ 66.04ms
INF 2026-08-23T09:16:09.474Z > 200 GET /api/v1/ 67.3ms
INF 2026-08-23T09:16:09.475Z > 200 GET /api/v1/ 53.43ms
INF 2026-08-23T09:16:09.476Z > 200 GET /api/v1/ 86.44ms
INF 2026-08-23T09:16:09.477Z > 200 GET /api/v1/ 63.41ms
INF 2026-08-23T09:16:09.484Z > 200 GET /api/v1/ 85.39ms
INF 2026-08-23T09:16:09.484Z > 200 GET /api/v1/ 90.13ms
INF 2026-08-23T09:16:09.488Z > 200 GET /api/v1/ 65.85ms
INF 2026-08-23T09:16:09.488Z > 200 GET /api/v1/ 65.41ms
INF 2026-08-23T09:16:09.489Z > 200 GET /api/v1/ 70.16ms
INF 2026-08-23T09:16:09.490Z > 200 GET /api/v1/ 67.76ms
INF 2026-08-23T09:16:09.490Z > 200 GET /api/v1/ 54.5ms
INF 2026-08-23T09:16:09.491Z > 200 GET /api/v1/ 71.09ms
INF 2026-08-23T09:16:09.491Z > 200 GET /api/v1/ 71.69ms
INF 2026-08-23T09:16:09.491Z > 200 GET /api/v1/ 75.81ms
INF 2026-08-23T09:16:09.492Z > 200 GET /api/v1/ 75.73ms
INF 2026-08-23T09:16:09.493Z > 200 GET /api/v1/ 77.49ms
INF 2026-08-23T09:16:09.493Z > 200 GET /api/v1/ 77.05ms
INF 2026-08-23T09:16:09.495Z > 200 GET /api/v1/ 80.41ms
INF 2026-08-23T09:16:09.496Z > 200 GET /api/v1/ 81.01ms
INF 2026-08-23T09:16:09.497Z > 200 GET /api/v1/ 65.86ms
INF 2026-08-23T09:16:09.497Z > 200 GET /api/v1/ 66.4ms
INF 2026-08-23T09:16:09.497Z > 200 GET /api/v1/ 66.0ms
INF 2026-08-23T09:16:09.498Z > 200 GET /api/v1/ 72.09ms
INF 2026-08-23T09:16:09.499Z > 200 GET /api/v1/ 68.41ms
INF 2026-08-23T09:16:09.500Z > 200 GET /api/v1/ 61.71ms
INF 2026-08-23T09:16:09.502Z > 200 GET /api/v1/ 81.91ms
INF 2026-08-23T09:16:09.505Z > 200 GET /api/v1/ 70.56ms
INF 2026-08-23T09:16:09.506Z > 200 GET /api/v1/ 71.87ms
INF 2026-08-23T09:16:09.506Z > 200 GET /api/v1/ 73.06ms
INF 2026-08-23T09:16:09.506Z > 200 GET /api/v1/ 71.4ms
INF 2026-08-23T09:16:09.507Z > 200 GET /api/v1/ 92.93ms
INF 2026-08-23T09:16:09.507Z > 200 GET /api/v1/ 46.1ms
INF 2026-08-23T09:16:09.508Z > 200 GET /api/v1/ 47.12ms
INF 2026-08-23T09:16:09.509Z > 200 GET /api/v1/ 48.03ms
INF 2026-08-23T09:16:09.509Z > 200 GET /api/v1/ 49.35ms
INF 2026-08-23T09:16:09.509Z > 200 GET /api/v1/ 50.27ms
INF 2026-08-23T09:16:09.510Z > 200 GET /api/v1/ 51.25ms
INF 2026-08-23T09:16:09.510Z > 200 GET /api/v1/ 50.6ms
INF 2026-08-23T09:16:09.510Z > 200 GET /api/v1/ 50.74ms
INF 2026-08-23T09:16:09.510Z > 200 GET /api/v1/ 52.8ms
INF 2026-08-23T09:16:09.515Z > 200 GET /api/v1/ 48.59ms
INF 2026-08-23T09:16:09.516Z > 200 GET /api/v1/ 49.4ms
INF 2026-08-23T09:16:09.516Z > 200 GET /api/v1/ 51.6ms
INF 2026-08-23T09:16:09.517Z > 200 GET /api/v1/ 52.46ms
INF 2026-08-23T09:16:09.518Z > 200 GET /api/v1/ 53.55ms
INF 2026-08-23T09:16:09.518Z > 200 GET /api/v1/ 82.67ms
INF 2026-08-23T09:16:09.521Z > 200 GET /api/v1/ 46.37ms
INF 2026-08-23T09:16:09.523Z > 200 GET /api/v1/ 51.03ms
INF 2026-08-23T09:16:09.523Z > 200 GET /api/v1/ 50.68ms
INF 2026-08-23T09:16:09.523Z > 200 GET /api/v1/ 52.73ms
INF 2026-08-23T09:16:09.525Z > 200 GET /api/v1/ 54.54ms
INF 2026-08-23T09:16:09.527Z > 200 GET /api/v1/ 59.37ms
INF 2026-08-23T09:16:09.529Z > 200 GET /api/v1/ 62.57ms
INF 2026-08-23T09:16:09.529Z > 200 GET /api/v1/ 59.59ms
INF 2026-08-23T09:16:09.530Z > 200 GET /api/v1/ 66.42ms
INF 2026-08-23T09:16:09.531Z > 200 GET /api/v1/ 63.17ms
INF 2026-08-23T09:16:09.531Z > 200 GET /api/v1/ 63.59ms
INF 2026-08-23T09:16:09.554Z > 200 GET /api/v1/ 121.19ms
INF 2026-08-23T09:16:09.554Z > 200 GET /api/v1/ 66.01ms
INF 2026-08-23T09:16:09.555Z > 200 GET /api/v1/ 66.74ms
INF 2026-08-23T09:16:09.555Z > 200 GET /api/v1/ 66.66ms
INF 2026-08-23T09:16:09.555Z > 200 GET /api/v1/ 69.29ms
INF 2026-08-23T09:16:09.555Z > 200 GET /api/v1/ 61.63ms
INF 2026-08-23T09:16:09.561Z > 200 GET /api/v1/ 73.57ms
INF 2026-08-23T09:16:09.561Z > 200 GET /api/v1/ 78.57ms
INF 2026-08-23T09:16:09.562Z > 200 GET /api/v1/ 80.19ms
INF 2026-08-23T09:16:09.563Z > 200 GET /api/v1/ 80.09ms
INF 2026-08-23T09:16:09.564Z > 200 GET /api/v1/ 80.57ms
INF 2026-08-23T09:16:09.564Z > 200 GET /api/v1/ 82.77ms
INF 2026-08-23T09:16:09.564Z > 200 GET /api/v1/ 82.72ms
INF 2026-08-23T09:16:09.565Z > 200 GET /api/v1/ 84.84ms
INF 2026-08-23T09:16:09.565Z > 200 GET /api/v1/ 86.41ms
INF 2026-08-23T09:16:09.565Z > 200 GET /api/v1/ 81.92ms
INF 2026-08-23T09:16:09.565Z > 200 GET /api/v1/ 82.6ms
INF 2026-08-23T09:16:09.566Z > 200 GET /api/v1/ 65.45ms
INF 2026-08-23T09:16:09.566Z > 200 GET /api/v1/ 85.63ms
INF 2026-08-23T09:16:09.567Z > 200 GET /api/v1/ 89.25ms
INF 2026-08-23T09:16:09.567Z > 200 GET /api/v1/ 98.27ms
INF 2026-08-23T09:16:09.567Z > 200 GET /api/v1/ 99.56ms
INF 2026-08-23T09:16:09.574Z > 200 GET /api/v1/ 65.78ms
INF 2026-08-23T09:16:09.575Z > 200 GET /api/v1/ 71.5ms
INF 2026-08-23T09:16:09.576Z > 200 GET /api/v1/ 72.96ms
INF 2026-08-23T09:16:09.582Z > 200 GET /api/v1/ 74.15ms
INF 2026-08-23T09:16:09.583Z > 200 GET /api/v1/ 82.41ms
INF 2026-08-23T09:16:09.583Z > 200 GET /api/v1/ 82.07ms
INF 2026-08-23T09:16:09.584Z > 200 GET /api/v1/ 97.47ms
INF 2026-08-23T09:16:09.591Z > 200 GET /api/v1/ 86.45ms
INF 2026-08-23T09:16:09.591Z > 200 GET /api/v1/ 98.11ms
INF 2026-08-23T09:16:09.592Z > 200 GET /api/v1/ 87.12ms
INF 2026-08-23T09:16:09.592Z > 200 GET /api/v1/ 88.05ms
INF 2026-08-23T09:16:09.592Z > 200 GET /api/v1/ 88.33ms
INF 2026-08-23T09:16:09.594Z > 200 GET /api/v1/ 74.6ms
INF 2026-08-23T09:16:09.595Z > 200 GET /api/v1/ 76.15ms
INF 2026-08-23T09:16:09.595Z > 200 GET /api/v1/ 78.5ms
INF 2026-08-23T09:16:09.595Z > 200 GET /api/v1/ 76.44ms
INF 2026-08-23T09:16:09.596Z > 200 GET /api/v1/ 78.46ms
INF 2026-08-23T09:16:09.596Z > 200 GET /api/v1/ 82.22ms
INF 2026-08-23T09:16:09.597Z > 200 GET /api/v1/ 68.36ms
INF 2026-08-23T09:16:09.598Z > 200 GET /api/v1/ 32.55ms
INF 2026-08-23T09:16:09.599Z > 200 GET /api/v1/ 73.46ms
INF 2026-08-23T09:16:09.599Z > 200 GET /api/v1/ 36.4ms
INF 2026-08-23T09:16:09.600Z > 200 GET /api/v1/ 73.96ms
INF 2026-08-23T09:16:09.600Z > 200 GET /api/v1/ 73.99ms
INF 2026-08-23T09:16:09.600Z > 200 GET /api/v1/ 76.77ms
INF 2026-08-23T09:16:09.603Z > 200 GET /api/v1/ 41.61ms
INF 2026-08-23T09:16:09.608Z > 200 GET /api/v1/ 75.01ms
INF 2026-08-23T09:16:09.614Z > 200 GET /api/v1/ 101.81ms
INF 2026-08-23T09:16:09.614Z > 200 GET /api/v1/ 51.77ms
INF 2026-08-23T09:16:09.615Z > 200 GET /api/v1/ 53.75ms
INF 2026-08-23T09:16:09.615Z > 200 GET /api/v1/ 57.07ms
INF 2026-08-23T09:16:09.616Z > 200 GET /api/v1/ 56.03ms
INF 2026-08-23T09:16:09.616Z > 200 GET /api/v1/ 57.65ms
INF 2026-08-23T09:16:09.617Z > 200 GET /api/v1/ 57.83ms
INF 2026-08-23T09:16:09.617Z > 200 GET /api/v1/ 58.15ms
INF 2026-08-23T09:16:09.618Z > 200 GET /api/v1/ 60.88ms
INF 2026-08-23T09:16:09.618Z > 200 GET /api/v1/ 59.35ms
INF 2026-08-23T09:16:09.619Z > 200 GET /api/v1/ 61.03ms
INF 2026-08-23T09:16:09.619Z > 200 GET /api/v1/ 60.86ms
INF 2026-08-23T09:16:09.619Z > 200 GET /api/v1/ 60.75ms
INF 2026-08-23T09:16:09.620Z > 200 GET /api/v1/ 63.38ms
INF 2026-08-23T09:16:09.621Z > 200 GET /api/v1/ 63.52ms
INF 2026-08-23T09:16:09.621Z > 200 GET /api/v1/ 61.56ms
INF 2026-08-23T09:16:09.621Z > 200 GET /api/v1/ 63.79ms
INF 2026-08-23T09:16:09.621Z > 200 GET /api/v1/ 65.88ms
INF 2026-08-23T09:16:09.622Z > 200 GET /api/v1/ 63.44ms
INF 2026-08-23T09:16:09.622Z > 200 GET /api/v1/ 64.77ms
INF 2026-08-23T09:16:09.623Z > 200 GET /api/v1/ 64.21ms
INF 2026-08-23T09:16:09.624Z > 200 GET /api/v1/ 64.67ms
INF 2026-08-23T09:16:09.624Z > 200 GET /api/v1/ 47.18ms
INF 2026-08-23T09:16:09.624Z > 200 GET /api/v1/ 66.82ms
INF 2026-08-23T09:16:09.624Z > 200 GET /api/v1/ 92.25ms
INF 2026-08-23T09:16:09.625Z > 200 GET /api/v1/ 67.75ms
INF 2026-08-23T09:16:09.625Z > 200 GET /api/v1/ 68.41ms
INF 2026-08-23T09:16:09.625Z > 200 GET /api/v1/ 69.24ms
INF 2026-08-23T09:16:09.626Z > 200 GET /api/v1/ 105.97ms
INF 2026-08-23T09:16:09.627Z > 200 GET /api/v1/ 70.18ms
INF 2026-08-23T09:16:09.628Z > 200 GET /api/v1/ 57.6ms
INF 2026-08-23T09:16:09.629Z > 200 GET /api/v1/ 59.9ms
INF 2026-08-23T09:16:09.630Z > 200 GET /api/v1/ 100.48ms
INF 2026-08-23T09:16:09.631Z > 200 GET /api/v1/ 101.16ms
INF 2026-08-23T09:16:09.632Z > 200 GET /api/v1/ 65.82ms
INF 2026-08-23T09:16:09.653Z > 200 GET /api/v1/ 80.27ms
INF 2026-08-23T09:16:09.653Z > 200 GET /api/v1/ 75.97ms
INF 2026-08-23T09:16:09.653Z > 200 GET /api/v1/ 81.27ms
INF 2026-08-23T09:16:09.654Z > 200 GET /api/v1/ 80.84ms
INF 2026-08-23T09:16:09.654Z > 200 GET /api/v1/ 81.13ms
INF 2026-08-23T09:16:09.655Z > 200 GET /api/v1/ 83.46ms
INF 2026-08-23T09:16:09.659Z > 200 GET /api/v1/ 91.59ms
INF 2026-08-23T09:16:09.660Z > 200 GET /api/v1/ 91.18ms
INF 2026-08-23T09:16:09.660Z > 200 GET /api/v1/ 96.95ms
INF 2026-08-23T09:16:09.660Z > 200 GET /api/v1/ 93.78ms
INF 2026-08-23T09:16:09.662Z > 200 GET /api/v1/ 77.54ms
INF 2026-08-23T09:16:09.662Z > 200 GET /api/v1/ 79.05ms
INF 2026-08-23T09:16:09.669Z > 200 GET /api/v1/ 97.69ms
INF 2026-08-23T09:16:09.669Z > 200 GET /api/v1/ 47.19ms
INF 2026-08-23T09:16:09.674Z > 200 GET /api/v1/ 70.81ms
INF 2026-08-23T09:16:09.674Z > 200 GET /api/v1/ 72.68ms
INF 2026-08-23T09:16:09.675Z > 200 GET /api/v1/ 71.82ms
INF 2026-08-23T09:16:09.675Z > 200 GET /api/v1/ 74.15ms
INF 2026-08-23T09:16:09.675Z > 200 GET /api/v1/ 73.79ms
INF 2026-08-23T09:16:09.676Z > 200 GET /api/v1/ 72.47ms
INF 2026-08-23T09:16:09.678Z > 200 GET /api/v1/ 109.42ms
INF 2026-08-23T09:16:09.678Z > 200 GET /api/v1/ 92.85ms
INF 2026-08-23T09:16:09.678Z > 200 GET /api/v1/ 67.46ms
INF 2026-08-23T09:16:09.679Z > 200 GET /api/v1/ 67.4ms
INF 2026-08-23T09:16:09.679Z > 200 GET /api/v1/ 48.16ms
INF 2026-08-23T09:16:09.679Z > 200 GET /api/v1/ 68.68ms
INF 2026-08-23T09:16:09.680Z > 200 GET /api/v1/ 70.68ms
INF 2026-08-23T09:16:09.680Z > 200 GET /api/v1/ 70.76ms
INF 2026-08-23T09:16:09.681Z > 200 GET /api/v1/ 71.94ms
INF 2026-08-23T09:16:09.681Z > 200 GET /api/v1/ 72.88ms
INF 2026-08-23T09:16:09.682Z > 200 GET /api/v1/ 72.51ms
INF 2026-08-23T09:16:09.682Z > 200 GET /api/v1/ 73.73ms
INF 2026-08-23T09:16:09.682Z > 200 GET /api/v1/ 74.33ms
INF 2026-08-23T09:16:09.685Z > 200 GET /api/v1/ 57.61ms
INF 2026-08-23T09:16:09.687Z > 200 GET /api/v1/ 60.68ms
INF 2026-08-23T09:16:09.688Z > 200 GET /api/v1/ 80.64ms
INF 2026-08-23T09:16:09.688Z > 200 GET /api/v1/ 111.03ms
INF 2026-08-23T09:16:09.689Z > 200 GET /api/v1/ 66.65ms
INF 2026-08-23T09:16:09.691Z > 200 GET /api/v1/ 78.72ms
INF 2026-08-23T09:16:09.694Z > 200 GET /api/v1/ 81.9ms
INF 2026-08-23T09:16:09.696Z > 200 GET /api/v1/ 65.11ms
INF 2026-08-23T09:16:09.700Z > 200 GET /api/v1/ 77.47ms
INF 2026-08-23T09:16:09.703Z > 200 GET /api/v1/ 69.87ms
INF 2026-08-23T09:16:09.703Z > 200 GET /api/v1/ 69.58ms
INF 2026-08-23T09:16:09.704Z > 200 GET /api/v1/ 70.62ms
INF 2026-08-23T09:16:09.707Z > 200 GET /api/v1/ 74.74ms
INF 2026-08-23T09:16:09.709Z > 200 GET /api/v1/ 52.7ms
INF 2026-08-23T09:16:09.710Z > 200 GET /api/v1/ 53.06ms
INF 2026-08-23T09:16:09.710Z > 200 GET /api/v1/ 54.67ms
INF 2026-08-23T09:16:09.710Z > 200 GET /api/v1/ 54.65ms
INF 2026-08-23T09:16:09.710Z > 200 GET /api/v1/ 54.16ms
INF 2026-08-23T09:16:09.711Z > 200 GET /api/v1/ 53.83ms
INF 2026-08-23T09:16:09.711Z > 200 GET /api/v1/ 53.85ms
INF 2026-08-23T09:16:09.711Z > 200 GET /api/v1/ 54.43ms
INF 2026-08-23T09:16:09.712Z > 200 GET /api/v1/ 54.6ms
INF 2026-08-23T09:16:09.712Z > 200 GET /api/v1/ 55.76ms
INF 2026-08-23T09:16:09.712Z > 200 GET /api/v1/ 56.26ms
INF 2026-08-23T09:16:09.713Z > 200 GET /api/v1/ 57.91ms
INF 2026-08-23T09:16:09.713Z > 200 GET /api/v1/ 57.09ms
INF 2026-08-23T09:16:09.714Z > 200 GET /api/v1/ 58.58ms
INF 2026-08-23T09:16:09.714Z > 200 GET /api/v1/ 57.46ms
INF 2026-08-23T09:16:09.715Z > 200 GET /api/v1/ 45.47ms
INF 2026-08-23T09:16:09.715Z > 200 GET /api/v1/ 87.05ms
INF 2026-08-23T09:16:09.716Z > 200 GET /api/v1/ 49.88ms
INF 2026-08-23T09:16:09.717Z > 200 GET /api/v1/ 51.13ms
INF 2026-08-23T09:16:09.717Z > 200 GET /api/v1/ 51.9ms
INF 2026-08-23T09:16:09.718Z > 200 GET /api/v1/ 52.09ms
INF 2026-08-23T09:16:09.719Z > 200 GET /api/v1/ 53.68ms
INF 2026-08-23T09:16:09.719Z > 200 GET /api/v1/ 55.17ms
INF 2026-08-23T09:16:09.720Z > 200 GET /api/v1/ 56.26ms
INF 2026-08-23T09:16:09.720Z > 200 GET /api/v1/ 57.3ms
INF 2026-08-23T09:16:09.721Z > 200 GET /api/v1/ 62.22ms
INF 2026-08-23T09:16:09.723Z > 200 GET /api/v1/ 63.86ms
INF 2026-08-23T09:16:09.723Z > 200 GET /api/v1/ 53.39ms
INF 2026-08-23T09:16:09.723Z > 200 GET /api/v1/ 50.19ms
INF 2026-08-23T09:16:09.724Z > 200 GET /api/v1/ 46.71ms
INF 2026-08-23T09:16:09.724Z > 200 GET /api/v1/ 51.05ms
INF 2026-08-23T09:16:09.724Z > 200 GET /api/v1/ 48.15ms
INF 2026-08-23T09:16:09.725Z > 200 GET /api/v1/ 52.82ms
INF 2026-08-23T09:16:09.726Z > 200 GET /api/v1/ 54.12ms
INF 2026-08-23T09:16:09.727Z > 200 GET /api/v1/ 58.63ms
INF 2026-08-23T09:16:09.727Z > 200 GET /api/v1/ 55.25ms
INF 2026-08-23T09:16:09.728Z > 200 GET /api/v1/ 61.17ms
INF 2026-08-23T09:16:09.729Z > 200 GET /api/v1/ 61.02ms
INF 2026-08-23T09:16:09.730Z > 200 GET /api/v1/ 103.3ms
INF 2026-08-23T09:16:09.749Z > 200 GET /api/v1/ 88.85ms
INF 2026-08-23T09:16:09.750Z > 200 GET /api/v1/ 88.39ms
INF 2026-08-23T09:16:09.752Z > 200 GET /api/v1/ 75.49ms
INF 2026-08-23T09:16:09.753Z > 200 GET /api/v1/ 76.12ms
INF 2026-08-23T09:16:09.754Z > 200 GET /api/v1/ 81.4ms
INF 2026-08-23T09:16:09.754Z > 200 GET /api/v1/ 77.09ms
INF 2026-08-23T09:16:09.755Z > 200 GET /api/v1/ 78.96ms
INF 2026-08-23T09:16:09.757Z > 200 GET /api/v1/ 88.24ms
INF 2026-08-23T09:16:09.757Z > 200 GET /api/v1/ 71.51ms
INF 2026-08-23T09:16:09.758Z > 200 GET /api/v1/ 72.94ms
INF 2026-08-23T09:16:09.758Z > 200 GET /api/v1/ 73.89ms
INF 2026-08-23T09:16:09.760Z > 200 GET /api/v1/ 73.67ms
INF 2026-08-23T09:16:09.764Z > 200 GET /api/v1/ 50.63ms
INF 2026-08-23T09:16:09.768Z > 200 GET /api/v1/ 91.05ms
INF 2026-08-23T09:16:09.769Z > 200 GET /api/v1/ 92.68ms
INF 2026-08-23T09:16:09.777Z > 200 GET /api/v1/ 62.8ms
INF 2026-08-23T09:16:09.780Z > 200 GET /api/v1/ 54.18ms
INF 2026-08-23T09:16:09.780Z > 200 GET /api/v1/ 71.29ms
INF 2026-08-23T09:16:09.780Z > 200 GET /api/v1/ 56.07ms
INF 2026-08-23T09:16:09.781Z > 200 GET /api/v1/ 72.53ms
INF 2026-08-23T09:16:09.781Z > 200 GET /api/v1/ 75.89ms
INF 2026-08-23T09:16:09.782Z > 200 GET /api/v1/ 75.94ms
INF 2026-08-23T09:16:09.782Z > 200 GET /api/v1/ 76.7ms
INF 2026-08-23T09:16:09.782Z > 200 GET /api/v1/ 77.49ms
INF 2026-08-23T09:16:09.783Z > 200 GET /api/v1/ 77.6ms
INF 2026-08-23T09:16:09.783Z > 200 GET /api/v1/ 78.98ms
INF 2026-08-23T09:16:09.787Z > 200 GET /api/v1/ 68.89ms
INF 2026-08-23T09:16:09.787Z > 200 GET /api/v1/ 68.17ms
INF 2026-08-23T09:16:09.792Z > 200 GET /api/v1/ 105.15ms
INF 2026-08-23T09:16:09.794Z > 200 GET /api/v1/ 67.87ms
INF 2026-08-23T09:16:09.796Z > 200 GET /api/v1/ 71.38ms
INF 2026-08-23T09:16:09.797Z > 200 GET /api/v1/ 71.4ms
INF 2026-08-23T09:16:09.797Z > 200 GET /api/v1/ 72.65ms
INF 2026-08-23T09:16:09.797Z > 200 GET /api/v1/ 71.69ms
INF 2026-08-23T09:16:09.798Z > 200 GET /api/v1/ 75.68ms
INF 2026-08-23T09:16:09.801Z > 200 GET /api/v1/ 51.12ms
INF 2026-08-23T09:16:09.802Z > 200 GET /api/v1/ 53.15ms
INF 2026-08-23T09:16:09.802Z > 200 GET /api/v1/ 54.04ms
INF 2026-08-23T09:16:09.803Z > 200 GET /api/v1/ 53.91ms
INF 2026-08-23T09:16:09.805Z > 200 GET /api/v1/ 75.38ms
INF 2026-08-23T09:16:09.806Z > 200 GET /api/v1/ 90.42ms
INF 2026-08-23T09:16:09.807Z > 200 GET /api/v1/ 78.06ms
INF 2026-08-23T09:16:09.807Z > 200 GET /api/v1/ 77.58ms
INF 2026-08-23T09:16:09.807Z > 200 GET /api/v1/ 78.1ms
INF 2026-08-23T09:16:09.808Z > 200 GET /api/v1/ 92.19ms
INF 2026-08-23T09:16:09.809Z > 200 GET /api/v1/ 94.97ms
INF 2026-08-23T09:16:09.809Z > 200 GET /api/v1/ 95.75ms
INF 2026-08-23T09:16:09.809Z > 200 GET /api/v1/ 50.98ms
INF 2026-08-23T09:16:09.810Z > 200 GET /api/v1/ 51.54ms
INF 2026-08-23T09:16:09.811Z > 200 GET /api/v1/ 55.37ms
INF 2026-08-23T09:16:09.812Z > 200 GET /api/v1/ 55.14ms
INF 2026-08-23T09:16:09.812Z > 200 GET /api/v1/ 55.33ms
INF 2026-08-23T09:16:09.812Z > 200 GET /api/v1/ 55.9ms
INF 2026-08-23T09:16:09.812Z > 200 GET /api/v1/ 57.63ms
INF 2026-08-23T09:16:09.813Z > 200 GET /api/v1/ 56.62ms
INF 2026-08-23T09:16:09.813Z > 200 GET /api/v1/ 58.09ms
INF 2026-08-23T09:16:09.814Z > 200 GET /api/v1/ 92.97ms
INF 2026-08-23T09:16:09.816Z > 200 GET /api/v1/ 64.61ms
INF 2026-08-23T09:16:09.816Z > 200 GET /api/v1/ 65.3ms
INF 2026-08-23T09:16:09.817Z > 200 GET /api/v1/ 65.39ms
INF 2026-08-23T09:16:09.817Z > 200 GET /api/v1/ 52.03ms
INF 2026-08-23T09:16:09.817Z > 200 GET /api/v1/ 66.47ms
INF 2026-08-23T09:16:09.818Z > 200 GET /api/v1/ 50.47ms
INF 2026-08-23T09:16:09.818Z > 200 GET /api/v1/ 53.45ms
INF 2026-08-23T09:16:09.818Z > 200 GET /api/v1/ 53.38ms
INF 2026-08-23T09:16:09.819Z > 200 GET /api/v1/ 37.9ms
INF 2026-08-23T09:16:09.819Z > 200 GET /api/v1/ 53.67ms
INF 2026-08-23T09:16:09.819Z > 200 GET /api/v1/ 56.32ms
INF 2026-08-23T09:16:09.819Z > 200 GET /api/v1/ 88.63ms
INF 2026-08-23T09:16:09.820Z > 200 GET /api/v1/ 61.08ms
INF 2026-08-23T09:16:09.821Z > 200 GET /api/v1/ 61.08ms
INF 2026-08-23T09:16:09.821Z > 200 GET /api/v1/ 65.73ms
INF 2026-08-23T09:16:09.821Z > 200 GET /api/v1/ 62.21ms
INF 2026-08-23T09:16:09.822Z > 200 GET /api/v1/ 62.78ms
INF 2026-08-23T09:16:09.823Z > 200 GET /api/v1/ 64.06ms
gcry: SIGSEGV at 0x7fb1d3b85000 — in a chunk gcry RELEASED — base 0x7fb1d3b7e000, 69632 bytes, large-object release, at collection 13; the write is 28672 bytes into it
Invalid memory access (signal 11) at address 0x7fb1d3b85000
[0x55a8d721ec16] ?? +94183652191254 in ./bin/acikturkiye-gcry
[0x55a8d721e7ef] ?? +94183652190191 in ./bin/acikturkiye-gcry
[0x7fb21be44cb0] ?? +140402948852912 in /usr/lib/libc.so.6
[0x7fb21bfb81f6] ?? +140402950373878 in /usr/lib/libc.so.6
[0x55a8d718bbb3] ?? +94183651589043 in ./bin/acikturkiye-gcry
[0x55a8d718b86c] ?? +94183651588204 in ./bin/acikturkiye-gcry
[0x55a8d723aaac] ?? +94183652305580 in ./bin/acikturkiye-gcry
[0x55a8d72fbc5b] ?? +94183653096539 in ./bin/acikturkiye-gcry
[0x55a8d72f5431] ?? +94183653069873 in ./bin/acikturkiye-gcry
[0x55a8d738eb8e] ?? +94183653698446 in ./bin/acikturkiye-gcry
[0x55a8d738a978] ?? +94183653681528 in ./bin/acikturkiye-gcry
[0x55a8d73895dd] ?? +94183653676509 in ./bin/acikturkiye-gcry
[0x55a8d738ea78] ?? +94183653698168 in ./bin/acikturkiye-gcry
[0x55a8d7383abe] ?? +94183653653182 in ./bin/acikturkiye-gcry
[0x55a8d71a98ed] ?? +94183651711213 in ./bin/acikturkiye-gcry
[0x0] ???
