2026-07-31T08:45:41.248042Z   INFO - kemal: [development] Kemal is ready to lead at http://0.0.0.0:3907
2026-07-31T08:45:42.509343Z  ERROR - kemal: pointer is not a gcry allocation
pointer is not a gcry allocation (ArgumentError)
  from bench/kemal/lib/gcry/src/gcry/heap.cr:253:13 in 'realloc'
  from /usr/share/crystal/src/string/builder.cr:145:5 in '??'
  from bench/kemal/src/server.cr:90:35 in '->'
  from bench/kemal/lib/kemal/src/kemal/route_handler.cr:164:39 in 'call'
  from /usr/share/crystal/src/http/server/handler.cr:30:7 in 'call'
  from /usr/share/crystal/src/http/server/request_processor.cr:58:11 in 'process'
  from /usr/share/crystal/src/http/server.cr:506:5 in '->'
  from /usr/share/crystal/src/fiber.cr:168:11 in 'run'
  from ???

2026-07-31T08:45:42.509343Z  ERROR - kemal: pointer is not a gcry allocation
pointer is not a gcry allocation (ArgumentError)
  from bench/kemal/lib/gcry/src/gcry/heap.cr:253:13 in 'realloc'
  from /usr/share/crystal/src/string/builder.cr:145:5 in '??'
  from bench/kemal/src/server.cr:90:35 in '->'
  from bench/kemal/lib/kemal/src/kemal/route_handler.cr:164:39 in 'call'
  from /usr/share/crystal/src/http/server/handler.cr:30:7 in 'call'
  from /usr/share/crystal/src/http/server/request_processor.cr:58:11 in 'process'
  from /usr/share/crystal/src/http/server.cr:506:5 in '->'
  from /usr/share/crystal/src/fiber.cr:168:11 in 'run'
  from ???

2026-07-31T08:45:43.754724Z  ERROR - kemal: pointer is not a gcry allocation
pointer is not a gcry allocation (ArgumentError)
  from bench/kemal/lib/gcry/src/gcry/heap.cr:253:13 in 'realloc'
  from /usr/share/crystal/src/string/builder.cr:145:5 in '??'
  from bench/kemal/lib/kemal/src/kemal/route_handler.cr:164:39 in 'call'
  from /usr/share/crystal/src/http/server/handler.cr:30:7 in 'call'
  from /usr/share/crystal/src/http/server/request_processor.cr:58:11 in 'process'
  from /usr/share/crystal/src/http/server.cr:506:5 in '->'
  from /usr/share/crystal/src/fiber.cr:168:11 in 'run'
  from ???

2026-07-31T08:45:49.784039Z  ERROR - kemal: pointer is not a gcry allocation
pointer is not a gcry allocation (ArgumentError)
  from bench/kemal/lib/gcry/src/gcry/heap.cr:253:13 in 'realloc'
  from /usr/share/crystal/src/string/builder.cr:145:5 in '??'
  from /usr/share/crystal/src/string/builder.cr:119:11 in '??'
  from /usr/share/crystal/src/json/builder.cr:134:7 in 'string'
  from /usr/share/crystal/src/json/builder.cr:324:5 in '->'
  from bench/kemal/lib/kemal/src/kemal/route_handler.cr:164:39 in 'call'
  from /usr/share/crystal/src/http/server/handler.cr:30:7 in 'call'
  from /usr/share/crystal/src/http/server/request_processor.cr:58:11 in 'process'
  from /usr/share/crystal/src/http/server.cr:506:5 in '->'
  from /usr/share/crystal/src/fiber.cr:168:11 in 'run'
  from ???

2026-07-31T08:45:53.423219Z  ERROR - kemal: pointer is not a gcry allocation
pointer is not a gcry allocation (ArgumentError)
  from bench/kemal/lib/gcry/src/gcry/heap.cr:253:13 in 'realloc'
  from /usr/share/crystal/src/string/builder.cr:145:5 in '??'
  from /usr/share/crystal/src/string/builder.cr:119:11 in '??'
  from /usr/share/crystal/src/json/builder.cr:376:11 in 'start_scalar'
  from /usr/share/crystal/src/json/builder.cr:324:5 in 'string'
  from /usr/share/crystal/src/json/builder.cr:324:5 in '->'
  from bench/kemal/lib/kemal/src/kemal/route_handler.cr:164:39 in 'call'
  from /usr/share/crystal/src/http/server/handler.cr:30:7 in 'call'
  from /usr/share/crystal/src/http/server/request_processor.cr:58:11 in 'process'
  from /usr/share/crystal/src/http/server.cr:506:5 in '->'
  from /usr/share/crystal/src/fiber.cr:168:11 in 'run'
  from ???

2026-07-31T08:45:56.421132Z  ERROR - kemal: pointer is not a gcry allocation
pointer is not a gcry allocation (ArgumentError)
  from bench/kemal/lib/gcry/src/gcry/heap.cr:253:13 in 'realloc'
  from /usr/share/crystal/src/string/builder.cr:145:5 in '??'
  from bench/kemal/src/server.cr:90:35 in '->'
  from bench/kemal/lib/kemal/src/kemal/route_handler.cr:164:39 in 'call'
  from /usr/share/crystal/src/http/server/handler.cr:30:7 in 'call'
  from /usr/share/crystal/src/http/server/request_processor.cr:58:11 in 'process'
  from /usr/share/crystal/src/http/server.cr:506:5 in '->'
  from /usr/share/crystal/src/fiber.cr:168:11 in 'run'
  from ???

2026-07-31T08:45:57.913944Z  ERROR - kemal: pointer is not a gcry allocation
pointer is not a gcry allocation (ArgumentError)
  from bench/kemal/lib/gcry/src/gcry/heap.cr:253:13 in 'realloc'
  from /usr/share/crystal/src/string/builder.cr:145:5 in '??'
  from bench/kemal/src/server.cr:90:35 in '->'
  from bench/kemal/lib/kemal/src/kemal/route_handler.cr:164:39 in 'call'
  from /usr/share/crystal/src/http/server/handler.cr:30:7 in 'call'
  from /usr/share/crystal/src/http/server/request_processor.cr:58:11 in 'process'
  from /usr/share/crystal/src/http/server.cr:506:5 in '->'
  from /usr/share/crystal/src/fiber.cr:168:11 in 'run'
  from ???

2026-07-31T08:45:57.913945Z  ERROR - kemal: pointer is not a gcry allocation
pointer is not a gcry allocation (ArgumentError)
  from bench/kemal/lib/gcry/src/gcry/heap.cr:253:13 in 'realloc'
  from /usr/share/crystal/src/string/builder.cr:145:5 in '??'
  from /usr/share/crystal/src/string/builder.cr:119:11 in '??'
  from /usr/share/crystal/src/json/builder.cr:134:7 in 'string'
  from bench/kemal/src/server.cr:91:34 in '->'
  from bench/kemal/lib/kemal/src/kemal/route_handler.cr:164:39 in 'call'
  from /usr/share/crystal/src/http/server/handler.cr:30:7 in 'call'
  from /usr/share/crystal/src/http/server/request_processor.cr:58:11 in 'process'
  from /usr/share/crystal/src/http/server.cr:506:5 in '->'
  from /usr/share/crystal/src/fiber.cr:168:11 in 'run'
  from ???

