=== Session /home/uchiha/playground/gcry/bench/log/linux/2026-08-02-151303 (COUNT=1 GC=boehm gcry) ===
=== Build mode: release (--release) ===
=== Build kemal binaries (release, GC=boehm gcry) ===
  crystal build flags: --release
I: Resolving dependencies
I: Fetching https://github.com/kemalcr/kemal.git
I: Fetching https://github.com/luislavena/radix.git
I: Fetching https://github.com/crystal-loot/exception_page.git
I: Fetching https://github.com/sija/backtracer.cr.git
W: Shard "gcry" version (0.17.0) doesn't match tag version (0.1.0)
I: Using radix (0.4.1)
I: Using backtracer (1.2.4)
I: Using exception_page (0.5.0)
I: Using kemal (1.12.0)
I: Using gcry (0.1.0 at ../..)
  kemal-gcry   kemal-boehm (cached)

══════════════════════════════════════════════
  RUN 1/1  →  /home/uchiha/playground/gcry/bench/log/linux/2026-08-02-151303/run-01
══════════════════════════════════════════════
  metadata.yaml written (/home/uchiha/playground/gcry/bench/log/linux/2026-08-02-151303/run-01)

╔══════════════════════════════════════════════╗
║  Kemal median-of-3  (run 1/1)  ║
╚══════════════════════════════════════════════╝
  kemal run=1 trial=1 path=/ tag=boehm ... 98544.91 req/s
  kemal run=1 trial=1 path=/ tag=gcry ... 107779.36 req/s
  kemal run=1 trial=1 path=/json tag=boehm ... 92160.31 req/s
  kemal run=1 trial=1 path=/json tag=gcry ... 63609.97 req/s
  kemal run=1 trial=2 path=/ tag=boehm ... 101288.35 req/s
  kemal run=1 trial=2 path=/ tag=gcry ... 109729.04 req/s
  kemal run=1 trial=2 path=/json tag=boehm ... 91378.09 req/s
  kemal run=1 trial=2 path=/json tag=gcry ... 63081.45 req/s
  kemal run=1 trial=3 path=/ tag=boehm ... 100047.31 req/s
  kemal run=1 trial=3 path=/ tag=gcry ... 105584.63 req/s
  kemal run=1 trial=3 path=/json tag=boehm ... 92393.06 req/s
  kemal run=1 trial=3 path=/json tag=gcry ... 63360.53 req/s
Wrote /home/uchiha/playground/gcry/bench/log/linux/2026-08-02-151303/run-01/kemal-summary.md
Kemal median-of-3

| Path | Boehm req/s (med) | gcry req/s (med) | % Boehm | Boehm RSS (KiB) | gcry RSS (KiB) | RSS × |
|------|------------------:|-----------------:|-------:|----------------:|---------------:|------:|
| `/` | 100,047 | 107,779 | **107.7%** | 15,780 | 62,208 | **3.94×** |
| `/json` | 92,160 | 63,361 | **68.8%** | 15,788 | 51,892 | **3.29×** |


╔══════════════════════════════════════════════╗
║              ALL DONE                        ║
╚══════════════════════════════════════════════╝
  Build: release (--release)
  GC: boehm gcry
  EC_PARALLELISM: 4
  COUNT: 1
  Session: /home/uchiha/playground/gcry/bench/log/linux/2026-08-02-151303/
total 4.0K
drwxr-xr-x 2 uchiha uchiha 4.0K Aug  2 18:20 run-01
  --- run-01 ---
total 36K
-rw-r--r-- 1 uchiha uchiha 2.2K Aug  2 18:15 kemal-gcry-gcstats-_-t1.json
-rw-r--r-- 1 uchiha uchiha 2.2K Aug  2 18:17 kemal-gcry-gcstats-_-t2.json
-rw-r--r-- 1 uchiha uchiha 2.2K Aug  2 18:19 kemal-gcry-gcstats-_-t3.json
-rw-r--r-- 1 uchiha uchiha 2.2K Aug  2 18:16 kemal-gcry-gcstats-_json-t1.json
-rw-r--r-- 1 uchiha uchiha 2.2K Aug  2 18:18 kemal-gcry-gcstats-_json-t2.json
-rw-r--r-- 1 uchiha uchiha 2.2K Aug  2 18:20 kemal-gcry-gcstats-_json-t3.json
-rw-r--r-- 1 uchiha uchiha  350 Aug  2 18:20 kemal-median.tsv
-rw-r--r-- 1 uchiha uchiha  367 Aug  2 18:20 kemal-summary.md
-rw-r--r-- 1 uchiha uchiha  625 Aug  2 18:14 metadata.yaml
