gcry: GCRY_PRECISE_STACK=2 exclusive — research only; incomplete maps can UAF
gcry: GCRY_PRECISE_FIBERS=1 — parked full scan off; research
INF 2026-08-03T17:48:22.917Z > Connecting to postgresql://REDACTED:REDACTED@172.24.176.1:5432/acikturkiye_demo
| event = db_connect
INF 2026-08-03T17:48:22.940Z > [demo] Açık Türkiye is ready to lead at http://0.0.0.0:3820
INF 2026-08-03T17:48:23.062Z > 200 GET /api/v1/ 27.06ms
INF 2026-08-03T17:48:23.137Z > 200 GET /api/v1/ 41.2ms
INF 2026-08-03T17:48:23.145Z > 200 GET /api/v1/ 7.41ms
INF 2026-08-03T17:48:23.190Z > 200 GET /api/v1/ 93.0ms
INF 2026-08-03T17:48:23.197Z > 200 GET /api/v1/ 7.23ms
INF 2026-08-03T17:48:23.200Z > 200 GET /api/v1/ 103.1ms
INF 2026-08-03T17:48:23.216Z > 200 GET /api/v1/ 16.42ms
INF 2026-08-03T17:48:23.268Z > 200 GET /api/v1/ 170.83ms
INF 2026-08-03T17:48:23.274Z > 200 GET /api/v1/ 176.48ms
INF 2026-08-03T17:48:23.302Z > 200 GET /api/v1/ 204.85ms
INF 2026-08-03T17:48:23.304Z > 200 GET /api/v1/ 206.49ms
INF 2026-08-03T17:48:23.305Z > 200 GET /api/v1/ 207.92ms
INF 2026-08-03T17:48:23.312Z > 200 GET /api/v1/ 38.13ms
INF 2026-08-03T17:48:23.414Z > 200 GET /api/v1/ 109.69ms
INF 2026-08-03T17:48:23.416Z > 200 GET /api/v1/ 109.41ms
INF 2026-08-03T17:48:23.423Z > 200 GET /api/v1/ 319.82ms
INF 2026-08-03T17:48:23.427Z > 200 GET /api/v1/ 324.82ms
INF 2026-08-03T17:48:23.432Z > 200 GET /api/v1/ 332.23ms
INF 2026-08-03T17:48:23.433Z > 200 GET /api/v1/ 332.21ms
INF 2026-08-03T17:48:23.433Z > 200 GET /api/v1/ 336.25ms
INF 2026-08-03T17:48:23.435Z > 200 GET /api/v1/ 8.07ms
INF 2026-08-03T17:48:23.454Z > 200 GET /api/v1/ 354.37ms
INF 2026-08-03T17:48:23.455Z > 200 GET /api/v1/ 21.87ms
INF 2026-08-03T17:48:23.458Z > 200 GET /api/v1/ 356.04ms
INF 2026-08-03T17:48:23.563Z > 200 GET /api/v1/ 107.88ms
INF 2026-08-03T17:48:23.678Z > 200 GET /api/v1/ 219.73ms
INF 2026-08-03T17:48:23.701Z > 200 GET /api/v1/ 603.48ms
INF 2026-08-03T17:48:23.753Z > 200 GET /api/v1/ 52.01ms
INF 2026-08-03T17:48:23.834Z > 200 GET /api/v1/ 726.68ms
INF 2026-08-03T17:48:23.871Z > 200 GET /api/v1/ 765.01ms
INF 2026-08-03T17:48:23.905Z > 200 GET /api/v1/ 793.34ms
INF 2026-08-03T17:48:23.922Z > 200 GET /api/v1/ 811.18ms
INF 2026-08-03T17:48:23.922Z > 200 GET /api/v1/ 488.8ms
INF 2026-08-03T17:48:23.923Z > 200 GET /api/v1/ 815.24ms
INF 2026-08-03T17:48:23.923Z > 200 GET /api/v1/ 812.76ms
INF 2026-08-03T17:48:23.924Z > 200 GET /api/v1/ 814.16ms
INF 2026-08-03T17:48:23.924Z > 200 GET /api/v1/ 655.24ms
INF 2026-08-03T17:48:23.931Z > 200 GET /api/v1/ 661.71ms
INF 2026-08-03T17:48:23.932Z > 200 GET /api/v1/ 743.53ms
INF 2026-08-03T17:48:23.948Z > 200 GET /api/v1/ 515.1ms
INF 2026-08-03T17:48:23.949Z > 200 GET /api/v1/ 847.85ms
INF 2026-08-03T17:48:23.949Z > 200 GET /api/v1/ 840.0ms
INF 2026-08-03T17:48:23.950Z > 200 GET /api/v1/ 680.67ms
INF 2026-08-03T17:48:23.968Z > 200 GET /api/v1/ 863.36ms
INF 2026-08-03T17:48:23.970Z > 200 GET /api/v1/ 856.93ms
INF 2026-08-03T17:48:24.008Z > 200 GET /api/v1/ 584.57ms
INF 2026-08-03T17:48:24.009Z > 200 GET /api/v1/ 903.78ms
INF 2026-08-03T17:48:24.074Z > 200 GET /api/v1/ 510.98ms
INF 2026-08-03T17:48:24.075Z > 200 GET /api/v1/ 772.72ms
INF 2026-08-03T17:48:24.076Z > 200 GET /api/v1/ 143.85ms
