=== Session /home/uchiha/playground/gcry/bench/log/linux/2026-08-01-105726 (COUNT=1 GC=boehm gcry) ===
=== Build mode: release (--release) ===
=== Build kemal binaries (release, GC=boehm gcry) ===
  crystal build flags: --release
I: Resolving dependencies
I: Fetching https://github.com/kemalcr/kemal.git
I: Fetching https://github.com/luislavena/radix.git
I: Fetching https://github.com/crystal-loot/exception_page.git
I: Fetching https://github.com/sija/backtracer.cr.git
W: Shard "gcry" version (0.16.0) doesn't match tag version (0.1.0)
I: Using radix (0.4.1)
I: Using backtracer (1.2.4)
I: Using exception_page (0.5.0)
I: Using kemal (1.12.0)
I: Using gcry (0.1.0 at ../..)
  kemal-gcry   kemal-boehm (cached)

══════════════════════════════════════════════
  RUN 1/1  →  /home/uchiha/playground/gcry/bench/log/linux/2026-08-01-105726/run-01
══════════════════════════════════════════════
  metadata.yaml written (/home/uchiha/playground/gcry/bench/log/linux/2026-08-01-105726/run-01)

╔══════════════════════════════════════════════╗
║  Kemal median-of-3  (run 1/1)  ║
╚══════════════════════════════════════════════╝
  kemal run=1 trial=1 path=/ tag=boehm ... 101333.49 req/s
  kemal run=1 trial=1 path=/ tag=gcry ... 93143.04 req/s
  kemal run=1 trial=1 path=/json tag=boehm ... 71946.13 req/s
  kemal run=1 trial=1 path=/json tag=gcry ... 63137.69 req/s
  kemal run=1 trial=2 path=/ tag=boehm ... 99386.04 req/s
  kemal run=1 trial=2 path=/ tag=gcry ... 99914.29 req/s
  kemal run=1 trial=2 path=/json tag=boehm ... 89485.12 req/s
  kemal run=1 trial=2 path=/json tag=gcry ... 60508.06 req/s
  kemal run=1 trial=3 path=/ tag=boehm ... 94403.28 req/s
  kemal run=1 trial=3 path=/ tag=gcry ... 99638.08 req/s
  kemal run=1 trial=3 path=/json tag=boehm ... 87385.98 req/s
  kemal run=1 trial=3 path=/json tag=gcry ... 59579.68 req/s
Wrote /home/uchiha/playground/gcry/bench/log/linux/2026-08-01-105726/run-01/kemal-summary.md
Kemal median-of-3

| Path | Boehm req/s (med) | gcry req/s (med) | % Boehm | Boehm RSS (KiB) | gcry RSS (KiB) | RSS × |
|------|------------------:|-----------------:|-------:|----------------:|---------------:|------:|
| `/` | 99,386 | 99,638 | **100.3%** | 15,732 | 98,776 | **6.28×** |
| `/json` | 87,386 | 60,508 | **69.2%** | 15,792 | 91,688 | **5.81×** |


╔══════════════════════════════════════════════╗
║              ALL DONE                        ║
╚══════════════════════════════════════════════╝
  Build: release (--release)
  GC: boehm gcry
  EC_PARALLELISM: 4
  COUNT: 1
  Session: /home/uchiha/playground/gcry/bench/log/linux/2026-08-01-105726/
total 4.0K
drwxr-xr-x 2 uchiha uchiha 4.0K Aug  1 14:03 run-01
  --- run-01 ---
total 36K
-rw-r--r-- 1 uchiha uchiha 2.1K Aug  1 13:58 kemal-gcry-gcstats-_-t1.json
-rw-r--r-- 1 uchiha uchiha 2.1K Aug  1 14:00 kemal-gcry-gcstats-_-t2.json
-rw-r--r-- 1 uchiha uchiha 2.1K Aug  1 14:02 kemal-gcry-gcstats-_-t3.json
-rw-r--r-- 1 uchiha uchiha 2.1K Aug  1 13:59 kemal-gcry-gcstats-_json-t1.json
-rw-r--r-- 1 uchiha uchiha 2.1K Aug  1 14:01 kemal-gcry-gcstats-_json-t2.json
-rw-r--r-- 1 uchiha uchiha 2.1K Aug  1 14:03 kemal-gcry-gcstats-_json-t3.json
-rw-r--r-- 1 uchiha uchiha  348 Aug  1 14:03 kemal-median.tsv
-rw-r--r-- 1 uchiha uchiha  365 Aug  1 14:03 kemal-summary.md
-rw-r--r-- 1 uchiha uchiha  636 Aug  1 13:57 metadata.yaml
