=== Session /home/uchiha/playground/gcry/bench/log/linux/2026-08-01-100405 (COUNT=1 GC=boehm gcry) ===
=== Build mode: release (--release) ===
=== Build kemal binaries (release, GC=boehm gcry) ===
  crystal build flags: --release
I: Resolving dependencies
I: Fetching https://github.com/kemalcr/kemal.git
I: Fetching https://github.com/luislavena/radix.git
I: Fetching https://github.com/crystal-loot/exception_page.git
I: Fetching https://github.com/sija/backtracer.cr.git
W: Shard "gcry" version (0.16.0) doesn't match tag version (0.1.0)
I: Using radix (0.4.1)
I: Using backtracer (1.2.4)
I: Using exception_page (0.5.0)
I: Using kemal (1.12.0)
I: Using gcry (0.1.0 at ../..)
  kemal-gcry   kemal-boehm (cached)

══════════════════════════════════════════════
  RUN 1/1  →  /home/uchiha/playground/gcry/bench/log/linux/2026-08-01-100405/run-01
══════════════════════════════════════════════
  metadata.yaml written (/home/uchiha/playground/gcry/bench/log/linux/2026-08-01-100405/run-01)

╔══════════════════════════════════════════════╗
║  Kemal median-of-3  (run 1/1)  ║
╚══════════════════════════════════════════════╝
  kemal run=1 trial=1 path=/ tag=boehm ... 97964.31 req/s
  kemal run=1 trial=1 path=/ tag=gcry ... 104086.68 req/s
  kemal run=1 trial=1 path=/json tag=boehm ... 86163.40 req/s
  kemal run=1 trial=1 path=/json tag=gcry ... 65877.19 req/s
  kemal run=1 trial=2 path=/ tag=boehm ... 100626.69 req/s
  kemal run=1 trial=2 path=/ tag=gcry ... 107623.94 req/s
  kemal run=1 trial=2 path=/json tag=boehm ... 86980.58 req/s
  kemal run=1 trial=2 path=/json tag=gcry ... 68261.05 req/s
  kemal run=1 trial=3 path=/ tag=boehm ... 98968.74 req/s
  kemal run=1 trial=3 path=/ tag=gcry ... 97467.00 req/s
  kemal run=1 trial=3 path=/json tag=boehm ... 89080.10 req/s
  kemal run=1 trial=3 path=/json tag=gcry ... 66629.31 req/s
Wrote /home/uchiha/playground/gcry/bench/log/linux/2026-08-01-100405/run-01/kemal-summary.md
Kemal median-of-3

| Path | Boehm req/s (med) | gcry req/s (med) | % Boehm | Boehm RSS (KiB) | gcry RSS (KiB) | RSS × |
|------|------------------:|-----------------:|-------:|----------------:|---------------:|------:|
| `/` | 98,969 | 104,087 | **105.2%** | 16,752 | 98,328 | **5.87×** |
| `/json` | 86,981 | 66,629 | **76.6%** | 15,776 | 91,512 | **5.80×** |


╔══════════════════════════════════════════════╗
║              ALL DONE                        ║
╚══════════════════════════════════════════════╝
  Build: release (--release)
  GC: boehm gcry
  EC_PARALLELISM: 4
  COUNT: 1
  Session: /home/uchiha/playground/gcry/bench/log/linux/2026-08-01-100405/
total 4.0K
drwxr-xr-x 2 uchiha uchiha 4.0K Aug  1 13:10 run-01
  --- run-01 ---
total 36K
-rw-r--r-- 1 uchiha uchiha 2.1K Aug  1 13:05 kemal-gcry-gcstats-_-t1.json
-rw-r--r-- 1 uchiha uchiha 2.1K Aug  1 13:07 kemal-gcry-gcstats-_-t2.json
-rw-r--r-- 1 uchiha uchiha 2.1K Aug  1 13:09 kemal-gcry-gcstats-_-t3.json
-rw-r--r-- 1 uchiha uchiha 2.1K Aug  1 13:06 kemal-gcry-gcstats-_json-t1.json
-rw-r--r-- 1 uchiha uchiha 2.1K Aug  1 13:08 kemal-gcry-gcstats-_json-t2.json
-rw-r--r-- 1 uchiha uchiha 2.1K Aug  1 13:10 kemal-gcry-gcstats-_json-t3.json
-rw-r--r-- 1 uchiha uchiha  349 Aug  1 13:10 kemal-median.tsv
-rw-r--r-- 1 uchiha uchiha  366 Aug  1 13:10 kemal-summary.md
-rw-r--r-- 1 uchiha uchiha  636 Aug  1 13:04 metadata.yaml
