# run 1 of 6
{"host_tier":"avx512","passes":30}
{"bench":"sweep_words/l2","tier":"scalar","words":32768,"passes":30,"gb_per_s":10.37,"ns_per_word":1.5425}
{"bench":"popcount_words/l2","tier":"scalar","words":32768,"passes":30,"gb_per_s":11.07,"ns_per_word":0.7224}
{"bench":"all_zero/l2","tier":"scalar","words":32768,"passes":30,"gb_per_s":64.56,"ns_per_word":0.1239}
{"bench":"range_any_miss/l2","tier":"scalar","words":32768,"passes":30,"gb_per_s":22.61,"ns_per_word":0.3538}
{"bench":"sweep_words/l2","tier":"avx2","words":32768,"passes":30,"gb_per_s":33.13,"ns_per_word":0.4829}
{"bench":"popcount_words/l2","tier":"avx2","words":32768,"passes":30,"gb_per_s":41.47,"ns_per_word":0.1929}
{"bench":"all_zero/l2","tier":"avx2","words":32768,"passes":30,"gb_per_s":136.16,"ns_per_word":0.0588}
{"bench":"range_any_miss/l2","tier":"avx2","words":32768,"passes":30,"gb_per_s":93.96,"ns_per_word":0.0851}
{"bench":"sweep_words/l2","tier":"avx512","words":32768,"passes":30,"gb_per_s":92.1,"ns_per_word":0.1737}
{"bench":"popcount_words/l2","tier":"avx512","words":32768,"passes":30,"gb_per_s":115.39,"ns_per_word":0.0693}
{"bench":"all_zero/l2","tier":"avx512","words":32768,"passes":30,"gb_per_s":153.82,"ns_per_word":0.052}
{"bench":"range_any_miss/l2","tier":"avx512","words":32768,"passes":30,"gb_per_s":150.98,"ns_per_word":0.053}
{"bench":"sweep_words/dram","tier":"scalar","words":8388608,"passes":30,"gb_per_s":10.49,"ns_per_word":1.5259}
{"bench":"popcount_words/dram","tier":"scalar","words":8388608,"passes":30,"gb_per_s":12.75,"ns_per_word":0.6275}
{"bench":"all_zero/dram","tier":"scalar","words":8388608,"passes":30,"gb_per_s":28.23,"ns_per_word":0.2834}
{"bench":"range_any_miss/dram","tier":"scalar","words":8388608,"passes":30,"gb_per_s":20.68,"ns_per_word":0.3869}
{"bench":"sweep_words/dram","tier":"avx2","words":8388608,"passes":30,"gb_per_s":26.67,"ns_per_word":0.5999}
{"bench":"popcount_words/dram","tier":"avx2","words":8388608,"passes":30,"gb_per_s":38.65,"ns_per_word":0.207}
{"bench":"all_zero/dram","tier":"avx2","words":8388608,"passes":30,"gb_per_s":44.14,"ns_per_word":0.1812}
{"bench":"range_any_miss/dram","tier":"avx2","words":8388608,"passes":30,"gb_per_s":42.84,"ns_per_word":0.1868}
{"bench":"sweep_words/dram","tier":"avx512","words":8388608,"passes":30,"gb_per_s":29.77,"ns_per_word":0.5375}
{"bench":"popcount_words/dram","tier":"avx512","words":8388608,"passes":30,"gb_per_s":44.17,"ns_per_word":0.1811}
{"bench":"all_zero/dram","tier":"avx512","words":8388608,"passes":30,"gb_per_s":45.25,"ns_per_word":0.1768}
{"bench":"range_any_miss/dram","tier":"avx512","words":8388608,"passes":30,"gb_per_s":44.3,"ns_per_word":0.1806}
{"sink":16708019726}

# run 2 of 6
{"host_tier":"avx512","passes":30}
{"bench":"sweep_words/l2","tier":"scalar","words":32768,"passes":30,"gb_per_s":7.66,"ns_per_word":2.0894}
{"bench":"popcount_words/l2","tier":"scalar","words":32768,"passes":30,"gb_per_s":8.19,"ns_per_word":0.9763}
{"bench":"all_zero/l2","tier":"scalar","words":32768,"passes":30,"gb_per_s":55.08,"ns_per_word":0.1452}
{"bench":"range_any_miss/l2","tier":"scalar","words":32768,"passes":30,"gb_per_s":15.27,"ns_per_word":0.5238}
{"bench":"sweep_words/l2","tier":"avx2","words":32768,"passes":30,"gb_per_s":22.78,"ns_per_word":0.7023}
{"bench":"popcount_words/l2","tier":"avx2","words":32768,"passes":30,"gb_per_s":26.93,"ns_per_word":0.2971}
{"bench":"all_zero/l2","tier":"avx2","words":32768,"passes":30,"gb_per_s":90.24,"ns_per_word":0.0886}
{"bench":"range_any_miss/l2","tier":"avx2","words":32768,"passes":30,"gb_per_s":40.3,"ns_per_word":0.1985}
{"bench":"sweep_words/l2","tier":"avx512","words":32768,"passes":30,"gb_per_s":57.31,"ns_per_word":0.2792}
{"bench":"popcount_words/l2","tier":"avx512","words":32768,"passes":30,"gb_per_s":82.76,"ns_per_word":0.0967}
{"bench":"all_zero/l2","tier":"avx512","words":32768,"passes":30,"gb_per_s":89.14,"ns_per_word":0.0898}
{"bench":"range_any_miss/l2","tier":"avx512","words":32768,"passes":30,"gb_per_s":86.75,"ns_per_word":0.0922}
{"bench":"sweep_words/dram","tier":"scalar","words":8388608,"passes":30,"gb_per_s":8.96,"ns_per_word":1.7864}
{"bench":"popcount_words/dram","tier":"scalar","words":8388608,"passes":30,"gb_per_s":11.46,"ns_per_word":0.6979}
{"bench":"all_zero/dram","tier":"scalar","words":8388608,"passes":30,"gb_per_s":28.13,"ns_per_word":0.2844}
{"bench":"range_any_miss/dram","tier":"scalar","words":8388608,"passes":30,"gb_per_s":15.45,"ns_per_word":0.5176}
{"bench":"sweep_words/dram","tier":"avx2","words":8388608,"passes":30,"gb_per_s":18.22,"ns_per_word":0.8781}
{"bench":"popcount_words/dram","tier":"avx2","words":8388608,"passes":30,"gb_per_s":24.83,"ns_per_word":0.3222}
{"bench":"all_zero/dram","tier":"avx2","words":8388608,"passes":30,"gb_per_s":23.08,"ns_per_word":0.3467}
{"bench":"range_any_miss/dram","tier":"avx2","words":8388608,"passes":30,"gb_per_s":27.59,"ns_per_word":0.29}
{"bench":"sweep_words/dram","tier":"avx512","words":8388608,"passes":30,"gb_per_s":24.4,"ns_per_word":0.6557}
{"bench":"popcount_words/dram","tier":"avx512","words":8388608,"passes":30,"gb_per_s":29.69,"ns_per_word":0.2694}
{"bench":"all_zero/dram","tier":"avx512","words":8388608,"passes":30,"gb_per_s":31.68,"ns_per_word":0.2525}
{"bench":"range_any_miss/dram","tier":"avx512","words":8388608,"passes":30,"gb_per_s":29.51,"ns_per_word":0.2711}
{"sink":16708019726}

# run 3 of 6
{"host_tier":"avx512","passes":30}
{"bench":"sweep_words/l2","tier":"scalar","words":32768,"passes":30,"gb_per_s":11.68,"ns_per_word":1.3702}
{"bench":"popcount_words/l2","tier":"scalar","words":32768,"passes":30,"gb_per_s":12.19,"ns_per_word":0.6561}
{"bench":"all_zero/l2","tier":"scalar","words":32768,"passes":30,"gb_per_s":90.34,"ns_per_word":0.0886}
{"bench":"range_any_miss/l2","tier":"scalar","words":32768,"passes":30,"gb_per_s":25.44,"ns_per_word":0.3145}
{"bench":"sweep_words/l2","tier":"avx2","words":32768,"passes":30,"gb_per_s":38.0,"ns_per_word":0.421}
{"bench":"popcount_words/l2","tier":"avx2","words":32768,"passes":30,"gb_per_s":46.61,"ns_per_word":0.1716}
{"bench":"all_zero/l2","tier":"avx2","words":32768,"passes":30,"gb_per_s":150.23,"ns_per_word":0.0533}
{"bench":"range_any_miss/l2","tier":"avx2","words":32768,"passes":30,"gb_per_s":105.6,"ns_per_word":0.0758}
{"bench":"sweep_words/l2","tier":"avx512","words":32768,"passes":30,"gb_per_s":107.68,"ns_per_word":0.1486}
{"bench":"popcount_words/l2","tier":"avx512","words":32768,"passes":30,"gb_per_s":130.11,"ns_per_word":0.0615}
{"bench":"all_zero/l2","tier":"avx512","words":32768,"passes":30,"gb_per_s":174.05,"ns_per_word":0.046}
{"bench":"range_any_miss/l2","tier":"avx512","words":32768,"passes":30,"gb_per_s":168.24,"ns_per_word":0.0476}
{"bench":"sweep_words/dram","tier":"scalar","words":8388608,"passes":30,"gb_per_s":11.01,"ns_per_word":1.4538}
{"bench":"popcount_words/dram","tier":"scalar","words":8388608,"passes":30,"gb_per_s":12.15,"ns_per_word":0.6585}
{"bench":"all_zero/dram","tier":"scalar","words":8388608,"passes":30,"gb_per_s":25.9,"ns_per_word":0.3089}
{"bench":"range_any_miss/dram","tier":"scalar","words":8388608,"passes":30,"gb_per_s":20.86,"ns_per_word":0.3836}
{"bench":"sweep_words/dram","tier":"avx2","words":8388608,"passes":30,"gb_per_s":18.37,"ns_per_word":0.8709}
{"bench":"popcount_words/dram","tier":"avx2","words":8388608,"passes":30,"gb_per_s":26.24,"ns_per_word":0.3048}
{"bench":"all_zero/dram","tier":"avx2","words":8388608,"passes":30,"gb_per_s":29.37,"ns_per_word":0.2724}
{"bench":"range_any_miss/dram","tier":"avx2","words":8388608,"passes":30,"gb_per_s":27.91,"ns_per_word":0.2866}
{"bench":"sweep_words/dram","tier":"avx512","words":8388608,"passes":30,"gb_per_s":20.39,"ns_per_word":0.7846}
{"bench":"popcount_words/dram","tier":"avx512","words":8388608,"passes":30,"gb_per_s":25.92,"ns_per_word":0.3087}
{"bench":"all_zero/dram","tier":"avx512","words":8388608,"passes":30,"gb_per_s":23.28,"ns_per_word":0.3436}
{"bench":"range_any_miss/dram","tier":"avx512","words":8388608,"passes":30,"gb_per_s":25.35,"ns_per_word":0.3156}
{"sink":16708019726}

# run 4 of 6
{"host_tier":"avx512","passes":30}
{"bench":"sweep_words/l2","tier":"scalar","words":32768,"passes":30,"gb_per_s":12.09,"ns_per_word":1.3234}
{"bench":"popcount_words/l2","tier":"scalar","words":32768,"passes":30,"gb_per_s":12.72,"ns_per_word":0.6288}
{"bench":"all_zero/l2","tier":"scalar","words":32768,"passes":30,"gb_per_s":93.08,"ns_per_word":0.0859}
{"bench":"range_any_miss/l2","tier":"scalar","words":32768,"passes":30,"gb_per_s":26.14,"ns_per_word":0.306}
{"bench":"sweep_words/l2","tier":"avx2","words":32768,"passes":30,"gb_per_s":38.55,"ns_per_word":0.415}
{"bench":"popcount_words/l2","tier":"avx2","words":32768,"passes":30,"gb_per_s":47.66,"ns_per_word":0.1679}
{"bench":"all_zero/l2","tier":"avx2","words":32768,"passes":30,"gb_per_s":164.08,"ns_per_word":0.0488}
{"bench":"range_any_miss/l2","tier":"avx2","words":32768,"passes":30,"gb_per_s":108.34,"ns_per_word":0.0738}
{"bench":"sweep_words/l2","tier":"avx512","words":32768,"passes":30,"gb_per_s":112.42,"ns_per_word":0.1423}
{"bench":"popcount_words/l2","tier":"avx512","words":32768,"passes":30,"gb_per_s":131.92,"ns_per_word":0.0606}
{"bench":"all_zero/l2","tier":"avx512","words":32768,"passes":30,"gb_per_s":176.75,"ns_per_word":0.0453}
{"bench":"range_any_miss/l2","tier":"avx512","words":32768,"passes":30,"gb_per_s":173.31,"ns_per_word":0.0462}
{"bench":"sweep_words/dram","tier":"scalar","words":8388608,"passes":30,"gb_per_s":10.51,"ns_per_word":1.5221}
{"bench":"popcount_words/dram","tier":"scalar","words":8388608,"passes":30,"gb_per_s":11.83,"ns_per_word":0.6762}
{"bench":"all_zero/dram","tier":"scalar","words":8388608,"passes":30,"gb_per_s":28.16,"ns_per_word":0.284}
{"bench":"range_any_miss/dram","tier":"scalar","words":8388608,"passes":30,"gb_per_s":19.25,"ns_per_word":0.4156}
{"bench":"sweep_words/dram","tier":"avx2","words":8388608,"passes":30,"gb_per_s":19.37,"ns_per_word":0.8262}
{"bench":"popcount_words/dram","tier":"avx2","words":8388608,"passes":30,"gb_per_s":19.17,"ns_per_word":0.4173}
{"bench":"all_zero/dram","tier":"avx2","words":8388608,"passes":30,"gb_per_s":19.77,"ns_per_word":0.4047}
{"bench":"range_any_miss/dram","tier":"avx2","words":8388608,"passes":30,"gb_per_s":23.38,"ns_per_word":0.3422}
{"bench":"sweep_words/dram","tier":"avx512","words":8388608,"passes":30,"gb_per_s":20.75,"ns_per_word":0.7711}
{"bench":"popcount_words/dram","tier":"avx512","words":8388608,"passes":30,"gb_per_s":28.29,"ns_per_word":0.2828}
{"bench":"all_zero/dram","tier":"avx512","words":8388608,"passes":30,"gb_per_s":28.99,"ns_per_word":0.2759}
{"bench":"range_any_miss/dram","tier":"avx512","words":8388608,"passes":30,"gb_per_s":29.38,"ns_per_word":0.2723}
{"sink":16708019726}

# run 5 of 6
{"host_tier":"avx512","passes":30}
{"bench":"sweep_words/l2","tier":"scalar","words":32768,"passes":30,"gb_per_s":11.95,"ns_per_word":1.3394}
{"bench":"popcount_words/l2","tier":"scalar","words":32768,"passes":30,"gb_per_s":15.72,"ns_per_word":0.5088}
{"bench":"all_zero/l2","tier":"scalar","words":32768,"passes":30,"gb_per_s":116.65,"ns_per_word":0.0686}
{"bench":"range_any_miss/l2","tier":"scalar","words":32768,"passes":30,"gb_per_s":30.76,"ns_per_word":0.2601}
{"bench":"sweep_words/l2","tier":"avx2","words":32768,"passes":30,"gb_per_s":48.23,"ns_per_word":0.3318}
{"bench":"popcount_words/l2","tier":"avx2","words":32768,"passes":30,"gb_per_s":59.32,"ns_per_word":0.1349}
{"bench":"all_zero/l2","tier":"avx2","words":32768,"passes":30,"gb_per_s":194.05,"ns_per_word":0.0412}
{"bench":"range_any_miss/l2","tier":"avx2","words":32768,"passes":30,"gb_per_s":134.78,"ns_per_word":0.0594}
{"bench":"sweep_words/l2","tier":"avx512","words":32768,"passes":30,"gb_per_s":129.27,"ns_per_word":0.1238}
{"bench":"popcount_words/l2","tier":"avx512","words":32768,"passes":30,"gb_per_s":164.18,"ns_per_word":0.0487}
{"bench":"all_zero/l2","tier":"avx512","words":32768,"passes":30,"gb_per_s":174.67,"ns_per_word":0.0458}
{"bench":"range_any_miss/l2","tier":"avx512","words":32768,"passes":30,"gb_per_s":174.74,"ns_per_word":0.0458}
{"bench":"sweep_words/dram","tier":"scalar","words":8388608,"passes":30,"gb_per_s":9.47,"ns_per_word":1.6894}
{"bench":"popcount_words/dram","tier":"scalar","words":8388608,"passes":30,"gb_per_s":10.02,"ns_per_word":0.7981}
{"bench":"all_zero/dram","tier":"scalar","words":8388608,"passes":30,"gb_per_s":21.93,"ns_per_word":0.3647}
{"bench":"range_any_miss/dram","tier":"scalar","words":8388608,"passes":30,"gb_per_s":17.42,"ns_per_word":0.4593}
{"bench":"sweep_words/dram","tier":"avx2","words":8388608,"passes":30,"gb_per_s":19.34,"ns_per_word":0.8272}
{"bench":"popcount_words/dram","tier":"avx2","words":8388608,"passes":30,"gb_per_s":22.72,"ns_per_word":0.3521}
{"bench":"all_zero/dram","tier":"avx2","words":8388608,"passes":30,"gb_per_s":26.39,"ns_per_word":0.3032}
{"bench":"range_any_miss/dram","tier":"avx2","words":8388608,"passes":30,"gb_per_s":28.04,"ns_per_word":0.2853}
{"bench":"sweep_words/dram","tier":"avx512","words":8388608,"passes":30,"gb_per_s":21.89,"ns_per_word":0.731}
{"bench":"popcount_words/dram","tier":"avx512","words":8388608,"passes":30,"gb_per_s":32.62,"ns_per_word":0.2452}
{"bench":"all_zero/dram","tier":"avx512","words":8388608,"passes":30,"gb_per_s":33.18,"ns_per_word":0.2411}
{"bench":"range_any_miss/dram","tier":"avx512","words":8388608,"passes":30,"gb_per_s":34.54,"ns_per_word":0.2316}
{"sink":16708019726}

# run 6 of 6
{"host_tier":"avx512","passes":30}
{"bench":"sweep_words/l2","tier":"scalar","words":32768,"passes":30,"gb_per_s":12.3,"ns_per_word":1.3008}
{"bench":"popcount_words/l2","tier":"scalar","words":32768,"passes":30,"gb_per_s":13.13,"ns_per_word":0.6093}
{"bench":"all_zero/l2","tier":"scalar","words":32768,"passes":30,"gb_per_s":96.65,"ns_per_word":0.0828}
{"bench":"range_any_miss/l2","tier":"scalar","words":32768,"passes":30,"gb_per_s":26.69,"ns_per_word":0.2997}
{"bench":"sweep_words/l2","tier":"avx2","words":32768,"passes":30,"gb_per_s":40.15,"ns_per_word":0.3985}
{"bench":"popcount_words/l2","tier":"avx2","words":32768,"passes":30,"gb_per_s":48.27,"ns_per_word":0.1658}
{"bench":"all_zero/l2","tier":"avx2","words":32768,"passes":30,"gb_per_s":174.16,"ns_per_word":0.0459}
{"bench":"range_any_miss/l2","tier":"avx2","words":32768,"passes":30,"gb_per_s":113.2,"ns_per_word":0.0707}
{"bench":"sweep_words/l2","tier":"avx512","words":32768,"passes":30,"gb_per_s":109.37,"ns_per_word":0.1463}
{"bench":"popcount_words/l2","tier":"avx512","words":32768,"passes":30,"gb_per_s":138.32,"ns_per_word":0.0578}
{"bench":"all_zero/l2","tier":"avx512","words":32768,"passes":30,"gb_per_s":184.99,"ns_per_word":0.0432}
{"bench":"range_any_miss/l2","tier":"avx512","words":32768,"passes":30,"gb_per_s":179.01,"ns_per_word":0.0447}
{"bench":"sweep_words/dram","tier":"scalar","words":8388608,"passes":30,"gb_per_s":11.74,"ns_per_word":1.363}
{"bench":"popcount_words/dram","tier":"scalar","words":8388608,"passes":30,"gb_per_s":12.63,"ns_per_word":0.6335}
{"bench":"all_zero/dram","tier":"scalar","words":8388608,"passes":30,"gb_per_s":31.65,"ns_per_word":0.2528}
{"bench":"range_any_miss/dram","tier":"scalar","words":8388608,"passes":30,"gb_per_s":20.78,"ns_per_word":0.385}
{"bench":"sweep_words/dram","tier":"avx2","words":8388608,"passes":30,"gb_per_s":18.79,"ns_per_word":0.8514}
{"bench":"popcount_words/dram","tier":"avx2","words":8388608,"passes":30,"gb_per_s":28.19,"ns_per_word":0.2838}
{"bench":"all_zero/dram","tier":"avx2","words":8388608,"passes":30,"gb_per_s":30.87,"ns_per_word":0.2591}
{"bench":"range_any_miss/dram","tier":"avx2","words":8388608,"passes":30,"gb_per_s":32.82,"ns_per_word":0.2438}
{"bench":"sweep_words/dram","tier":"avx512","words":8388608,"passes":30,"gb_per_s":22.99,"ns_per_word":0.696}
{"bench":"popcount_words/dram","tier":"avx512","words":8388608,"passes":30,"gb_per_s":32.06,"ns_per_word":0.2495}
{"bench":"all_zero/dram","tier":"avx512","words":8388608,"passes":30,"gb_per_s":34.84,"ns_per_word":0.2296}
{"bench":"range_any_miss/dram","tier":"avx512","words":8388608,"passes":30,"gb_per_s":34.06,"ns_per_word":0.2349}
{"sink":16708019726}

