# run 1 of 6
{"host_tier":"avx512","passes":30}
{"bench":"sweep_words/l2","tier":"scalar","words":32768,"passes":30,"gb_per_s":10.71,"ns_per_word":1.494}
{"bench":"popcount_words/l2","tier":"scalar","words":32768,"passes":30,"gb_per_s":11.45,"ns_per_word":0.6989}
{"bench":"all_zero/l2","tier":"scalar","words":32768,"passes":30,"gb_per_s":85.09,"ns_per_word":0.094}
{"bench":"range_any_miss/l2","tier":"scalar","words":32768,"passes":30,"gb_per_s":23.85,"ns_per_word":0.3354}
{"bench":"sweep_words/l2","tier":"avx2","words":32768,"passes":30,"gb_per_s":35.71,"ns_per_word":0.448}
{"bench":"popcount_words/l2","tier":"avx2","words":32768,"passes":30,"gb_per_s":36.43,"ns_per_word":0.2196}
{"bench":"all_zero/l2","tier":"avx2","words":32768,"passes":30,"gb_per_s":74.89,"ns_per_word":0.1068}
{"bench":"range_any_miss/l2","tier":"avx2","words":32768,"passes":30,"gb_per_s":59.61,"ns_per_word":0.1342}
{"bench":"sweep_words/l2","tier":"avx512","words":32768,"passes":30,"gb_per_s":90.95,"ns_per_word":0.1759}
{"bench":"popcount_words/l2","tier":"avx512","words":32768,"passes":30,"gb_per_s":108.24,"ns_per_word":0.0739}
{"bench":"all_zero/l2","tier":"avx512","words":32768,"passes":30,"gb_per_s":104.95,"ns_per_word":0.0762}
{"bench":"range_any_miss/l2","tier":"avx512","words":32768,"passes":30,"gb_per_s":97.12,"ns_per_word":0.0824}
{"bench":"sweep_words/dram","tier":"scalar","words":8388608,"passes":30,"gb_per_s":11.01,"ns_per_word":1.4537}
{"bench":"popcount_words/dram","tier":"scalar","words":8388608,"passes":30,"gb_per_s":13.27,"ns_per_word":0.603}
{"bench":"all_zero/dram","tier":"scalar","words":8388608,"passes":30,"gb_per_s":28.78,"ns_per_word":0.2779}
{"bench":"range_any_miss/dram","tier":"scalar","words":8388608,"passes":30,"gb_per_s":17.69,"ns_per_word":0.4521}
{"bench":"sweep_words/dram","tier":"avx2","words":8388608,"passes":30,"gb_per_s":18.02,"ns_per_word":0.8877}
{"bench":"popcount_words/dram","tier":"avx2","words":8388608,"passes":30,"gb_per_s":30.0,"ns_per_word":0.2666}
{"bench":"all_zero/dram","tier":"avx2","words":8388608,"passes":30,"gb_per_s":28.75,"ns_per_word":0.2783}
{"bench":"range_any_miss/dram","tier":"avx2","words":8388608,"passes":30,"gb_per_s":24.49,"ns_per_word":0.3267}
{"bench":"sweep_words/dram","tier":"avx512","words":8388608,"passes":30,"gb_per_s":22.07,"ns_per_word":0.725}
{"bench":"popcount_words/dram","tier":"avx512","words":8388608,"passes":30,"gb_per_s":35.65,"ns_per_word":0.2244}
{"bench":"all_zero/dram","tier":"avx512","words":8388608,"passes":30,"gb_per_s":34.49,"ns_per_word":0.2319}
{"bench":"range_any_miss/dram","tier":"avx512","words":8388608,"passes":30,"gb_per_s":32.97,"ns_per_word":0.2426}
{"sink":16708019726}

# run 2 of 6
{"host_tier":"avx512","passes":30}
{"bench":"sweep_words/l2","tier":"scalar","words":32768,"passes":30,"gb_per_s":13.08,"ns_per_word":1.2233}
{"bench":"popcount_words/l2","tier":"scalar","words":32768,"passes":30,"gb_per_s":13.76,"ns_per_word":0.5815}
{"bench":"all_zero/l2","tier":"scalar","words":32768,"passes":30,"gb_per_s":101.51,"ns_per_word":0.0788}
{"bench":"range_any_miss/l2","tier":"scalar","words":32768,"passes":30,"gb_per_s":28.48,"ns_per_word":0.2809}
{"bench":"sweep_words/l2","tier":"avx2","words":32768,"passes":30,"gb_per_s":42.1,"ns_per_word":0.3801}
{"bench":"popcount_words/l2","tier":"avx2","words":32768,"passes":30,"gb_per_s":43.58,"ns_per_word":0.1836}
{"bench":"all_zero/l2","tier":"avx2","words":32768,"passes":30,"gb_per_s":88.78,"ns_per_word":0.0901}
{"bench":"range_any_miss/l2","tier":"avx2","words":32768,"passes":30,"gb_per_s":72.81,"ns_per_word":0.1099}
{"bench":"sweep_words/l2","tier":"avx512","words":32768,"passes":30,"gb_per_s":108.1,"ns_per_word":0.148}
{"bench":"popcount_words/l2","tier":"avx512","words":32768,"passes":30,"gb_per_s":126.59,"ns_per_word":0.0632}
{"bench":"all_zero/l2","tier":"avx512","words":32768,"passes":30,"gb_per_s":124.48,"ns_per_word":0.0643}
{"bench":"range_any_miss/l2","tier":"avx512","words":32768,"passes":30,"gb_per_s":115.37,"ns_per_word":0.0693}
{"bench":"sweep_words/dram","tier":"scalar","words":8388608,"passes":30,"gb_per_s":15.58,"ns_per_word":1.0268}
{"bench":"popcount_words/dram","tier":"scalar","words":8388608,"passes":30,"gb_per_s":18.23,"ns_per_word":0.4387}
{"bench":"all_zero/dram","tier":"scalar","words":8388608,"passes":30,"gb_per_s":45.23,"ns_per_word":0.1769}
{"bench":"range_any_miss/dram","tier":"scalar","words":8388608,"passes":30,"gb_per_s":31.97,"ns_per_word":0.2503}
{"bench":"sweep_words/dram","tier":"avx2","words":8388608,"passes":30,"gb_per_s":28.94,"ns_per_word":0.5529}
{"bench":"popcount_words/dram","tier":"avx2","words":8388608,"passes":30,"gb_per_s":39.74,"ns_per_word":0.2013}
{"bench":"all_zero/dram","tier":"avx2","words":8388608,"passes":30,"gb_per_s":42.51,"ns_per_word":0.1882}
{"bench":"range_any_miss/dram","tier":"avx2","words":8388608,"passes":30,"gb_per_s":39.78,"ns_per_word":0.2011}
{"bench":"sweep_words/dram","tier":"avx512","words":8388608,"passes":30,"gb_per_s":26.24,"ns_per_word":0.6097}
{"bench":"popcount_words/dram","tier":"avx512","words":8388608,"passes":30,"gb_per_s":26.45,"ns_per_word":0.3025}
{"bench":"all_zero/dram","tier":"avx512","words":8388608,"passes":30,"gb_per_s":24.73,"ns_per_word":0.3235}
{"bench":"range_any_miss/dram","tier":"avx512","words":8388608,"passes":30,"gb_per_s":27.06,"ns_per_word":0.2957}
{"sink":16708019726}

# run 3 of 6
{"host_tier":"avx512","passes":30}
{"bench":"sweep_words/l2","tier":"scalar","words":32768,"passes":30,"gb_per_s":13.5,"ns_per_word":1.1851}
{"bench":"popcount_words/l2","tier":"scalar","words":32768,"passes":30,"gb_per_s":14.91,"ns_per_word":0.5364}
{"bench":"all_zero/l2","tier":"scalar","words":32768,"passes":30,"gb_per_s":101.13,"ns_per_word":0.0791}
{"bench":"range_any_miss/l2","tier":"scalar","words":32768,"passes":30,"gb_per_s":28.52,"ns_per_word":0.2805}
{"bench":"sweep_words/l2","tier":"avx2","words":32768,"passes":30,"gb_per_s":45.89,"ns_per_word":0.3487}
{"bench":"popcount_words/l2","tier":"avx2","words":32768,"passes":30,"gb_per_s":46.25,"ns_per_word":0.173}
{"bench":"all_zero/l2","tier":"avx2","words":32768,"passes":30,"gb_per_s":97.61,"ns_per_word":0.082}
{"bench":"range_any_miss/l2","tier":"avx2","words":32768,"passes":30,"gb_per_s":78.74,"ns_per_word":0.1016}
{"bench":"sweep_words/l2","tier":"avx512","words":32768,"passes":30,"gb_per_s":110.65,"ns_per_word":0.1446}
{"bench":"popcount_words/l2","tier":"avx512","words":32768,"passes":30,"gb_per_s":129.76,"ns_per_word":0.0617}
{"bench":"all_zero/l2","tier":"avx512","words":32768,"passes":30,"gb_per_s":136.18,"ns_per_word":0.0587}
{"bench":"range_any_miss/l2","tier":"avx512","words":32768,"passes":30,"gb_per_s":124.1,"ns_per_word":0.0645}
{"bench":"sweep_words/dram","tier":"scalar","words":8388608,"passes":30,"gb_per_s":10.51,"ns_per_word":1.5225}
{"bench":"popcount_words/dram","tier":"scalar","words":8388608,"passes":30,"gb_per_s":11.39,"ns_per_word":0.7027}
{"bench":"all_zero/dram","tier":"scalar","words":8388608,"passes":30,"gb_per_s":26.61,"ns_per_word":0.3006}
{"bench":"range_any_miss/dram","tier":"scalar","words":8388608,"passes":30,"gb_per_s":20.13,"ns_per_word":0.3974}
{"bench":"sweep_words/dram","tier":"avx2","words":8388608,"passes":30,"gb_per_s":19.71,"ns_per_word":0.8117}
{"bench":"popcount_words/dram","tier":"avx2","words":8388608,"passes":30,"gb_per_s":24.64,"ns_per_word":0.3246}
{"bench":"all_zero/dram","tier":"avx2","words":8388608,"passes":30,"gb_per_s":22.63,"ns_per_word":0.3535}
{"bench":"range_any_miss/dram","tier":"avx2","words":8388608,"passes":30,"gb_per_s":24.88,"ns_per_word":0.3215}
{"bench":"sweep_words/dram","tier":"avx512","words":8388608,"passes":30,"gb_per_s":20.57,"ns_per_word":0.7779}
{"bench":"popcount_words/dram","tier":"avx512","words":8388608,"passes":30,"gb_per_s":26.73,"ns_per_word":0.2993}
{"bench":"all_zero/dram","tier":"avx512","words":8388608,"passes":30,"gb_per_s":27.94,"ns_per_word":0.2863}
{"bench":"range_any_miss/dram","tier":"avx512","words":8388608,"passes":30,"gb_per_s":28.06,"ns_per_word":0.2851}
{"sink":16708019726}

# run 4 of 6
{"host_tier":"avx512","passes":30}
{"bench":"sweep_words/l2","tier":"scalar","words":32768,"passes":30,"gb_per_s":10.98,"ns_per_word":1.4577}
{"bench":"popcount_words/l2","tier":"scalar","words":32768,"passes":30,"gb_per_s":11.44,"ns_per_word":0.6992}
{"bench":"all_zero/l2","tier":"scalar","words":32768,"passes":30,"gb_per_s":79.46,"ns_per_word":0.1007}
{"bench":"range_any_miss/l2","tier":"scalar","words":32768,"passes":30,"gb_per_s":22.92,"ns_per_word":0.349}
{"bench":"sweep_words/l2","tier":"avx2","words":32768,"passes":30,"gb_per_s":32.67,"ns_per_word":0.4897}
{"bench":"popcount_words/l2","tier":"avx2","words":32768,"passes":30,"gb_per_s":35.56,"ns_per_word":0.225}
{"bench":"all_zero/l2","tier":"avx2","words":32768,"passes":30,"gb_per_s":70.49,"ns_per_word":0.1135}
{"bench":"range_any_miss/l2","tier":"avx2","words":32768,"passes":30,"gb_per_s":55.65,"ns_per_word":0.1438}
{"bench":"sweep_words/l2","tier":"avx512","words":32768,"passes":30,"gb_per_s":86.83,"ns_per_word":0.1843}
{"bench":"popcount_words/l2","tier":"avx512","words":32768,"passes":30,"gb_per_s":107.94,"ns_per_word":0.0741}
{"bench":"all_zero/l2","tier":"avx512","words":32768,"passes":30,"gb_per_s":104.13,"ns_per_word":0.0768}
{"bench":"range_any_miss/l2","tier":"avx512","words":32768,"passes":30,"gb_per_s":96.44,"ns_per_word":0.083}
{"bench":"sweep_words/dram","tier":"scalar","words":8388608,"passes":30,"gb_per_s":9.79,"ns_per_word":1.6343}
{"bench":"popcount_words/dram","tier":"scalar","words":8388608,"passes":30,"gb_per_s":11.91,"ns_per_word":0.6714}
{"bench":"all_zero/dram","tier":"scalar","words":8388608,"passes":30,"gb_per_s":28.59,"ns_per_word":0.2799}
{"bench":"range_any_miss/dram","tier":"scalar","words":8388608,"passes":30,"gb_per_s":20.38,"ns_per_word":0.3925}
{"bench":"sweep_words/dram","tier":"avx2","words":8388608,"passes":30,"gb_per_s":18.82,"ns_per_word":0.85}
{"bench":"popcount_words/dram","tier":"avx2","words":8388608,"passes":30,"gb_per_s":18.15,"ns_per_word":0.4408}
{"bench":"all_zero/dram","tier":"avx2","words":8388608,"passes":30,"gb_per_s":22.79,"ns_per_word":0.3511}
{"bench":"range_any_miss/dram","tier":"avx2","words":8388608,"passes":30,"gb_per_s":25.87,"ns_per_word":0.3093}
{"bench":"sweep_words/dram","tier":"avx512","words":8388608,"passes":30,"gb_per_s":23.53,"ns_per_word":0.6799}
{"bench":"popcount_words/dram","tier":"avx512","words":8388608,"passes":30,"gb_per_s":24.39,"ns_per_word":0.328}
{"bench":"all_zero/dram","tier":"avx512","words":8388608,"passes":30,"gb_per_s":28.71,"ns_per_word":0.2787}
{"bench":"range_any_miss/dram","tier":"avx512","words":8388608,"passes":30,"gb_per_s":28.97,"ns_per_word":0.2761}
{"sink":16708019726}

# run 5 of 6
{"host_tier":"avx512","passes":30}
{"bench":"sweep_words/l2","tier":"scalar","words":32768,"passes":30,"gb_per_s":11.77,"ns_per_word":1.3598}
{"bench":"popcount_words/l2","tier":"scalar","words":32768,"passes":30,"gb_per_s":12.36,"ns_per_word":0.6471}
{"bench":"all_zero/l2","tier":"scalar","words":32768,"passes":30,"gb_per_s":90.56,"ns_per_word":0.0883}
{"bench":"range_any_miss/l2","tier":"scalar","words":32768,"passes":30,"gb_per_s":25.52,"ns_per_word":0.3135}
{"bench":"sweep_words/l2","tier":"avx2","words":32768,"passes":30,"gb_per_s":35.52,"ns_per_word":0.4504}
{"bench":"popcount_words/l2","tier":"avx2","words":32768,"passes":30,"gb_per_s":43.47,"ns_per_word":0.184}
{"bench":"all_zero/l2","tier":"avx2","words":32768,"passes":30,"gb_per_s":93.7,"ns_per_word":0.0854}
{"bench":"range_any_miss/l2","tier":"avx2","words":32768,"passes":30,"gb_per_s":79.12,"ns_per_word":0.1011}
{"bench":"sweep_words/l2","tier":"avx512","words":32768,"passes":30,"gb_per_s":108.9,"ns_per_word":0.1469}
{"bench":"popcount_words/l2","tier":"avx512","words":32768,"passes":30,"gb_per_s":105.47,"ns_per_word":0.0758}
{"bench":"all_zero/l2","tier":"avx512","words":32768,"passes":30,"gb_per_s":121.83,"ns_per_word":0.0657}
{"bench":"range_any_miss/l2","tier":"avx512","words":32768,"passes":30,"gb_per_s":105.76,"ns_per_word":0.0756}
{"bench":"sweep_words/dram","tier":"scalar","words":8388608,"passes":30,"gb_per_s":10.33,"ns_per_word":1.5483}
{"bench":"popcount_words/dram","tier":"scalar","words":8388608,"passes":30,"gb_per_s":11.77,"ns_per_word":0.6799}
{"bench":"all_zero/dram","tier":"scalar","words":8388608,"passes":30,"gb_per_s":29.03,"ns_per_word":0.2756}
{"bench":"range_any_miss/dram","tier":"scalar","words":8388608,"passes":30,"gb_per_s":18.63,"ns_per_word":0.4294}
{"bench":"sweep_words/dram","tier":"avx2","words":8388608,"passes":30,"gb_per_s":17.74,"ns_per_word":0.9017}
{"bench":"popcount_words/dram","tier":"avx2","words":8388608,"passes":30,"gb_per_s":24.16,"ns_per_word":0.3312}
{"bench":"all_zero/dram","tier":"avx2","words":8388608,"passes":30,"gb_per_s":25.12,"ns_per_word":0.3185}
{"bench":"range_any_miss/dram","tier":"avx2","words":8388608,"passes":30,"gb_per_s":23.23,"ns_per_word":0.3445}
{"bench":"sweep_words/dram","tier":"avx512","words":8388608,"passes":30,"gb_per_s":20.04,"ns_per_word":0.7983}
{"bench":"popcount_words/dram","tier":"avx512","words":8388608,"passes":30,"gb_per_s":28.45,"ns_per_word":0.2812}
{"bench":"all_zero/dram","tier":"avx512","words":8388608,"passes":30,"gb_per_s":26.52,"ns_per_word":0.3017}
{"bench":"range_any_miss/dram","tier":"avx512","words":8388608,"passes":30,"gb_per_s":27.87,"ns_per_word":0.2871}
{"sink":16708019726}

# run 6 of 6
{"host_tier":"avx512","passes":30}
{"bench":"sweep_words/l2","tier":"scalar","words":32768,"passes":30,"gb_per_s":11.2,"ns_per_word":1.4289}
{"bench":"popcount_words/l2","tier":"scalar","words":32768,"passes":30,"gb_per_s":11.33,"ns_per_word":0.7062}
{"bench":"all_zero/l2","tier":"scalar","words":32768,"passes":30,"gb_per_s":87.63,"ns_per_word":0.0913}
{"bench":"range_any_miss/l2","tier":"scalar","words":32768,"passes":30,"gb_per_s":24.19,"ns_per_word":0.3307}
{"bench":"sweep_words/l2","tier":"avx2","words":32768,"passes":30,"gb_per_s":36.83,"ns_per_word":0.4344}
{"bench":"popcount_words/l2","tier":"avx2","words":32768,"passes":30,"gb_per_s":37.84,"ns_per_word":0.2114}
{"bench":"all_zero/l2","tier":"avx2","words":32768,"passes":30,"gb_per_s":81.62,"ns_per_word":0.098}
{"bench":"range_any_miss/l2","tier":"avx2","words":32768,"passes":30,"gb_per_s":63.56,"ns_per_word":0.1259}
{"bench":"sweep_words/l2","tier":"avx512","words":32768,"passes":30,"gb_per_s":93.41,"ns_per_word":0.1713}
{"bench":"popcount_words/l2","tier":"avx512","words":32768,"passes":30,"gb_per_s":112.48,"ns_per_word":0.0711}
{"bench":"all_zero/l2","tier":"avx512","words":32768,"passes":30,"gb_per_s":108.99,"ns_per_word":0.0734}
{"bench":"range_any_miss/l2","tier":"avx512","words":32768,"passes":30,"gb_per_s":100.69,"ns_per_word":0.0795}
{"bench":"sweep_words/dram","tier":"scalar","words":8388608,"passes":30,"gb_per_s":11.82,"ns_per_word":1.3542}
{"bench":"popcount_words/dram","tier":"scalar","words":8388608,"passes":30,"gb_per_s":12.81,"ns_per_word":0.6246}
{"bench":"all_zero/dram","tier":"scalar","words":8388608,"passes":30,"gb_per_s":30.73,"ns_per_word":0.2603}
{"bench":"range_any_miss/dram","tier":"scalar","words":8388608,"passes":30,"gb_per_s":20.87,"ns_per_word":0.3834}
{"bench":"sweep_words/dram","tier":"avx2","words":8388608,"passes":30,"gb_per_s":20.41,"ns_per_word":0.784}
{"bench":"popcount_words/dram","tier":"avx2","words":8388608,"passes":30,"gb_per_s":25.45,"ns_per_word":0.3143}
{"bench":"all_zero/dram","tier":"avx2","words":8388608,"passes":30,"gb_per_s":28.35,"ns_per_word":0.2822}
{"bench":"range_any_miss/dram","tier":"avx2","words":8388608,"passes":30,"gb_per_s":25.57,"ns_per_word":0.3128}
{"bench":"sweep_words/dram","tier":"avx512","words":8388608,"passes":30,"gb_per_s":23.1,"ns_per_word":0.6926}
{"bench":"popcount_words/dram","tier":"avx512","words":8388608,"passes":30,"gb_per_s":25.78,"ns_per_word":0.3103}
{"bench":"all_zero/dram","tier":"avx512","words":8388608,"passes":30,"gb_per_s":25.66,"ns_per_word":0.3117}
{"bench":"range_any_miss/dram","tier":"avx512","words":8388608,"passes":30,"gb_per_s":27.4,"ns_per_word":0.292}
{"sink":16708019726}

