# run 1 of 6
{"host_tier":"avx512","passes":30}
{"bench":"sweep_words/l2","tier":"scalar","words":32768,"passes":30,"gb_per_s":9.4,"ns_per_word":1.702}
{"bench":"popcount_words/l2","tier":"scalar","words":32768,"passes":30,"gb_per_s":9.88,"ns_per_word":0.8094}
{"bench":"all_zero/l2","tier":"scalar","words":32768,"passes":30,"gb_per_s":70.18,"ns_per_word":0.114}
{"bench":"range_any_miss/l2","tier":"scalar","words":32768,"passes":30,"gb_per_s":20.43,"ns_per_word":0.3917}
{"bench":"sweep_words/l2","tier":"avx2","words":32768,"passes":30,"gb_per_s":30.55,"ns_per_word":0.5238}
{"bench":"popcount_words/l2","tier":"avx2","words":32768,"passes":30,"gb_per_s":37.32,"ns_per_word":0.2144}
{"bench":"all_zero/l2","tier":"avx2","words":32768,"passes":30,"gb_per_s":95.62,"ns_per_word":0.0837}
{"bench":"range_any_miss/l2","tier":"avx2","words":32768,"passes":30,"gb_per_s":85.1,"ns_per_word":0.094}
{"bench":"sweep_words/l2","tier":"avx512","words":32768,"passes":30,"gb_per_s":79.67,"ns_per_word":0.2008}
{"bench":"popcount_words/l2","tier":"avx512","words":32768,"passes":30,"gb_per_s":103.29,"ns_per_word":0.0774}
{"bench":"all_zero/l2","tier":"avx512","words":32768,"passes":30,"gb_per_s":115.77,"ns_per_word":0.0691}
{"bench":"range_any_miss/l2","tier":"avx512","words":32768,"passes":30,"gb_per_s":110.54,"ns_per_word":0.0724}
{"bench":"sweep_words/dram","tier":"scalar","words":8388608,"passes":30,"gb_per_s":9.61,"ns_per_word":1.6651}
{"bench":"popcount_words/dram","tier":"scalar","words":8388608,"passes":30,"gb_per_s":12.3,"ns_per_word":0.6502}
{"bench":"all_zero/dram","tier":"scalar","words":8388608,"passes":30,"gb_per_s":29.11,"ns_per_word":0.2749}
{"bench":"range_any_miss/dram","tier":"scalar","words":8388608,"passes":30,"gb_per_s":21.35,"ns_per_word":0.3748}
{"bench":"sweep_words/dram","tier":"avx2","words":8388608,"passes":30,"gb_per_s":19.24,"ns_per_word":0.8314}
{"bench":"popcount_words/dram","tier":"avx2","words":8388608,"passes":30,"gb_per_s":27.65,"ns_per_word":0.2894}
{"bench":"all_zero/dram","tier":"avx2","words":8388608,"passes":30,"gb_per_s":30.21,"ns_per_word":0.2648}
{"bench":"range_any_miss/dram","tier":"avx2","words":8388608,"passes":30,"gb_per_s":28.18,"ns_per_word":0.2839}
{"bench":"sweep_words/dram","tier":"avx512","words":8388608,"passes":30,"gb_per_s":20.74,"ns_per_word":0.7716}
{"bench":"popcount_words/dram","tier":"avx512","words":8388608,"passes":30,"gb_per_s":31.72,"ns_per_word":0.2522}
{"bench":"all_zero/dram","tier":"avx512","words":8388608,"passes":30,"gb_per_s":28.37,"ns_per_word":0.282}
{"bench":"range_any_miss/dram","tier":"avx512","words":8388608,"passes":30,"gb_per_s":27.37,"ns_per_word":0.2923}
{"sink":16708019726}

# run 2 of 6
{"host_tier":"avx512","passes":30}
{"bench":"sweep_words/l2","tier":"scalar","words":32768,"passes":30,"gb_per_s":8.71,"ns_per_word":1.8375}
{"bench":"popcount_words/l2","tier":"scalar","words":32768,"passes":30,"gb_per_s":9.41,"ns_per_word":0.8502}
{"bench":"all_zero/l2","tier":"scalar","words":32768,"passes":30,"gb_per_s":65.24,"ns_per_word":0.1226}
{"bench":"range_any_miss/l2","tier":"scalar","words":32768,"passes":30,"gb_per_s":18.33,"ns_per_word":0.4364}
{"bench":"sweep_words/l2","tier":"avx2","words":32768,"passes":30,"gb_per_s":30.01,"ns_per_word":0.5332}
{"bench":"popcount_words/l2","tier":"avx2","words":32768,"passes":30,"gb_per_s":37.22,"ns_per_word":0.2149}
{"bench":"all_zero/l2","tier":"avx2","words":32768,"passes":30,"gb_per_s":94.76,"ns_per_word":0.0844}
{"bench":"range_any_miss/l2","tier":"avx2","words":32768,"passes":30,"gb_per_s":84.17,"ns_per_word":0.095}
{"bench":"sweep_words/l2","tier":"avx512","words":32768,"passes":30,"gb_per_s":83.75,"ns_per_word":0.1911}
{"bench":"popcount_words/l2","tier":"avx512","words":32768,"passes":30,"gb_per_s":98.86,"ns_per_word":0.0809}
{"bench":"all_zero/l2","tier":"avx512","words":32768,"passes":30,"gb_per_s":90.03,"ns_per_word":0.0889}
{"bench":"range_any_miss/l2","tier":"avx512","words":32768,"passes":30,"gb_per_s":97.79,"ns_per_word":0.0818}
{"bench":"sweep_words/dram","tier":"scalar","words":8388608,"passes":30,"gb_per_s":9.6,"ns_per_word":1.6667}
{"bench":"popcount_words/dram","tier":"scalar","words":8388608,"passes":30,"gb_per_s":9.1,"ns_per_word":0.8796}
{"bench":"all_zero/dram","tier":"scalar","words":8388608,"passes":30,"gb_per_s":15.09,"ns_per_word":0.5303}
{"bench":"range_any_miss/dram","tier":"scalar","words":8388608,"passes":30,"gb_per_s":17.66,"ns_per_word":0.4531}
{"bench":"sweep_words/dram","tier":"avx2","words":8388608,"passes":30,"gb_per_s":17.94,"ns_per_word":0.892}
{"bench":"popcount_words/dram","tier":"avx2","words":8388608,"passes":30,"gb_per_s":21.14,"ns_per_word":0.3783}
{"bench":"all_zero/dram","tier":"avx2","words":8388608,"passes":30,"gb_per_s":25.84,"ns_per_word":0.3096}
{"bench":"range_any_miss/dram","tier":"avx2","words":8388608,"passes":30,"gb_per_s":26.49,"ns_per_word":0.302}
{"bench":"sweep_words/dram","tier":"avx512","words":8388608,"passes":30,"gb_per_s":21.14,"ns_per_word":0.7568}
{"bench":"popcount_words/dram","tier":"avx512","words":8388608,"passes":30,"gb_per_s":27.67,"ns_per_word":0.2891}
{"bench":"all_zero/dram","tier":"avx512","words":8388608,"passes":30,"gb_per_s":27.46,"ns_per_word":0.2913}
{"bench":"range_any_miss/dram","tier":"avx512","words":8388608,"passes":30,"gb_per_s":30.31,"ns_per_word":0.2639}
{"sink":16708019726}

# run 3 of 6
{"host_tier":"avx512","passes":30}
{"bench":"sweep_words/l2","tier":"scalar","words":32768,"passes":30,"gb_per_s":10.98,"ns_per_word":1.4575}
{"bench":"popcount_words/l2","tier":"scalar","words":32768,"passes":30,"gb_per_s":11.59,"ns_per_word":0.6905}
{"bench":"all_zero/l2","tier":"scalar","words":32768,"passes":30,"gb_per_s":85.01,"ns_per_word":0.0941}
{"bench":"range_any_miss/l2","tier":"scalar","words":32768,"passes":30,"gb_per_s":23.69,"ns_per_word":0.3377}
{"bench":"sweep_words/l2","tier":"avx2","words":32768,"passes":30,"gb_per_s":34.52,"ns_per_word":0.4636}
{"bench":"popcount_words/l2","tier":"avx2","words":32768,"passes":30,"gb_per_s":43.14,"ns_per_word":0.1854}
{"bench":"all_zero/l2","tier":"avx2","words":32768,"passes":30,"gb_per_s":140.6,"ns_per_word":0.0569}
{"bench":"range_any_miss/l2","tier":"avx2","words":32768,"passes":30,"gb_per_s":98.06,"ns_per_word":0.0816}
{"bench":"sweep_words/l2","tier":"avx512","words":32768,"passes":30,"gb_per_s":100.28,"ns_per_word":0.1595}
{"bench":"popcount_words/l2","tier":"avx512","words":32768,"passes":30,"gb_per_s":118.07,"ns_per_word":0.0678}
{"bench":"all_zero/l2","tier":"avx512","words":32768,"passes":30,"gb_per_s":131.95,"ns_per_word":0.0606}
{"bench":"range_any_miss/l2","tier":"avx512","words":32768,"passes":30,"gb_per_s":130.44,"ns_per_word":0.0613}
{"bench":"sweep_words/dram","tier":"scalar","words":8388608,"passes":30,"gb_per_s":10.44,"ns_per_word":1.5326}
{"bench":"popcount_words/dram","tier":"scalar","words":8388608,"passes":30,"gb_per_s":11.48,"ns_per_word":0.6969}
{"bench":"all_zero/dram","tier":"scalar","words":8388608,"passes":30,"gb_per_s":29.52,"ns_per_word":0.271}
{"bench":"range_any_miss/dram","tier":"scalar","words":8388608,"passes":30,"gb_per_s":19.83,"ns_per_word":0.4035}
{"bench":"sweep_words/dram","tier":"avx2","words":8388608,"passes":30,"gb_per_s":19.46,"ns_per_word":0.8221}
{"bench":"popcount_words/dram","tier":"avx2","words":8388608,"passes":30,"gb_per_s":22.97,"ns_per_word":0.3483}
{"bench":"all_zero/dram","tier":"avx2","words":8388608,"passes":30,"gb_per_s":26.79,"ns_per_word":0.2987}
{"bench":"range_any_miss/dram","tier":"avx2","words":8388608,"passes":30,"gb_per_s":27.32,"ns_per_word":0.2928}
{"bench":"sweep_words/dram","tier":"avx512","words":8388608,"passes":30,"gb_per_s":20.49,"ns_per_word":0.7809}
{"bench":"popcount_words/dram","tier":"avx512","words":8388608,"passes":30,"gb_per_s":30.2,"ns_per_word":0.2649}
{"bench":"all_zero/dram","tier":"avx512","words":8388608,"passes":30,"gb_per_s":26.74,"ns_per_word":0.2992}
{"bench":"range_any_miss/dram","tier":"avx512","words":8388608,"passes":30,"gb_per_s":32.83,"ns_per_word":0.2437}
{"sink":16708019726}

# run 4 of 6
{"host_tier":"avx512","passes":30}
{"bench":"sweep_words/l2","tier":"scalar","words":32768,"passes":30,"gb_per_s":14.69,"ns_per_word":1.0893}
{"bench":"popcount_words/l2","tier":"scalar","words":32768,"passes":30,"gb_per_s":15.56,"ns_per_word":0.5141}
{"bench":"all_zero/l2","tier":"scalar","words":32768,"passes":30,"gb_per_s":110.11,"ns_per_word":0.0727}
{"bench":"range_any_miss/l2","tier":"scalar","words":32768,"passes":30,"gb_per_s":32.06,"ns_per_word":0.2495}
{"bench":"sweep_words/l2","tier":"avx2","words":32768,"passes":30,"gb_per_s":48.29,"ns_per_word":0.3314}
{"bench":"popcount_words/l2","tier":"avx2","words":32768,"passes":30,"gb_per_s":56.73,"ns_per_word":0.141}
{"bench":"all_zero/l2","tier":"avx2","words":32768,"passes":30,"gb_per_s":139.43,"ns_per_word":0.0574}
{"bench":"range_any_miss/l2","tier":"avx2","words":32768,"passes":30,"gb_per_s":134.32,"ns_per_word":0.0596}
{"bench":"sweep_words/l2","tier":"avx512","words":32768,"passes":30,"gb_per_s":133.23,"ns_per_word":0.1201}
{"bench":"popcount_words/l2","tier":"avx512","words":32768,"passes":30,"gb_per_s":151.89,"ns_per_word":0.0527}
{"bench":"all_zero/l2","tier":"avx512","words":32768,"passes":30,"gb_per_s":178.97,"ns_per_word":0.0447}
{"bench":"range_any_miss/l2","tier":"avx512","words":32768,"passes":30,"gb_per_s":171.24,"ns_per_word":0.0467}
{"bench":"sweep_words/dram","tier":"scalar","words":8388608,"passes":30,"gb_per_s":10.77,"ns_per_word":1.4857}
{"bench":"popcount_words/dram","tier":"scalar","words":8388608,"passes":30,"gb_per_s":11.25,"ns_per_word":0.711}
{"bench":"all_zero/dram","tier":"scalar","words":8388608,"passes":30,"gb_per_s":25.41,"ns_per_word":0.3148}
{"bench":"range_any_miss/dram","tier":"scalar","words":8388608,"passes":30,"gb_per_s":17.17,"ns_per_word":0.4659}
{"bench":"sweep_words/dram","tier":"avx2","words":8388608,"passes":30,"gb_per_s":18.88,"ns_per_word":0.8474}
{"bench":"popcount_words/dram","tier":"avx2","words":8388608,"passes":30,"gb_per_s":26.46,"ns_per_word":0.3023}
{"bench":"all_zero/dram","tier":"avx2","words":8388608,"passes":30,"gb_per_s":31.01,"ns_per_word":0.258}
{"bench":"range_any_miss/dram","tier":"avx2","words":8388608,"passes":30,"gb_per_s":29.4,"ns_per_word":0.2721}
{"bench":"sweep_words/dram","tier":"avx512","words":8388608,"passes":30,"gb_per_s":19.94,"ns_per_word":0.8024}
{"bench":"popcount_words/dram","tier":"avx512","words":8388608,"passes":30,"gb_per_s":25.67,"ns_per_word":0.3116}
{"bench":"all_zero/dram","tier":"avx512","words":8388608,"passes":30,"gb_per_s":24.02,"ns_per_word":0.3331}
{"bench":"range_any_miss/dram","tier":"avx512","words":8388608,"passes":30,"gb_per_s":29.42,"ns_per_word":0.2719}
{"sink":16708019726}

# run 5 of 6
{"host_tier":"avx512","passes":30}
{"bench":"sweep_words/l2","tier":"scalar","words":32768,"passes":30,"gb_per_s":15.47,"ns_per_word":1.0343}
{"bench":"popcount_words/l2","tier":"scalar","words":32768,"passes":30,"gb_per_s":16.14,"ns_per_word":0.4955}
{"bench":"all_zero/l2","tier":"scalar","words":32768,"passes":30,"gb_per_s":120.13,"ns_per_word":0.0666}
{"bench":"range_any_miss/l2","tier":"scalar","words":32768,"passes":30,"gb_per_s":33.59,"ns_per_word":0.2382}
{"bench":"sweep_words/l2","tier":"avx2","words":32768,"passes":30,"gb_per_s":50.27,"ns_per_word":0.3183}
{"bench":"popcount_words/l2","tier":"avx2","words":32768,"passes":30,"gb_per_s":61.27,"ns_per_word":0.1306}
{"bench":"all_zero/l2","tier":"avx2","words":32768,"passes":30,"gb_per_s":202.51,"ns_per_word":0.0395}
{"bench":"range_any_miss/l2","tier":"avx2","words":32768,"passes":30,"gb_per_s":140.0,"ns_per_word":0.0571}
{"bench":"sweep_words/l2","tier":"avx512","words":32768,"passes":30,"gb_per_s":139.86,"ns_per_word":0.1144}
{"bench":"popcount_words/l2","tier":"avx512","words":32768,"passes":30,"gb_per_s":170.64,"ns_per_word":0.0469}
{"bench":"all_zero/l2","tier":"avx512","words":32768,"passes":30,"gb_per_s":187.97,"ns_per_word":0.0426}
{"bench":"range_any_miss/l2","tier":"avx512","words":32768,"passes":30,"gb_per_s":167.33,"ns_per_word":0.0478}
{"bench":"sweep_words/dram","tier":"scalar","words":8388608,"passes":30,"gb_per_s":11.41,"ns_per_word":1.4017}
{"bench":"popcount_words/dram","tier":"scalar","words":8388608,"passes":30,"gb_per_s":12.73,"ns_per_word":0.6282}
{"bench":"all_zero/dram","tier":"scalar","words":8388608,"passes":30,"gb_per_s":30.8,"ns_per_word":0.2597}
{"bench":"range_any_miss/dram","tier":"scalar","words":8388608,"passes":30,"gb_per_s":21.63,"ns_per_word":0.3699}
{"bench":"sweep_words/dram","tier":"avx2","words":8388608,"passes":30,"gb_per_s":20.58,"ns_per_word":0.7775}
{"bench":"popcount_words/dram","tier":"avx2","words":8388608,"passes":30,"gb_per_s":28.87,"ns_per_word":0.2771}
{"bench":"all_zero/dram","tier":"avx2","words":8388608,"passes":30,"gb_per_s":28.6,"ns_per_word":0.2798}
{"bench":"range_any_miss/dram","tier":"avx2","words":8388608,"passes":30,"gb_per_s":31.14,"ns_per_word":0.2569}
{"bench":"sweep_words/dram","tier":"avx512","words":8388608,"passes":30,"gb_per_s":21.35,"ns_per_word":0.7493}
{"bench":"popcount_words/dram","tier":"avx512","words":8388608,"passes":30,"gb_per_s":30.31,"ns_per_word":0.2639}
{"bench":"all_zero/dram","tier":"avx512","words":8388608,"passes":30,"gb_per_s":28.4,"ns_per_word":0.2817}
{"bench":"range_any_miss/dram","tier":"avx512","words":8388608,"passes":30,"gb_per_s":30.65,"ns_per_word":0.261}
{"sink":16708019726}

# run 6 of 6
{"host_tier":"avx512","passes":30}
{"bench":"sweep_words/l2","tier":"scalar","words":32768,"passes":30,"gb_per_s":12.26,"ns_per_word":1.3055}
{"bench":"popcount_words/l2","tier":"scalar","words":32768,"passes":30,"gb_per_s":12.89,"ns_per_word":0.6206}
{"bench":"all_zero/l2","tier":"scalar","words":32768,"passes":30,"gb_per_s":91.29,"ns_per_word":0.0876}
{"bench":"range_any_miss/l2","tier":"scalar","words":32768,"passes":30,"gb_per_s":26.6,"ns_per_word":0.3008}
{"bench":"sweep_words/l2","tier":"avx2","words":32768,"passes":30,"gb_per_s":40.44,"ns_per_word":0.3956}
{"bench":"popcount_words/l2","tier":"avx2","words":32768,"passes":30,"gb_per_s":55.74,"ns_per_word":0.1435}
{"bench":"all_zero/l2","tier":"avx2","words":32768,"passes":30,"gb_per_s":154.77,"ns_per_word":0.0517}
{"bench":"range_any_miss/l2","tier":"avx2","words":32768,"passes":30,"gb_per_s":138.24,"ns_per_word":0.0579}
{"bench":"sweep_words/l2","tier":"avx512","words":32768,"passes":30,"gb_per_s":137.6,"ns_per_word":0.1163}
{"bench":"popcount_words/l2","tier":"avx512","words":32768,"passes":30,"gb_per_s":162.95,"ns_per_word":0.0491}
{"bench":"all_zero/l2","tier":"avx512","words":32768,"passes":30,"gb_per_s":175.05,"ns_per_word":0.0457}
{"bench":"range_any_miss/l2","tier":"avx512","words":32768,"passes":30,"gb_per_s":175.68,"ns_per_word":0.0455}
{"bench":"sweep_words/dram","tier":"scalar","words":8388608,"passes":30,"gb_per_s":12.18,"ns_per_word":1.3138}
{"bench":"popcount_words/dram","tier":"scalar","words":8388608,"passes":30,"gb_per_s":14.85,"ns_per_word":0.5387}
{"bench":"all_zero/dram","tier":"scalar","words":8388608,"passes":30,"gb_per_s":25.51,"ns_per_word":0.3136}
{"bench":"range_any_miss/dram","tier":"scalar","words":8388608,"passes":30,"gb_per_s":20.49,"ns_per_word":0.3904}
{"bench":"sweep_words/dram","tier":"avx2","words":8388608,"passes":30,"gb_per_s":21.75,"ns_per_word":0.7355}
{"bench":"popcount_words/dram","tier":"avx2","words":8388608,"passes":30,"gb_per_s":23.66,"ns_per_word":0.3381}
{"bench":"all_zero/dram","tier":"avx2","words":8388608,"passes":30,"gb_per_s":27.96,"ns_per_word":0.2861}
{"bench":"range_any_miss/dram","tier":"avx2","words":8388608,"passes":30,"gb_per_s":30.14,"ns_per_word":0.2654}
{"bench":"sweep_words/dram","tier":"avx512","words":8388608,"passes":30,"gb_per_s":21.76,"ns_per_word":0.7354}
{"bench":"popcount_words/dram","tier":"avx512","words":8388608,"passes":30,"gb_per_s":33.73,"ns_per_word":0.2372}
{"bench":"all_zero/dram","tier":"avx512","words":8388608,"passes":30,"gb_per_s":29.3,"ns_per_word":0.273}
{"bench":"range_any_miss/dram","tier":"avx512","words":8388608,"passes":30,"gb_per_s":32.26,"ns_per_word":0.2479}
{"sink":16708019726}

