=== Session /home/uchiha/playground/gcry/bench/log/linux/2026-08-02-145600 (COUNT=1 GC=boehm gcry) ===
=== Build mode: release (--release) ===
=== Build kemal binaries (release, GC=boehm gcry) ===
  crystal build flags: --release
I: Resolving dependencies
I: Fetching https://github.com/kemalcr/kemal.git
I: Fetching https://github.com/luislavena/radix.git
I: Fetching https://github.com/crystal-loot/exception_page.git
I: Fetching https://github.com/sija/backtracer.cr.git
W: Shard "gcry" version (0.17.0) doesn't match tag version (0.1.0)
I: Using radix (0.4.1)
I: Using backtracer (1.2.4)
I: Using exception_page (0.5.0)
I: Using kemal (1.12.0)
I: Using gcry (0.1.0 at ../..)
  kemal-gcry   kemal-boehm (cached)

══════════════════════════════════════════════
  RUN 1/1  →  /home/uchiha/playground/gcry/bench/log/linux/2026-08-02-145600/run-01
══════════════════════════════════════════════
  metadata.yaml written (/home/uchiha/playground/gcry/bench/log/linux/2026-08-02-145600/run-01)

╔══════════════════════════════════════════════╗
║  Kemal median-of-3  (run 1/1)  ║
╚══════════════════════════════════════════════╝
  kemal run=1 trial=1 path=/ tag=boehm ... 82890.28 req/s
  kemal run=1 trial=1 path=/ tag=gcry ... 79044.92 req/s
  kemal run=1 trial=1 path=/json tag=boehm ... 46621.98 req/s
  kemal run=1 trial=1 path=/json tag=gcry ... 46810.22 req/s
  kemal run=1 trial=2 path=/ tag=boehm ... 91797.17 req/s
  kemal run=1 trial=2 path=/ tag=gcry ... 84723.54 req/s
  kemal run=1 trial=2 path=/json tag=boehm ... 63235.81 req/s
  kemal run=1 trial=2 path=/json tag=gcry ... 50873.71 req/s
  kemal run=1 trial=3 path=/ tag=boehm ... 96365.53 req/s
  kemal run=1 trial=3 path=/ tag=gcry ... 102575.78 req/s
  kemal run=1 trial=3 path=/json tag=boehm ... 69246.06 req/s
  kemal run=1 trial=3 path=/json tag=gcry ... 64744.35 req/s
Wrote /home/uchiha/playground/gcry/bench/log/linux/2026-08-02-145600/run-01/kemal-summary.md
Kemal median-of-3

| Path | Boehm req/s (med) | gcry req/s (med) | % Boehm | Boehm RSS (KiB) | gcry RSS (KiB) | RSS × |
|------|------------------:|-----------------:|-------:|----------------:|---------------:|------:|
| `/` | 91,797 | 84,724 | **92.3%** | 15,872 | 98,532 | **6.21×** |
| `/json` | 63,236 | 50,874 | **80.5%** | 16,704 | 91,540 | **5.48×** |


╔══════════════════════════════════════════════╗
║              ALL DONE                        ║
╚══════════════════════════════════════════════╝
  Build: release (--release)
  GC: boehm gcry
  EC_PARALLELISM: 4
  COUNT: 1
  Session: /home/uchiha/playground/gcry/bench/log/linux/2026-08-02-145600/
total 4.0K
drwxr-xr-x 2 uchiha uchiha 4.0K Aug  2 18:02 run-01
  --- run-01 ---
total 36K
-rw-r--r-- 1 uchiha uchiha 2.2K Aug  2 17:57 kemal-gcry-gcstats-_-t1.json
-rw-r--r-- 1 uchiha uchiha 2.2K Aug  2 17:59 kemal-gcry-gcstats-_-t2.json
-rw-r--r-- 1 uchiha uchiha 2.2K Aug  2 18:01 kemal-gcry-gcstats-_-t3.json
-rw-r--r-- 1 uchiha uchiha 2.2K Aug  2 17:58 kemal-gcry-gcstats-_json-t1.json
-rw-r--r-- 1 uchiha uchiha 2.2K Aug  2 18:00 kemal-gcry-gcstats-_json-t2.json
-rw-r--r-- 1 uchiha uchiha 2.2K Aug  2 18:02 kemal-gcry-gcstats-_json-t3.json
-rw-r--r-- 1 uchiha uchiha  346 Aug  2 18:02 kemal-median.tsv
-rw-r--r-- 1 uchiha uchiha  364 Aug  2 18:02 kemal-summary.md
-rw-r--r-- 1 uchiha uchiha  625 Aug  2 17:56 metadata.yaml
