OUT=/home/uchiha/playground/gcry/bench/log/linux/2026-08-03-acik-selective-fill/exclusivef-fillall bin=exclusive trials=1 d=15s
  trial=1 ...   precise_mode=2
ok
live_objects=232058 total_MiB=131.2 typed_MiB=15.2 collision_MiB=89.4 raw_MiB=26.6 large_MiB=14.3
gcstats size_class_live_MiB=94.8 live_objects=35163
stack_maps_loaded=True records=307302 hits=77298 precise_marked=2782
first_mark MiB: mutator=0.1 parked=5.5 static=0.0 thread=0.0 precise=5.1 heap=92.4
first_mark ATOMIC MiB: mutator=0.1 parked=5.3 precise=5.0 heap=81.3
top size_classes (payload → MiB / count):
  32768     93.2 MiB  n=2983
     32      3.0 MiB  n=96810
     80      2.5 MiB  n=33249
    640      2.0 MiB  n=4473
    320      1.5 MiB  n=4901
  20480      1.4 MiB  n=86
  12288      1.1 MiB  n=108
  16384      1.0 MiB  n=80
  14336      1.0 MiB  n=94
     96      0.8 MiB  n=8360
     48      0.8 MiB  n=16400
    160      0.7 MiB  n=6234
max_size_class 32768 breakdown MiB:
  typed=0.2 collision=82.1 raw=11.0
  atomic=93.2 ptrish=0.1 byteish=93.0
top typed type_ids:
       1      9.9 MiB  n=152893
     437      1.3 MiB  n=13461
     904      0.5 MiB  n=3224
     537      0.5 MiB  n=6273
     441      0.4 MiB  n=1458
       5      0.3 MiB  n=707
       3      0.1 MiB  n=3753
     621      0.1 MiB  n=2417
      96      0.1 MiB  n=3492
      63      0.1 MiB  n=3200
      32      0.1 MiB  n=390
       7      0.1 MiB  n=401
top collision type_ids (false typed on big blocks):
      88     41.4 MiB  n=1325
      49     37.8 MiB  n=1209
     155      2.7 MiB  n=471
     405      2.0 MiB  n=434
   27836      1.9 MiB  n=61
      80      0.8 MiB  n=25
     356      0.4 MiB  n=260
       5      0.2 MiB  n=283
      32      0.2 MiB  n=275
       7      0.2 MiB  n=212
       9      0.1 MiB  n=208
     103      0.1 MiB  n=207
done OUT=/home/uchiha/playground/gcry/bench/log/linux/2026-08-03-acik-selective-fill/exclusivef-fillall
