=== Session /home/uchiha/playground/gcry/bench/log/linux/2026-08-01-084247 (COUNT=1 GC=boehm gcry) ===
=== Build mode: release (--release) ===
=== Build kemal binaries (release, GC=boehm gcry) ===
  crystal build flags: --release
I: Resolving dependencies
I: Fetching https://github.com/kemalcr/kemal.git
I: Fetching https://github.com/luislavena/radix.git
I: Fetching https://github.com/crystal-loot/exception_page.git
I: Fetching https://github.com/sija/backtracer.cr.git
W: Shard "gcry" version (0.16.0) doesn't match tag version (0.1.0)
I: Using radix (0.4.1)
I: Using backtracer (1.2.4)
I: Using exception_page (0.5.0)
I: Using kemal (1.12.0)
I: Using gcry (0.1.0 at ../..)
  kemal-gcry   kemal-boehm (cached)

══════════════════════════════════════════════
  RUN 1/1  →  /home/uchiha/playground/gcry/bench/log/linux/2026-08-01-084247/run-01
══════════════════════════════════════════════
  metadata.yaml written (/home/uchiha/playground/gcry/bench/log/linux/2026-08-01-084247/run-01)

╔══════════════════════════════════════════════╗
║  Kemal median-of-3  (run 1/1)  ║
╚══════════════════════════════════════════════╝
  kemal run=1 trial=1 path=/ tag=boehm ... 96343.10 req/s
  kemal run=1 trial=1 path=/ tag=gcry ... 100996.48 req/s
  kemal run=1 trial=1 path=/json tag=boehm ... 81729.24 req/s
  kemal run=1 trial=1 path=/json tag=gcry ... 43964.83 req/s
  kemal run=1 trial=2 path=/ tag=boehm ... 98876.46 req/s
  kemal run=1 trial=2 path=/ tag=gcry ... 101896.01 req/s
  kemal run=1 trial=2 path=/json tag=boehm ... 76019.75 req/s
  kemal run=1 trial=2 path=/json tag=gcry ... 56525.81 req/s
  kemal run=1 trial=3 path=/ tag=boehm ... 94174.02 req/s
  kemal run=1 trial=3 path=/ tag=gcry ... 74385.17 req/s
  kemal run=1 trial=3 path=/json tag=boehm ... 66444.27 req/s
  kemal run=1 trial=3 path=/json tag=gcry ... 50555.10 req/s
Wrote /home/uchiha/playground/gcry/bench/log/linux/2026-08-01-084247/run-01/kemal-summary.md
Kemal median-of-3

| Path | Boehm req/s (med) | gcry req/s (med) | % Boehm | Boehm RSS (KiB) | gcry RSS (KiB) | RSS × |
|------|------------------:|-----------------:|-------:|----------------:|---------------:|------:|
| `/` | 96,343 | 100,996 | **104.8%** | 16,788 | 98,708 | **5.88×** |
| `/json` | 76,020 | 50,555 | **66.5%** | 16,736 | 92,008 | **5.50×** |


╔══════════════════════════════════════════════╗
║              ALL DONE                        ║
╚══════════════════════════════════════════════╝
  Build: release (--release)
  GC: boehm gcry
  EC_PARALLELISM: 4
  COUNT: 1
  Session: /home/uchiha/playground/gcry/bench/log/linux/2026-08-01-084247/
total 4.0K
drwxr-xr-x 2 uchiha uchiha 4.0K Aug  1 11:50 run-01
  --- run-01 ---
total 36K
-rw-r--r-- 1 uchiha uchiha 2.1K Aug  1 11:44 kemal-gcry-gcstats-_-t1.json
-rw-r--r-- 1 uchiha uchiha 2.1K Aug  1 11:46 kemal-gcry-gcstats-_-t2.json
-rw-r--r-- 1 uchiha uchiha 2.1K Aug  1 11:49 kemal-gcry-gcstats-_-t3.json
-rw-r--r-- 1 uchiha uchiha 2.1K Aug  1 11:45 kemal-gcry-gcstats-_json-t1.json
-rw-r--r-- 1 uchiha uchiha 2.1K Aug  1 11:47 kemal-gcry-gcstats-_json-t2.json
-rw-r--r-- 1 uchiha uchiha 2.1K Aug  1 11:50 kemal-gcry-gcstats-_json-t3.json
-rw-r--r-- 1 uchiha uchiha  349 Aug  1 11:50 kemal-median.tsv
-rw-r--r-- 1 uchiha uchiha  366 Aug  1 11:50 kemal-summary.md
-rw-r--r-- 1 uchiha uchiha  636 Aug  1 11:43 metadata.yaml
