2026-07-31T08:39:04.779057Z   INFO - kemal: [development] Kemal is ready to lead at http://0.0.0.0:3813
2026-07-31T08:39:06.773439Z  ERROR - kemal: pointer is not a gcry allocation
pointer is not a gcry allocation (ArgumentError)
  from bench/kemal/lib/gcry/src/gcry/heap.cr:253:13 in 'realloc'
  from /usr/share/crystal/src/array.cr:2153:17 in 'check_needs_resize'
  from /usr/share/crystal/src/array.cr:1415:5 in 'start_object'
  from /usr/share/crystal/src/int.cr:201:5 in '->'
  from bench/kemal/lib/kemal/src/kemal/route_handler.cr:164:39 in 'call'
  from /usr/share/crystal/src/http/server/handler.cr:30:7 in 'call'
  from /usr/share/crystal/src/http/server/request_processor.cr:58:11 in 'process'
  from /usr/share/crystal/src/http/server.cr:506:5 in '->'
  from /usr/share/crystal/src/fiber.cr:168:11 in 'run'
  from ???

2026-07-31T08:39:06.963275Z  ERROR - kemal: pointer is not a gcry allocation
pointer is not a gcry allocation (ArgumentError)
  from bench/kemal/lib/gcry/src/gcry/heap.cr:253:13 in 'realloc'
  from /usr/share/crystal/src/string/builder.cr:145:5 in '??'
  from bench/kemal/src/server.cr:90:35 in '->'
  from bench/kemal/lib/kemal/src/kemal/route_handler.cr:164:39 in 'call'
  from /usr/share/crystal/src/http/server/handler.cr:30:7 in 'call'
  from /usr/share/crystal/src/http/server/request_processor.cr:58:11 in 'process'
  from /usr/share/crystal/src/http/server.cr:506:5 in '->'
  from /usr/share/crystal/src/fiber.cr:168:11 in 'run'
  from ???

2026-07-31T08:39:07.478377Z  ERROR - kemal: pointer is not a gcry allocation
pointer is not a gcry allocation (ArgumentError)
  from bench/kemal/lib/gcry/src/gcry/heap.cr:253:13 in 'realloc'
  from /usr/share/crystal/src/string/builder.cr:145:5 in '??'
  from /usr/share/crystal/src/string/builder.cr:119:11 in '??'
  from /usr/share/crystal/src/json/builder.cr:134:7 in 'string'
  from bench/kemal/src/server.cr:91:34 in '->'
  from bench/kemal/lib/kemal/src/kemal/route_handler.cr:164:39 in 'call'
  from /usr/share/crystal/src/http/server/handler.cr:30:7 in 'call'
  from /usr/share/crystal/src/http/server/request_processor.cr:58:11 in 'process'
  from /usr/share/crystal/src/http/server.cr:506:5 in '->'
  from /usr/share/crystal/src/fiber.cr:168:11 in 'run'
  from ???

2026-07-31T08:39:07.479376Z  ERROR - kemal: pointer is not a gcry allocation
pointer is not a gcry allocation (ArgumentError)
  from bench/kemal/lib/gcry/src/gcry/heap.cr:253:13 in 'realloc'
  from /usr/share/crystal/src/string/builder.cr:145:5 in '??'
  from bench/kemal/src/server.cr:80:30 in '->'
  from bench/kemal/lib/kemal/src/kemal/route_handler.cr:164:39 in 'call'
  from /usr/share/crystal/src/http/server/handler.cr:30:7 in 'call'
  from /usr/share/crystal/src/http/server/request_processor.cr:58:11 in 'process'
  from /usr/share/crystal/src/http/server.cr:506:5 in '->'
  from /usr/share/crystal/src/fiber.cr:168:11 in 'run'
  from ???

2026-07-31T08:39:07.855827Z  ERROR - kemal: pointer is not a gcry allocation
pointer is not a gcry allocation (ArgumentError)
  from bench/kemal/lib/gcry/src/gcry/heap.cr:253:13 in 'realloc'
  from /usr/share/crystal/src/string/builder.cr:145:5 in '??'
  from bench/kemal/src/server.cr:90:35 in '->'
  from bench/kemal/lib/kemal/src/kemal/route_handler.cr:164:39 in 'call'
  from /usr/share/crystal/src/http/server/handler.cr:30:7 in 'call'
  from /usr/share/crystal/src/http/server/request_processor.cr:58:11 in 'process'
  from /usr/share/crystal/src/http/server.cr:506:5 in '->'
  from /usr/share/crystal/src/fiber.cr:168:11 in 'run'
  from ???

2026-07-31T08:39:09.859225Z  ERROR - kemal: pointer is not a gcry allocation
pointer is not a gcry allocation (ArgumentError)
  from bench/kemal/lib/gcry/src/gcry/heap.cr:253:13 in 'realloc'
  from /usr/share/crystal/src/string/builder.cr:145:5 in '??'
  from bench/kemal/src/server.cr:90:35 in '->'
  from bench/kemal/lib/kemal/src/kemal/route_handler.cr:164:39 in 'call'
  from /usr/share/crystal/src/http/server/handler.cr:30:7 in 'call'
  from /usr/share/crystal/src/http/server/request_processor.cr:58:11 in 'process'
  from /usr/share/crystal/src/http/server.cr:506:5 in '->'
  from /usr/share/crystal/src/fiber.cr:168:11 in 'run'
  from ???

2026-07-31T08:39:11.006637Z  ERROR - kemal: pointer is not a gcry allocation
pointer is not a gcry allocation (ArgumentError)
  from bench/kemal/lib/gcry/src/gcry/heap.cr:253:13 in 'realloc'
  from /usr/share/crystal/src/string/builder.cr:145:5 in '??'
  from bench/kemal/src/server.cr:90:35 in '->'
  from bench/kemal/lib/kemal/src/kemal/route_handler.cr:164:39 in 'call'
  from /usr/share/crystal/src/http/server/handler.cr:30:7 in 'call'
  from /usr/share/crystal/src/http/server/request_processor.cr:58:11 in 'process'
  from /usr/share/crystal/src/http/server.cr:506:5 in '->'
  from /usr/share/crystal/src/fiber.cr:168:11 in 'run'
  from ???

2026-07-31T08:39:14.499715Z  ERROR - kemal: pointer is not a gcry allocation
pointer is not a gcry allocation (ArgumentError)
  from bench/kemal/lib/gcry/src/gcry/heap.cr:253:13 in 'realloc'
  from /usr/share/crystal/src/string/builder.cr:145:5 in '??'
  from bench/kemal/src/server.cr:90:35 in '->'
  from bench/kemal/lib/kemal/src/kemal/route_handler.cr:164:39 in 'call'
  from /usr/share/crystal/src/http/server/handler.cr:30:7 in 'call'
  from /usr/share/crystal/src/http/server/request_processor.cr:58:11 in 'process'
  from /usr/share/crystal/src/http/server.cr:506:5 in '->'
  from /usr/share/crystal/src/fiber.cr:168:11 in 'run'
  from ???

2026-07-31T08:39:15.142658Z  ERROR - kemal: pointer is not a gcry allocation
pointer is not a gcry allocation (ArgumentError)
  from bench/kemal/lib/gcry/src/gcry/heap.cr:253:13 in 'realloc'
  from /usr/share/crystal/src/array.cr:2153:17 in 'check_needs_resize'
  from /usr/share/crystal/src/array.cr:1415:5 in 'start_object'
  from /usr/share/crystal/src/int.cr:201:5 in '->'
  from bench/kemal/lib/kemal/src/kemal/route_handler.cr:164:39 in 'call'
  from /usr/share/crystal/src/http/server/handler.cr:30:7 in 'call'
  from /usr/share/crystal/src/http/server/request_processor.cr:58:11 in 'process'
  from /usr/share/crystal/src/http/server.cr:506:5 in '->'
  from /usr/share/crystal/src/fiber.cr:168:11 in 'run'
  from ???

2026-07-31T08:39:15.142752Z  ERROR - kemal: pointer is not a gcry allocation
pointer is not a gcry allocation (ArgumentError)
  from bench/kemal/lib/gcry/src/gcry/heap.cr:253:13 in 'realloc'
  from /usr/share/crystal/src/string/builder.cr:145:5 in '??'
  from bench/kemal/src/server.cr:90:35 in '->'
  from bench/kemal/lib/kemal/src/kemal/route_handler.cr:164:39 in 'call'
  from /usr/share/crystal/src/http/server/handler.cr:30:7 in 'call'
  from /usr/share/crystal/src/http/server/request_processor.cr:58:11 in 'process'
  from /usr/share/crystal/src/http/server.cr:506:5 in '->'
  from /usr/share/crystal/src/fiber.cr:168:11 in 'run'
  from ???

2026-07-31T08:39:16.140121Z  ERROR - kemal: pointer is not a gcry allocation
pointer is not a gcry allocation (ArgumentError)
  from bench/kemal/lib/gcry/src/gcry/heap.cr:253:13 in 'realloc'
  from /usr/share/crystal/src/string/builder.cr:145:5 in '??'
  from /usr/share/crystal/src/string/builder.cr:119:11 in 'write'
  from /usr/share/crystal/src/json/builder.cr:115:7 in 'string'
  from /usr/share/crystal/src/json/builder.cr:254:17 in '->'
  from bench/kemal/lib/kemal/src/kemal/route_handler.cr:164:39 in 'call'
  from /usr/share/crystal/src/http/server/handler.cr:30:7 in 'call'
  from /usr/share/crystal/src/http/server/request_processor.cr:58:11 in 'process'
  from /usr/share/crystal/src/http/server.cr:506:5 in '->'
  from /usr/share/crystal/src/fiber.cr:168:11 in 'run'
  from ???

2026-07-31T08:39:16.533840Z  ERROR - kemal: pointer is not a gcry allocation
pointer is not a gcry allocation (ArgumentError)
  from bench/kemal/lib/gcry/src/gcry/heap.cr:253:13 in 'realloc'
  from /usr/share/crystal/src/string/builder.cr:145:5 in '??'
  from bench/kemal/src/server.cr:80:30 in '->'
  from bench/kemal/lib/kemal/src/kemal/route_handler.cr:164:39 in 'call'
  from /usr/share/crystal/src/http/server/handler.cr:30:7 in 'call'
  from /usr/share/crystal/src/http/server/request_processor.cr:58:11 in 'process'
  from /usr/share/crystal/src/http/server.cr:506:5 in '->'
  from /usr/share/crystal/src/fiber.cr:168:11 in 'run'
  from ???

2026-07-31T08:39:17.110762Z  ERROR - kemal: pointer is not a gcry allocation
pointer is not a gcry allocation (ArgumentError)
  from bench/kemal/lib/gcry/src/gcry/heap.cr:253:13 in 'realloc'
  from /usr/share/crystal/src/string/builder.cr:145:5 in '??'
  from bench/kemal/src/server.cr:80:30 in '->'
  from bench/kemal/lib/kemal/src/kemal/route_handler.cr:164:39 in 'call'
  from /usr/share/crystal/src/http/server/handler.cr:30:7 in 'call'
  from /usr/share/crystal/src/http/server/request_processor.cr:58:11 in 'process'
  from /usr/share/crystal/src/http/server.cr:506:5 in '->'
  from /usr/share/crystal/src/fiber.cr:168:11 in 'run'
  from ???

2026-07-31T08:39:18.383752Z  ERROR - kemal: pointer is not a gcry allocation
pointer is not a gcry allocation (ArgumentError)
  from bench/kemal/lib/gcry/src/gcry/heap.cr:253:13 in 'realloc'
  from /usr/share/crystal/src/string/builder.cr:145:5 in '??'
  from bench/kemal/lib/kemal/src/kemal/route_handler.cr:164:39 in 'call'
  from /usr/share/crystal/src/http/server/handler.cr:30:7 in 'call'
  from /usr/share/crystal/src/http/server/request_processor.cr:58:11 in 'process'
  from /usr/share/crystal/src/http/server.cr:506:5 in '->'
  from /usr/share/crystal/src/fiber.cr:168:11 in 'run'
  from ???

2026-07-31T08:39:24.641181Z  ERROR - kemal: pointer is not a gcry allocation
 (Exception)

